Creating config files for run_000:
Configuration file rewritten. Path: /work/qgan/data/train/ang-qml_torch-q8-noiseless-SPSA-aerCPU-rand0-seed0/config.yaml

Creating config files for run_001:
Configuration file rewritten. Path: /work/qgan/data/train/ang-qml_torch-q8-noiseless-SPSA-aerCPU-rand0.5-seed1/config.yaml

Creating config files for run_002:
Configuration file rewritten. Path: /work/qgan/data/train/ang-qml_torch-q8-noiseless-REG-aerCPU-rand0.1-seed0/config.yaml

Creating config files for run_003:
Configuration file rewritten. Path: /work/qgan/data/train/ang-qml_torch-q8-noiseless-REG-aerCPU-rand1-seed1/config.yaml

Creating config files for run_004:
Configuration file rewritten. Path: /work/qgan/data/train/ang-qml_torch-q4-noiseless-PSR-aerCPU-rand0.25-seed0/config.yaml

Creating config files for run_005:
Configuration file rewritten. Path: /work/qgan/data/train/ang-qml_torch-q4-noiseless-PSR-aerCPU-rand0-seed2/config.yaml

Creating config files for run_006:
Configuration file rewritten. Path: /work/qgan/data/train/base-qml_torch-q8-noiseless-SPSA-aerCPU-rand0.5-seed0/config.yaml

Creating config files for run_007:
Configuration file rewritten. Path: /work/qgan/data/train/base-qml_torch-q8-noiseless-SPSA-aerCPU-rand0.1-seed2/config.yaml

Creating config files for run_008:
Configuration file rewritten. Path: /work/qgan/data/train/base-qml_torch-q8-noiseless-REG-aerCPU-rand1-seed0/config.yaml

Creating config files for run_009:
Configuration file rewritten. Path: /work/qgan/data/train/base-qml_torch-q8-noiseless-REG-aerCPU-rand0.25-seed2/config.yaml

Creating config files for run_010:
Configuration file rewritten. Path: /work/qgan/data/train/amp-qml_torch-q4-noiseless-PSR-aerCPU-rand0-seed1/config.yaml

Creating config files for run_011:
Configuration file rewritten. Path: /work/qgan/data/train/amp-qml_torch-q4-noiseless-PSR-aerCPU-rand0.5-seed2/config.yaml

Creating config files for run_012:
Configuration file rewritten. Path: /work/qgan/data/train/amp-qml_torch-q4-noiseless-REG-aerCPU-rand0.1-seed1/config.yaml

Creating config files for run_013:
Configuration file rewritten. Path: /work/qgan/data/train/amp-qml_torch-q4-noiseless-REG-aerCPU-rand1-seed2/config.yaml

Creating config files for run_014:
Configuration file rewritten. Path: /work/qgan/data/train/base-qml_torch-q4-noiseless-PSR-aerCPU-rand0.25-seed1/config.yaml

Creating config files for run_015:
Configuration file rewritten. Path: /work/qgan/data/train/base-qml_torch-q4-noiseless-SPSA-aerCPU-rand0-seed0/config.yaml

Creating config files for run_016:
Configuration file rewritten. Path: /work/qgan/data/train/base-qml_torch-q4-noiseless-SPSA-aerCPU-rand0.5-seed1/config.yaml

Creating config files for run_017:
Configuration file rewritten. Path: /work/qgan/data/train/amp-qml_torch-q4-noisy-PSR-aerCPU-rand0.1-seed0/config.yaml

Creating config files for run_018:
Configuration file rewritten. Path: /work/qgan/data/train/amp-qml_torch-q4-noisy-PSR-aerCPU-rand1-seed1/config.yaml

Creating config files for run_019:
Configuration file rewritten. Path: /work/qgan/data/train/base-qml_torch-q4-noisy-SPSA-aerCPU-rand0.25-seed0/config.yaml

Creating config files for run_020:
Configuration file rewritten. Path: /work/qgan/data/train/base-qml_torch-q4-noisy-SPSA-aerCPU-rand0-seed2/config.yaml

Creating config files for run_021:
Configuration file rewritten. Path: /work/qgan/data/train/ang-qml_torch-q4-noisy-SPSA-aerCPU-rand0.5-seed0/config.yaml

Creating config files for run_022:
Configuration file rewritten. Path: /work/qgan/data/train/ang-qml_torch-q4-noisy-SPSA-aerCPU-rand0.1-seed2/config.yaml

Creating config files for run_023:
Configuration file rewritten. Path: /work/qgan/data/train/amp-qml_torch-q4-noisy-SPSA-aerCPU-rand1-seed0/config.yaml

Creating config files for run_024:
Configuration file rewritten. Path: /work/qgan/data/train/amp-qml_torch-q4-noisy-SPSA-aerCPU-rand0.25-seed2/config.yaml

Creating config files for run_025:
Configuration file rewritten. Path: /work/qgan/data/train/ang-qml_torch-q8-noisy-SPSA-aerCPU-rand0-seed1/config.yaml

Creating config files for run_026:
Configuration file rewritten. Path: /work/qgan/data/train/ang-qml_torch-q8-noisy-SPSA-aerCPU-rand0.5-seed2/config.yaml

Creating config files for run_027:
Configuration file rewritten. Path: /work/qgan/data/train/base-qml_torch-q16-noiseless-REG-aerCPU-rand0.1-seed1/config.yaml

Creating config files for run_028:
Configuration file rewritten. Path: /work/qgan/data/train/base-qml_torch-q16-noiseless-REG-aerCPU-rand1-seed2/config.yaml

29 battery configuration files ready.

Running: /work/qgan/data/train/ang-qml_torch-q8-noiseless-SPSA-aerCPU-rand0-seed0/config.yaml
              Epoch |     Generator cost | Discriminator cost |               Eval |          Best eval |               Time |
Training complete: 
   Data path: /work/qgan/data/train/ang-qml_torch-q8-noiseless-SPSA-aerCPU-rand0-seed0 
   Best eval: 0.005445647053420544 
   Total time: 3199.8366417884827

Running: /work/qgan/data/train/ang-qml_torch-q8-noiseless-SPSA-aerCPU-rand0.5-seed1/config.yaml
              Epoch |     Generator cost | Discriminator cost |               Eval |          Best eval |               Time |
Training complete: 
   Data path: /work/qgan/data/train/ang-qml_torch-q8-noiseless-SPSA-aerCPU-rand0.5-seed1 
   Best eval: 0.06857874244451523 
   Total time: 411.32653403282166

Running: /work/qgan/data/train/ang-qml_torch-q8-noiseless-REG-aerCPU-rand0.1-seed0/config.yaml
              Epoch |     Generator cost | Discriminator cost |               Eval |          Best eval |               Time |
Training complete: 
   Data path: /work/qgan/data/train/ang-qml_torch-q8-noiseless-REG-aerCPU-rand0.1-seed0 
   Best eval: 0.0016392860561609268 
   Total time: 6278.393582820892

Running: /work/qgan/data/train/ang-qml_torch-q8-noiseless-REG-aerCPU-rand1-seed1/config.yaml
Training data file created.
              Epoch |     Generator cost | Discriminator cost |               Eval |          Best eval |               Time |
                  0 |              -0.59 |             -0.662 |               0.26 |               0.26 |               5.27 |
                 10 |             -0.438 |             -0.739 |              0.173 |              0.133 |               46.7 |
                 20 |             -0.567 |             -0.758 |              0.199 |              0.124 |               46.7 |
                 30 |             -0.575 |             -0.765 |              0.177 |              0.124 |               45.2 |
                 40 |             -0.473 |              -0.79 |              0.252 |              0.124 |               44.9 |
                 50 |             -0.673 |              -0.77 |              0.238 |               0.11 |               47.7 |
                 60 |              -0.49 |             -0.743 |              0.189 |               0.11 |               47.5 |
                 70 |             -0.677 |              -0.75 |              0.229 |               0.11 |               47.5 |
                 80 |              -0.43 |             -0.763 |              0.308 |               0.11 |               47.3 |
                 90 |             -0.332 |              -0.74 |              0.154 |             0.0968 |               47.1 |
                100 |             -0.329 |             -0.745 |              0.127 |             0.0968 |               45.7 |
                110 |              -0.61 |             -0.819 |              0.116 |             0.0968 |               45.8 |
                120 |             -0.607 |             -0.668 |              0.206 |             0.0968 |                 47 |
                130 |             -0.506 |             -0.704 |              0.226 |             0.0968 |                 48 |
                140 |             -0.304 |             -0.843 |              0.115 |             0.0968 |               46.9 |
                150 |             -0.495 |             -0.791 |              0.178 |             0.0968 |               46.6 |
                160 |             -0.377 |             -0.654 |              0.207 |             0.0968 |               45.6 |
                170 |             -0.292 |             -0.814 |               0.11 |             0.0968 |               45.1 |
                180 |             -0.447 |              -0.63 |              0.231 |             0.0968 |               44.7 |
                190 |             -0.536 |             -0.725 |               0.12 |             0.0582 |               44.8 |
                200 |             -0.565 |             -0.731 |              0.232 |             0.0582 |               46.1 |
                210 |             -0.463 |             -0.704 |              0.183 |             0.0582 |               46.4 |
                220 |             -0.436 |             -0.722 |              0.175 |             0.0582 |               47.2 |
                230 |             -0.452 |             -0.724 |              0.177 |             0.0582 |               45.6 |
                240 |             -0.451 |             -0.831 |              0.179 |             0.0582 |               45.4 |
                250 |             -0.731 |             -0.747 |              0.272 |             0.0582 |               45.9 |
                260 |             -0.518 |             -0.743 |              0.227 |             0.0582 |               46.1 |
                270 |             -0.486 |             -0.762 |              0.155 |             0.0582 |               46.9 |
                280 |             -0.371 |              -0.77 |              0.124 |             0.0582 |               46.7 |
                290 |             -0.542 |             -0.692 |              0.159 |             0.0582 |               46.3 |
                300 |             -0.638 |             -0.791 |              0.219 |             0.0582 |                 46 |
                310 |             -0.533 |             -0.748 |              0.169 |             0.0582 |               44.7 |
                320 |              -0.61 |              -0.72 |              0.262 |             0.0582 |               46.2 |
                330 |             -0.625 |              -0.63 |              0.232 |             0.0582 |               46.6 |
                340 |             -0.535 |             -0.781 |               0.21 |             0.0582 |               47.5 |
                350 |             -0.534 |             -0.709 |              0.133 |             0.0582 |               47.6 |
                360 |             -0.612 |             -0.745 |              0.136 |             0.0582 |               48.4 |
                370 |             -0.637 |             -0.736 |              0.153 |             0.0582 |               47.1 |
                380 |             -0.518 |              -0.74 |              0.223 |             0.0582 |               47.1 |
                390 |             -0.433 |             -0.775 |              0.127 |             0.0582 |               48.1 |
                400 |             -0.439 |             -0.704 |              0.182 |             0.0582 |               48.8 |
                410 |             -0.313 |             -0.749 |              0.169 |             0.0582 |               49.2 |
                420 |              -0.35 |             -0.835 |              0.176 |             0.0582 |               48.6 |
                430 |             -0.383 |             -0.783 |              0.146 |             0.0582 |               46.6 |
                440 |             -0.472 |             -0.746 |              0.208 |             0.0582 |               48.2 |
                450 |             -0.479 |             -0.752 |               0.14 |             0.0582 |               48.8 |
                460 |             -0.349 |             -0.726 |              0.125 |             0.0582 |               47.6 |
                470 |             -0.522 |             -0.786 |              0.301 |             0.0582 |               47.5 |
                480 |             -0.405 |             -0.818 |              0.255 |             0.0582 |               47.6 |
                490 |             -0.541 |             -0.677 |              0.234 |             0.0582 |               47.2 |
                500 |             -0.431 |              -0.78 |              0.249 |             0.0582 |               47.5 |
                510 |             -0.385 |             -0.755 |              0.131 |             0.0582 |               47.8 |
                520 |             -0.458 |             -0.663 |              0.214 |             0.0582 |                 47 |
                530 |             -0.672 |             -0.757 |              0.232 |             0.0582 |                 48 |
                540 |             -0.337 |             -0.781 |              0.229 |             0.0582 |               47.3 |
                550 |             -0.545 |             -0.757 |              0.247 |             0.0582 |               47.1 |
                560 |             -0.439 |               -0.8 |              0.157 |             0.0582 |               47.1 |
                570 |             -0.394 |             -0.832 |              0.131 |             0.0582 |               45.7 |
                580 |             -0.542 |             -0.838 |               0.16 |             0.0582 |               46.3 |
                590 |             -0.662 |             -0.738 |              0.112 |             0.0582 |               46.9 |
                600 |             -0.485 |             -0.784 |              0.122 |             0.0582 |               47.3 |
                610 |             -0.403 |             -0.688 |              0.172 |             0.0582 |                 48 |
                620 |             -0.442 |             -0.641 |              0.149 |             0.0582 |               45.7 |
                630 |             -0.492 |             -0.736 |              0.247 |             0.0582 |               47.1 |
                640 |             -0.639 |             -0.716 |              0.273 |             0.0582 |               46.7 |
                650 |             -0.474 |             -0.685 |              0.253 |             0.0582 |               47.5 |
                660 |             -0.364 |             -0.813 |               0.22 |             0.0582 |               47.9 |
                670 |             -0.557 |             -0.716 |              0.212 |             0.0582 |                 46 |
                680 |             -0.533 |             -0.845 |              0.239 |             0.0582 |               45.3 |
                690 |             -0.375 |             -0.822 |              0.237 |             0.0582 |               46.3 |
                700 |             -0.403 |             -0.648 |              0.112 |             0.0582 |                 48 |
                710 |             -0.576 |              -0.78 |              0.192 |             0.0582 |               47.7 |
                720 |             -0.569 |             -0.796 |              0.202 |             0.0582 |               48.3 |
                730 |             -0.817 |             -0.706 |              0.168 |             0.0582 |               46.5 |
                740 |             -0.532 |             -0.736 |               0.22 |             0.0582 |               47.3 |
                750 |              -0.55 |             -0.629 |               0.23 |             0.0582 |               46.5 |
                760 |             -0.476 |             -0.816 |              0.167 |             0.0582 |               47.3 |
                770 |             -0.397 |              -0.67 |              0.147 |             0.0582 |                 47 |
                780 |             -0.476 |             -0.793 |               0.17 |             0.0582 |               47.4 |
                790 |              -0.52 |             -0.703 |              0.109 |             0.0582 |               46.2 |
                800 |             -0.627 |              -0.82 |              0.255 |             0.0582 |               48.2 |
                810 |             -0.704 |             -0.714 |              0.227 |             0.0582 |               49.3 |
                820 |             -0.471 |             -0.634 |              0.207 |             0.0582 |               47.8 |
                830 |             -0.487 |             -0.816 |              0.265 |             0.0582 |               48.5 |
                840 |             -0.642 |             -0.786 |              0.235 |             0.0582 |               47.4 |
                850 |               -0.5 |             -0.675 |              0.156 |             0.0582 |               48.2 |
                860 |             -0.491 |             -0.731 |              0.126 |             0.0582 |               47.9 |
                870 |             -0.588 |              -0.76 |              0.228 |             0.0582 |               47.1 |
                880 |             -0.682 |              -0.72 |              0.123 |             0.0582 |                 47 |
                890 |             -0.346 |             -0.725 |              0.187 |             0.0582 |               47.9 |
                900 |             -0.347 |             -0.637 |              0.113 |             0.0582 |               47.6 |
                910 |             -0.468 |             -0.654 |              0.146 |             0.0582 |               48.5 |
                920 |             -0.531 |              -0.76 |              0.259 |             0.0582 |               47.4 |
                930 |             -0.614 |             -0.694 |              0.197 |             0.0582 |               45.3 |
                940 |             -0.339 |             -0.832 |              0.127 |             0.0582 |               47.4 |
                950 |             -0.552 |             -0.785 |              0.139 |             0.0582 |               47.3 |
                960 |             -0.407 |             -0.696 |              0.185 |             0.0582 |               46.5 |
                970 |             -0.444 |             -0.789 |              0.205 |             0.0582 |                 47 |
                980 |             -0.617 |             -0.811 |              0.299 |             0.0582 |               47.2 |
                990 |             -0.392 |             -0.719 |              0.096 |             0.0582 |               46.7 |
Training complete: 
   Data path: /work/qgan/data/train/ang-qml_torch-q8-noiseless-REG-aerCPU-rand1-seed1 
   Best eval: 0.05823018029332161 
   Total time: 4699.869820356369

Running: /work/qgan/data/train/ang-qml_torch-q4-noiseless-PSR-aerCPU-rand0.25-seed0/config.yaml
              Epoch |     Generator cost | Discriminator cost |               Eval |          Best eval |               Time |
Training complete: 
   Data path: /work/qgan/data/train/ang-qml_torch-q4-noiseless-PSR-aerCPU-rand0.25-seed0 
   Best eval: 4.352442920207977e-05 
   Total time: 2415.681962966919

Running: /work/qgan/data/train/ang-qml_torch-q4-noiseless-PSR-aerCPU-rand0-seed2/config.yaml
              Epoch |     Generator cost | Discriminator cost |               Eval |          Best eval |               Time |
Training complete: 
   Data path: /work/qgan/data/train/ang-qml_torch-q4-noiseless-PSR-aerCPU-rand0-seed2 
   Best eval: -0.0 
   Total time: 2405.1618967056274

Running: /work/qgan/data/train/base-qml_torch-q8-noiseless-SPSA-aerCPU-rand0.5-seed0/config.yaml
              Epoch |     Generator cost | Discriminator cost |               Eval |          Best eval |               Time |
Training complete: 
   Data path: /work/qgan/data/train/base-qml_torch-q8-noiseless-SPSA-aerCPU-rand0.5-seed0 
   Best eval: 1.1803825144186368 
   Total time: 26.903247594833374

Running: /work/qgan/data/train/base-qml_torch-q8-noiseless-SPSA-aerCPU-rand0.1-seed2/config.yaml
              Epoch |     Generator cost | Discriminator cost |               Eval |          Best eval |               Time |
Training complete: 
   Data path: /work/qgan/data/train/base-qml_torch-q8-noiseless-SPSA-aerCPU-rand0.1-seed2 
   Best eval: 3.3102955727497276 
   Total time: 27.120625972747803

Running: /work/qgan/data/train/base-qml_torch-q8-noiseless-REG-aerCPU-rand1-seed0/config.yaml
              Epoch |     Generator cost | Discriminator cost |               Eval |          Best eval |               Time |
Training complete: 
   Data path: /work/qgan/data/train/base-qml_torch-q8-noiseless-REG-aerCPU-rand1-seed0 
   Best eval: 1.2284309960609963 
   Total time: 782.8466584682465

Running: /work/qgan/data/train/base-qml_torch-q8-noiseless-REG-aerCPU-rand0.25-seed2/config.yaml
              Epoch |     Generator cost | Discriminator cost |               Eval |          Best eval |               Time |
Training complete: 
   Data path: /work/qgan/data/train/base-qml_torch-q8-noiseless-REG-aerCPU-rand0.25-seed2 
   Best eval: 0.8622417630611294 
   Total time: 805.1159014701843

Running: /work/qgan/data/train/amp-qml_torch-q4-noiseless-PSR-aerCPU-rand0-seed1/config.yaml
              Epoch |     Generator cost | Discriminator cost |               Eval |          Best eval |               Time |
Training complete: 
   Data path: /work/qgan/data/train/amp-qml_torch-q4-noiseless-PSR-aerCPU-rand0-seed1 
   Best eval: 0.009257595755188766 
   Total time: 914.1217963695526

Running: /work/qgan/data/train/amp-qml_torch-q4-noiseless-PSR-aerCPU-rand0.5-seed2/config.yaml
Training data file created.
              Epoch |     Generator cost | Discriminator cost |               Eval |          Best eval |               Time |
                  0 |             -0.533 |             -0.404 |             0.0429 |             0.0429 |              0.965 |
                 10 |              -0.54 |             -0.479 |             0.0249 |             0.0249 |               9.25 |
                 20 |             -0.509 |              -0.44 |             0.0584 |             0.0159 |               9.24 |
                 30 |              -0.74 |             -0.435 |             0.0656 |            0.00903 |                9.2 |
                 40 |             -0.666 |             -0.449 |             0.0574 |            0.00903 |               9.24 |
                 50 |             -0.754 |             -0.446 |             0.0336 |            0.00903 |               9.41 |
                 60 |             -0.727 |             -0.458 |             0.0436 |            0.00903 |               9.24 |
                 70 |             -0.543 |             -0.456 |             0.0189 |            0.00903 |               9.19 |
                 80 |             -0.786 |             -0.556 |             0.0602 |            0.00903 |               9.19 |
                 90 |             -0.801 |             -0.521 |             0.0618 |            0.00903 |                9.2 |
                100 |             -0.802 |             -0.482 |             0.0711 |            0.00903 |               9.25 |
                110 |             -0.863 |             -0.547 |             0.0291 |            0.00903 |               9.34 |
                120 |             -0.747 |             -0.585 |             0.0701 |            0.00903 |                9.2 |
                130 |             -0.863 |             -0.591 |             0.0532 |            0.00903 |               9.22 |
                140 |             -0.751 |             -0.553 |             0.0274 |            0.00903 |                9.3 |
                150 |             -0.808 |             -0.549 |             0.0467 |            0.00903 |                9.3 |
                160 |             -0.889 |             -0.608 |             0.0496 |            0.00903 |               9.44 |
                170 |             -0.819 |              -0.58 |             0.0466 |            0.00903 |               9.74 |
                180 |             -0.883 |             -0.592 |               0.05 |            0.00903 |               10.1 |
                190 |             -0.734 |             -0.635 |             0.0372 |            0.00903 |                 10 |
                200 |             -0.726 |             -0.702 |             0.0509 |            0.00903 |               10.1 |
                210 |             -0.688 |             -0.537 |              0.039 |            0.00903 |                 10 |
                220 |             -0.801 |             -0.619 |             0.0505 |            0.00903 |               10.2 |
                230 |             -0.772 |             -0.667 |             0.0355 |            0.00903 |               9.99 |
                240 |             -0.733 |             -0.568 |             0.0295 |            0.00903 |               10.1 |
                250 |              -0.82 |             -0.626 |              0.062 |            0.00903 |                 10 |
                260 |             -0.823 |             -0.625 |             0.0641 |            0.00903 |               10.1 |
                270 |             -0.679 |             -0.609 |            0.00884 |            0.00884 |               10.2 |
                280 |             -0.793 |             -0.642 |             0.0636 |            0.00884 |                 10 |
                290 |             -0.702 |             -0.581 |             0.0365 |            0.00884 |               9.99 |
                300 |             -0.785 |             -0.559 |             0.0162 |            0.00884 |               10.1 |
                310 |             -0.704 |             -0.673 |             0.0614 |            0.00884 |               10.1 |
                320 |             -0.682 |             -0.623 |             0.0415 |            0.00884 |               10.1 |
                330 |             -0.719 |             -0.595 |             0.0207 |            0.00884 |               10.2 |
                340 |             -0.687 |             -0.658 |              0.026 |            0.00387 |               9.96 |
                350 |             -0.767 |             -0.571 |             0.0705 |            0.00387 |                 10 |
                360 |             -0.803 |             -0.614 |             0.0327 |            0.00387 |                 10 |
                370 |             -0.798 |             -0.612 |             0.0569 |            0.00387 |                 10 |
                380 |             -0.756 |              -0.59 |              0.048 |            0.00387 |                 10 |
                390 |             -0.762 |             -0.578 |             0.0512 |            0.00387 |               10.1 |
                400 |              -0.76 |             -0.594 |             0.0296 |            0.00387 |                 10 |
                410 |             -0.843 |             -0.655 |             0.0501 |            0.00387 |                 10 |
                420 |             -0.733 |             -0.626 |              0.029 |            0.00387 |                 10 |
                430 |             -0.734 |             -0.626 |             0.0147 |            0.00387 |               10.1 |
                440 |             -0.667 |             -0.584 |             0.0369 |            0.00387 |               10.2 |
                450 |             -0.728 |             -0.593 |             0.0463 |            0.00387 |                 10 |
                460 |             -0.875 |             -0.554 |             0.0673 |            0.00387 |               10.1 |
                470 |             -0.807 |             -0.548 |             0.0417 |            0.00387 |               10.1 |
                480 |             -0.763 |             -0.568 |             0.0292 |            0.00387 |                 10 |
                490 |             -0.839 |             -0.603 |              0.056 |            0.00387 |               10.1 |
                500 |              -0.71 |             -0.639 |             0.0353 |            0.00387 |               9.82 |
                510 |             -0.744 |             -0.571 |             0.0317 |            0.00387 |               9.22 |
                520 |             -0.735 |             -0.612 |             0.0218 |            0.00387 |               9.31 |
                530 |             -0.836 |             -0.643 |             0.0406 |            0.00387 |               9.24 |
                540 |             -0.779 |              -0.57 |             0.0237 |            0.00387 |               9.28 |
                550 |             -0.772 |             -0.581 |             0.0321 |            0.00387 |               9.47 |
                560 |             -0.732 |             -0.615 |             0.0136 |            0.00387 |               9.25 |
                570 |             -0.673 |              -0.55 |             0.0218 |            0.00387 |               9.26 |
                580 |             -0.838 |             -0.623 |             0.0351 |            0.00387 |               9.31 |
                590 |             -0.761 |             -0.624 |             0.0512 |            0.00387 |                9.3 |
                600 |             -0.636 |             -0.683 |             0.0331 |            0.00387 |               9.81 |
                610 |             -0.802 |              -0.57 |             0.0238 |            0.00387 |               9.44 |
                620 |             -0.672 |             -0.599 |             0.0507 |            0.00387 |               9.24 |
                630 |             -0.787 |             -0.588 |             0.0296 |            0.00181 |               9.26 |
                640 |             -0.684 |             -0.698 |             0.0344 |            0.00181 |                 10 |
                650 |             -0.744 |             -0.625 |             0.0364 |            0.00181 |                 10 |
                660 |             -0.633 |              -0.66 |             0.0461 |            0.00181 |                 10 |
                670 |             -0.693 |             -0.598 |             0.0412 |            0.00181 |               9.89 |
                680 |             -0.683 |             -0.635 |             0.0206 |            0.00181 |               9.23 |
                690 |              -0.73 |             -0.588 |            0.00657 |            0.00181 |               9.16 |
                700 |             -0.743 |             -0.625 |             0.0385 |            0.00181 |               9.22 |
                710 |             -0.679 |             -0.664 |             0.0311 |            0.00181 |               9.24 |
                720 |             -0.723 |             -0.626 |            0.00707 |            0.00181 |               9.38 |
                730 |             -0.681 |             -0.633 |             0.0147 |            0.00181 |                9.2 |
                740 |             -0.758 |             -0.642 |             0.0232 |            0.00181 |               9.26 |
                750 |             -0.775 |             -0.614 |             0.0339 |            0.00181 |               9.32 |
                760 |             -0.606 |             -0.635 |             0.0233 |            0.00181 |               9.24 |
                770 |             -0.788 |             -0.633 |             0.0247 |            0.00181 |               9.33 |
                780 |             -0.766 |             -0.684 |              0.038 |            0.00181 |               9.42 |
                790 |              -0.75 |             -0.578 |             0.0298 |            0.00181 |               9.18 |
                800 |             -0.807 |             -0.619 |            0.00547 |            0.00181 |               9.26 |
                810 |             -0.645 |             -0.667 |             0.0052 |            0.00181 |               9.22 |
                820 |              -0.74 |             -0.607 |             0.0379 |            0.00181 |               9.25 |
                830 |             -0.726 |             -0.643 |             0.0206 |            0.00181 |               9.23 |
                840 |             -0.797 |             -0.644 |             0.0247 |            0.00181 |               9.45 |
                850 |             -0.632 |             -0.681 |              0.031 |            0.00181 |               9.25 |
                860 |             -0.641 |             -0.672 |            0.00965 |            0.00181 |               9.24 |
                870 |             -0.757 |             -0.667 |             0.0136 |            0.00146 |               9.28 |
                880 |             -0.807 |             -0.618 |             0.0243 |            0.00146 |               9.27 |
                890 |             -0.594 |             -0.577 |             0.0163 |            0.00146 |               9.43 |
                900 |             -0.699 |              -0.63 |             0.0315 |            0.00146 |               9.19 |
                910 |             -0.865 |             -0.651 |             0.0165 |            0.00146 |                9.3 |
                920 |              -0.63 |             -0.659 |             0.0401 |            0.00146 |               9.27 |
                930 |             -0.628 |             -0.599 |             0.0258 |            0.00146 |               9.26 |
                940 |             -0.722 |             -0.657 |             0.0144 |            0.00146 |               9.29 |
                950 |             -0.733 |             -0.662 |             0.0361 |            0.00146 |               9.42 |
                960 |              -0.74 |             -0.609 |             0.0194 |            0.00146 |               9.27 |
                970 |             -0.568 |             -0.642 |             0.0473 |            0.00146 |               9.28 |
                980 |             -0.677 |             -0.647 |             0.0337 |            0.00146 |               9.25 |
                990 |             -0.694 |              -0.64 |             0.0337 |            0.00146 |               9.15 |
Training complete: 
   Data path: /work/qgan/data/train/amp-qml_torch-q4-noiseless-PSR-aerCPU-rand0.5-seed2 
   Best eval: 0.0014587790156907173 
   Total time: 957.3696925640106

Running: /work/qgan/data/train/amp-qml_torch-q4-noiseless-REG-aerCPU-rand0.1-seed1/config.yaml
              Epoch |     Generator cost | Discriminator cost |               Eval |          Best eval |               Time |
Training complete: 
   Data path: /work/qgan/data/train/amp-qml_torch-q4-noiseless-REG-aerCPU-rand0.1-seed1 
   Best eval: 0.013742817773317755 
   Total time: 343.06534028053284

Running: /work/qgan/data/train/amp-qml_torch-q4-noiseless-REG-aerCPU-rand1-seed2/config.yaml
Training data file created.
              Epoch |     Generator cost | Discriminator cost |               Eval |          Best eval |               Time |
                  0 |             -0.421 |             -0.374 |             0.0404 |             0.0404 |              0.453 |
                 10 |             -0.602 |             -0.458 |             0.0445 |             0.0254 |               3.66 |
                 20 |             -0.427 |             -0.478 |             0.0608 |             0.0246 |               3.38 |
                 30 |             -0.486 |              -0.41 |             0.0258 |             0.0186 |               3.65 |
                 40 |              -0.58 |             -0.486 |             0.0323 |             0.0186 |               3.65 |
                 50 |               -0.6 |             -0.525 |             0.0585 |             0.0183 |               3.39 |
                 60 |             -0.391 |             -0.543 |             0.0417 |             0.0175 |               3.66 |
                 70 |             -0.564 |             -0.583 |             0.0674 |             0.0175 |               3.39 |
                 80 |             -0.569 |             -0.649 |             0.0365 |             0.0175 |               3.66 |
                 90 |             -0.355 |             -0.597 |             0.0454 |             0.0175 |               3.65 |
                100 |             -0.415 |             -0.711 |             0.0267 |             0.0175 |               3.41 |
                110 |             -0.732 |             -0.594 |             0.0441 |              0.011 |               3.66 |
                120 |             -0.451 |             -0.787 |             0.0323 |              0.011 |               3.42 |
                130 |             -0.432 |             -0.742 |             0.0761 |              0.011 |               3.67 |
                140 |             -0.275 |             -0.871 |             0.0372 |              0.011 |               3.64 |
                150 |             -0.503 |             -0.624 |             0.0245 |              0.011 |               3.41 |
                160 |             -0.209 |             -0.809 |             0.0376 |              0.011 |               3.66 |
                170 |             -0.665 |             -0.846 |             0.0325 |              0.011 |                3.4 |
                180 |             -0.725 |             -0.715 |             0.0744 |              0.011 |               3.65 |
                190 |             -0.712 |             -0.768 |             0.0594 |              0.011 |                3.4 |
                200 |             -0.237 |             -0.813 |             0.0477 |            0.00509 |               3.65 |
                210 |             -0.501 |             -0.734 |              0.063 |            0.00509 |               3.66 |
                220 |             -0.659 |             -0.692 |             0.0431 |            0.00509 |               3.42 |
                230 |             -0.418 |             -0.676 |             0.0456 |            0.00509 |               3.65 |
                240 |             -0.591 |             -0.709 |             0.0624 |            0.00509 |               3.41 |
                250 |             -0.649 |              -0.81 |             0.0501 |            0.00509 |               3.65 |
                260 |             -0.824 |             -0.679 |             0.0388 |            0.00509 |               3.69 |
                270 |             -0.636 |             -0.884 |             0.0527 |            0.00509 |               3.41 |
                280 |             -0.664 |             -0.778 |             0.0536 |            0.00509 |               3.66 |
                290 |             -0.531 |             -0.547 |             0.0384 |            0.00509 |               3.42 |
                300 |               -0.3 |             -0.753 |             0.0306 |            0.00509 |               3.66 |
                310 |             -0.494 |              -0.78 |             0.0728 |            0.00509 |               3.64 |
                320 |             -0.329 |              -0.57 |             0.0276 |            0.00509 |               3.41 |
                330 |             -0.255 |             -0.775 |             0.0298 |            0.00509 |               3.65 |
                340 |            -0.0849 |             -0.851 |             0.0458 |            0.00509 |               3.41 |
                350 |             -0.384 |             -0.712 |             0.0777 |            0.00509 |               3.64 |
                360 |             -0.349 |             -0.834 |             0.0562 |            0.00509 |                3.4 |
                370 |              -0.56 |              -0.75 |             0.0163 |            0.00509 |               3.64 |
                380 |             -0.968 |             -0.713 |             0.0552 |            0.00509 |               3.65 |
                390 |             -0.725 |             -0.662 |             0.0699 |            0.00509 |               3.41 |
                400 |             -0.462 |             -0.814 |             0.0615 |            0.00509 |               3.65 |
                410 |             -0.482 |             -0.742 |             0.0483 |            0.00509 |                3.4 |
                420 |              -0.48 |              -0.66 |             0.0465 |            0.00509 |               3.65 |
                430 |             -0.311 |              -0.71 |             0.0501 |            0.00509 |               3.65 |
                440 |             -0.247 |              -0.64 |             0.0439 |            0.00509 |               3.42 |
                450 |             -0.595 |             -0.749 |             0.0386 |            0.00509 |               3.66 |
                460 |             -0.537 |             -0.841 |              0.043 |            0.00509 |               3.42 |
                470 |             -0.703 |             -0.853 |              0.031 |            0.00509 |               3.65 |
                480 |             -0.597 |             -0.712 |              0.063 |            0.00509 |               3.67 |
                490 |             -0.703 |             -0.701 |             0.0514 |            0.00509 |               3.41 |
                500 |             -0.376 |             -0.761 |             0.0421 |            0.00509 |               3.66 |
                510 |             -0.531 |             -0.776 |             0.0372 |            0.00509 |               3.39 |
                520 |             -0.476 |             -0.783 |              0.057 |            0.00509 |               3.66 |
                530 |             -0.609 |             -0.847 |              0.035 |            0.00509 |               3.41 |
                540 |             -0.616 |             -0.735 |             0.0464 |            0.00509 |               3.67 |
                550 |             -0.184 |             -0.629 |             0.0598 |            0.00509 |               3.67 |
                560 |             -0.351 |             -0.772 |             0.0398 |            0.00509 |               3.41 |
                570 |             -0.325 |             -0.759 |             0.0379 |            0.00509 |               3.66 |
                580 |             -0.661 |             -0.659 |             0.0406 |            0.00509 |               3.42 |
                590 |             -0.148 |             -0.612 |             0.0469 |            0.00509 |               3.67 |
                600 |             -0.656 |             -0.715 |             0.0424 |            0.00509 |               3.66 |
                610 |              -0.63 |             -0.812 |             0.0594 |            0.00509 |                3.4 |
                620 |             -0.565 |             -0.669 |             0.0254 |            0.00509 |               3.68 |
                630 |             -0.623 |             -0.589 |             0.0713 |            0.00509 |               3.41 |
                640 |             -0.519 |             -0.657 |             0.0442 |            0.00509 |               3.67 |
                650 |             -0.278 |             -0.891 |             0.0753 |            0.00509 |               3.65 |
                660 |             -0.428 |             -0.682 |              0.049 |            0.00509 |               3.42 |
                670 |             -0.532 |             -0.912 |             0.0653 |            0.00509 |               3.67 |
                680 |              -0.48 |             -0.769 |             0.0579 |            0.00509 |               3.41 |
                690 |             -0.376 |             -0.773 |             0.0513 |            0.00509 |               3.69 |
                700 |             -0.765 |             -0.728 |             0.0452 |            0.00509 |               3.44 |
                710 |             -0.507 |             -0.841 |             0.0512 |            0.00509 |               3.66 |
                720 |             -0.322 |             -0.712 |             0.0319 |            0.00509 |               3.66 |
                730 |             -0.486 |             -0.647 |             0.0532 |            0.00509 |               3.42 |
                740 |             -0.344 |             -0.678 |             0.0573 |            0.00509 |               3.69 |
                750 |             -0.709 |             -0.761 |              0.017 |            0.00509 |               3.42 |
                760 |             -0.545 |             -0.797 |             0.0528 |            0.00509 |                3.7 |
                770 |             -0.485 |             -0.896 |             0.0166 |            0.00509 |               3.67 |
                780 |             -0.374 |             -0.659 |             0.0398 |            0.00509 |               3.42 |
                790 |             -0.442 |             -0.658 |             0.0456 |            0.00509 |               3.65 |
                800 |              -0.28 |             -0.911 |             0.0662 |            0.00509 |               3.41 |
                810 |             -0.347 |             -0.698 |             0.0431 |            0.00509 |               3.68 |
                820 |             -0.615 |             -0.644 |             0.0238 |            0.00509 |               3.68 |
                830 |              -0.77 |             -0.772 |             0.0352 |            0.00509 |               3.44 |
                840 |             -0.614 |             -0.801 |             0.0376 |            0.00509 |               3.68 |
                850 |             -0.442 |             -0.819 |             0.0683 |            0.00509 |               3.43 |
                860 |             -0.402 |             -0.762 |             0.0727 |            0.00509 |               3.69 |
                870 |              -0.32 |             -0.906 |              0.064 |            0.00509 |               3.42 |
                880 |             -0.661 |             -0.771 |             0.0608 |            0.00509 |               3.68 |
                890 |             -0.592 |             -0.639 |             0.0429 |            0.00509 |               3.67 |
                900 |             -0.392 |              -0.74 |             0.0384 |            0.00509 |               3.43 |
                910 |             -0.414 |             -0.822 |             0.0742 |            0.00509 |               3.67 |
                920 |             -0.551 |             -0.799 |             0.0417 |            0.00509 |               3.42 |
                930 |             -0.579 |             -0.759 |             0.0633 |            0.00509 |               3.66 |
                940 |             -0.343 |             -0.789 |             0.0606 |            0.00509 |               3.67 |
                950 |             -0.653 |             -0.755 |             0.0301 |            0.00509 |               3.43 |
                960 |             -0.659 |             -0.863 |             0.0545 |            0.00509 |               3.66 |
                970 |             -0.578 |             -0.847 |             0.0347 |            0.00509 |               3.43 |
                980 |             -0.538 |             -0.751 |              0.052 |            0.00509 |               3.68 |
                990 |             -0.255 |             -0.892 |             0.0602 |            0.00509 |               3.66 |
Training complete: 
   Data path: /work/qgan/data/train/amp-qml_torch-q4-noiseless-REG-aerCPU-rand1-seed2 
   Best eval: 0.005090988361789444 
   Total time: 356.1724479198456

Running: /work/qgan/data/train/base-qml_torch-q4-noiseless-PSR-aerCPU-rand0.25-seed1/config.yaml
              Epoch |     Generator cost | Discriminator cost |               Eval |          Best eval |               Time |
Training complete: 
   Data path: /work/qgan/data/train/base-qml_torch-q4-noiseless-PSR-aerCPU-rand0.25-seed1 
   Best eval: 0.01905138357210734 
   Total time: 225.04015946388245

Running: /work/qgan/data/train/base-qml_torch-q4-noiseless-SPSA-aerCPU-rand0-seed0/config.yaml
              Epoch |     Generator cost | Discriminator cost |               Eval |          Best eval |               Time |
Training complete: 
   Data path: /work/qgan/data/train/base-qml_torch-q4-noiseless-SPSA-aerCPU-rand0-seed0 
   Best eval: 2.1219741718974454 
   Total time: 17.322895765304565

Running: /work/qgan/data/train/base-qml_torch-q4-noiseless-SPSA-aerCPU-rand0.5-seed1/config.yaml
              Epoch |     Generator cost | Discriminator cost |               Eval |          Best eval |               Time |
Training complete: 
   Data path: /work/qgan/data/train/base-qml_torch-q4-noiseless-SPSA-aerCPU-rand0.5-seed1 
   Best eval: 0.1712181038244395 
   Total time: 16.553502321243286

Running: /work/qgan/data/train/amp-qml_torch-q4-noisy-PSR-aerCPU-rand0.1-seed0/config.yaml
Training data file created.
              Epoch |     Generator cost | Discriminator cost |               Eval |          Best eval |               Time |
                  0 |             -0.737 |             -0.286 |             0.0659 |             0.0659 |           1.03e+03 |
                 10 |             -0.806 |              -0.28 |             0.0678 |             0.0627 |           1.04e+04 |
                 20 |             -0.823 |             -0.322 |             0.0739 |             0.0627 |           1.04e+04 |
                 30 |              -0.86 |             -0.337 |             0.0707 |             0.0627 |           1.06e+04 |
