Creating config files for run_000:
Configuration file rewritten. Path: /work/qgan/data/train/ang-qml_torch-q8-noiseless-SPSA-aerCPU-rand0.1-seed1/config.yaml

Creating config files for run_001:
Configuration file rewritten. Path: /work/qgan/data/train/ang-qml_torch-q8-noiseless-SPSA-aerCPU-rand1-seed2/config.yaml

Creating config files for run_002:
Configuration file rewritten. Path: /work/qgan/data/train/ang-qml_torch-q8-noiseless-REG-aerCPU-rand0.25-seed1/config.yaml

Creating config files for run_003:
Configuration file rewritten. Path: /work/qgan/data/train/ang-qml_torch-q4-noiseless-PSR-aerCPU-rand0-seed0/config.yaml

Creating config files for run_004:
Configuration file rewritten. Path: /work/qgan/data/train/ang-qml_torch-q4-noiseless-PSR-aerCPU-rand0.5-seed1/config.yaml

Creating config files for run_005:
Configuration file rewritten. Path: /work/qgan/data/train/base-qml_torch-q8-noiseless-SPSA-aerCPU-rand0.1-seed0/config.yaml

Creating config files for run_006:
Configuration file rewritten. Path: /work/qgan/data/train/base-qml_torch-q8-noiseless-SPSA-aerCPU-rand1-seed1/config.yaml

Creating config files for run_007:
Configuration file rewritten. Path: /work/qgan/data/train/base-qml_torch-q8-noiseless-REG-aerCPU-rand0.25-seed0/config.yaml

Creating config files for run_008:
Configuration file rewritten. Path: /work/qgan/data/train/base-qml_torch-q8-noiseless-REG-aerCPU-rand0-seed2/config.yaml

Creating config files for run_009:
Configuration file rewritten. Path: /work/qgan/data/train/amp-qml_torch-q4-noiseless-PSR-aerCPU-rand0.5-seed0/config.yaml

Creating config files for run_010:
Configuration file rewritten. Path: /work/qgan/data/train/amp-qml_torch-q4-noiseless-PSR-aerCPU-rand0.1-seed2/config.yaml

Creating config files for run_011:
Configuration file rewritten. Path: /work/qgan/data/train/amp-qml_torch-q4-noiseless-REG-aerCPU-rand1-seed0/config.yaml

Creating config files for run_012:
Configuration file rewritten. Path: /work/qgan/data/train/amp-qml_torch-q4-noiseless-REG-aerCPU-rand0.25-seed2/config.yaml

Creating config files for run_013:
Configuration file rewritten. Path: /work/qgan/data/train/base-qml_torch-q4-noiseless-PSR-aerCPU-rand0-seed1/config.yaml

Creating config files for run_014:
Configuration file rewritten. Path: /work/qgan/data/train/base-qml_torch-q4-noiseless-PSR-aerCPU-rand0.5-seed2/config.yaml

Creating config files for run_015:
Configuration file rewritten. Path: /work/qgan/data/train/base-qml_torch-q4-noiseless-SPSA-aerCPU-rand0.1-seed1/config.yaml

Creating config files for run_016:
Configuration file rewritten. Path: /work/qgan/data/train/base-qml_torch-q4-noiseless-SPSA-aerCPU-rand1-seed2/config.yaml

Creating config files for run_017:
Configuration file rewritten. Path: /work/qgan/data/train/amp-qml_torch-q4-noisy-PSR-aerCPU-rand0.25-seed1/config.yaml

Creating config files for run_018:
Configuration file rewritten. Path: /work/qgan/data/train/base-qml_torch-q4-noisy-SPSA-aerCPU-rand0-seed0/config.yaml

Creating config files for run_019:
Configuration file rewritten. Path: /work/qgan/data/train/base-qml_torch-q4-noisy-SPSA-aerCPU-rand0.5-seed1/config.yaml

Creating config files for run_020:
Configuration file rewritten. Path: /work/qgan/data/train/ang-qml_torch-q4-noisy-SPSA-aerCPU-rand0.1-seed0/config.yaml

Creating config files for run_021:
Configuration file rewritten. Path: /work/qgan/data/train/ang-qml_torch-q4-noisy-SPSA-aerCPU-rand1-seed1/config.yaml

Creating config files for run_022:
Configuration file rewritten. Path: /work/qgan/data/train/amp-qml_torch-q4-noisy-SPSA-aerCPU-rand0.25-seed0/config.yaml

Creating config files for run_023:
Configuration file rewritten. Path: /work/qgan/data/train/amp-qml_torch-q4-noisy-SPSA-aerCPU-rand0-seed2/config.yaml

Creating config files for run_024:
Configuration file rewritten. Path: /work/qgan/data/train/ang-qml_torch-q8-noisy-SPSA-aerCPU-rand0.5-seed0/config.yaml

Creating config files for run_025:
Configuration file rewritten. Path: /work/qgan/data/train/ang-qml_torch-q8-noisy-SPSA-aerCPU-rand0.1-seed2/config.yaml

Creating config files for run_026:
Configuration file rewritten. Path: /work/qgan/data/train/base-qml_torch-q16-noiseless-REG-aerCPU-rand1-seed0/config.yaml

Creating config files for run_027:
Configuration file rewritten. Path: /work/qgan/data/train/base-qml_torch-q16-noiseless-REG-aerCPU-rand0.25-seed2/config.yaml

28 battery configuration files ready.

Running: /work/qgan/data/train/ang-qml_torch-q8-noiseless-SPSA-aerCPU-rand0.1-seed1/config.yaml
              Epoch |     Generator cost | Discriminator cost |               Eval |          Best eval |               Time |
Training complete: 
   Data path: /work/qgan/data/train/ang-qml_torch-q8-noiseless-SPSA-aerCPU-rand0.1-seed1 
   Best eval: 0.00662627350538969 
   Total time: 3451.595340013504

Running: /work/qgan/data/train/ang-qml_torch-q8-noiseless-SPSA-aerCPU-rand1-seed2/config.yaml
              Epoch |     Generator cost | Discriminator cost |               Eval |          Best eval |               Time |
Training complete: 
   Data path: /work/qgan/data/train/ang-qml_torch-q8-noiseless-SPSA-aerCPU-rand1-seed2 
   Best eval: 0.0851191058754921 
   Total time: 412.17752146720886

Running: /work/qgan/data/train/ang-qml_torch-q8-noiseless-REG-aerCPU-rand0.25-seed1/config.yaml
              Epoch |     Generator cost | Discriminator cost |               Eval |          Best eval |               Time |
                910 |             -0.525 |             -0.629 |              0.226 |             0.0456 |               32.1 |
                920 |             -0.418 |             -0.599 |              0.231 |             0.0456 |               44.9 |
                930 |             -0.472 |             -0.642 |              0.192 |             0.0456 |               46.3 |
                940 |             -0.412 |             -0.658 |              0.241 |             0.0456 |               45.3 |
                950 |             -0.392 |             -0.681 |              0.211 |             0.0456 |               45.4 |
                960 |             -0.372 |             -0.698 |              0.262 |             0.0456 |               45.5 |
                970 |             -0.339 |             -0.746 |              0.223 |             0.0456 |               45.1 |
                980 |             -0.366 |             -0.732 |              0.219 |             0.0456 |               46.2 |
                990 |             -0.477 |              -0.74 |               0.23 |             0.0456 |               45.3 |
Training complete: 
   Data path: /work/qgan/data/train/ang-qml_torch-q8-noiseless-REG-aerCPU-rand0.25-seed1 
   Best eval: 0.045636266469955444 
   Total time: 3553.3076288700104

Running: /work/qgan/data/train/ang-qml_torch-q4-noiseless-PSR-aerCPU-rand0-seed0/config.yaml
              Epoch |     Generator cost | Discriminator cost |               Eval |          Best eval |               Time |
Training complete: 
   Data path: /work/qgan/data/train/ang-qml_torch-q4-noiseless-PSR-aerCPU-rand0-seed0 
   Best eval: -0.0 
   Total time: 2716.3326091766357

Running: /work/qgan/data/train/ang-qml_torch-q4-noiseless-PSR-aerCPU-rand0.5-seed1/config.yaml
              Epoch |     Generator cost | Discriminator cost |               Eval |          Best eval |               Time |
Training complete: 
   Data path: /work/qgan/data/train/ang-qml_torch-q4-noiseless-PSR-aerCPU-rand0.5-seed1 
   Best eval: 0.04820188134908676 
   Total time: 2413.881974697113

Running: /work/qgan/data/train/base-qml_torch-q8-noiseless-SPSA-aerCPU-rand0.1-seed0/config.yaml
              Epoch |     Generator cost | Discriminator cost |               Eval |          Best eval |               Time |
Training complete: 
   Data path: /work/qgan/data/train/base-qml_torch-q8-noiseless-SPSA-aerCPU-rand0.1-seed0 
   Best eval: 3.0399165875488445 
   Total time: 27.243826389312744

Running: /work/qgan/data/train/base-qml_torch-q8-noiseless-SPSA-aerCPU-rand1-seed1/config.yaml
              Epoch |     Generator cost | Discriminator cost |               Eval |          Best eval |               Time |
Training complete: 
   Data path: /work/qgan/data/train/base-qml_torch-q8-noiseless-SPSA-aerCPU-rand1-seed1 
   Best eval: 1.4480864828230935 
   Total time: 26.934030532836914

Running: /work/qgan/data/train/base-qml_torch-q8-noiseless-REG-aerCPU-rand0.25-seed0/config.yaml
              Epoch |     Generator cost | Discriminator cost |               Eval |          Best eval |               Time |
Training complete: 
   Data path: /work/qgan/data/train/base-qml_torch-q8-noiseless-REG-aerCPU-rand0.25-seed0 
   Best eval: 0.6108972870692825 
   Total time: 719.0475273132324

Running: /work/qgan/data/train/base-qml_torch-q8-noiseless-REG-aerCPU-rand0-seed2/config.yaml
              Epoch |     Generator cost | Discriminator cost |               Eval |          Best eval |               Time |
Training complete: 
   Data path: /work/qgan/data/train/base-qml_torch-q8-noiseless-REG-aerCPU-rand0-seed2 
   Best eval: 0.8115031265757385 
   Total time: 732.1766719818115

Running: /work/qgan/data/train/amp-qml_torch-q4-noiseless-PSR-aerCPU-rand0.5-seed0/config.yaml
Training data file created.
              Epoch |     Generator cost | Discriminator cost |               Eval |          Best eval |               Time |
                  0 |             -0.517 |             -0.411 |             0.0424 |             0.0424 |               1.06 |
                 10 |             -0.558 |             -0.385 |             0.0475 |             0.0211 |               10.4 |
                 20 |             -0.655 |             -0.448 |             0.0538 |             0.0211 |               10.3 |
                 30 |             -0.632 |             -0.373 |              0.058 |             0.0211 |               10.3 |
                 40 |             -0.698 |             -0.426 |             0.0252 |             0.0211 |               10.3 |
                 50 |             -0.756 |             -0.542 |              0.061 |             0.0211 |               10.6 |
                 60 |             -0.741 |             -0.455 |             0.0275 |             0.0211 |               10.4 |
                 70 |             -0.816 |             -0.443 |             0.0629 |             0.0211 |               10.5 |
                 80 |             -0.635 |             -0.572 |             0.0592 |             0.0157 |               10.4 |
                 90 |             -0.815 |             -0.605 |             0.0389 |             0.0157 |               10.2 |
                100 |             -0.763 |             -0.603 |             0.0378 |             0.0157 |               10.2 |
                110 |             -0.668 |             -0.569 |             0.0404 |             0.0157 |               10.5 |
                120 |              -0.57 |             -0.665 |             0.0645 |             0.0157 |               10.3 |
                130 |             -0.666 |             -0.616 |             0.0525 |             0.0157 |               10.5 |
                140 |             -0.563 |             -0.589 |             0.0474 |             0.0157 |               10.5 |
                150 |             -0.686 |             -0.585 |             0.0245 |             0.0157 |               10.4 |
                160 |             -0.735 |             -0.627 |             0.0459 |             0.0157 |               10.5 |
                170 |             -0.722 |             -0.678 |             0.0478 |             0.0157 |               10.3 |
                180 |             -0.633 |             -0.598 |              0.037 |             0.0157 |               10.3 |
                190 |             -0.715 |             -0.656 |             0.0215 |             0.0157 |               10.2 |
                200 |             -0.619 |             -0.633 |             0.0291 |             0.0157 |               10.4 |
                210 |             -0.788 |             -0.584 |             0.0436 |             0.0157 |               10.5 |
                220 |             -0.748 |             -0.603 |             0.0409 |             0.0157 |               10.4 |
                230 |             -0.669 |             -0.566 |             0.0493 |             0.0157 |               10.2 |
                240 |             -0.664 |             -0.624 |             0.0452 |             0.0157 |               9.95 |
                250 |             -0.696 |             -0.549 |             0.0347 |             0.0157 |               10.2 |
                260 |             -0.835 |             -0.628 |             0.0287 |             0.0157 |               10.2 |
                270 |             -0.718 |             -0.556 |             0.0372 |             0.0157 |               10.2 |
                280 |             -0.812 |             -0.577 |             0.0456 |              0.012 |               10.4 |
                290 |              -0.72 |             -0.614 |             0.0393 |              0.012 |               10.5 |
                300 |             -0.676 |             -0.635 |             0.0344 |              0.012 |               10.4 |
                310 |             -0.789 |             -0.574 |             0.0563 |              0.012 |               10.4 |
                320 |             -0.722 |             -0.582 |             0.0177 |              0.012 |               10.5 |
                330 |             -0.791 |              -0.61 |             0.0469 |              0.012 |               10.6 |
                340 |             -0.737 |             -0.612 |             0.0493 |              0.012 |               10.4 |
                350 |             -0.736 |             -0.596 |             0.0702 |              0.012 |               10.4 |
                360 |             -0.806 |             -0.643 |             0.0528 |              0.012 |               10.3 |
                370 |             -0.719 |             -0.593 |               0.04 |              0.012 |               10.4 |
                380 |             -0.681 |             -0.615 |             0.0334 |              0.011 |               10.4 |
                390 |             -0.666 |             -0.632 |              0.039 |            0.00954 |               10.5 |
                400 |             -0.668 |             -0.657 |             0.0455 |            0.00954 |               10.4 |
                410 |              -0.71 |             -0.667 |             0.0365 |            0.00954 |               10.4 |
                420 |              -0.71 |             -0.669 |             0.0285 |            0.00673 |               10.4 |
                430 |             -0.622 |             -0.635 |              0.033 |            0.00673 |               10.4 |
                440 |              -0.75 |             -0.685 |             0.0312 |            0.00673 |               10.6 |
                450 |             -0.705 |             -0.674 |             0.0399 |            0.00673 |               10.4 |
                460 |             -0.654 |             -0.664 |             0.0248 |            0.00673 |               10.4 |
                470 |             -0.767 |             -0.654 |             0.0551 |            0.00673 |               10.2 |
                480 |             -0.722 |             -0.581 |             0.0382 |            0.00673 |               10.3 |
                490 |             -0.742 |             -0.691 |             0.0128 |            0.00673 |               10.2 |
                500 |             -0.766 |             -0.661 |             0.0511 |            0.00673 |               10.3 |
                510 |             -0.676 |             -0.668 |             0.0498 |            0.00673 |               10.1 |
                520 |              -0.77 |             -0.618 |             0.0305 |            0.00673 |               9.99 |
                530 |             -0.792 |             -0.631 |             0.0457 |            0.00673 |               9.85 |
                540 |             -0.732 |             -0.578 |             0.0595 |            0.00673 |                9.8 |
                550 |             -0.594 |             -0.588 |             0.0157 |            0.00673 |               9.82 |
                560 |             -0.856 |             -0.559 |             0.0496 |            0.00673 |               10.1 |
                570 |             -0.749 |              -0.64 |             0.0481 |            0.00673 |                 10 |
                580 |             -0.816 |             -0.582 |             0.0294 |            0.00673 |               10.1 |
                590 |             -0.784 |             -0.602 |             0.0444 |            0.00673 |               9.95 |
                600 |             -0.787 |             -0.692 |             0.0496 |            0.00673 |               9.94 |
                610 |             -0.715 |             -0.602 |             0.0621 |            0.00673 |               10.2 |
                620 |             -0.626 |              -0.71 |             0.0447 |            0.00673 |               10.1 |
                630 |             -0.855 |             -0.631 |             0.0396 |            0.00673 |               10.1 |
                640 |             -0.736 |             -0.589 |             0.0385 |            0.00673 |                 10 |
                650 |             -0.677 |              -0.59 |             0.0415 |            0.00673 |               10.3 |
                660 |             -0.654 |             -0.572 |             0.0455 |            0.00673 |               10.3 |
                670 |             -0.665 |             -0.539 |             0.0496 |            0.00673 |               10.6 |
                680 |             -0.731 |             -0.555 |             0.0671 |             0.0066 |               10.4 |
                690 |             -0.699 |             -0.604 |             0.0412 |             0.0066 |               10.4 |
                700 |             -0.784 |               -0.6 |             0.0427 |             0.0066 |               10.3 |
                710 |             -0.722 |             -0.588 |             0.0214 |             0.0066 |               10.4 |
                720 |             -0.737 |             -0.598 |             0.0483 |             0.0066 |               10.4 |
                730 |              -0.76 |             -0.593 |             0.0148 |             0.0066 |               10.7 |
                740 |              -0.71 |             -0.618 |             0.0394 |             0.0066 |               10.7 |
                750 |             -0.657 |             -0.613 |             0.0388 |             0.0066 |               10.8 |
                760 |             -0.794 |              -0.63 |             0.0272 |             0.0066 |               10.6 |
                770 |             -0.682 |             -0.653 |             0.0436 |             0.0066 |               10.6 |
                780 |             -0.672 |             -0.594 |             0.0327 |             0.0066 |               10.8 |
                790 |             -0.615 |             -0.635 |             0.0447 |             0.0066 |               10.7 |
                800 |             -0.874 |             -0.598 |             0.0216 |             0.0066 |               10.7 |
                810 |             -0.684 |             -0.626 |             0.0357 |             0.0066 |               10.7 |
                820 |             -0.868 |             -0.613 |             0.0194 |             0.0066 |               10.5 |
                830 |             -0.656 |             -0.613 |              0.031 |             0.0066 |               10.5 |
                840 |             -0.682 |             -0.621 |             0.0521 |             0.0066 |               10.3 |
                850 |              -0.79 |             -0.663 |             0.0377 |             0.0066 |               10.2 |
                860 |             -0.854 |             -0.621 |              0.055 |             0.0066 |               10.1 |
                870 |             -0.819 |             -0.602 |             0.0295 |             0.0066 |                 10 |
                880 |             -0.638 |             -0.681 |             0.0456 |             0.0066 |               10.3 |
                890 |             -0.734 |              -0.69 |             0.0436 |             0.0066 |               10.5 |
                900 |             -0.635 |             -0.692 |             0.0231 |             0.0066 |               10.3 |
                910 |             -0.702 |             -0.644 |             0.0243 |             0.0066 |               10.4 |
                920 |             -0.742 |             -0.679 |             0.0336 |             0.0066 |               10.5 |
                930 |             -0.757 |             -0.632 |             0.0271 |             0.0066 |               10.4 |
                940 |             -0.644 |             -0.661 |             0.0268 |             0.0066 |               10.3 |
                950 |              -0.65 |             -0.695 |             0.0333 |            0.00596 |               10.6 |
                960 |             -0.802 |             -0.635 |             0.0204 |            0.00596 |               10.2 |
                970 |             -0.714 |             -0.633 |             0.0405 |            0.00596 |               10.2 |
                980 |             -0.609 |             -0.607 |             0.0609 |            0.00596 |               10.4 |
                990 |             -0.618 |             -0.595 |              0.024 |            0.00596 |               10.4 |
Training complete: 
   Data path: /work/qgan/data/train/amp-qml_torch-q4-noiseless-PSR-aerCPU-rand0.5-seed0 
   Best eval: 0.005957922331710599 
   Total time: 1034.3745193481445

Running: /work/qgan/data/train/amp-qml_torch-q4-noiseless-PSR-aerCPU-rand0.1-seed2/config.yaml
              Epoch |     Generator cost | Discriminator cost |               Eval |          Best eval |               Time |
Training complete: 
   Data path: /work/qgan/data/train/amp-qml_torch-q4-noiseless-PSR-aerCPU-rand0.1-seed2 
   Best eval: 0.0033322914803136697 
   Total time: 932.9872741699219

Running: /work/qgan/data/train/amp-qml_torch-q4-noiseless-REG-aerCPU-rand1-seed0/config.yaml
Training data file created.
              Epoch |     Generator cost | Discriminator cost |               Eval |          Best eval |               Time |
                  0 |             -0.521 |             -0.408 |             0.0738 |             0.0738 |              0.465 |
                 10 |             -0.448 |             -0.426 |             0.0522 |             0.0156 |               3.76 |
                 20 |             -0.423 |             -0.527 |             0.0597 |             0.0156 |               3.51 |
                 30 |             -0.448 |             -0.455 |               0.04 |             0.0156 |               3.76 |
                 40 |             -0.457 |             -0.524 |             0.0385 |             0.0156 |               3.75 |
                 50 |             -0.523 |             -0.517 |             0.0547 |             0.0156 |               3.55 |
                 60 |             -0.471 |             -0.701 |             0.0565 |             0.0156 |               3.79 |
                 70 |             -0.467 |             -0.703 |              0.034 |            0.00863 |               3.56 |
                 80 |             -0.582 |              -0.63 |             0.0344 |            0.00863 |               3.79 |
                 90 |              -0.52 |             -0.581 |             0.0446 |            0.00863 |               3.78 |
                100 |             -0.664 |               -0.6 |             0.0459 |            0.00863 |               3.54 |
                110 |              -0.27 |             -0.634 |              0.038 |            0.00833 |               3.79 |
                120 |             -0.703 |             -0.611 |            0.00989 |            0.00833 |               3.56 |
                130 |             -0.699 |             -0.731 |             0.0248 |            0.00833 |                3.8 |
                140 |             -0.666 |             -0.692 |             0.0617 |            0.00833 |               3.52 |
                150 |             -0.668 |             -0.821 |             0.0329 |            0.00833 |               3.77 |
                160 |             -0.354 |             -0.821 |             0.0349 |            0.00833 |               3.79 |
                170 |             -0.633 |             -0.703 |              0.053 |            0.00833 |               3.55 |
                180 |             -0.649 |             -0.682 |             0.0352 |            0.00833 |               3.79 |
                190 |             -0.263 |             -0.801 |              0.058 |            0.00833 |               3.53 |
                200 |             -0.506 |             -0.748 |             0.0377 |            0.00833 |               3.77 |
                210 |             -0.376 |             -0.738 |              0.062 |            0.00833 |               3.77 |
                220 |             -0.299 |             -0.702 |             0.0536 |            0.00833 |               3.55 |
                230 |             -0.691 |             -0.723 |             0.0394 |            0.00833 |               3.79 |
                240 |             -0.658 |             -0.742 |             0.0421 |            0.00833 |               3.48 |
                250 |             -0.603 |             -0.744 |             0.0619 |            0.00833 |               3.77 |
                260 |             -0.273 |             -0.763 |             0.0461 |            0.00833 |               3.77 |
                270 |             -0.561 |               -0.9 |             0.0533 |            0.00833 |               3.54 |
                280 |             -0.461 |             -0.815 |             0.0626 |            0.00833 |                3.8 |
                290 |             -0.417 |             -0.762 |             0.0494 |            0.00833 |               3.51 |
                300 |             -0.693 |             -0.632 |             0.0725 |            0.00833 |               3.76 |
                310 |              -0.48 |             -0.679 |             0.0333 |            0.00833 |               3.52 |
                320 |             -0.429 |             -0.788 |             0.0448 |            0.00833 |               3.78 |
                330 |             -0.563 |             -0.631 |             0.0615 |            0.00833 |                3.8 |
                340 |             -0.459 |              -0.75 |             0.0399 |            0.00833 |               3.54 |
                350 |             -0.529 |             -0.792 |             0.0605 |            0.00833 |               3.76 |
                360 |             -0.744 |             -0.748 |             0.0412 |            0.00833 |               3.53 |
                370 |             -0.642 |              -0.77 |             0.0423 |            0.00833 |               3.79 |
                380 |             -0.848 |             -0.802 |             0.0667 |            0.00833 |               3.79 |
                390 |             -0.565 |             -0.893 |             0.0361 |            0.00833 |               3.55 |
                400 |              -0.48 |             -0.648 |             0.0467 |            0.00833 |               3.77 |
                410 |             -0.596 |             -0.674 |             0.0206 |            0.00833 |               3.52 |
                420 |             -0.308 |             -0.735 |             0.0343 |            0.00146 |               3.77 |
                430 |             -0.709 |             -0.811 |             0.0425 |            0.00146 |                3.8 |
                440 |              -0.66 |             -0.679 |             0.0641 |            0.00146 |               3.56 |
                450 |             -0.554 |              -0.73 |             0.0692 |            0.00146 |               3.79 |
                460 |             -0.377 |              -0.78 |             0.0676 |            0.00146 |               3.54 |
                470 |              -0.25 |             -0.759 |              0.065 |            0.00146 |               3.78 |
                480 |             -0.465 |             -0.786 |             0.0168 |            0.00146 |               3.51 |
                490 |             -0.446 |             -0.771 |             0.0748 |            0.00146 |               3.78 |
                500 |             -0.317 |             -0.643 |             0.0285 |            0.00146 |               3.78 |
                510 |              -0.73 |             -0.607 |             0.0499 |            0.00146 |               3.53 |
                520 |             -0.503 |             -0.653 |             0.0391 |            0.00146 |               3.81 |
                530 |             -0.505 |             -0.626 |             0.0488 |            0.00146 |               3.52 |
                540 |              -0.45 |             -0.736 |               0.04 |            0.00146 |               3.79 |
                550 |             -0.623 |              -0.79 |             0.0574 |            0.00146 |               3.79 |
                560 |             -0.605 |             -0.844 |             0.0442 |            0.00146 |               3.54 |
                570 |             -0.724 |             -0.738 |             0.0364 |            0.00146 |               3.81 |
                580 |             -0.503 |              -0.71 |             0.0259 |            0.00146 |               3.51 |
                590 |             -0.564 |             -0.722 |             0.0406 |            0.00146 |               3.79 |
                600 |             -0.271 |             -0.669 |             0.0339 |            0.00146 |               3.78 |
                610 |             -0.527 |             -0.659 |             0.0255 |            0.00146 |               3.54 |
                620 |             -0.586 |             -0.676 |              0.043 |            0.00146 |               3.81 |
                630 |             -0.438 |             -0.619 |             0.0601 |            0.00146 |               3.54 |
                640 |             -0.603 |             -0.735 |             0.0244 |            0.00146 |               3.79 |
                650 |             -0.519 |             -0.795 |             0.0331 |            0.00146 |               3.53 |
                660 |              -0.71 |             -0.798 |             0.0187 |            0.00146 |               3.76 |
                670 |             -0.316 |             -0.709 |               0.04 |            0.00146 |               3.79 |
                680 |             -0.601 |              -0.78 |             0.0412 |            0.00146 |               3.54 |
                690 |             -0.579 |             -0.846 |             0.0438 |            0.00146 |               3.81 |
                700 |             -0.408 |             -0.882 |             0.0474 |            0.00146 |               3.53 |
                710 |             -0.606 |             -0.761 |             0.0693 |            0.00146 |               3.81 |
                720 |             -0.391 |             -0.704 |             0.0647 |            0.00146 |                3.8 |
                730 |             -0.158 |             -0.914 |             0.0452 |            0.00146 |               3.52 |
                740 |              -0.45 |             -0.796 |             0.0456 |            0.00146 |               3.79 |
                750 |             -0.452 |             -0.773 |             0.0403 |            0.00146 |               3.53 |
                760 |             -0.576 |             -0.718 |             0.0708 |            0.00146 |               3.76 |
                770 |             -0.527 |             -0.865 |             0.0696 |            0.00146 |               3.77 |
                780 |             -0.346 |             -0.738 |             0.0484 |            0.00146 |               3.52 |
                790 |             -0.419 |             -0.695 |              0.036 |            0.00146 |               3.76 |
                800 |             -0.467 |             -0.743 |             0.0574 |            0.00146 |               3.53 |
                810 |             -0.613 |             -0.678 |             0.0343 |            0.00146 |               3.77 |
                820 |             -0.524 |             -0.695 |             0.0268 |            0.00146 |               3.47 |
                830 |             -0.296 |             -0.835 |              0.045 |            0.00146 |               3.78 |
                840 |             -0.527 |             -0.766 |             0.0425 |            0.00146 |               3.79 |
                850 |             -0.502 |             -0.673 |             0.0547 |            0.00146 |               3.56 |
                860 |             -0.258 |             -0.737 |             0.0396 |            0.00146 |               3.78 |
                870 |             -0.361 |             -0.761 |             0.0423 |            0.00146 |               3.52 |
                880 |             -0.362 |             -0.697 |             0.0489 |            0.00146 |               3.77 |
                890 |             -0.375 |               -0.7 |             0.0512 |            0.00146 |               3.75 |
                900 |             -0.755 |             -0.673 |             0.0448 |            0.00146 |               3.56 |
                910 |             -0.478 |             -0.809 |             0.0565 |            0.00146 |               3.79 |
                920 |             -0.495 |             -0.755 |              0.063 |            0.00146 |               3.54 |
                930 |             -0.549 |             -0.721 |             0.0473 |            0.00146 |               3.76 |
                940 |             -0.652 |             -0.702 |             0.0385 |            0.00146 |               3.78 |
                950 |              -0.41 |             -0.648 |             0.0449 |            0.00146 |               3.53 |
                960 |             -0.379 |             -0.698 |             0.0493 |            0.00146 |               3.78 |
                970 |             -0.458 |             -0.716 |             0.0363 |            0.00146 |               3.55 |
                980 |             -0.472 |             -0.863 |             0.0509 |            0.00146 |               3.79 |
                990 |             -0.328 |             -0.892 |              0.054 |            0.00146 |                3.5 |
Training complete: 
   Data path: /work/qgan/data/train/amp-qml_torch-q4-noiseless-REG-aerCPU-rand1-seed0 
   Best eval: 0.0014637959566820627 
   Total time: 367.9695587158203

Running: /work/qgan/data/train/amp-qml_torch-q4-noiseless-REG-aerCPU-rand0.25-seed2/config.yaml
Training data file created.
              Epoch |     Generator cost | Discriminator cost |               Eval |          Best eval |               Time |
                  0 |             -0.695 |             -0.363 |             0.0584 |             0.0584 |              0.464 |
                 10 |             -0.739 |             -0.335 |             0.0561 |             0.0473 |               3.75 |
                 20 |             -0.735 |             -0.382 |             0.0741 |             0.0473 |               3.71 |
                 30 |             -0.733 |             -0.341 |             0.0697 |             0.0473 |               3.45 |
                 40 |             -0.821 |             -0.373 |             0.0744 |             0.0473 |               3.68 |
                 50 |             -0.793 |             -0.397 |             0.0706 |             0.0449 |               3.43 |
                 60 |             -0.872 |             -0.419 |             0.0651 |             0.0449 |               3.71 |
                 70 |             -0.804 |              -0.44 |             0.0602 |             0.0449 |               3.72 |
                 80 |             -0.826 |             -0.443 |             0.0692 |             0.0449 |               3.45 |
                 90 |             -0.896 |             -0.475 |             0.0553 |             0.0449 |               3.72 |
                100 |             -0.915 |             -0.459 |             0.0611 |             0.0449 |               3.46 |
                110 |             -0.873 |               -0.5 |             0.0592 |             0.0449 |               3.71 |
                120 |             -0.891 |             -0.471 |              0.062 |             0.0446 |               3.45 |
                130 |             -0.928 |             -0.523 |             0.0518 |             0.0332 |               3.71 |
                140 |             -0.879 |             -0.504 |             0.0544 |             0.0306 |               3.72 |
                150 |              -0.85 |             -0.541 |             0.0644 |             0.0306 |               3.46 |
                160 |              -0.89 |             -0.542 |              0.055 |             0.0306 |               3.71 |
                170 |             -0.822 |             -0.536 |             0.0608 |             0.0306 |               3.46 |
                180 |             -0.802 |             -0.558 |             0.0635 |             0.0306 |               3.73 |
                190 |             -0.733 |             -0.607 |             0.0666 |             0.0306 |               3.72 |
                200 |             -0.733 |             -0.622 |             0.0485 |             0.0306 |               3.47 |
                210 |             -0.711 |             -0.567 |             0.0442 |             0.0281 |               3.71 |
                220 |             -0.824 |             -0.588 |             0.0549 |             0.0281 |               3.44 |
                230 |             -0.782 |             -0.595 |              0.045 |             0.0281 |               3.69 |
                240 |              -0.83 |             -0.554 |             0.0284 |             0.0281 |               3.68 |
                250 |             -0.829 |             -0.558 |             0.0567 |             0.0281 |               3.46 |
                260 |             -0.818 |             -0.551 |             0.0465 |             0.0244 |               3.69 |
                270 |             -0.787 |             -0.562 |             0.0226 |             0.0226 |               3.44 |
                280 |             -0.827 |             -0.529 |             0.0458 |             0.0226 |               3.69 |
                290 |             -0.832 |             -0.557 |             0.0366 |             0.0226 |               3.46 |
                300 |             -0.888 |             -0.554 |             0.0265 |             0.0226 |               3.71 |
                310 |             -0.848 |             -0.539 |             0.0446 |             0.0226 |                3.7 |
                320 |             -0.892 |             -0.563 |             0.0325 |             0.0226 |               3.45 |
                330 |             -0.834 |             -0.541 |             0.0346 |             0.0226 |               3.69 |
                340 |             -0.861 |             -0.553 |             0.0294 |             0.0226 |               3.45 |
                350 |             -0.877 |             -0.523 |             0.0456 |             0.0226 |               3.71 |
                360 |             -0.859 |             -0.542 |             0.0315 |             0.0226 |                3.7 |
                370 |             -0.885 |             -0.541 |             0.0395 |             0.0226 |               3.46 |
                380 |             -0.874 |             -0.555 |             0.0457 |             0.0226 |               3.68 |
                390 |             -0.888 |             -0.549 |             0.0397 |             0.0226 |               3.46 |
                400 |             -0.858 |             -0.549 |              0.038 |             0.0226 |               3.71 |
                410 |             -0.908 |             -0.582 |             0.0441 |             0.0226 |               3.71 |
                420 |             -0.858 |             -0.562 |             0.0388 |             0.0226 |               3.46 |
                430 |             -0.862 |             -0.562 |             0.0393 |             0.0226 |               3.69 |
                440 |             -0.882 |             -0.556 |             0.0339 |             0.0226 |               3.43 |
                450 |             -0.864 |             -0.533 |             0.0249 |             0.0226 |               3.68 |
                460 |             -0.939 |             -0.522 |             0.0378 |             0.0226 |               3.45 |
                470 |             -0.867 |              -0.52 |             0.0273 |             0.0226 |               3.68 |
                480 |             -0.939 |             -0.522 |             0.0321 |             0.0179 |               3.66 |
                490 |             -0.972 |             -0.538 |             0.0308 |             0.0179 |               3.44 |
                500 |             -0.929 |             -0.554 |             0.0277 |             0.0179 |                3.7 |
                510 |             -0.914 |              -0.52 |             0.0293 |             0.0125 |               3.45 |
                520 |             -0.856 |             -0.529 |             0.0368 |             0.0125 |               3.68 |
                530 |             -0.913 |             -0.542 |             0.0216 |             0.0117 |               3.68 |
                540 |             -0.927 |             -0.516 |             0.0222 |            0.00654 |               3.45 |
                550 |             -0.886 |             -0.518 |             0.0292 |            0.00654 |                3.7 |
                560 |             -0.917 |             -0.526 |             0.0313 |            0.00654 |               3.45 |
                570 |             -0.901 |             -0.504 |             0.0364 |            0.00654 |               3.69 |
                580 |              -0.91 |             -0.551 |              0.027 |            0.00654 |               3.69 |
                590 |              -0.92 |             -0.534 |             0.0267 |            0.00654 |               3.46 |
                600 |             -0.854 |             -0.546 |             0.0441 |            0.00654 |               3.71 |
                610 |             -0.918 |              -0.52 |             0.0203 |            0.00654 |               3.46 |
                620 |             -0.871 |             -0.523 |             0.0204 |            0.00654 |               3.69 |
                630 |              -0.88 |             -0.539 |             0.0127 |            0.00654 |               3.45 |
                640 |             -0.863 |             -0.546 |             0.0321 |            0.00654 |               3.72 |
                650 |              -0.83 |             -0.533 |             0.0292 |            0.00654 |               3.71 |
                660 |             -0.804 |              -0.55 |             0.0262 |            0.00654 |               3.46 |
                670 |             -0.828 |             -0.531 |             0.0218 |            0.00654 |               3.69 |
                680 |             -0.779 |             -0.523 |             0.0229 |            0.00579 |               3.44 |
                690 |             -0.784 |             -0.528 |             0.0248 |            0.00579 |               3.71 |
                700 |             -0.838 |             -0.529 |               0.02 |            0.00579 |                3.7 |
                710 |             -0.835 |             -0.558 |             0.0236 |            0.00579 |               3.45 |
                720 |             -0.849 |             -0.518 |             0.0343 |            0.00579 |                3.7 |
                730 |             -0.813 |             -0.531 |             0.0292 |            0.00579 |               3.46 |
                740 |             -0.909 |             -0.532 |             0.0416 |            0.00579 |               3.72 |
                750 |             -0.864 |             -0.513 |             0.0223 |            0.00579 |                3.7 |
                760 |              -0.85 |             -0.533 |             0.0219 |            0.00579 |               3.43 |
                770 |             -0.937 |             -0.516 |             0.0338 |            0.00579 |                3.7 |
                780 |             -0.907 |             -0.512 |             0.0296 |            0.00579 |               3.45 |
                790 |             -0.895 |             -0.513 |             0.0461 |            0.00579 |               3.69 |
                800 |             -0.901 |             -0.512 |             0.0227 |            0.00579 |               3.44 |
                810 |             -0.934 |             -0.529 |             0.0248 |            0.00579 |               3.71 |
                820 |              -0.92 |              -0.53 |             0.0357 |            0.00579 |               3.72 |
                830 |             -0.955 |             -0.523 |              0.028 |            0.00579 |               3.45 |
                840 |              -0.95 |             -0.535 |              0.023 |            0.00579 |               3.69 |
                850 |              -0.88 |             -0.529 |             0.0193 |            0.00579 |               3.45 |
                860 |             -0.944 |             -0.543 |             0.0194 |            0.00579 |                3.7 |
                870 |             -0.933 |             -0.535 |             0.0179 |            0.00579 |               3.69 |
                880 |             -0.893 |             -0.543 |              0.027 |            0.00579 |               3.45 |
                890 |             -0.898 |             -0.531 |             0.0293 |            0.00579 |                3.7 |
                900 |             -0.902 |             -0.552 |             0.0289 |            0.00579 |               3.46 |
                910 |             -0.903 |             -0.548 |             0.0218 |            0.00579 |               3.72 |
                920 |             -0.856 |             -0.563 |             0.0349 |            0.00579 |                3.7 |
                930 |             -0.853 |             -0.525 |             0.0297 |            0.00579 |               3.46 |
                940 |             -0.916 |             -0.529 |              0.023 |            0.00579 |                3.7 |
                950 |             -0.872 |             -0.545 |             0.0348 |            0.00579 |               3.43 |
                960 |              -0.82 |             -0.534 |             0.0247 |            0.00579 |               3.69 |
                970 |             -0.865 |              -0.53 |             0.0394 |            0.00579 |               3.45 |
                980 |             -0.885 |             -0.521 |             0.0339 |            0.00579 |               3.71 |
                990 |             -0.898 |             -0.536 |             0.0234 |            0.00579 |               3.69 |
Training complete: 
   Data path: /work/qgan/data/train/amp-qml_torch-q4-noiseless-REG-aerCPU-rand0.25-seed2 
   Best eval: 0.005791101108510494 
   Total time: 359.9104962348938

Running: /work/qgan/data/train/base-qml_torch-q4-noiseless-PSR-aerCPU-rand0-seed1/config.yaml
              Epoch |     Generator cost | Discriminator cost |               Eval |          Best eval |               Time |
Training complete: 
   Data path: /work/qgan/data/train/base-qml_torch-q4-noiseless-PSR-aerCPU-rand0-seed1 
   Best eval: 0.02356149992205936 
   Total time: 231.49863386154175

Running: /work/qgan/data/train/base-qml_torch-q4-noiseless-PSR-aerCPU-rand0.5-seed2/config.yaml
              Epoch |     Generator cost | Discriminator cost |               Eval |          Best eval |               Time |
Training complete: 
   Data path: /work/qgan/data/train/base-qml_torch-q4-noiseless-PSR-aerCPU-rand0.5-seed2 
   Best eval: 0.09557232386905887 
   Total time: 224.88414120674133

Running: /work/qgan/data/train/base-qml_torch-q4-noiseless-SPSA-aerCPU-rand0.1-seed1/config.yaml
              Epoch |     Generator cost | Discriminator cost |               Eval |          Best eval |               Time |
Training complete: 
   Data path: /work/qgan/data/train/base-qml_torch-q4-noiseless-SPSA-aerCPU-rand0.1-seed1 
   Best eval: 1.6396665227024805 
   Total time: 18.029388666152954

Running: /work/qgan/data/train/base-qml_torch-q4-noiseless-SPSA-aerCPU-rand1-seed2/config.yaml
              Epoch |     Generator cost | Discriminator cost |               Eval |          Best eval |               Time |
Training complete: 
   Data path: /work/qgan/data/train/base-qml_torch-q4-noiseless-SPSA-aerCPU-rand1-seed2 
   Best eval: 0.1106099106904172 
   Total time: 16.586471557617188

Running: /work/qgan/data/train/amp-qml_torch-q4-noisy-PSR-aerCPU-rand0.25-seed1/config.yaml
Training data file created.
              Epoch |     Generator cost | Discriminator cost |               Eval |          Best eval |               Time |
                  0 |             -0.436 |             -0.403 |             0.0598 |             0.0598 |            1.1e+03 |
                 10 |              -0.61 |             -0.429 |             0.0675 |             0.0421 |           1.05e+04 |
                 20 |             -0.559 |             -0.397 |             0.0673 |             0.0421 |           1.05e+04 |
                 30 |               -0.6 |             -0.373 |             0.0649 |             0.0421 |           1.05e+04 |
                 40 |              -0.58 |             -0.459 |             0.0733 |             0.0421 |           1.07e+04 |

Interrupter: will stop after the current epoch. Press Ctrl+C again to force quit.
Interrupter: Graceful exit triggered. Breaking loop.
Training complete: 
   Data path: /work/qgan/data/train/amp-qml_torch-q4-noisy-PSR-aerCPU-rand0.25-seed1 
   Best eval: 0.04207739748276837 
   Total time: 52820.69164299965
Interrupter: battery execution stopped.
18 battery run(s) succeeded.
