Creating config files for run_000:
Configuration file rewritten. Path: /work/qgan/data/train/ang-qml_torch-q8-noiseless-SPSA-aerCPU-rand0.1-seed0/config.yaml

Creating config files for run_001:
Configuration file rewritten. Path: /work/qgan/data/train/ang-qml_torch-q8-noiseless-SPSA-aerCPU-rand1-seed1/config.yaml

Creating config files for run_002:
Configuration file rewritten. Path: /work/qgan/data/train/ang-qml_torch-q8-noiseless-REG-aerCPU-rand0.25-seed0/config.yaml

Creating config files for run_003:
Configuration file rewritten. Path: /work/qgan/data/train/ang-qml_torch-q8-noiseless-REG-aerCPU-rand0-seed2/config.yaml

Creating config files for run_004:
Configuration file rewritten. Path: /work/qgan/data/train/ang-qml_torch-q4-noiseless-PSR-aerCPU-rand0.5-seed0/config.yaml

Creating config files for run_005:
Configuration file rewritten. Path: /work/qgan/data/train/ang-qml_torch-q4-noiseless-PSR-aerCPU-rand0.1-seed2/config.yaml

Creating config files for run_006:
Configuration file rewritten. Path: /work/qgan/data/train/base-qml_torch-q8-noiseless-SPSA-aerCPU-rand1-seed0/config.yaml

Creating config files for run_007:
Configuration file rewritten. Path: /work/qgan/data/train/base-qml_torch-q8-noiseless-SPSA-aerCPU-rand0.25-seed2/config.yaml

Creating config files for run_008:
Configuration file rewritten. Path: /work/qgan/data/train/base-qml_torch-q8-noiseless-REG-aerCPU-rand0-seed1/config.yaml

Creating config files for run_009:
Configuration file rewritten. Path: /work/qgan/data/train/base-qml_torch-q8-noiseless-REG-aerCPU-rand0.5-seed2/config.yaml

Creating config files for run_010:
Configuration file rewritten. Path: /work/qgan/data/train/amp-qml_torch-q4-noiseless-PSR-aerCPU-rand0.1-seed1/config.yaml

Creating config files for run_011:
Configuration file rewritten. Path: /work/qgan/data/train/amp-qml_torch-q4-noiseless-PSR-aerCPU-rand1-seed2/config.yaml

Creating config files for run_012:
Configuration file rewritten. Path: /work/qgan/data/train/amp-qml_torch-q4-noiseless-REG-aerCPU-rand0.25-seed1/config.yaml

Creating config files for run_013:
Configuration file rewritten. Path: /work/qgan/data/train/base-qml_torch-q4-noiseless-PSR-aerCPU-rand0-seed0/config.yaml

Creating config files for run_014:
Configuration file rewritten. Path: /work/qgan/data/train/base-qml_torch-q4-noiseless-PSR-aerCPU-rand0.5-seed1/config.yaml

Creating config files for run_015:
Configuration file rewritten. Path: /work/qgan/data/train/base-qml_torch-q4-noiseless-SPSA-aerCPU-rand0.1-seed0/config.yaml

Creating config files for run_016:
Configuration file rewritten. Path: /work/qgan/data/train/base-qml_torch-q4-noiseless-SPSA-aerCPU-rand1-seed1/config.yaml

Creating config files for run_017:
Configuration file rewritten. Path: /work/qgan/data/train/amp-qml_torch-q4-noisy-PSR-aerCPU-rand0.25-seed0/config.yaml

Creating config files for run_018:
Configuration file rewritten. Path: /work/qgan/data/train/amp-qml_torch-q4-noisy-PSR-aerCPU-rand0-seed2/config.yaml

Creating config files for run_019:
Configuration file rewritten. Path: /work/qgan/data/train/base-qml_torch-q4-noisy-SPSA-aerCPU-rand0.5-seed0/config.yaml

Creating config files for run_020:
Configuration file rewritten. Path: /work/qgan/data/train/base-qml_torch-q4-noisy-SPSA-aerCPU-rand0.1-seed2/config.yaml

Creating config files for run_021:
Configuration file rewritten. Path: /work/qgan/data/train/ang-qml_torch-q4-noisy-SPSA-aerCPU-rand1-seed0/config.yaml

Creating config files for run_022:
Configuration file rewritten. Path: /work/qgan/data/train/ang-qml_torch-q4-noisy-SPSA-aerCPU-rand0.25-seed2/config.yaml

Creating config files for run_023:
Configuration file rewritten. Path: /work/qgan/data/train/amp-qml_torch-q4-noisy-SPSA-aerCPU-rand0-seed1/config.yaml

Creating config files for run_024:
Configuration file rewritten. Path: /work/qgan/data/train/amp-qml_torch-q4-noisy-SPSA-aerCPU-rand0.5-seed2/config.yaml

Creating config files for run_025:
Configuration file rewritten. Path: /work/qgan/data/train/ang-qml_torch-q8-noisy-SPSA-aerCPU-rand0.1-seed1/config.yaml

Creating config files for run_026:
Configuration file rewritten. Path: /work/qgan/data/train/ang-qml_torch-q8-noisy-SPSA-aerCPU-rand1-seed2/config.yaml

Creating config files for run_027:
Configuration file rewritten. Path: /work/qgan/data/train/base-qml_torch-q16-noiseless-REG-aerCPU-rand0.25-seed1/config.yaml

28 battery configuration files ready.

Running: /work/qgan/data/train/ang-qml_torch-q8-noiseless-SPSA-aerCPU-rand0.1-seed0/config.yaml
              Epoch |     Generator cost | Discriminator cost |               Eval |          Best eval |               Time |
Training complete: 
   Data path: /work/qgan/data/train/ang-qml_torch-q8-noiseless-SPSA-aerCPU-rand0.1-seed0 
   Best eval: 0.01226745080202818 
   Total time: 3451.0172986984253

Running: /work/qgan/data/train/ang-qml_torch-q8-noiseless-SPSA-aerCPU-rand1-seed1/config.yaml
              Epoch |     Generator cost | Discriminator cost |               Eval |          Best eval |               Time |
Training complete: 
   Data path: /work/qgan/data/train/ang-qml_torch-q8-noiseless-SPSA-aerCPU-rand1-seed1 
   Best eval: 0.07406599819660187 
   Total time: 411.47688245773315

Running: /work/qgan/data/train/ang-qml_torch-q8-noiseless-REG-aerCPU-rand0.25-seed0/config.yaml
              Epoch |     Generator cost | Discriminator cost |               Eval |          Best eval |               Time |
Training complete: 
   Data path: /work/qgan/data/train/ang-qml_torch-q8-noiseless-REG-aerCPU-rand0.25-seed0 
   Best eval: 0.03353644162416458 
   Total time: 3721.5137741565704

Running: /work/qgan/data/train/ang-qml_torch-q8-noiseless-REG-aerCPU-rand0-seed2/config.yaml
              Epoch |     Generator cost | Discriminator cost |               Eval |          Best eval |               Time |
Training complete: 
   Data path: /work/qgan/data/train/ang-qml_torch-q8-noiseless-REG-aerCPU-rand0-seed2 
   Best eval: 0.0033814723137766123 
   Total time: 6014.959570407867

Running: /work/qgan/data/train/ang-qml_torch-q4-noiseless-PSR-aerCPU-rand0.5-seed0/config.yaml
              Epoch |     Generator cost | Discriminator cost |               Eval |          Best eval |               Time |
Training complete: 
   Data path: /work/qgan/data/train/ang-qml_torch-q4-noiseless-PSR-aerCPU-rand0.5-seed0 
   Best eval: 0.06900441646575928 
   Total time: 2414.5861728191376

Running: /work/qgan/data/train/ang-qml_torch-q4-noiseless-PSR-aerCPU-rand0.1-seed2/config.yaml
              Epoch |     Generator cost | Discriminator cost |               Eval |          Best eval |               Time |
Training complete: 
   Data path: /work/qgan/data/train/ang-qml_torch-q4-noiseless-PSR-aerCPU-rand0.1-seed2 
   Best eval: -0.0 
   Total time: 2425.925708770752

Running: /work/qgan/data/train/base-qml_torch-q8-noiseless-SPSA-aerCPU-rand1-seed0/config.yaml
              Epoch |     Generator cost | Discriminator cost |               Eval |          Best eval |               Time |
Training complete: 
   Data path: /work/qgan/data/train/base-qml_torch-q8-noiseless-SPSA-aerCPU-rand1-seed0 
   Best eval: 1.6935801576297531 
   Total time: 26.97699999809265

Running: /work/qgan/data/train/base-qml_torch-q8-noiseless-SPSA-aerCPU-rand0.25-seed2/config.yaml
              Epoch |     Generator cost | Discriminator cost |               Eval |          Best eval |               Time |
Training complete: 
   Data path: /work/qgan/data/train/base-qml_torch-q8-noiseless-SPSA-aerCPU-rand0.25-seed2 
   Best eval: 2.032769497076075 
   Total time: 26.90416717529297

Running: /work/qgan/data/train/base-qml_torch-q8-noiseless-REG-aerCPU-rand0-seed1/config.yaml
              Epoch |     Generator cost | Discriminator cost |               Eval |          Best eval |               Time |
Training complete: 
   Data path: /work/qgan/data/train/base-qml_torch-q8-noiseless-REG-aerCPU-rand0-seed1 
   Best eval: 1.2743898726593939 
   Total time: 729.3590018749237

Running: /work/qgan/data/train/base-qml_torch-q8-noiseless-REG-aerCPU-rand0.5-seed2/config.yaml
              Epoch |     Generator cost | Discriminator cost |               Eval |          Best eval |               Time |
Training complete: 
   Data path: /work/qgan/data/train/base-qml_torch-q8-noiseless-REG-aerCPU-rand0.5-seed2 
   Best eval: 0.8900892813106355 
   Total time: 723.9515106678009

Running: /work/qgan/data/train/amp-qml_torch-q4-noiseless-PSR-aerCPU-rand0.1-seed1/config.yaml
              Epoch |     Generator cost | Discriminator cost |               Eval |          Best eval |               Time |
Training complete: 
   Data path: /work/qgan/data/train/amp-qml_torch-q4-noiseless-PSR-aerCPU-rand0.1-seed1 
   Best eval: 0.015343977916881711 
   Total time: 935.6202547550201

Running: /work/qgan/data/train/amp-qml_torch-q4-noiseless-PSR-aerCPU-rand1-seed2/config.yaml
Training data file created.
              Epoch |     Generator cost | Discriminator cost |               Eval |          Best eval |               Time |
                  0 |              -0.43 |             -0.388 |             0.0405 |             0.0405 |               1.08 |
                 10 |             -0.608 |             -0.449 |              0.044 |             0.0255 |               9.85 |
                 20 |             -0.436 |             -0.475 |             0.0607 |             0.0249 |               9.73 |
                 30 |             -0.472 |             -0.404 |             0.0267 |             0.0179 |               9.71 |
                 40 |             -0.566 |             -0.488 |             0.0323 |             0.0179 |               9.98 |
                 50 |             -0.605 |             -0.537 |             0.0577 |             0.0179 |                 10 |
                 60 |             -0.406 |             -0.553 |             0.0421 |             0.0176 |                 10 |
                 70 |              -0.54 |             -0.573 |             0.0666 |             0.0176 |               10.2 |
                 80 |              -0.58 |             -0.644 |             0.0365 |             0.0176 |               9.92 |
                 90 |             -0.339 |             -0.593 |             0.0451 |             0.0176 |               9.94 |
                100 |             -0.422 |             -0.708 |             0.0311 |             0.0176 |               9.94 |
                110 |             -0.748 |             -0.591 |             0.0445 |             0.0141 |               9.93 |
                120 |             -0.457 |             -0.784 |             0.0332 |             0.0141 |               10.1 |
                130 |             -0.431 |             -0.749 |             0.0756 |             0.0141 |               9.84 |
                140 |             -0.279 |             -0.861 |             0.0378 |             0.0141 |               9.87 |
                150 |             -0.501 |              -0.61 |             0.0229 |             0.0141 |               9.88 |
                160 |             -0.204 |             -0.798 |             0.0389 |             0.0141 |               9.98 |
                170 |             -0.651 |             -0.847 |             0.0326 |             0.0141 |               9.75 |
                180 |             -0.735 |             -0.731 |             0.0717 |             0.0141 |                 10 |
                190 |             -0.724 |             -0.769 |              0.059 |             0.0141 |               9.86 |
                200 |             -0.234 |             -0.823 |             0.0461 |            0.00587 |               9.96 |
                210 |             -0.483 |             -0.749 |             0.0608 |            0.00587 |               9.88 |
                220 |             -0.645 |              -0.69 |             0.0439 |            0.00587 |               9.86 |
                230 |             -0.435 |             -0.688 |             0.0452 |            0.00587 |               9.95 |
                240 |             -0.592 |             -0.716 |              0.062 |            0.00587 |               9.61 |
                250 |             -0.636 |             -0.813 |             0.0512 |            0.00587 |               9.65 |
                260 |             -0.791 |             -0.685 |             0.0388 |            0.00587 |               9.63 |
                270 |             -0.636 |             -0.891 |             0.0572 |            0.00587 |               9.81 |
                280 |             -0.634 |             -0.787 |             0.0519 |            0.00587 |               9.88 |
                290 |             -0.549 |             -0.563 |             0.0399 |            0.00587 |               10.2 |
                300 |             -0.329 |             -0.737 |             0.0372 |            0.00587 |               9.95 |
                310 |             -0.477 |             -0.778 |             0.0727 |            0.00587 |               9.87 |
                320 |             -0.342 |             -0.575 |             0.0274 |            0.00587 |               9.78 |
                330 |             -0.289 |             -0.784 |             0.0263 |            0.00587 |               9.74 |
                340 |             -0.117 |             -0.838 |             0.0474 |            0.00587 |               9.68 |
                350 |             -0.373 |             -0.742 |              0.078 |            0.00587 |               9.79 |
                360 |             -0.365 |             -0.831 |             0.0584 |            0.00587 |               9.46 |
                370 |             -0.527 |             -0.769 |             0.0142 |            0.00587 |               9.53 |
                380 |             -0.947 |             -0.738 |             0.0541 |            0.00587 |               9.59 |
                390 |             -0.718 |             -0.677 |              0.067 |            0.00587 |               9.69 |
                400 |             -0.409 |             -0.814 |             0.0598 |            0.00587 |               9.98 |
                410 |             -0.439 |             -0.753 |             0.0493 |            0.00587 |               9.95 |
                420 |             -0.492 |             -0.653 |             0.0495 |            0.00587 |               9.99 |
                430 |             -0.328 |             -0.717 |             0.0512 |            0.00587 |                 10 |
                440 |             -0.253 |              -0.65 |             0.0466 |            0.00587 |               9.94 |
                450 |             -0.611 |             -0.745 |             0.0339 |            0.00587 |               9.94 |
                460 |             -0.521 |             -0.856 |             0.0466 |            0.00587 |               10.1 |
                470 |             -0.685 |             -0.861 |             0.0277 |            0.00587 |               9.92 |
                480 |             -0.591 |             -0.722 |             0.0626 |            0.00587 |               9.85 |
                490 |             -0.695 |             -0.684 |             0.0472 |            0.00587 |               9.98 |
                500 |               -0.4 |             -0.771 |             0.0433 |            0.00587 |               9.97 |
                510 |             -0.529 |             -0.793 |             0.0367 |            0.00587 |               10.1 |
                520 |             -0.485 |             -0.768 |             0.0581 |            0.00587 |               9.92 |
                530 |             -0.629 |             -0.842 |             0.0355 |            0.00587 |               9.81 |
                540 |             -0.648 |             -0.761 |             0.0449 |            0.00587 |               9.81 |
                550 |             -0.184 |             -0.615 |             0.0636 |            0.00587 |               9.82 |
                560 |             -0.372 |             -0.759 |              0.037 |            0.00587 |               9.93 |
                570 |             -0.364 |             -0.778 |             0.0374 |            0.00587 |               10.1 |
                580 |             -0.657 |             -0.668 |              0.042 |            0.00587 |               9.99 |
                590 |             -0.151 |             -0.626 |             0.0445 |            0.00587 |               10.1 |
                600 |             -0.635 |             -0.718 |             0.0434 |            0.00587 |                 10 |
                610 |             -0.622 |             -0.817 |             0.0556 |            0.00587 |               10.3 |
                620 |             -0.583 |             -0.672 |             0.0262 |            0.00587 |               10.3 |
                630 |             -0.613 |             -0.593 |              0.072 |            0.00587 |               9.96 |
                640 |             -0.512 |              -0.67 |             0.0436 |            0.00587 |               10.1 |
                650 |             -0.316 |             -0.883 |             0.0714 |            0.00587 |               10.3 |
                660 |             -0.425 |             -0.688 |             0.0507 |            0.00587 |               10.1 |
                670 |             -0.506 |             -0.895 |             0.0652 |            0.00587 |                 10 |
                680 |             -0.525 |             -0.772 |             0.0631 |            0.00587 |               10.1 |
                690 |             -0.402 |             -0.765 |              0.055 |            0.00587 |                9.8 |
                700 |             -0.801 |             -0.752 |             0.0476 |            0.00587 |               9.97 |
                710 |             -0.503 |             -0.839 |             0.0506 |            0.00587 |                 10 |
                720 |              -0.33 |              -0.71 |             0.0324 |            0.00587 |               10.1 |
                730 |             -0.476 |             -0.614 |             0.0538 |            0.00587 |               9.95 |
                740 |             -0.349 |               -0.7 |             0.0593 |            0.00587 |               10.3 |
                750 |             -0.729 |             -0.753 |             0.0169 |            0.00587 |               10.3 |
                760 |              -0.54 |             -0.811 |             0.0479 |            0.00587 |               10.2 |
                770 |             -0.505 |               -0.9 |             0.0132 |            0.00587 |               10.1 |
                780 |             -0.389 |             -0.673 |              0.041 |            0.00587 |               10.3 |
                790 |             -0.423 |              -0.64 |             0.0473 |            0.00587 |               10.3 |
                800 |              -0.27 |             -0.894 |             0.0722 |            0.00587 |               10.3 |
                810 |             -0.337 |             -0.684 |             0.0405 |            0.00587 |               10.2 |
                820 |             -0.574 |             -0.656 |             0.0198 |            0.00587 |               10.2 |
                830 |             -0.748 |             -0.767 |              0.042 |            0.00587 |               10.2 |
                840 |             -0.589 |             -0.785 |             0.0358 |            0.00587 |               10.1 |
                850 |             -0.424 |             -0.813 |             0.0661 |            0.00587 |               10.4 |
                860 |             -0.347 |             -0.773 |             0.0736 |            0.00587 |               10.3 |
                870 |             -0.352 |             -0.889 |             0.0627 |            0.00587 |               10.2 |
                880 |             -0.666 |             -0.783 |             0.0627 |            0.00587 |               10.2 |
                890 |             -0.609 |             -0.641 |             0.0429 |            0.00587 |               10.2 |
                900 |             -0.438 |             -0.719 |             0.0504 |            0.00442 |               10.5 |
                910 |             -0.411 |             -0.814 |             0.0736 |            0.00442 |               10.2 |
                920 |             -0.529 |             -0.784 |             0.0408 |            0.00442 |                 10 |
                930 |             -0.628 |             -0.738 |             0.0638 |            0.00442 |               9.81 |
                940 |             -0.337 |             -0.794 |             0.0541 |            0.00442 |               9.98 |
                950 |               -0.6 |             -0.741 |             0.0307 |            0.00442 |               10.3 |
                960 |             -0.677 |             -0.815 |             0.0537 |            0.00442 |               10.5 |
                970 |             -0.592 |             -0.884 |             0.0388 |            0.00442 |               10.2 |
                980 |             -0.562 |             -0.722 |             0.0584 |            0.00442 |                 10 |
                990 |             -0.252 |             -0.884 |             0.0604 |            0.00442 |               9.93 |
Training complete: 
   Data path: /work/qgan/data/train/amp-qml_torch-q4-noiseless-PSR-aerCPU-rand1-seed2 
   Best eval: 0.004415632475541728 
   Total time: 999.210193157196

Running: /work/qgan/data/train/amp-qml_torch-q4-noiseless-REG-aerCPU-rand0.25-seed1/config.yaml
Training data file created.
              Epoch |     Generator cost | Discriminator cost |               Eval |          Best eval |               Time |
                  0 |             -0.446 |             -0.408 |             0.0598 |             0.0598 |              0.459 |
                 10 |             -0.618 |             -0.433 |             0.0674 |              0.042 |               3.56 |
                 20 |             -0.557 |             -0.384 |             0.0673 |              0.042 |               3.74 |
                 30 |             -0.618 |             -0.374 |             0.0649 |              0.042 |               3.73 |
                 40 |             -0.594 |             -0.464 |             0.0733 |              0.042 |               3.48 |
                 50 |              -0.63 |             -0.471 |             0.0667 |              0.042 |               3.69 |
                 60 |             -0.626 |             -0.442 |             0.0698 |              0.042 |               3.46 |
                 70 |             -0.689 |             -0.445 |              0.061 |             0.0404 |               3.71 |
                 80 |             -0.635 |             -0.502 |             0.0754 |             0.0404 |               3.69 |
                 90 |             -0.649 |             -0.511 |             0.0535 |             0.0404 |               3.45 |
                100 |             -0.698 |             -0.498 |             0.0776 |             0.0404 |               3.68 |
                110 |              -0.68 |             -0.547 |              0.057 |             0.0404 |               3.45 |
                120 |             -0.702 |             -0.521 |             0.0664 |             0.0404 |               3.69 |
                130 |             -0.707 |             -0.523 |             0.0526 |             0.0404 |               3.45 |
                140 |             -0.719 |             -0.513 |             0.0608 |             0.0404 |               3.68 |
                150 |             -0.704 |             -0.531 |             0.0555 |             0.0404 |               3.69 |
                160 |             -0.686 |             -0.557 |             0.0608 |             0.0386 |               3.46 |
                170 |             -0.716 |             -0.568 |             0.0508 |             0.0362 |               3.69 |
                180 |             -0.751 |             -0.529 |             0.0441 |             0.0362 |               3.44 |
                190 |              -0.73 |             -0.573 |             0.0391 |             0.0319 |               3.67 |
                200 |             -0.695 |             -0.591 |             0.0425 |             0.0319 |                3.7 |
                210 |             -0.745 |             -0.558 |             0.0424 |             0.0314 |               3.47 |
                220 |             -0.735 |             -0.565 |             0.0556 |             0.0314 |                3.7 |
                230 |              -0.76 |             -0.528 |             0.0339 |             0.0314 |               3.44 |
                240 |             -0.732 |             -0.526 |              0.041 |             0.0301 |               3.68 |
                250 |             -0.819 |             -0.571 |             0.0488 |             0.0297 |               3.71 |
                260 |              -0.87 |             -0.548 |              0.034 |             0.0287 |               3.47 |
                270 |             -0.894 |             -0.579 |             0.0299 |             0.0287 |               3.68 |
                280 |             -0.832 |             -0.505 |              0.037 |             0.0273 |               3.43 |
                290 |              -0.88 |             -0.552 |             0.0334 |             0.0273 |               3.68 |
                300 |             -0.871 |             -0.544 |             0.0373 |             0.0273 |               3.45 |
                310 |             -0.907 |             -0.527 |             0.0327 |             0.0255 |               3.71 |
                320 |             -0.835 |             -0.556 |              0.044 |             0.0255 |                3.7 |
                330 |              -0.89 |             -0.532 |             0.0288 |             0.0255 |               3.44 |
                340 |             -0.865 |             -0.523 |             0.0275 |             0.0255 |               3.69 |
                350 |              -0.87 |             -0.527 |             0.0355 |             0.0255 |               3.45 |
                360 |             -0.895 |              -0.53 |             0.0318 |             0.0255 |                3.7 |
                370 |             -0.892 |              -0.52 |              0.037 |             0.0255 |               3.69 |
                380 |              -0.86 |             -0.548 |             0.0406 |             0.0255 |               3.44 |
                390 |             -0.887 |             -0.534 |             0.0288 |             0.0255 |               3.69 |
                400 |             -0.859 |             -0.541 |             0.0345 |             0.0255 |               3.44 |
                410 |             -0.931 |              -0.54 |             0.0338 |             0.0255 |               3.69 |
                420 |             -0.919 |             -0.533 |             0.0513 |             0.0255 |                3.7 |
                430 |             -0.891 |             -0.519 |             0.0334 |             0.0255 |               3.45 |
                440 |             -0.867 |             -0.538 |             0.0302 |             0.0255 |               3.69 |
                450 |             -0.913 |             -0.519 |              0.039 |             0.0255 |               3.46 |
                460 |             -0.926 |              -0.53 |             0.0258 |             0.0255 |                3.7 |
                470 |             -0.892 |             -0.553 |             0.0348 |             0.0255 |               3.46 |
                480 |             -0.899 |             -0.532 |             0.0405 |             0.0255 |               3.71 |
                490 |             -0.857 |             -0.531 |             0.0671 |             0.0255 |                3.7 |
                500 |             -0.882 |             -0.544 |             0.0292 |             0.0255 |               3.44 |
                510 |             -0.883 |              -0.55 |             0.0301 |             0.0255 |                3.7 |
                520 |             -0.848 |             -0.549 |             0.0276 |             0.0255 |               3.46 |
                530 |             -0.839 |             -0.569 |             0.0368 |             0.0255 |               3.71 |
                540 |             -0.908 |             -0.543 |             0.0456 |             0.0255 |                3.7 |
                550 |             -0.896 |             -0.525 |             0.0353 |             0.0255 |               3.44 |
                560 |             -0.885 |             -0.544 |             0.0278 |             0.0255 |                3.7 |
                570 |             -0.875 |             -0.538 |             0.0455 |             0.0255 |               3.46 |
                580 |              -0.85 |             -0.547 |             0.0447 |             0.0255 |               3.71 |
                590 |             -0.894 |             -0.557 |             0.0569 |             0.0255 |               3.68 |
                600 |             -0.812 |              -0.58 |             0.0472 |             0.0255 |               3.45 |
                610 |              -0.87 |             -0.553 |             0.0512 |             0.0255 |               3.71 |
                620 |             -0.814 |             -0.549 |              0.055 |             0.0255 |               3.46 |
                630 |             -0.775 |             -0.572 |              0.056 |             0.0255 |               3.69 |
                640 |             -0.794 |             -0.565 |             0.0596 |             0.0255 |               3.44 |
                650 |             -0.746 |             -0.564 |             0.0521 |             0.0255 |               3.71 |
                660 |             -0.737 |              -0.59 |             0.0627 |             0.0255 |                3.7 |
                670 |             -0.675 |             -0.597 |             0.0509 |             0.0255 |               3.46 |
                680 |             -0.759 |             -0.615 |             0.0578 |             0.0255 |               3.69 |
                690 |             -0.796 |             -0.561 |             0.0552 |             0.0255 |               3.43 |
                700 |             -0.834 |             -0.574 |             0.0415 |             0.0255 |                3.7 |
                710 |             -0.807 |              -0.55 |             0.0172 |             0.0172 |               3.69 |
                720 |             -0.795 |             -0.544 |             0.0503 |             0.0172 |               3.45 |
                730 |              -0.87 |             -0.549 |             0.0188 |             0.0172 |                3.7 |
                740 |             -0.845 |             -0.529 |             0.0292 |             0.0114 |               3.45 |
                750 |             -0.872 |             -0.558 |             0.0364 |             0.0112 |                3.7 |
                760 |             -0.833 |             -0.568 |             0.0369 |             0.0112 |               3.69 |
                770 |             -0.792 |             -0.554 |             0.0303 |             0.0112 |               3.43 |
                780 |             -0.839 |              -0.52 |             0.0258 |             0.0112 |                3.7 |
                790 |              -0.82 |             -0.568 |              0.031 |             0.0112 |               3.47 |
                800 |             -0.901 |             -0.525 |             0.0229 |             0.0112 |               3.72 |
                810 |             -0.861 |             -0.531 |             0.0472 |             0.0112 |               3.44 |
                820 |              -0.87 |             -0.534 |             0.0346 |             0.0112 |               3.69 |
                830 |             -0.877 |             -0.538 |             0.0441 |             0.0112 |               3.71 |
                840 |             -0.878 |             -0.543 |             0.0251 |             0.0112 |               3.46 |
                850 |             -0.847 |             -0.518 |             0.0445 |             0.0112 |               3.71 |
                860 |              -0.84 |              -0.53 |             0.0369 |             0.0112 |               3.42 |
                870 |             -0.843 |             -0.539 |             0.0399 |             0.0112 |               3.68 |
                880 |             -0.814 |             -0.542 |              0.049 |             0.0112 |               3.71 |
                890 |             -0.865 |             -0.546 |              0.044 |             0.0103 |               3.46 |
                900 |             -0.827 |             -0.533 |             0.0277 |             0.0103 |                3.7 |
                910 |             -0.795 |             -0.534 |             0.0201 |             0.0103 |               3.44 |
                920 |              -0.83 |             -0.549 |             0.0431 |             0.0103 |               3.69 |
                930 |             -0.836 |             -0.539 |               0.03 |             0.0103 |               3.69 |
                940 |             -0.773 |             -0.549 |            0.00973 |            0.00973 |               3.47 |
                950 |              -0.79 |             -0.551 |             0.0139 |            0.00973 |               3.68 |
                960 |             -0.807 |             -0.543 |              0.029 |            0.00973 |               3.43 |
                970 |             -0.798 |             -0.526 |              0.039 |            0.00923 |               3.69 |
                980 |             -0.846 |             -0.537 |             0.0543 |            0.00923 |               3.46 |
                990 |             -0.774 |             -0.552 |             0.0409 |            0.00646 |               3.71 |
Training complete: 
   Data path: /work/qgan/data/train/amp-qml_torch-q4-noiseless-REG-aerCPU-rand0.25-seed1 
   Best eval: 0.006461468709407451 
   Total time: 359.8552975654602

Running: /work/qgan/data/train/base-qml_torch-q4-noiseless-PSR-aerCPU-rand0-seed0/config.yaml
              Epoch |     Generator cost | Discriminator cost |               Eval |          Best eval |               Time |
Training complete: 
   Data path: /work/qgan/data/train/base-qml_torch-q4-noiseless-PSR-aerCPU-rand0-seed0 
   Best eval: 0.010651926471313883 
   Total time: 235.62977027893066

Running: /work/qgan/data/train/base-qml_torch-q4-noiseless-PSR-aerCPU-rand0.5-seed1/config.yaml
              Epoch |     Generator cost | Discriminator cost |               Eval |          Best eval |               Time |
Training complete: 
   Data path: /work/qgan/data/train/base-qml_torch-q4-noiseless-PSR-aerCPU-rand0.5-seed1 
   Best eval: 0.206940475580257 
   Total time: 224.62110018730164

Running: /work/qgan/data/train/base-qml_torch-q4-noiseless-SPSA-aerCPU-rand0.1-seed0/config.yaml
              Epoch |     Generator cost | Discriminator cost |               Eval |          Best eval |               Time |
Training complete: 
   Data path: /work/qgan/data/train/base-qml_torch-q4-noiseless-SPSA-aerCPU-rand0.1-seed0 
   Best eval: 1.2026274958142367 
   Total time: 17.98263430595398

Running: /work/qgan/data/train/base-qml_torch-q4-noiseless-SPSA-aerCPU-rand1-seed1/config.yaml
              Epoch |     Generator cost | Discriminator cost |               Eval |          Best eval |               Time |
Training complete: 
   Data path: /work/qgan/data/train/base-qml_torch-q4-noiseless-SPSA-aerCPU-rand1-seed1 
   Best eval: 0.20042458360732893 
   Total time: 16.56827211380005

Running: /work/qgan/data/train/amp-qml_torch-q4-noisy-PSR-aerCPU-rand0.25-seed0/config.yaml
Training data file created.
              Epoch |     Generator cost | Discriminator cost |               Eval |          Best eval |               Time |
                  0 |             -0.501 |             -0.406 |             0.0318 |             0.0318 |           1.04e+03 |
                 10 |             -0.547 |             -0.385 |             0.0287 |             0.0182 |           1.02e+04 |
                 20 |             -0.513 |             -0.425 |             0.0416 |             0.0182 |           1.02e+04 |
                 30 |             -0.554 |             -0.376 |             0.0251 |             0.0182 |           1.03e+04 |
                 40 |             -0.498 |              -0.36 |             0.0522 |             0.0182 |           1.03e+04 |
                 50 |             -0.619 |             -0.403 |             0.0474 |             0.0182 |           1.05e+04 |

Interrupter: will stop after the current epoch. Press Ctrl+C again to force quit.
Interrupter: Graceful exit triggered. Breaking loop.
Training complete: 
   Data path: /work/qgan/data/train/amp-qml_torch-q4-noisy-PSR-aerCPU-rand0.25-seed0 
   Best eval: 0.018160179626818852 
   Total time: 53572.863592386246
Interrupter: battery execution stopped.
18 battery run(s) succeeded.
