Creating config files for qml_torch_noiseless:
Configuration file rewritten. Path: /work/qgan/data/train/times/base-qml_torch-q4-noiseless-PSR-aerCPU-rand0-seed0/config.yaml
Configuration file rewritten. Path: /work/qgan/data/train/times/base-qml_torch-q4-noiseless-PSR-aerCPU-rand1-seed0/config.yaml
Configuration file rewritten. Path: /work/qgan/data/train/times/base-qml_torch-q8-noiseless-PSR-aerCPU-rand0-seed0/config.yaml
Configuration file rewritten. Path: /work/qgan/data/train/times/base-qml_torch-q8-noiseless-PSR-aerCPU-rand1-seed0/config.yaml
Configuration file rewritten. Path: /work/qgan/data/train/times/base-qml_torch-q16-noiseless-PSR-aerCPU-rand0-seed0/config.yaml
Configuration file rewritten. Path: /work/qgan/data/train/times/base-qml_torch-q16-noiseless-PSR-aerCPU-rand1-seed0/config.yaml
Configuration file rewritten. Path: /work/qgan/data/train/times/base-qml_torch-q4-noiseless-SPSA-aerCPU-rand0-seed0/config.yaml
Configuration file rewritten. Path: /work/qgan/data/train/times/base-qml_torch-q4-noiseless-SPSA-aerCPU-rand1-seed0/config.yaml
Configuration file rewritten. Path: /work/qgan/data/train/times/base-qml_torch-q8-noiseless-SPSA-aerCPU-rand0-seed0/config.yaml
Configuration file rewritten. Path: /work/qgan/data/train/times/base-qml_torch-q8-noiseless-SPSA-aerCPU-rand1-seed0/config.yaml
Configuration file rewritten. Path: /work/qgan/data/train/times/base-qml_torch-q16-noiseless-SPSA-aerCPU-rand0-seed0/config.yaml
Configuration file rewritten. Path: /work/qgan/data/train/times/base-qml_torch-q16-noiseless-SPSA-aerCPU-rand1-seed0/config.yaml
Configuration file rewritten. Path: /work/qgan/data/train/times/base-qml_torch-q4-noiseless-REG-aerCPU-rand0-seed0/config.yaml
Configuration file rewritten. Path: /work/qgan/data/train/times/base-qml_torch-q4-noiseless-REG-aerCPU-rand1-seed0/config.yaml
Configuration file rewritten. Path: /work/qgan/data/train/times/base-qml_torch-q8-noiseless-REG-aerCPU-rand0-seed0/config.yaml
Configuration file rewritten. Path: /work/qgan/data/train/times/base-qml_torch-q8-noiseless-REG-aerCPU-rand1-seed0/config.yaml
Configuration file rewritten. Path: /work/qgan/data/train/times/base-qml_torch-q16-noiseless-REG-aerCPU-rand0-seed0/config.yaml
Configuration file rewritten. Path: /work/qgan/data/train/times/base-qml_torch-q16-noiseless-REG-aerCPU-rand1-seed0/config.yaml
Configuration file rewritten. Path: /work/qgan/data/train/times/ang-qml_torch-q4-noiseless-PSR-aerCPU-rand0-seed0/config.yaml
Configuration file rewritten. Path: /work/qgan/data/train/times/ang-qml_torch-q4-noiseless-PSR-aerCPU-rand1-seed0/config.yaml
Configuration file rewritten. Path: /work/qgan/data/train/times/ang-qml_torch-q8-noiseless-PSR-aerCPU-rand0-seed0/config.yaml
Configuration file rewritten. Path: /work/qgan/data/train/times/ang-qml_torch-q8-noiseless-PSR-aerCPU-rand1-seed0/config.yaml
Configuration file rewritten. Path: /work/qgan/data/train/times/ang-qml_torch-q16-noiseless-PSR-aerCPU-rand0-seed0/config.yaml
Configuration file rewritten. Path: /work/qgan/data/train/times/ang-qml_torch-q16-noiseless-PSR-aerCPU-rand1-seed0/config.yaml
Configuration file rewritten. Path: /work/qgan/data/train/times/ang-qml_torch-q4-noiseless-SPSA-aerCPU-rand0-seed0/config.yaml
Configuration file rewritten. Path: /work/qgan/data/train/times/ang-qml_torch-q4-noiseless-SPSA-aerCPU-rand1-seed0/config.yaml
Configuration file rewritten. Path: /work/qgan/data/train/times/ang-qml_torch-q8-noiseless-SPSA-aerCPU-rand0-seed0/config.yaml
Configuration file rewritten. Path: /work/qgan/data/train/times/ang-qml_torch-q8-noiseless-SPSA-aerCPU-rand1-seed0/config.yaml
Configuration file rewritten. Path: /work/qgan/data/train/times/ang-qml_torch-q16-noiseless-SPSA-aerCPU-rand0-seed0/config.yaml
Configuration file rewritten. Path: /work/qgan/data/train/times/ang-qml_torch-q16-noiseless-SPSA-aerCPU-rand1-seed0/config.yaml
Configuration file rewritten. Path: /work/qgan/data/train/times/ang-qml_torch-q4-noiseless-REG-aerCPU-rand0-seed0/config.yaml
Configuration file rewritten. Path: /work/qgan/data/train/times/ang-qml_torch-q4-noiseless-REG-aerCPU-rand1-seed0/config.yaml
Configuration file rewritten. Path: /work/qgan/data/train/times/ang-qml_torch-q8-noiseless-REG-aerCPU-rand0-seed0/config.yaml
Configuration file rewritten. Path: /work/qgan/data/train/times/ang-qml_torch-q8-noiseless-REG-aerCPU-rand1-seed0/config.yaml
Configuration file rewritten. Path: /work/qgan/data/train/times/ang-qml_torch-q16-noiseless-REG-aerCPU-rand0-seed0/config.yaml
Configuration file rewritten. Path: /work/qgan/data/train/times/ang-qml_torch-q16-noiseless-REG-aerCPU-rand1-seed0/config.yaml
Configuration file rewritten. Path: /work/qgan/data/train/times/amp-qml_torch-q4-noiseless-PSR-aerCPU-rand0-seed0/config.yaml
Configuration file rewritten. Path: /work/qgan/data/train/times/amp-qml_torch-q4-noiseless-PSR-aerCPU-rand1-seed0/config.yaml
Configuration file rewritten. Path: /work/qgan/data/train/times/amp-qml_torch-q8-noiseless-PSR-aerCPU-rand0-seed0/config.yaml
Configuration file rewritten. Path: /work/qgan/data/train/times/amp-qml_torch-q8-noiseless-PSR-aerCPU-rand1-seed0/config.yaml
Configuration file rewritten. Path: /work/qgan/data/train/times/amp-qml_torch-q16-noiseless-PSR-aerCPU-rand0-seed0/config.yaml
Configuration file rewritten. Path: /work/qgan/data/train/times/amp-qml_torch-q16-noiseless-PSR-aerCPU-rand1-seed0/config.yaml
Configuration file rewritten. Path: /work/qgan/data/train/times/amp-qml_torch-q4-noiseless-SPSA-aerCPU-rand0-seed0/config.yaml
Configuration file rewritten. Path: /work/qgan/data/train/times/amp-qml_torch-q4-noiseless-SPSA-aerCPU-rand1-seed0/config.yaml
Configuration file rewritten. Path: /work/qgan/data/train/times/amp-qml_torch-q8-noiseless-SPSA-aerCPU-rand0-seed0/config.yaml
Configuration file rewritten. Path: /work/qgan/data/train/times/amp-qml_torch-q8-noiseless-SPSA-aerCPU-rand1-seed0/config.yaml
Configuration file rewritten. Path: /work/qgan/data/train/times/amp-qml_torch-q16-noiseless-SPSA-aerCPU-rand0-seed0/config.yaml
Configuration file rewritten. Path: /work/qgan/data/train/times/amp-qml_torch-q16-noiseless-SPSA-aerCPU-rand1-seed0/config.yaml
Configuration file rewritten. Path: /work/qgan/data/train/times/amp-qml_torch-q4-noiseless-REG-aerCPU-rand0-seed0/config.yaml
Configuration file rewritten. Path: /work/qgan/data/train/times/amp-qml_torch-q4-noiseless-REG-aerCPU-rand1-seed0/config.yaml
Configuration file rewritten. Path: /work/qgan/data/train/times/amp-qml_torch-q8-noiseless-REG-aerCPU-rand0-seed0/config.yaml
Configuration file rewritten. Path: /work/qgan/data/train/times/amp-qml_torch-q8-noiseless-REG-aerCPU-rand1-seed0/config.yaml
Configuration file rewritten. Path: /work/qgan/data/train/times/amp-qml_torch-q16-noiseless-REG-aerCPU-rand0-seed0/config.yaml
Configuration file rewritten. Path: /work/qgan/data/train/times/amp-qml_torch-q16-noiseless-REG-aerCPU-rand1-seed0/config.yaml

Creating config files for qml_torch_noisy:
Configuration file rewritten. Path: /work/qgan/data/train/times/base-qml_torch-q4-noisy-SPSA-aerCPU-rand0-seed0/config.yaml
Configuration file rewritten. Path: /work/qgan/data/train/times/base-qml_torch-q4-noisy-SPSA-aerCPU-rand1-seed0/config.yaml
Configuration file rewritten. Path: /work/qgan/data/train/times/base-qml_torch-q8-noisy-SPSA-aerCPU-rand0-seed0/config.yaml
Configuration file rewritten. Path: /work/qgan/data/train/times/base-qml_torch-q8-noisy-SPSA-aerCPU-rand1-seed0/config.yaml
Configuration file rewritten. Path: /work/qgan/data/train/times/base-qml_torch-q16-noisy-SPSA-aerCPU-rand0-seed0/config.yaml
Configuration file rewritten. Path: /work/qgan/data/train/times/base-qml_torch-q16-noisy-SPSA-aerCPU-rand1-seed0/config.yaml
Configuration file rewritten. Path: /work/qgan/data/train/times/base-qml_torch-q4-noisy-PSR-aerCPU-rand0-seed0/config.yaml
Configuration file rewritten. Path: /work/qgan/data/train/times/base-qml_torch-q4-noisy-PSR-aerCPU-rand1-seed0/config.yaml
Configuration file rewritten. Path: /work/qgan/data/train/times/base-qml_torch-q8-noisy-PSR-aerCPU-rand0-seed0/config.yaml
Configuration file rewritten. Path: /work/qgan/data/train/times/base-qml_torch-q8-noisy-PSR-aerCPU-rand1-seed0/config.yaml
Configuration file rewritten. Path: /work/qgan/data/train/times/base-qml_torch-q16-noisy-PSR-aerCPU-rand0-seed0/config.yaml
Configuration file rewritten. Path: /work/qgan/data/train/times/base-qml_torch-q16-noisy-PSR-aerCPU-rand1-seed0/config.yaml
Configuration file rewritten. Path: /work/qgan/data/train/times/ang-qml_torch-q4-noisy-SPSA-aerCPU-rand0-seed0/config.yaml
Configuration file rewritten. Path: /work/qgan/data/train/times/ang-qml_torch-q4-noisy-SPSA-aerCPU-rand1-seed0/config.yaml
Configuration file rewritten. Path: /work/qgan/data/train/times/ang-qml_torch-q8-noisy-SPSA-aerCPU-rand0-seed0/config.yaml
Configuration file rewritten. Path: /work/qgan/data/train/times/ang-qml_torch-q8-noisy-SPSA-aerCPU-rand1-seed0/config.yaml
Configuration file rewritten. Path: /work/qgan/data/train/times/ang-qml_torch-q16-noisy-SPSA-aerCPU-rand0-seed0/config.yaml
Configuration file rewritten. Path: /work/qgan/data/train/times/ang-qml_torch-q16-noisy-SPSA-aerCPU-rand1-seed0/config.yaml
Configuration file rewritten. Path: /work/qgan/data/train/times/ang-qml_torch-q4-noisy-PSR-aerCPU-rand0-seed0/config.yaml
Configuration file rewritten. Path: /work/qgan/data/train/times/ang-qml_torch-q4-noisy-PSR-aerCPU-rand1-seed0/config.yaml
Configuration file rewritten. Path: /work/qgan/data/train/times/ang-qml_torch-q8-noisy-PSR-aerCPU-rand0-seed0/config.yaml
Configuration file rewritten. Path: /work/qgan/data/train/times/ang-qml_torch-q8-noisy-PSR-aerCPU-rand1-seed0/config.yaml
Configuration file rewritten. Path: /work/qgan/data/train/times/ang-qml_torch-q16-noisy-PSR-aerCPU-rand0-seed0/config.yaml
Configuration file rewritten. Path: /work/qgan/data/train/times/ang-qml_torch-q16-noisy-PSR-aerCPU-rand1-seed0/config.yaml
Configuration file rewritten. Path: /work/qgan/data/train/times/amp-qml_torch-q4-noisy-SPSA-aerCPU-rand0-seed0/config.yaml
Configuration file rewritten. Path: /work/qgan/data/train/times/amp-qml_torch-q4-noisy-SPSA-aerCPU-rand1-seed0/config.yaml
Configuration file rewritten. Path: /work/qgan/data/train/times/amp-qml_torch-q8-noisy-SPSA-aerCPU-rand0-seed0/config.yaml
Configuration file rewritten. Path: /work/qgan/data/train/times/amp-qml_torch-q8-noisy-SPSA-aerCPU-rand1-seed0/config.yaml
Configuration file rewritten. Path: /work/qgan/data/train/times/amp-qml_torch-q16-noisy-SPSA-aerCPU-rand0-seed0/config.yaml
Configuration file rewritten. Path: /work/qgan/data/train/times/amp-qml_torch-q16-noisy-SPSA-aerCPU-rand1-seed0/config.yaml
Configuration file rewritten. Path: /work/qgan/data/train/times/amp-qml_torch-q4-noisy-PSR-aerCPU-rand0-seed0/config.yaml
Configuration file rewritten. Path: /work/qgan/data/train/times/amp-qml_torch-q4-noisy-PSR-aerCPU-rand1-seed0/config.yaml
Configuration file rewritten. Path: /work/qgan/data/train/times/amp-qml_torch-q8-noisy-PSR-aerCPU-rand0-seed0/config.yaml
Configuration file rewritten. Path: /work/qgan/data/train/times/amp-qml_torch-q8-noisy-PSR-aerCPU-rand1-seed0/config.yaml
Configuration file rewritten. Path: /work/qgan/data/train/times/amp-qml_torch-q16-noisy-PSR-aerCPU-rand0-seed0/config.yaml
Configuration file rewritten. Path: /work/qgan/data/train/times/amp-qml_torch-q16-noisy-PSR-aerCPU-rand1-seed0/config.yaml

90 battery configuration files ready.

Running: /work/qgan/data/train/times/base-qml_torch-q4-noiseless-PSR-aerCPU-rand0-seed0/config.yaml
              Epoch |     Generator cost | Discriminator cost |               Eval |          Best eval |               Time |
Training complete: 
   Data path: /work/qgan/data/train/times/base-qml_torch-q4-noiseless-PSR-aerCPU-rand0-seed0 
   Best eval: 3.5501545800750796 
   Total time: 2.271958827972412

Running: /work/qgan/data/train/times/base-qml_torch-q4-noiseless-PSR-aerCPU-rand1-seed0/config.yaml
              Epoch |     Generator cost | Discriminator cost |               Eval |          Best eval |               Time |
Training complete: 
   Data path: /work/qgan/data/train/times/base-qml_torch-q4-noiseless-PSR-aerCPU-rand1-seed0 
   Best eval: 1.5170520871644864 
   Total time: 2.269253730773926

Running: /work/qgan/data/train/times/base-qml_torch-q8-noiseless-PSR-aerCPU-rand0-seed0/config.yaml
              Epoch |     Generator cost | Discriminator cost |               Eval |          Best eval |               Time |
Training complete: 
   Data path: /work/qgan/data/train/times/base-qml_torch-q8-noiseless-PSR-aerCPU-rand0-seed0 
   Best eval: 6.347195983213647 
   Total time: 7.34104323387146

Running: /work/qgan/data/train/times/base-qml_torch-q8-noiseless-PSR-aerCPU-rand1-seed0/config.yaml
              Epoch |     Generator cost | Discriminator cost |               Eval |          Best eval |               Time |
Training complete: 
   Data path: /work/qgan/data/train/times/base-qml_torch-q8-noiseless-PSR-aerCPU-rand1-seed0 
   Best eval: 2.1197576618644005 
   Total time: 7.54403829574585

Running: /work/qgan/data/train/times/base-qml_torch-q16-noiseless-PSR-aerCPU-rand0-seed0/config.yaml
              Epoch |     Generator cost | Discriminator cost |               Eval |          Best eval |               Time |
Training complete: 
   Data path: /work/qgan/data/train/times/base-qml_torch-q16-noiseless-PSR-aerCPU-rand0-seed0 
   Best eval: 9.2861875615791 
   Total time: 83.30742073059082

Running: /work/qgan/data/train/times/base-qml_torch-q16-noiseless-PSR-aerCPU-rand1-seed0/config.yaml
              Epoch |     Generator cost | Discriminator cost |               Eval |          Best eval |               Time |
Training complete: 
   Data path: /work/qgan/data/train/times/base-qml_torch-q16-noiseless-PSR-aerCPU-rand1-seed0 
   Best eval: 3.2138414877542036 
   Total time: 83.81900572776794

Running: /work/qgan/data/train/times/base-qml_torch-q4-noiseless-SPSA-aerCPU-rand0-seed0/config.yaml
              Epoch |     Generator cost | Discriminator cost |               Eval |          Best eval |               Time |
Training complete: 
   Data path: /work/qgan/data/train/times/base-qml_torch-q4-noiseless-SPSA-aerCPU-rand0-seed0 
   Best eval: 3.6219431867245153 
   Total time: 0.16550707817077637

Running: /work/qgan/data/train/times/base-qml_torch-q4-noiseless-SPSA-aerCPU-rand1-seed0/config.yaml
              Epoch |     Generator cost | Discriminator cost |               Eval |          Best eval |               Time |
Training complete: 
   Data path: /work/qgan/data/train/times/base-qml_torch-q4-noiseless-SPSA-aerCPU-rand1-seed0 
   Best eval: 1.5389020352315563 
   Total time: 0.1709890365600586

Running: /work/qgan/data/train/times/base-qml_torch-q8-noiseless-SPSA-aerCPU-rand0-seed0/config.yaml
              Epoch |     Generator cost | Discriminator cost |               Eval |          Best eval |               Time |
Training complete: 
   Data path: /work/qgan/data/train/times/base-qml_torch-q8-noiseless-SPSA-aerCPU-rand0-seed0 
   Best eval: 6.316506663583105 
   Total time: 0.26070356369018555

Running: /work/qgan/data/train/times/base-qml_torch-q8-noiseless-SPSA-aerCPU-rand1-seed0/config.yaml
              Epoch |     Generator cost | Discriminator cost |               Eval |          Best eval |               Time |
Training complete: 
   Data path: /work/qgan/data/train/times/base-qml_torch-q8-noiseless-SPSA-aerCPU-rand1-seed0 
   Best eval: 2.0909404885724294 
   Total time: 0.27351975440979004

Running: /work/qgan/data/train/times/base-qml_torch-q16-noiseless-SPSA-aerCPU-rand0-seed0/config.yaml
              Epoch |     Generator cost | Discriminator cost |               Eval |          Best eval |               Time |
Training complete: 
   Data path: /work/qgan/data/train/times/base-qml_torch-q16-noiseless-SPSA-aerCPU-rand0-seed0 
   Best eval: 9.21236785936117 
   Total time: 1.8989074230194092

Running: /work/qgan/data/train/times/base-qml_torch-q16-noiseless-SPSA-aerCPU-rand1-seed0/config.yaml
              Epoch |     Generator cost | Discriminator cost |               Eval |          Best eval |               Time |
Training complete: 
   Data path: /work/qgan/data/train/times/base-qml_torch-q16-noiseless-SPSA-aerCPU-rand1-seed0 
   Best eval: 3.188424797864039 
   Total time: 1.9398181438446045

Running: /work/qgan/data/train/times/base-qml_torch-q4-noiseless-REG-aerCPU-rand0-seed0/config.yaml
              Epoch |     Generator cost | Discriminator cost |               Eval |          Best eval |               Time |
Training complete: 
   Data path: /work/qgan/data/train/times/base-qml_torch-q4-noiseless-REG-aerCPU-rand0-seed0 
   Best eval: 3.322139803453905 
   Total time: 0.836353063583374

Running: /work/qgan/data/train/times/base-qml_torch-q4-noiseless-REG-aerCPU-rand1-seed0/config.yaml
              Epoch |     Generator cost | Discriminator cost |               Eval |          Best eval |               Time |
Training complete: 
   Data path: /work/qgan/data/train/times/base-qml_torch-q4-noiseless-REG-aerCPU-rand1-seed0 
   Best eval: 1.5152276504197328 
   Total time: 0.9337151050567627

Running: /work/qgan/data/train/times/base-qml_torch-q8-noiseless-REG-aerCPU-rand0-seed0/config.yaml
              Epoch |     Generator cost | Discriminator cost |               Eval |          Best eval |               Time |
Training complete: 
   Data path: /work/qgan/data/train/times/base-qml_torch-q8-noiseless-REG-aerCPU-rand0-seed0 
   Best eval: 6.267348509337108 
   Total time: 7.539351224899292

Running: /work/qgan/data/train/times/base-qml_torch-q8-noiseless-REG-aerCPU-rand1-seed0/config.yaml
              Epoch |     Generator cost | Discriminator cost |               Eval |          Best eval |               Time |
Training complete: 
   Data path: /work/qgan/data/train/times/base-qml_torch-q8-noiseless-REG-aerCPU-rand1-seed0 
   Best eval: 2.1064057543179273 
   Total time: 7.777015209197998

Running: /work/qgan/data/train/times/base-qml_torch-q16-noiseless-REG-aerCPU-rand0-seed0/config.yaml
              Epoch |     Generator cost | Discriminator cost |               Eval |          Best eval |               Time |
Training complete: 
   Data path: /work/qgan/data/train/times/base-qml_torch-q16-noiseless-REG-aerCPU-rand0-seed0 
   Best eval: 9.13149141503618 
   Total time: 282.5289399623871

Running: /work/qgan/data/train/times/base-qml_torch-q16-noiseless-REG-aerCPU-rand1-seed0/config.yaml
              Epoch |     Generator cost | Discriminator cost |               Eval |          Best eval |               Time |
Training complete: 
   Data path: /work/qgan/data/train/times/base-qml_torch-q16-noiseless-REG-aerCPU-rand1-seed0 
   Best eval: 3.2747420084046954 
   Total time: 255.71387314796448

Running: /work/qgan/data/train/times/ang-qml_torch-q4-noiseless-PSR-aerCPU-rand0-seed0/config.yaml
              Epoch |     Generator cost | Discriminator cost |               Eval |          Best eval |               Time |
Training complete: 
   Data path: /work/qgan/data/train/times/ang-qml_torch-q4-noiseless-PSR-aerCPU-rand0-seed0 
   Best eval: 0.024643106386065483 
   Total time: 24.393247604370117

Running: /work/qgan/data/train/times/ang-qml_torch-q4-noiseless-PSR-aerCPU-rand1-seed0/config.yaml
              Epoch |     Generator cost | Discriminator cost |               Eval |          Best eval |               Time |
Training complete: 
   Data path: /work/qgan/data/train/times/ang-qml_torch-q4-noiseless-PSR-aerCPU-rand1-seed0 
   Best eval: 0.13221430778503418 
   Total time: 24.34512948989868

Running: /work/qgan/data/train/times/ang-qml_torch-q8-noiseless-PSR-aerCPU-rand0-seed0/config.yaml
              Epoch |     Generator cost | Discriminator cost |               Eval |          Best eval |               Time |
Training complete: 
   Data path: /work/qgan/data/train/times/ang-qml_torch-q8-noiseless-PSR-aerCPU-rand0-seed0 
   Best eval: 0.01606421172618866 
   Total time: 60.81820893287659

Running: /work/qgan/data/train/times/ang-qml_torch-q8-noiseless-PSR-aerCPU-rand1-seed0/config.yaml
              Epoch |     Generator cost | Discriminator cost |               Eval |          Best eval |               Time |
Training complete: 
   Data path: /work/qgan/data/train/times/ang-qml_torch-q8-noiseless-PSR-aerCPU-rand1-seed0 
   Best eval: 0.09753274917602539 
   Total time: 64.43292927742004

Running: /work/qgan/data/train/times/ang-qml_torch-q16-noiseless-PSR-aerCPU-rand0-seed0/config.yaml
              Epoch |     Generator cost | Discriminator cost |               Eval |          Best eval |               Time |
                  0 |             -0.799 |             -0.442 |             0.0125 |             0.0125 |           2.16e+03 |
                  1 |             -0.793 |             -0.449 |              0.018 |             0.0125 |           2.16e+03 |
                  2 |             -0.809 |             -0.449 |              0.016 |             0.0125 |           2.17e+03 |
                  3 |             -0.794 |             -0.442 |             0.0153 |             0.0125 |           2.16e+03 |
                  4 |             -0.795 |             -0.442 |             0.0164 |             0.0125 |           2.17e+03 |
Training complete: 
   Data path: /work/qgan/data/train/times/ang-qml_torch-q16-noiseless-PSR-aerCPU-rand0-seed0 
   Best eval: 0.012545960023999214 
   Total time: 10824.180985212326

Running: /work/qgan/data/train/times/ang-qml_torch-q16-noiseless-PSR-aerCPU-rand1-seed0/config.yaml
Training data file created.
              Epoch |     Generator cost | Discriminator cost |               Eval |          Best eval |               Time |
                  0 |             -0.598 |             -0.617 |              0.112 |              0.112 |           2.16e+03 |
                  1 |             -0.439 |             -0.569 |              0.127 |              0.112 |           2.16e+03 |
                  2 |             -0.405 |             -0.582 |                0.1 |                0.1 |           2.16e+03 |
                  3 |             -0.505 |               -0.6 |               0.21 |                0.1 |           2.16e+03 |
                  4 |             -0.692 |             -0.654 |              0.168 |                0.1 |           2.16e+03 |
Training complete: 
   Data path: /work/qgan/data/train/times/ang-qml_torch-q16-noiseless-PSR-aerCPU-rand1-seed0 
   Best eval: 0.10011076927185059 
   Total time: 10789.334520578384

Running: /work/qgan/data/train/times/ang-qml_torch-q4-noiseless-SPSA-aerCPU-rand0-seed0/config.yaml
Training data file created.
              Epoch |     Generator cost | Discriminator cost |               Eval |          Best eval |               Time |
                  0 |             -0.892 |             -0.321 |              0.032 |              0.032 |               1.58 |
                  1 |             -0.911 |             -0.325 |             0.0289 |             0.0289 |               1.58 |
                  2 |             -0.914 |             -0.321 |             0.0316 |             0.0289 |               1.58 |
                  3 |             -0.904 |              -0.32 |             0.0284 |             0.0284 |               1.58 |
                  4 |             -0.906 |             -0.334 |              0.025 |              0.025 |               1.58 |
Training complete: 
   Data path: /work/qgan/data/train/times/ang-qml_torch-q4-noiseless-SPSA-aerCPU-rand0-seed0 
   Best eval: 0.024965420365333557 
   Total time: 7.892414569854736

Running: /work/qgan/data/train/times/ang-qml_torch-q4-noiseless-SPSA-aerCPU-rand1-seed0/config.yaml
Training data file created.
              Epoch |     Generator cost | Discriminator cost |               Eval |          Best eval |               Time |
                  0 |             -0.484 |              -0.53 |              0.188 |              0.188 |               1.58 |
                  1 |             -0.563 |             -0.524 |              0.352 |              0.188 |               1.58 |
                  2 |              -0.51 |             -0.534 |              0.265 |              0.188 |               1.58 |
                  3 |              -0.59 |             -0.498 |              0.119 |              0.119 |               1.58 |
                  4 |             -0.546 |             -0.575 |              0.373 |              0.119 |               1.58 |
Training complete: 
   Data path: /work/qgan/data/train/times/ang-qml_torch-q4-noiseless-SPSA-aerCPU-rand1-seed0 
   Best eval: 0.11866506189107895 
   Total time: 7.898930549621582

Running: /work/qgan/data/train/times/ang-qml_torch-q8-noiseless-SPSA-aerCPU-rand0-seed0/config.yaml
Training data file created.
              Epoch |     Generator cost | Discriminator cost |               Eval |          Best eval |               Time |
                  0 |             -0.919 |             -0.439 |             0.0258 |             0.0258 |               3.17 |
                  1 |              -0.92 |             -0.443 |             0.0236 |             0.0236 |               3.17 |
                  2 |              -0.94 |             -0.451 |             0.0202 |             0.0202 |               3.17 |
                  3 |             -0.931 |             -0.445 |             0.0167 |             0.0167 |               3.17 |
                  4 |              -0.94 |             -0.435 |             0.0183 |             0.0167 |               3.18 |
Training complete: 
   Data path: /work/qgan/data/train/times/ang-qml_torch-q8-noiseless-SPSA-aerCPU-rand0-seed0 
   Best eval: 0.016656801104545593 
   Total time: 15.852845430374146

Running: /work/qgan/data/train/times/ang-qml_torch-q8-noiseless-SPSA-aerCPU-rand1-seed0/config.yaml
Training data file created.
              Epoch |     Generator cost | Discriminator cost |               Eval |          Best eval |               Time |
                  0 |             -0.576 |             -0.651 |              0.223 |              0.223 |               3.44 |
                  1 |             -0.452 |             -0.659 |              0.138 |              0.138 |               3.43 |
                  2 |             -0.412 |             -0.671 |              0.228 |              0.138 |               3.44 |
                  3 |             -0.504 |             -0.619 |              0.153 |              0.138 |               3.43 |
                  4 |             -0.592 |             -0.677 |              0.162 |              0.138 |               3.44 |
Training complete: 
   Data path: /work/qgan/data/train/times/ang-qml_torch-q8-noiseless-SPSA-aerCPU-rand1-seed0 
   Best eval: 0.13752612471580505 
   Total time: 17.18486762046814

Running: /work/qgan/data/train/times/ang-qml_torch-q16-noiseless-SPSA-aerCPU-rand0-seed0/config.yaml
Training data file created.
              Epoch |     Generator cost | Discriminator cost |               Eval |          Best eval |               Time |
                  0 |             -0.795 |             -0.448 |             0.0133 |             0.0133 |           2.13e+03 |
                  1 |             -0.779 |              -0.45 |             0.0156 |             0.0133 |           2.12e+03 |
                  2 |             -0.781 |             -0.449 |             0.0167 |             0.0133 |           2.13e+03 |
                  3 |             -0.775 |              -0.46 |             0.0159 |             0.0133 |           2.13e+03 |
                  4 |              -0.78 |              -0.45 |             0.0155 |             0.0133 |           2.13e+03 |
Training complete: 
   Data path: /work/qgan/data/train/times/ang-qml_torch-q16-noiseless-SPSA-aerCPU-rand0-seed0 
   Best eval: 0.013279454782605171 
   Total time: 10634.308945894241

Running: /work/qgan/data/train/times/ang-qml_torch-q16-noiseless-SPSA-aerCPU-rand1-seed0/config.yaml
Training data file created.
              Epoch |     Generator cost | Discriminator cost |               Eval |          Best eval |               Time |
                  0 |               -0.6 |             -0.617 |               0.11 |               0.11 |           2.12e+03 |
                  1 |             -0.445 |             -0.573 |              0.126 |               0.11 |           2.13e+03 |
                  2 |             -0.421 |             -0.572 |              0.104 |              0.104 |           2.12e+03 |
                  3 |             -0.507 |             -0.594 |              0.216 |              0.104 |           2.12e+03 |
                  4 |             -0.662 |             -0.645 |              0.169 |              0.104 |           2.12e+03 |
Training complete: 
   Data path: /work/qgan/data/train/times/ang-qml_torch-q16-noiseless-SPSA-aerCPU-rand1-seed0 
   Best eval: 0.10441456735134125 
   Total time: 10610.265706777573

Running: /work/qgan/data/train/times/ang-qml_torch-q4-noiseless-REG-aerCPU-rand0-seed0/config.yaml
Training data file created.
              Epoch |     Generator cost | Discriminator cost |               Eval |          Best eval |               Time |
                  0 |             -0.921 |             -0.315 |             0.0254 |             0.0254 |               1.87 |
                  1 |             -0.913 |             -0.317 |             0.0359 |             0.0254 |               1.83 |
                  2 |              -0.92 |             -0.329 |             0.0262 |             0.0254 |               1.83 |
                  3 |             -0.929 |             -0.319 |             0.0204 |             0.0204 |               1.83 |
                  4 |             -0.958 |             -0.328 |             0.0263 |             0.0204 |               1.83 |
Training complete: 
   Data path: /work/qgan/data/train/times/ang-qml_torch-q4-noiseless-REG-aerCPU-rand0-seed0 
   Best eval: 0.020384566858410835 
   Total time: 9.199569702148438

Running: /work/qgan/data/train/times/ang-qml_torch-q4-noiseless-REG-aerCPU-rand1-seed0/config.yaml
Training data file created.
              Epoch |     Generator cost | Discriminator cost |               Eval |          Best eval |               Time |
                  0 |             -0.463 |             -0.532 |              0.187 |              0.187 |               1.88 |
                  1 |             -0.538 |             -0.525 |              0.356 |              0.187 |               1.84 |
                  2 |             -0.499 |             -0.538 |               0.28 |              0.187 |               1.84 |
                  3 |             -0.584 |             -0.497 |              0.134 |              0.134 |               1.84 |
                  4 |             -0.542 |             -0.565 |               0.39 |              0.134 |               1.83 |
Training complete: 
   Data path: /work/qgan/data/train/times/ang-qml_torch-q4-noiseless-REG-aerCPU-rand1-seed0 
   Best eval: 0.1344195306301117 
   Total time: 9.219990968704224

Running: /work/qgan/data/train/times/ang-qml_torch-q8-noiseless-REG-aerCPU-rand0-seed0/config.yaml
Training data file created.
              Epoch |     Generator cost | Discriminator cost |               Eval |          Best eval |               Time |
                  0 |             -0.916 |             -0.447 |             0.0202 |             0.0202 |               6.64 |
                  1 |             -0.931 |             -0.436 |              0.023 |             0.0202 |               5.97 |
                  2 |             -0.942 |             -0.442 |             0.0181 |             0.0181 |               5.97 |
                  3 |             -0.924 |             -0.446 |             0.0232 |             0.0181 |               5.97 |
                  4 |             -0.931 |             -0.456 |             0.0189 |             0.0181 |               5.96 |
Training complete: 
   Data path: /work/qgan/data/train/times/ang-qml_torch-q8-noiseless-REG-aerCPU-rand0-seed0 
   Best eval: 0.018094953149557114 
   Total time: 30.4996657371521

Running: /work/qgan/data/train/times/ang-qml_torch-q8-noiseless-REG-aerCPU-rand1-seed0/config.yaml
Training data file created.
              Epoch |     Generator cost | Discriminator cost |               Eval |          Best eval |               Time |
                  0 |             -0.543 |             -0.665 |              0.224 |              0.224 |                6.8 |
                  1 |             -0.473 |             -0.677 |              0.137 |              0.137 |               6.34 |
                  2 |             -0.416 |             -0.692 |              0.224 |              0.137 |               6.58 |
                  3 |             -0.501 |             -0.631 |              0.158 |              0.137 |               6.36 |
                  4 |             -0.623 |             -0.704 |              0.154 |              0.137 |               6.35 |
Training complete: 
   Data path: /work/qgan/data/train/times/ang-qml_torch-q8-noiseless-REG-aerCPU-rand1-seed0 
   Best eval: 0.13707135617733002 
   Total time: 32.44041609764099

Running: /work/qgan/data/train/times/ang-qml_torch-q16-noiseless-REG-aerCPU-rand0-seed0/config.yaml
Training data file created.
              Epoch |     Generator cost | Discriminator cost |               Eval |          Best eval |               Time |
                  0 |             -0.794 |             -0.437 |             0.0131 |             0.0131 |           2.23e+03 |
                  1 |             -0.774 |             -0.441 |             0.0134 |             0.0131 |           2.22e+03 |
                  2 |             -0.804 |             -0.445 |             0.0127 |             0.0127 |           2.21e+03 |
                  3 |             -0.802 |              -0.45 |             0.0184 |             0.0127 |           2.22e+03 |
                  4 |             -0.815 |             -0.441 |              0.017 |             0.0127 |           2.22e+03 |
Training complete: 
   Data path: /work/qgan/data/train/times/ang-qml_torch-q16-noiseless-REG-aerCPU-rand0-seed0 
   Best eval: 0.012729809619486332 
   Total time: 11104.99242568016

Running: /work/qgan/data/train/times/ang-qml_torch-q16-noiseless-REG-aerCPU-rand1-seed0/config.yaml
Training data file created.
              Epoch |     Generator cost | Discriminator cost |               Eval |          Best eval |               Time |
                  0 |             -0.595 |             -0.612 |              0.113 |              0.113 |           2.22e+03 |
                  1 |             -0.445 |             -0.583 |              0.124 |              0.113 |           2.22e+03 |
                  2 |             -0.391 |             -0.594 |              0.106 |              0.106 |           2.22e+03 |
                  3 |             -0.496 |             -0.598 |              0.212 |              0.106 |           2.22e+03 |
                  4 |             -0.702 |             -0.643 |              0.162 |              0.106 |           2.22e+03 |
Training complete: 
   Data path: /work/qgan/data/train/times/ang-qml_torch-q16-noiseless-REG-aerCPU-rand1-seed0 
   Best eval: 0.10636754333972931 
   Total time: 11098.111084222794

Running: /work/qgan/data/train/times/amp-qml_torch-q4-noiseless-PSR-aerCPU-rand0-seed0/config.yaml
Training data file created.
              Epoch |     Generator cost | Discriminator cost |               Eval |          Best eval |               Time |
                  0 |             -0.908 |             -0.204 |             0.0798 |             0.0798 |              0.929 |
                  1 |             -0.914 |             -0.197 |             0.0799 |             0.0798 |              0.913 |
                  2 |             -0.935 |             -0.192 |             0.0799 |             0.0798 |              0.913 |
                  3 |             -0.914 |             -0.198 |             0.0799 |             0.0798 |              0.908 |
                  4 |             -0.924 |             -0.181 |             0.0798 |             0.0798 |              0.907 |
Training complete: 
   Data path: /work/qgan/data/train/times/amp-qml_torch-q4-noiseless-PSR-aerCPU-rand0-seed0 
   Best eval: 0.07983556651691713 
   Total time: 4.570703744888306

Running: /work/qgan/data/train/times/amp-qml_torch-q4-noiseless-PSR-aerCPU-rand1-seed0/config.yaml
Training data file created.
              Epoch |     Generator cost | Discriminator cost |               Eval |          Best eval |               Time |
                  0 |              -0.51 |             -0.426 |             0.0737 |             0.0737 |              0.948 |
                  1 |             -0.493 |               -0.4 |             0.0468 |             0.0468 |              0.932 |
                  2 |             -0.459 |             -0.408 |             0.0156 |             0.0156 |              0.928 |
                  3 |             -0.585 |             -0.367 |             0.0567 |             0.0156 |               0.93 |
                  4 |             -0.531 |             -0.465 |             0.0607 |             0.0156 |              0.927 |
Training complete: 
   Data path: /work/qgan/data/train/times/amp-qml_torch-q4-noiseless-PSR-aerCPU-rand1-seed0 
   Best eval: 0.015608850868250248 
   Total time: 4.66518497467041

Running: /work/qgan/data/train/times/amp-qml_torch-q8-noiseless-PSR-aerCPU-rand0-seed0/config.yaml
Training data file created.
              Epoch |     Generator cost | Discriminator cost |               Eval |          Best eval |               Time |
                  0 |              -0.92 |             -0.216 |            0.00396 |            0.00396 |               4.52 |
                  1 |             -0.927 |             -0.219 |            0.00396 |            0.00396 |               4.49 |
                  2 |             -0.928 |             -0.208 |            0.00396 |            0.00396 |               4.48 |
                  3 |             -0.933 |              -0.21 |            0.00396 |            0.00396 |               4.47 |
                  4 |             -0.933 |             -0.209 |            0.00397 |            0.00396 |               4.46 |
Training complete: 
   Data path: /work/qgan/data/train/times/amp-qml_torch-q8-noiseless-PSR-aerCPU-rand0-seed0 
   Best eval: 0.003960095705685341 
   Total time: 22.407809257507324

Running: /work/qgan/data/train/times/amp-qml_torch-q8-noiseless-PSR-aerCPU-rand1-seed0/config.yaml
Training data file created.
              Epoch |     Generator cost | Discriminator cost |               Eval |          Best eval |               Time |
                  0 |             -0.524 |             -0.419 |            0.00301 |            0.00301 |               4.85 |
                  1 |               -0.5 |              -0.39 |            0.00293 |            0.00293 |               4.56 |
                  2 |             -0.406 |             -0.388 |             0.0036 |            0.00293 |               4.55 |
                  3 |             -0.418 |             -0.451 |            0.00377 |            0.00293 |               4.54 |
                  4 |             -0.562 |             -0.389 |            0.00291 |            0.00291 |               4.55 |
Training complete: 
   Data path: /work/qgan/data/train/times/amp-qml_torch-q8-noiseless-PSR-aerCPU-rand1-seed0 
   Best eval: 0.0029131259436993495 
   Total time: 23.051396131515503

Running: /work/qgan/data/train/times/amp-qml_torch-q16-noiseless-PSR-aerCPU-rand0-seed0/config.yaml
Dataset file created.
Run failed: /work/qgan/data/train/times/amp-qml_torch-q16-noiseless-PSR-aerCPU-rand0-seed0/config.yaml
   Error: TranspilerError: 'HighLevelSynthesis is unable to synthesize "state_preparation"'
   Traceback saved: /work/qgan/data/train/times/amp-qml_torch-q16-noiseless-PSR-aerCPU-rand0-seed0/error_traceback.txt

Running: /work/qgan/data/train/times/amp-qml_torch-q16-noiseless-PSR-aerCPU-rand1-seed0/config.yaml
Run failed: /work/qgan/data/train/times/amp-qml_torch-q16-noiseless-PSR-aerCPU-rand1-seed0/config.yaml
   Error: TranspilerError: 'HighLevelSynthesis is unable to synthesize "state_preparation"'
   Traceback saved: /work/qgan/data/train/times/amp-qml_torch-q16-noiseless-PSR-aerCPU-rand1-seed0/error_traceback.txt

Running: /work/qgan/data/train/times/amp-qml_torch-q4-noiseless-SPSA-aerCPU-rand0-seed0/config.yaml
Training data file created.
              Epoch |     Generator cost | Discriminator cost |               Eval |          Best eval |               Time |
                  0 |             -0.899 |             -0.206 |             0.0797 |             0.0797 |             0.0532 |
                  1 |             -0.918 |             -0.194 |             0.0796 |             0.0796 |             0.0521 |
                  2 |             -0.896 |             -0.187 |             0.0796 |             0.0796 |             0.0517 |
                  3 |             -0.897 |             -0.186 |             0.0795 |             0.0795 |             0.0515 |
                  4 |             -0.911 |             -0.178 |             0.0795 |             0.0795 |             0.0518 |
Training complete: 
   Data path: /work/qgan/data/train/times/amp-qml_torch-q4-noiseless-SPSA-aerCPU-rand0-seed0 
   Best eval: 0.07947833332896696 
   Total time: 0.26020216941833496

Running: /work/qgan/data/train/times/amp-qml_torch-q4-noiseless-SPSA-aerCPU-rand1-seed0/config.yaml
Training data file created.
              Epoch |     Generator cost | Discriminator cost |               Eval |          Best eval |               Time |
                  0 |             -0.515 |             -0.416 |             0.0738 |             0.0738 |             0.0538 |
                  1 |             -0.517 |             -0.388 |             0.0467 |             0.0467 |             0.0534 |
                  2 |             -0.462 |             -0.402 |             0.0159 |             0.0159 |             0.0537 |
                  3 |             -0.573 |             -0.366 |             0.0577 |             0.0159 |             0.0535 |
                  4 |             -0.525 |             -0.463 |               0.06 |             0.0159 |             0.0534 |
Training complete: 
   Data path: /work/qgan/data/train/times/amp-qml_torch-q4-noiseless-SPSA-aerCPU-rand1-seed0 
   Best eval: 0.015935532295755228 
   Total time: 0.26793408393859863

Running: /work/qgan/data/train/times/amp-qml_torch-q8-noiseless-SPSA-aerCPU-rand0-seed0/config.yaml
Training data file created.
              Epoch |     Generator cost | Discriminator cost |               Eval |          Best eval |               Time |
                  0 |             -0.922 |             -0.211 |            0.00395 |            0.00395 |              0.381 |
                  1 |             -0.926 |             -0.204 |            0.00395 |            0.00395 |              0.148 |
                  2 |             -0.938 |             -0.194 |            0.00394 |            0.00394 |              0.148 |
                  3 |             -0.938 |             -0.213 |            0.00394 |            0.00394 |              0.148 |
                  4 |             -0.937 |             -0.204 |            0.00394 |            0.00394 |              0.151 |
Training complete: 
   Data path: /work/qgan/data/train/times/amp-qml_torch-q8-noiseless-SPSA-aerCPU-rand0-seed0 
   Best eval: 0.003941531691644579 
   Total time: 0.9763360023498535

Running: /work/qgan/data/train/times/amp-qml_torch-q8-noiseless-SPSA-aerCPU-rand1-seed0/config.yaml
Training data file created.
              Epoch |     Generator cost | Discriminator cost |               Eval |          Best eval |               Time |
                  0 |             -0.518 |             -0.432 |            0.00301 |            0.00301 |              0.154 |
                  1 |             -0.514 |             -0.385 |            0.00294 |            0.00294 |              0.152 |
                  2 |             -0.408 |              -0.38 |            0.00363 |            0.00294 |              0.153 |
                  3 |             -0.425 |             -0.443 |            0.00378 |            0.00294 |              0.152 |
                  4 |             -0.549 |             -0.388 |            0.00296 |            0.00294 |              0.152 |
Training complete: 
   Data path: /work/qgan/data/train/times/amp-qml_torch-q8-noiseless-SPSA-aerCPU-rand1-seed0 
   Best eval: 0.002942456945326092 
   Total time: 0.7634787559509277

Running: /work/qgan/data/train/times/amp-qml_torch-q16-noiseless-SPSA-aerCPU-rand0-seed0/config.yaml
Run failed: /work/qgan/data/train/times/amp-qml_torch-q16-noiseless-SPSA-aerCPU-rand0-seed0/config.yaml
   Error: TranspilerError: 'HighLevelSynthesis is unable to synthesize "state_preparation"'
   Traceback saved: /work/qgan/data/train/times/amp-qml_torch-q16-noiseless-SPSA-aerCPU-rand0-seed0/error_traceback.txt

Running: /work/qgan/data/train/times/amp-qml_torch-q16-noiseless-SPSA-aerCPU-rand1-seed0/config.yaml
Run failed: /work/qgan/data/train/times/amp-qml_torch-q16-noiseless-SPSA-aerCPU-rand1-seed0/config.yaml
   Error: TranspilerError: 'HighLevelSynthesis is unable to synthesize "state_preparation"'
   Traceback saved: /work/qgan/data/train/times/amp-qml_torch-q16-noiseless-SPSA-aerCPU-rand1-seed0/error_traceback.txt

Running: /work/qgan/data/train/times/amp-qml_torch-q4-noiseless-REG-aerCPU-rand0-seed0/config.yaml
Training data file created.
              Epoch |     Generator cost | Discriminator cost |               Eval |          Best eval |               Time |
                  0 |             -0.909 |              -0.21 |             0.0798 |             0.0798 |               0.43 |
                  1 |             -0.922 |             -0.203 |             0.0799 |             0.0798 |              0.361 |
                  2 |             -0.919 |             -0.187 |             0.0799 |             0.0798 |              0.343 |
                  3 |              -0.93 |             -0.191 |             0.0799 |             0.0798 |              0.325 |
                  4 |             -0.917 |             -0.192 |             0.0799 |             0.0798 |              0.325 |
Training complete: 
   Data path: /work/qgan/data/train/times/amp-qml_torch-q4-noiseless-REG-aerCPU-rand0-seed0 
   Best eval: 0.0798397267200744 
   Total time: 1.7841222286224365

Running: /work/qgan/data/train/times/amp-qml_torch-q4-noiseless-REG-aerCPU-rand1-seed0/config.yaml
Training data file created.
              Epoch |     Generator cost | Discriminator cost |               Eval |          Best eval |               Time |
                  0 |              -0.52 |             -0.419 |             0.0738 |             0.0738 |              0.439 |
                  1 |             -0.508 |             -0.401 |             0.0469 |             0.0469 |              0.369 |
                  2 |             -0.462 |              -0.41 |             0.0156 |             0.0156 |               0.33 |
                  3 |             -0.565 |             -0.371 |             0.0566 |             0.0156 |              0.356 |
                  4 |             -0.512 |             -0.464 |             0.0606 |             0.0156 |              0.332 |
Training complete: 
   Data path: /work/qgan/data/train/times/amp-qml_torch-q4-noiseless-REG-aerCPU-rand1-seed0 
   Best eval: 0.015618220897634866 
   Total time: 1.8247637748718262

Running: /work/qgan/data/train/times/amp-qml_torch-q8-noiseless-REG-aerCPU-rand0-seed0/config.yaml
Training data file created.
              Epoch |     Generator cost | Discriminator cost |               Eval |          Best eval |               Time |
                  0 |             -0.937 |             -0.212 |            0.00396 |            0.00396 |               13.9 |
                  1 |             -0.917 |             -0.226 |            0.00396 |            0.00396 |                 11 |
                  2 |             -0.933 |             -0.218 |            0.00396 |            0.00396 |                 10 |
                  3 |             -0.938 |             -0.247 |            0.00396 |            0.00396 |               8.69 |
                  4 |             -0.919 |             -0.207 |            0.00397 |            0.00396 |               8.94 |
Training complete: 
   Data path: /work/qgan/data/train/times/amp-qml_torch-q8-noiseless-REG-aerCPU-rand0-seed0 
   Best eval: 0.0039591341562134445 
   Total time: 52.52264380455017

Running: /work/qgan/data/train/times/amp-qml_torch-q8-noiseless-REG-aerCPU-rand1-seed0/config.yaml
Training data file created.
              Epoch |     Generator cost | Discriminator cost |               Eval |          Best eval |               Time |
                  0 |             -0.521 |             -0.426 |              0.003 |              0.003 |               13.7 |
                  1 |             -0.494 |             -0.388 |            0.00293 |            0.00293 |               12.2 |
                  2 |             -0.411 |             -0.387 |            0.00358 |            0.00293 |               8.88 |
                  3 |             -0.424 |             -0.443 |            0.00376 |            0.00293 |               8.71 |
                  4 |             -0.543 |             -0.393 |             0.0029 |             0.0029 |               8.84 |
Training complete: 
   Data path: /work/qgan/data/train/times/amp-qml_torch-q8-noiseless-REG-aerCPU-rand1-seed0 
   Best eval: 0.002897360523050726 
   Total time: 52.23983359336853

Running: /work/qgan/data/train/times/amp-qml_torch-q16-noiseless-REG-aerCPU-rand0-seed0/config.yaml
Run failed: /work/qgan/data/train/times/amp-qml_torch-q16-noiseless-REG-aerCPU-rand0-seed0/config.yaml
   Error: TranspilerError: 'HighLevelSynthesis is unable to synthesize "state_preparation"'
   Traceback saved: /work/qgan/data/train/times/amp-qml_torch-q16-noiseless-REG-aerCPU-rand0-seed0/error_traceback.txt

Running: /work/qgan/data/train/times/amp-qml_torch-q16-noiseless-REG-aerCPU-rand1-seed0/config.yaml
Run failed: /work/qgan/data/train/times/amp-qml_torch-q16-noiseless-REG-aerCPU-rand1-seed0/config.yaml
   Error: TranspilerError: 'HighLevelSynthesis is unable to synthesize "state_preparation"'
   Traceback saved: /work/qgan/data/train/times/amp-qml_torch-q16-noiseless-REG-aerCPU-rand1-seed0/error_traceback.txt

Running: /work/qgan/data/train/times/base-qml_torch-q4-noisy-SPSA-aerCPU-rand0-seed0/config.yaml
Training data file created.
              Epoch |     Generator cost | Discriminator cost |               Eval |          Best eval |               Time |
                  0 |             -0.906 |             -0.286 |               3.59 |               3.59 |               21.6 |
                  1 |             -0.884 |              -0.29 |               3.48 |               3.48 |               22.1 |
                  2 |             -0.897 |             -0.286 |               3.47 |               3.47 |               22.1 |
                  3 |             -0.897 |             -0.291 |               3.43 |               3.43 |                 23 |
                  4 |             -0.889 |             -0.285 |               3.41 |               3.41 |               23.3 |
Training complete: 
   Data path: /work/qgan/data/train/times/base-qml_torch-q4-noisy-SPSA-aerCPU-rand0-seed0 
   Best eval: 3.411447426263977 
   Total time: 112.02898859977722

Running: /work/qgan/data/train/times/base-qml_torch-q4-noisy-SPSA-aerCPU-rand1-seed0/config.yaml
Training data file created.
              Epoch |     Generator cost | Discriminator cost |               Eval |          Best eval |               Time |
                  0 |             -0.576 |             -0.468 |               1.53 |               1.53 |               23.7 |
                  1 |             -0.473 |              -0.48 |               3.48 |               1.53 |               23.5 |
                  2 |             -0.495 |             -0.525 |               1.51 |               1.51 |               23.9 |
                  3 |             -0.491 |             -0.497 |               2.99 |               1.51 |               24.2 |
                  4 |             -0.436 |             -0.524 |               3.54 |               1.51 |               23.9 |
Training complete: 
   Data path: /work/qgan/data/train/times/base-qml_torch-q4-noisy-SPSA-aerCPU-rand1-seed0 
   Best eval: 1.5149335405984754 
   Total time: 119.2716658115387

Running: /work/qgan/data/train/times/base-qml_torch-q8-noisy-SPSA-aerCPU-rand0-seed0/config.yaml
Training data file created.
              Epoch |     Generator cost | Discriminator cost |               Eval |          Best eval |               Time |
                  0 |             -0.913 |             -0.275 |               6.17 |               6.17 |               24.2 |
                  1 |             -0.902 |             -0.278 |               6.13 |               6.13 |                 24 |
                  2 |             -0.912 |              -0.27 |               6.11 |               6.11 |               24.1 |
                  3 |             -0.913 |             -0.269 |               6.15 |               6.11 |               23.9 |
                  4 |             -0.905 |              -0.28 |               6.18 |               6.11 |               24.6 |
Training complete: 
   Data path: /work/qgan/data/train/times/base-qml_torch-q8-noisy-SPSA-aerCPU-rand0-seed0 
   Best eval: 6.110280957934505 
   Total time: 120.78025579452515

Running: /work/qgan/data/train/times/base-qml_torch-q8-noisy-SPSA-aerCPU-rand1-seed0/config.yaml
Training data file created.
              Epoch |     Generator cost | Discriminator cost |               Eval |          Best eval |               Time |
                  0 |             -0.583 |             -0.487 |               3.15 |               3.15 |               23.9 |
                  1 |             -0.505 |             -0.457 |               4.16 |               3.15 |               24.5 |
                  2 |             -0.244 |             -0.457 |               2.12 |               2.12 |               24.2 |
                  3 |             -0.712 |             -0.484 |               3.52 |               2.12 |                 24 |
                  4 |             -0.539 |             -0.445 |               3.62 |               2.12 |               24.6 |
Training complete: 
   Data path: /work/qgan/data/train/times/base-qml_torch-q8-noisy-SPSA-aerCPU-rand1-seed0 
   Best eval: 2.123160062422403 
   Total time: 121.15776443481445

Running: /work/qgan/data/train/times/base-qml_torch-q16-noisy-SPSA-aerCPU-rand0-seed0/config.yaml
Training data file created.
              Epoch |     Generator cost | Discriminator cost |               Eval |          Best eval |               Time |
