Creating config files for runtime_packed_fake_real_q4_joined_base:
Configuration file rewritten. Path: /work/qgan/data/train/base-runtime_packed-joined-q4-fake_real-SPSA-aerCPU-rand0-seed0/config.yaml

1 battery configuration files ready.

Running: /work/qgan/data/train/base-runtime_packed-joined-q4-fake_real-SPSA-aerCPU-rand0-seed0/config.yaml
Training data file created.
              Epoch |     Generator cost | Discriminator cost |               Eval |          Best eval |               Time |
                  0 |             -0.907 |             -0.313 |               3.56 |               3.56 |               8.72 |
                 10 |             -0.921 |             -0.307 |               3.23 |               3.23 |               87.1 |
                 20 |             -0.923 |             -0.302 |               3.29 |               3.22 |               87.4 |
                 30 |             -0.929 |             -0.305 |               3.27 |               3.22 |               88.4 |
                 40 |             -0.921 |             -0.303 |               3.14 |               3.13 |               87.8 |
                 50 |             -0.924 |              -0.31 |               3.12 |               3.12 |               88.5 |
                 60 |             -0.931 |             -0.305 |               3.12 |                3.1 |               87.7 |
                 70 |             -0.933 |             -0.298 |               3.13 |                3.1 |               88.2 |
                 80 |             -0.923 |             -0.303 |               3.12 |                3.1 |               87.8 |
                 90 |             -0.925 |             -0.302 |               3.06 |               3.06 |               87.3 |
                100 |             -0.922 |             -0.301 |               3.02 |               3.02 |               87.4 |
                110 |             -0.917 |              -0.31 |               3.05 |               3.01 |               87.4 |
                120 |             -0.925 |             -0.299 |               3.05 |               3.01 |               88.1 |
                130 |             -0.927 |             -0.307 |               3.05 |               3.01 |               87.5 |
                140 |             -0.925 |             -0.307 |               3.03 |               3.01 |               87.6 |
Training complete: 
   Data path: /work/qgan/data/train/base-runtime_packed-joined-q4-fake_real-SPSA-aerCPU-rand0-seed0 
   Best eval: 3.012383194019039 
   Total time: 1316.4526543617249
1 battery run(s) succeeded.
