Creating config files for run_000:
Configuration file rewritten. Path: /work/qgan/data/train/ang-qml_torch-q8-noiseless-PSR-aerCPU-rand0.1-seed1/config.yaml

Creating config files for run_001:
Configuration file rewritten. Path: /work/qgan/data/train/ang-qml_torch-q8-noiseless-PSR-aerCPU-rand1-seed2/config.yaml

Creating config files for run_002:
Configuration file rewritten. Path: /work/qgan/data/train/amp-qml_torch-q8-noiseless-PSR-aerCPU-rand0.25-seed1/config.yaml

Creating config files for run_003:
Configuration file rewritten. Path: /work/qgan/data/train/amp-qml_torch-q8-noiseless-SPSA-aerCPU-rand0-seed0/config.yaml

Creating config files for run_004:
Configuration file rewritten. Path: /work/qgan/data/train/amp-qml_torch-q8-noiseless-SPSA-aerCPU-rand0.5-seed1/config.yaml

Creating config files for run_005:
Configuration file rewritten. Path: /work/qgan/data/train/amp-qml_torch-q8-noiseless-REG-aerCPU-rand0.1-seed0/config.yaml

Creating config files for run_006:
Configuration file rewritten. Path: /work/qgan/data/train/amp-qml_torch-q8-noiseless-REG-aerCPU-rand1-seed1/config.yaml

Creating config files for run_007:
Configuration file rewritten. Path: /work/qgan/data/train/ang-qml_torch-q4-noiseless-SPSA-aerCPU-rand0.25-seed0/config.yaml

Creating config files for run_008:
Configuration file rewritten. Path: /work/qgan/data/train/ang-qml_torch-q4-noiseless-SPSA-aerCPU-rand0-seed2/config.yaml

Creating config files for run_009:
Configuration file rewritten. Path: /work/qgan/data/train/ang-qml_torch-q4-noiseless-REG-aerCPU-rand0.5-seed0/config.yaml

Creating config files for run_010:
Configuration file rewritten. Path: /work/qgan/data/train/ang-qml_torch-q4-noiseless-REG-aerCPU-rand0.1-seed2/config.yaml

Creating config files for run_011:
Configuration file rewritten. Path: /work/qgan/data/train/base-qml_torch-q8-noiseless-PSR-aerCPU-rand1-seed0/config.yaml

Creating config files for run_012:
Configuration file rewritten. Path: /work/qgan/data/train/base-qml_torch-q8-noiseless-PSR-aerCPU-rand0.25-seed2/config.yaml

Creating config files for run_013:
Configuration file rewritten. Path: /work/qgan/data/train/base-qml_torch-q4-noiseless-REG-aerCPU-rand0-seed1/config.yaml

Creating config files for run_014:
Configuration file rewritten. Path: /work/qgan/data/train/base-qml_torch-q4-noiseless-REG-aerCPU-rand0.5-seed2/config.yaml

Creating config files for run_015:
Configuration file rewritten. Path: /work/qgan/data/train/amp-qml_torch-q4-noiseless-SPSA-aerCPU-rand0.1-seed1/config.yaml

Creating config files for run_016:
Configuration file rewritten. Path: /work/qgan/data/train/amp-qml_torch-q4-noiseless-SPSA-aerCPU-rand1-seed2/config.yaml

Creating config files for run_017:
Configuration file rewritten. Path: /work/qgan/data/train/base-qml_torch-q4-noisy-PSR-aerCPU-rand0.25-seed1/config.yaml

Creating config files for run_018:
Configuration file rewritten. Path: /work/qgan/data/train/ang-qml_torch-q4-noisy-PSR-aerCPU-rand0-seed0/config.yaml

Creating config files for run_019:
Configuration file rewritten. Path: /work/qgan/data/train/ang-qml_torch-q4-noisy-PSR-aerCPU-rand0.5-seed1/config.yaml

20 battery configuration files ready.

Running: /work/qgan/data/train/ang-qml_torch-q8-noiseless-PSR-aerCPU-rand0.1-seed1/config.yaml
              Epoch |     Generator cost | Discriminator cost |               Eval |          Best eval |               Time |
Training complete: 
   Data path: /work/qgan/data/train/ang-qml_torch-q8-noiseless-PSR-aerCPU-rand0.1-seed1 
   Best eval: 0.0008931240881793201 
   Total time: 6367.60560131073

Running: /work/qgan/data/train/ang-qml_torch-q8-noiseless-PSR-aerCPU-rand1-seed2/config.yaml
              Epoch |     Generator cost | Discriminator cost |               Eval |          Best eval |               Time |
                800 |              -0.78 |             -0.808 |              0.189 |             0.0752 |               28.6 |
                810 |             -0.533 |              -0.89 |              0.202 |             0.0752 |               45.7 |
                820 |             -0.496 |             -0.717 |              0.162 |             0.0752 |               46.5 |
                830 |             -0.445 |             -0.622 |              0.168 |             0.0752 |               46.1 |
                840 |             -0.356 |             -0.629 |              0.179 |             0.0752 |               44.5 |
                850 |             -0.372 |             -0.791 |              0.151 |             0.0752 |               44.6 |
                860 |             -0.666 |             -0.829 |               0.15 |             0.0752 |               45.5 |
                870 |              -0.63 |             -0.829 |              0.229 |             0.0752 |               47.6 |
                880 |             -0.681 |             -0.651 |              0.257 |             0.0752 |                 47 |
                890 |             -0.588 |             -0.644 |              0.197 |             0.0752 |               46.6 |
                900 |             -0.251 |              -0.91 |              0.197 |             0.0752 |               45.1 |
                910 |             -0.332 |             -0.862 |              0.173 |             0.0752 |               45.5 |
                920 |             -0.506 |             -0.723 |              0.163 |             0.0752 |               45.8 |
                930 |             -0.344 |             -0.829 |              0.202 |             0.0752 |                 45 |
                940 |             -0.363 |             -0.871 |              0.167 |             0.0752 |               44.7 |
                950 |             -0.627 |             -0.675 |              0.203 |             0.0752 |               44.3 |
                960 |             -0.393 |             -0.745 |              0.188 |             0.0752 |               44.4 |
                970 |             -0.458 |             -0.766 |             0.0973 |             0.0752 |               44.7 |
                980 |             -0.542 |             -0.766 |               0.24 |             0.0752 |               44.4 |
                990 |             -0.648 |             -0.842 |              0.229 |             0.0752 |               44.5 |
Training complete: 
   Data path: /work/qgan/data/train/ang-qml_torch-q8-noiseless-PSR-aerCPU-rand1-seed2 
   Best eval: 0.07521876692771912 
   Total time: 3707.584212064743

Running: /work/qgan/data/train/amp-qml_torch-q8-noiseless-PSR-aerCPU-rand0.25-seed1/config.yaml
Training data file created.
              Epoch |     Generator cost | Discriminator cost |               Eval |          Best eval |               Time |
                  0 |             -0.789 |             -0.371 |            0.00335 |            0.00335 |                4.7 |
                 10 |             -0.781 |             -0.376 |            0.00319 |            0.00293 |               46.8 |
                 20 |             -0.746 |             -0.426 |            0.00398 |            0.00267 |               46.7 |
                 30 |             -0.768 |             -0.426 |            0.00337 |            0.00266 |               46.8 |
                 40 |             -0.794 |             -0.398 |            0.00366 |            0.00252 |                 47 |
                 50 |             -0.761 |              -0.45 |            0.00353 |            0.00252 |               46.9 |
                 60 |             -0.789 |             -0.465 |            0.00389 |            0.00252 |               46.8 |
                 70 |             -0.769 |             -0.467 |            0.00377 |            0.00252 |               46.9 |
                 80 |             -0.798 |             -0.493 |            0.00355 |            0.00252 |               46.7 |
                 90 |             -0.768 |             -0.517 |            0.00322 |            0.00252 |               46.5 |
                100 |              -0.76 |             -0.506 |            0.00347 |            0.00252 |               46.5 |
                110 |             -0.772 |             -0.512 |            0.00299 |            0.00252 |               46.3 |
                120 |             -0.739 |             -0.514 |            0.00367 |            0.00252 |               46.4 |
                130 |             -0.785 |             -0.521 |            0.00341 |            0.00252 |               46.5 |
                140 |             -0.798 |              -0.54 |            0.00325 |            0.00252 |               46.2 |
                150 |             -0.775 |             -0.522 |            0.00321 |            0.00252 |               46.4 |
                160 |              -0.77 |             -0.583 |            0.00333 |            0.00252 |               46.4 |
                170 |              -0.76 |             -0.544 |            0.00306 |            0.00252 |               46.3 |
                180 |             -0.752 |             -0.556 |            0.00302 |            0.00252 |               46.5 |
                190 |             -0.782 |             -0.575 |            0.00281 |            0.00248 |               46.4 |
                200 |             -0.806 |              -0.56 |            0.00263 |            0.00248 |               46.2 |
                210 |             -0.813 |             -0.588 |            0.00305 |            0.00248 |               46.4 |
                220 |             -0.814 |             -0.577 |            0.00269 |            0.00243 |               46.4 |
                230 |             -0.781 |             -0.565 |            0.00302 |            0.00243 |               46.2 |
                240 |             -0.808 |             -0.584 |            0.00293 |            0.00243 |               46.4 |
                250 |             -0.797 |             -0.566 |            0.00289 |            0.00243 |               46.5 |
                260 |             -0.771 |             -0.574 |            0.00299 |            0.00243 |               46.3 |
                270 |              -0.78 |             -0.595 |            0.00313 |            0.00243 |               46.4 |
                280 |             -0.797 |             -0.598 |            0.00269 |            0.00243 |               46.5 |
                290 |             -0.764 |             -0.615 |            0.00315 |            0.00243 |               46.2 |
                300 |             -0.788 |             -0.593 |            0.00353 |            0.00243 |               46.4 |
                310 |             -0.777 |             -0.594 |            0.00295 |            0.00217 |               46.3 |
                320 |              -0.81 |             -0.555 |            0.00306 |            0.00217 |               46.4 |
                330 |              -0.76 |             -0.591 |            0.00234 |            0.00217 |               46.4 |
                340 |             -0.796 |             -0.589 |            0.00235 |            0.00207 |               46.4 |
                350 |             -0.773 |             -0.572 |            0.00234 |            0.00207 |               46.5 |
                360 |             -0.719 |             -0.583 |            0.00317 |            0.00207 |               46.4 |
                370 |             -0.696 |             -0.606 |            0.00252 |            0.00207 |               46.3 |
                380 |             -0.623 |             -0.598 |            0.00268 |            0.00207 |               46.5 |
                390 |             -0.604 |             -0.632 |            0.00284 |            0.00207 |               46.4 |
                400 |             -0.517 |             -0.644 |            0.00289 |            0.00207 |               46.3 |
                410 |             -0.546 |             -0.647 |            0.00271 |            0.00207 |               46.4 |
                420 |             -0.608 |             -0.655 |            0.00254 |            0.00207 |               46.5 |
                430 |             -0.627 |             -0.654 |            0.00274 |            0.00207 |               46.3 |
                440 |             -0.679 |             -0.616 |            0.00285 |            0.00207 |               46.4 |
                450 |               -0.7 |             -0.589 |            0.00246 |            0.00207 |               46.5 |
                460 |             -0.728 |             -0.591 |            0.00263 |            0.00207 |               46.2 |
                470 |             -0.806 |             -0.621 |            0.00268 |            0.00207 |               46.4 |
                480 |             -0.818 |             -0.619 |            0.00283 |            0.00207 |               46.4 |
                490 |             -0.747 |             -0.605 |            0.00261 |            0.00207 |               46.2 |
                500 |              -0.72 |             -0.597 |            0.00241 |            0.00207 |               46.3 |
                510 |             -0.672 |             -0.587 |             0.0023 |            0.00207 |               46.4 |
                520 |             -0.726 |             -0.603 |            0.00243 |            0.00207 |               46.3 |
                530 |             -0.727 |             -0.581 |            0.00258 |            0.00207 |               46.5 |
                540 |             -0.795 |             -0.551 |            0.00235 |             0.0019 |               46.3 |
                550 |             -0.819 |             -0.554 |            0.00209 |             0.0019 |               46.4 |
                560 |             -0.821 |             -0.554 |             0.0025 |            0.00189 |               46.5 |
                570 |             -0.806 |             -0.589 |            0.00223 |            0.00189 |               46.2 |
                580 |             -0.782 |             -0.605 |             0.0024 |            0.00189 |               46.4 |
                590 |             -0.781 |             -0.577 |            0.00221 |            0.00189 |               46.4 |
                600 |             -0.813 |             -0.569 |            0.00194 |            0.00189 |               46.3 |
                610 |             -0.817 |             -0.576 |            0.00246 |            0.00189 |               46.3 |
                620 |             -0.759 |             -0.558 |            0.00233 |            0.00189 |               46.5 |
                630 |             -0.745 |             -0.593 |            0.00223 |            0.00189 |               46.3 |
                640 |             -0.737 |             -0.577 |            0.00225 |            0.00189 |               46.4 |
                650 |              -0.65 |             -0.612 |             0.0018 |             0.0018 |               46.4 |
                660 |             -0.645 |             -0.588 |            0.00251 |            0.00177 |               46.3 |
                670 |              -0.58 |             -0.613 |            0.00217 |            0.00177 |               46.5 |
                680 |             -0.494 |             -0.619 |            0.00211 |            0.00177 |               46.5 |
                690 |             -0.436 |             -0.624 |              0.002 |            0.00175 |               46.4 |
                700 |             -0.327 |             -0.637 |             0.0025 |            0.00175 |               46.4 |
                710 |             -0.312 |             -0.638 |            0.00266 |            0.00175 |               46.6 |
                720 |             -0.339 |             -0.612 |            0.00236 |            0.00175 |               46.3 |
                730 |             -0.406 |             -0.584 |            0.00202 |            0.00175 |               46.4 |
                740 |             -0.505 |             -0.547 |            0.00196 |            0.00175 |               46.5 |
                750 |             -0.534 |             -0.544 |            0.00258 |            0.00175 |               46.2 |
                760 |             -0.607 |             -0.553 |            0.00228 |            0.00175 |               46.5 |
                770 |             -0.606 |             -0.586 |            0.00255 |            0.00175 |               46.2 |
                780 |             -0.579 |             -0.621 |            0.00212 |            0.00175 |               46.3 |
                790 |             -0.587 |             -0.632 |            0.00235 |            0.00175 |               46.4 |
                800 |             -0.625 |             -0.634 |            0.00203 |            0.00175 |               46.6 |
                810 |             -0.612 |             -0.641 |            0.00297 |            0.00175 |               46.8 |
                820 |             -0.649 |             -0.631 |            0.00224 |            0.00175 |               46.7 |
                830 |             -0.685 |             -0.631 |            0.00258 |            0.00175 |               46.1 |
                840 |             -0.716 |             -0.664 |            0.00191 |            0.00175 |               46.2 |
                850 |             -0.769 |             -0.607 |            0.00208 |            0.00175 |               46.2 |
                860 |             -0.763 |             -0.608 |            0.00206 |            0.00175 |                 46 |
                870 |             -0.794 |             -0.577 |            0.00199 |             0.0017 |               46.2 |
                880 |             -0.787 |              -0.58 |            0.00176 |             0.0017 |               46.2 |
                890 |             -0.772 |             -0.584 |             0.0018 |             0.0017 |               46.1 |
                900 |              -0.83 |             -0.597 |            0.00185 |             0.0017 |               46.1 |
                910 |             -0.852 |              -0.59 |            0.00219 |             0.0017 |               46.2 |
                920 |             -0.829 |             -0.578 |            0.00204 |             0.0017 |                 46 |
                930 |             -0.817 |             -0.598 |            0.00232 |             0.0017 |               46.2 |
                940 |             -0.803 |             -0.563 |            0.00205 |             0.0017 |               46.1 |
                950 |             -0.799 |             -0.563 |             0.0021 |            0.00167 |                 46 |
                960 |             -0.795 |             -0.597 |            0.00207 |            0.00167 |               46.2 |
                970 |             -0.777 |             -0.622 |            0.00194 |            0.00167 |               46.1 |
                980 |             -0.724 |             -0.591 |            0.00187 |            0.00167 |                 46 |
                990 |             -0.779 |             -0.606 |            0.00185 |            0.00167 |               46.1 |
Training complete: 
   Data path: /work/qgan/data/train/amp-qml_torch-q8-noiseless-PSR-aerCPU-rand0.25-seed1 
   Best eval: 0.0016661238119387526 
   Total time: 4637.538532972336

Running: /work/qgan/data/train/amp-qml_torch-q8-noiseless-SPSA-aerCPU-rand0-seed0/config.yaml
              Epoch |     Generator cost | Discriminator cost |               Eval |          Best eval |               Time |
Training complete: 
   Data path: /work/qgan/data/train/amp-qml_torch-q8-noiseless-SPSA-aerCPU-rand0-seed0 
   Best eval: 0.003610531225511264 
   Total time: 147.15538358688354

Running: /work/qgan/data/train/amp-qml_torch-q8-noiseless-SPSA-aerCPU-rand0.5-seed1/config.yaml
Training data file created.
              Epoch |     Generator cost | Discriminator cost |               Eval |          Best eval |               Time |
                  0 |             -0.596 |             -0.414 |            0.00223 |            0.00223 |              0.167 |
                 10 |             -0.679 |             -0.389 |            0.00256 |            0.00223 |               1.61 |
                 20 |             -0.466 |             -0.447 |            0.00359 |            0.00223 |               1.61 |
                 30 |             -0.573 |             -0.483 |            0.00322 |            0.00223 |               1.63 |
                 40 |             -0.654 |             -0.421 |            0.00367 |            0.00223 |               1.62 |
                 50 |              -0.51 |             -0.436 |            0.00367 |            0.00206 |               1.62 |
                 60 |             -0.609 |             -0.406 |            0.00339 |            0.00206 |               1.62 |
                 70 |             -0.505 |             -0.439 |            0.00284 |            0.00206 |               1.63 |
                 80 |             -0.602 |             -0.433 |            0.00328 |            0.00206 |               1.63 |
                 90 |             -0.622 |             -0.499 |            0.00282 |            0.00206 |               1.63 |
                100 |             -0.592 |             -0.459 |            0.00348 |            0.00206 |               1.62 |
                110 |             -0.738 |             -0.381 |            0.00322 |            0.00206 |               1.62 |
                120 |             -0.625 |             -0.378 |            0.00302 |            0.00206 |               1.62 |
                130 |             -0.651 |             -0.418 |            0.00292 |            0.00206 |               1.62 |
                140 |             -0.728 |             -0.415 |            0.00292 |            0.00206 |               1.62 |
                150 |             -0.662 |             -0.394 |             0.0035 |            0.00206 |               1.62 |
                160 |             -0.636 |             -0.463 |            0.00273 |            0.00206 |               1.62 |
                170 |             -0.653 |             -0.437 |            0.00266 |            0.00206 |               1.63 |
                180 |              -0.66 |             -0.423 |            0.00368 |            0.00206 |               1.62 |
                190 |             -0.656 |             -0.478 |            0.00287 |            0.00206 |               1.62 |
                200 |             -0.697 |             -0.503 |            0.00291 |            0.00206 |               1.62 |
                210 |             -0.702 |             -0.559 |            0.00316 |            0.00206 |               1.62 |
                220 |             -0.803 |              -0.53 |            0.00242 |            0.00206 |               1.62 |
                230 |             -0.686 |             -0.429 |             0.0027 |            0.00206 |               1.61 |
                240 |             -0.737 |             -0.453 |            0.00349 |            0.00206 |               1.62 |
                250 |             -0.752 |             -0.428 |            0.00327 |            0.00206 |               1.62 |
                260 |             -0.788 |             -0.453 |            0.00321 |            0.00206 |               1.62 |
                270 |             -0.742 |             -0.534 |            0.00346 |            0.00206 |               1.62 |
                280 |             -0.649 |             -0.486 |            0.00343 |            0.00206 |               1.62 |
                290 |             -0.722 |             -0.529 |            0.00341 |            0.00206 |               1.62 |
                300 |             -0.644 |             -0.508 |            0.00288 |            0.00206 |               1.62 |
                310 |             -0.856 |             -0.562 |            0.00304 |            0.00206 |               1.62 |
                320 |             -0.806 |             -0.471 |            0.00308 |            0.00206 |               1.62 |
                330 |             -0.766 |             -0.528 |            0.00242 |            0.00206 |               1.61 |
                340 |             -0.834 |              -0.49 |            0.00355 |            0.00206 |               1.62 |
                350 |             -0.674 |             -0.463 |             0.0036 |            0.00206 |               1.62 |
                360 |             -0.755 |             -0.492 |            0.00342 |            0.00206 |               1.62 |
                370 |             -0.758 |             -0.592 |            0.00321 |            0.00206 |               1.62 |
                380 |             -0.759 |             -0.536 |            0.00302 |            0.00206 |               1.61 |
                390 |             -0.794 |             -0.499 |            0.00269 |            0.00206 |                1.6 |
                400 |             -0.743 |             -0.519 |            0.00278 |            0.00198 |               1.62 |
                410 |             -0.754 |             -0.537 |            0.00353 |            0.00198 |               1.62 |
                420 |             -0.893 |             -0.592 |            0.00293 |            0.00198 |               1.63 |
                430 |             -0.779 |             -0.511 |              0.003 |            0.00198 |               1.62 |
                440 |               -0.7 |             -0.544 |            0.00226 |            0.00198 |               1.62 |
                450 |             -0.824 |             -0.582 |            0.00382 |            0.00198 |               1.62 |
                460 |             -0.703 |             -0.628 |            0.00326 |            0.00198 |               1.61 |
                470 |             -0.687 |             -0.581 |            0.00301 |            0.00198 |               1.62 |
                480 |             -0.772 |             -0.585 |            0.00302 |            0.00198 |               1.62 |
                490 |             -0.846 |             -0.589 |            0.00353 |            0.00157 |               1.62 |
                500 |             -0.647 |             -0.599 |            0.00285 |            0.00157 |               1.58 |
                510 |             -0.757 |             -0.606 |            0.00356 |            0.00157 |               1.63 |
                520 |             -0.723 |             -0.529 |             0.0029 |            0.00157 |               1.61 |
                530 |             -0.651 |             -0.625 |             0.0036 |            0.00157 |               1.61 |
                540 |             -0.721 |             -0.547 |            0.00315 |            0.00157 |               1.62 |
                550 |             -0.681 |             -0.582 |            0.00333 |            0.00157 |               1.62 |
                560 |             -0.848 |             -0.615 |            0.00278 |            0.00157 |               1.63 |
                570 |             -0.588 |             -0.631 |            0.00293 |            0.00157 |               1.62 |
                580 |             -0.702 |             -0.632 |            0.00335 |            0.00157 |               1.62 |
                590 |             -0.842 |             -0.644 |            0.00321 |            0.00157 |               1.63 |
                600 |             -0.836 |             -0.598 |            0.00268 |            0.00157 |               1.62 |
                610 |             -0.814 |             -0.604 |            0.00288 |            0.00157 |               1.63 |
                620 |             -0.547 |             -0.566 |            0.00354 |            0.00157 |               1.63 |
                630 |             -0.857 |             -0.625 |            0.00339 |            0.00157 |               1.63 |
                640 |             -0.717 |             -0.674 |            0.00294 |            0.00157 |               1.62 |
                650 |             -0.703 |             -0.576 |             0.0032 |            0.00157 |               1.63 |
                660 |             -0.688 |             -0.693 |            0.00295 |            0.00157 |               1.63 |
                670 |             -0.723 |             -0.612 |             0.0027 |            0.00157 |               1.63 |
                680 |             -0.791 |             -0.607 |            0.00341 |            0.00157 |                1.6 |
                690 |             -0.674 |             -0.604 |            0.00382 |            0.00157 |               1.59 |
                700 |             -0.661 |             -0.671 |            0.00342 |            0.00157 |               1.62 |
                710 |             -0.794 |             -0.627 |             0.0032 |            0.00157 |                1.6 |
                720 |             -0.686 |             -0.705 |            0.00285 |            0.00157 |               1.62 |
                730 |             -0.838 |             -0.586 |            0.00306 |            0.00157 |               1.62 |
                740 |             -0.863 |             -0.589 |            0.00366 |            0.00157 |               1.63 |
                750 |             -0.652 |             -0.645 |             0.0033 |            0.00157 |               1.62 |
                760 |             -0.811 |             -0.633 |            0.00256 |            0.00157 |               1.62 |
                770 |             -0.735 |             -0.554 |            0.00277 |            0.00157 |               1.62 |
                780 |             -0.764 |             -0.631 |            0.00277 |            0.00157 |               1.63 |
                790 |             -0.812 |             -0.571 |            0.00321 |            0.00157 |               1.61 |
                800 |             -0.791 |             -0.584 |            0.00338 |            0.00157 |               1.62 |
                810 |             -0.838 |             -0.598 |            0.00326 |            0.00157 |               1.62 |
                820 |             -0.646 |             -0.593 |            0.00276 |            0.00157 |               1.63 |
                830 |             -0.672 |             -0.556 |            0.00254 |            0.00157 |               1.62 |
                840 |             -0.795 |             -0.609 |            0.00349 |            0.00157 |               1.62 |
                850 |             -0.757 |              -0.57 |            0.00313 |            0.00157 |               1.63 |
                860 |             -0.703 |             -0.633 |            0.00285 |            0.00157 |               1.62 |
                870 |             -0.771 |             -0.567 |            0.00349 |            0.00157 |               1.63 |
                880 |             -0.802 |             -0.596 |            0.00303 |            0.00157 |               1.59 |
                890 |             -0.597 |             -0.611 |            0.00332 |            0.00157 |               1.62 |
                900 |             -0.846 |             -0.577 |            0.00265 |            0.00157 |               1.63 |
                910 |             -0.712 |             -0.664 |            0.00251 |            0.00157 |               1.61 |
                920 |             -0.842 |             -0.602 |            0.00351 |            0.00157 |                1.6 |
                930 |             -0.817 |             -0.578 |            0.00339 |            0.00157 |               1.62 |
                940 |             -0.636 |             -0.619 |            0.00319 |            0.00157 |               1.62 |
                950 |             -0.593 |             -0.524 |            0.00359 |            0.00157 |               1.63 |
                960 |             -0.736 |             -0.622 |            0.00188 |            0.00157 |               1.62 |
                970 |             -0.882 |             -0.568 |            0.00318 |            0.00157 |               1.59 |
                980 |             -0.609 |             -0.557 |            0.00325 |            0.00157 |               1.58 |
                990 |             -0.879 |             -0.583 |            0.00351 |            0.00144 |                1.6 |
Training complete: 
   Data path: /work/qgan/data/train/amp-qml_torch-q8-noiseless-SPSA-aerCPU-rand0.5-seed1 
   Best eval: 0.0014390155261153328 
   Total time: 161.88461351394653

Running: /work/qgan/data/train/amp-qml_torch-q8-noiseless-REG-aerCPU-rand0.1-seed0/config.yaml
              Epoch |     Generator cost | Discriminator cost |               Eval |          Best eval |               Time |
Training complete: 
   Data path: /work/qgan/data/train/amp-qml_torch-q8-noiseless-REG-aerCPU-rand0.1-seed0 
   Best eval: 0.0013161077682419884 
   Total time: 8848.813979148865

Running: /work/qgan/data/train/amp-qml_torch-q8-noiseless-REG-aerCPU-rand1-seed1/config.yaml
Training data file created.
              Epoch |     Generator cost | Discriminator cost |               Eval |          Best eval |               Time |
                  0 |             -0.533 |             -0.386 |            0.00385 |            0.00385 |               13.8 |
                 10 |             -0.662 |             -0.523 |            0.00235 |            0.00235 |               96.9 |
                 20 |             -0.399 |             -0.563 |            0.00307 |            0.00214 |               94.9 |
                 30 |             -0.582 |              -0.46 |            0.00269 |            0.00214 |               92.7 |
                 40 |             -0.433 |             -0.539 |            0.00291 |            0.00214 |                 93 |
                 50 |             -0.705 |             -0.673 |            0.00318 |            0.00214 |               94.7 |
                 60 |             -0.402 |             -0.622 |            0.00332 |            0.00214 |               93.5 |
                 70 |             -0.574 |              -0.69 |            0.00343 |            0.00214 |               93.6 |
                 80 |             -0.594 |             -0.776 |            0.00193 |            0.00193 |               93.8 |
                 90 |               -0.5 |             -0.596 |            0.00222 |            0.00193 |               93.2 |
                100 |             -0.481 |             -0.608 |            0.00326 |            0.00181 |                 94 |
                110 |             -0.688 |             -0.674 |            0.00367 |            0.00181 |               94.3 |
                120 |             -0.419 |             -0.671 |            0.00311 |            0.00181 |               93.1 |
                130 |             -0.331 |              -0.73 |            0.00276 |            0.00181 |               94.1 |
                140 |             -0.423 |             -0.889 |            0.00335 |            0.00181 |               93.4 |
                150 |             -0.588 |             -0.683 |            0.00303 |            0.00181 |               94.9 |
                160 |             -0.408 |             -0.635 |            0.00223 |            0.00181 |               93.5 |
                170 |             -0.535 |             -0.754 |            0.00369 |            0.00181 |               95.2 |
                180 |             -0.439 |             -0.683 |            0.00301 |            0.00179 |               94.6 |
                190 |              -0.46 |             -0.723 |            0.00315 |            0.00179 |               93.7 |
                200 |             -0.203 |             -0.771 |            0.00328 |            0.00179 |               93.2 |
                210 |             -0.336 |             -0.687 |            0.00285 |            0.00179 |               94.1 |
                220 |             -0.262 |             -0.735 |            0.00284 |            0.00179 |               95.2 |
                230 |             -0.707 |             -0.814 |            0.00352 |            0.00179 |               93.6 |
                240 |             -0.399 |             -0.656 |            0.00295 |            0.00179 |               95.7 |
                250 |             -0.518 |             -0.805 |            0.00278 |            0.00179 |               94.4 |
                260 |             -0.429 |             -0.766 |            0.00292 |            0.00179 |               93.4 |
                270 |             -0.598 |             -0.819 |            0.00324 |            0.00179 |                 95 |
                280 |             -0.319 |             -0.655 |            0.00312 |            0.00179 |               95.7 |
                290 |             -0.359 |             -0.573 |            0.00354 |            0.00179 |               95.5 |
                300 |             -0.431 |             -0.653 |            0.00376 |            0.00179 |                 94 |
                310 |             -0.481 |             -0.825 |            0.00261 |            0.00179 |               96.3 |
                320 |             -0.531 |             -0.797 |            0.00296 |            0.00179 |               94.5 |
                330 |              -0.41 |             -0.627 |            0.00363 |            0.00179 |               93.9 |
                340 |             -0.537 |             -0.666 |             0.0023 |            0.00179 |               94.2 |
                350 |             -0.155 |             -0.704 |            0.00316 |            0.00179 |               95.2 |
                360 |             -0.712 |             -0.772 |            0.00295 |            0.00179 |               96.2 |
                370 |              -0.48 |             -0.714 |            0.00331 |            0.00179 |               93.4 |
                380 |             -0.434 |             -0.687 |            0.00304 |            0.00179 |               93.9 |
                390 |             -0.496 |              -0.81 |            0.00299 |            0.00179 |               94.5 |
                400 |             -0.261 |             -0.703 |            0.00317 |            0.00179 |               93.9 |
                410 |             -0.408 |             -0.667 |            0.00311 |            0.00179 |               94.5 |
                420 |             -0.603 |             -0.854 |            0.00363 |            0.00179 |               93.3 |
                430 |             -0.471 |             -0.706 |            0.00339 |            0.00179 |               94.5 |
                440 |             -0.622 |              -0.84 |            0.00293 |            0.00179 |               93.6 |
                450 |             -0.479 |             -0.761 |            0.00328 |            0.00179 |               94.5 |
                460 |             -0.543 |             -0.713 |             0.0036 |            0.00179 |               93.1 |
                470 |             -0.211 |             -0.722 |            0.00247 |            0.00179 |               94.4 |
                480 |             -0.137 |             -0.749 |            0.00213 |            0.00179 |               92.3 |
                490 |             -0.566 |              -0.67 |            0.00302 |            0.00179 |               93.4 |
                500 |              -0.64 |             -0.871 |            0.00344 |            0.00179 |               95.8 |
                510 |             -0.684 |             -0.728 |            0.00326 |            0.00179 |                 94 |
                520 |              -0.46 |             -0.702 |            0.00241 |            0.00179 |               94.9 |
                530 |             -0.373 |             -0.636 |            0.00309 |            0.00179 |               96.1 |
                540 |             -0.427 |             -0.675 |            0.00253 |            0.00179 |               94.8 |
                550 |             -0.397 |             -0.776 |            0.00293 |            0.00179 |               94.7 |
                560 |             -0.752 |             -0.816 |            0.00267 |            0.00179 |               94.4 |
                570 |             -0.267 |             -0.862 |            0.00331 |            0.00179 |               94.2 |
                580 |             -0.667 |             -0.734 |            0.00331 |            0.00179 |               93.6 |
                590 |              -0.41 |             -0.873 |            0.00282 |            0.00179 |               94.6 |
                600 |             -0.314 |             -0.794 |            0.00293 |            0.00179 |               92.5 |
                610 |               -0.2 |             -0.703 |            0.00288 |            0.00179 |               93.7 |
                620 |             -0.507 |             -0.687 |            0.00266 |            0.00179 |                 95 |
                630 |             -0.506 |             -0.764 |            0.00259 |            0.00179 |               92.2 |
                640 |             -0.702 |             -0.751 |            0.00274 |            0.00179 |               94.9 |
                650 |               -0.6 |             -0.641 |            0.00279 |            0.00179 |               94.8 |
                660 |              -0.45 |              -0.71 |            0.00296 |            0.00179 |               95.3 |
                670 |             -0.399 |             -0.692 |            0.00357 |            0.00179 |               92.8 |
                680 |             -0.473 |             -0.688 |            0.00322 |            0.00179 |               94.4 |
                690 |             -0.331 |             -0.694 |            0.00323 |            0.00159 |               93.4 |
                700 |             -0.438 |             -0.798 |            0.00323 |            0.00159 |               92.9 |
                710 |             -0.706 |             -0.823 |            0.00284 |            0.00159 |               94.9 |
                720 |             -0.522 |             -0.695 |             0.0033 |            0.00159 |               94.8 |
                730 |             -0.525 |             -0.843 |            0.00353 |            0.00159 |               94.3 |
                740 |             -0.369 |             -0.696 |            0.00368 |            0.00159 |               95.7 |
                750 |             -0.705 |             -0.789 |            0.00318 |            0.00159 |                 93 |
                760 |             -0.392 |             -0.706 |            0.00343 |            0.00159 |               94.9 |
                770 |             -0.449 |             -0.816 |            0.00232 |            0.00159 |               95.1 |
                780 |             -0.486 |             -0.625 |             0.0033 |            0.00159 |               94.6 |
                790 |             -0.269 |             -0.846 |            0.00259 |            0.00159 |               93.5 |
                800 |             -0.658 |             -0.757 |            0.00336 |            0.00159 |                 95 |
                810 |              -0.63 |             -0.727 |            0.00362 |            0.00159 |               94.1 |
                820 |             -0.594 |             -0.749 |            0.00231 |            0.00159 |               94.9 |
                830 |             -0.495 |             -0.622 |            0.00309 |            0.00159 |               96.5 |
                840 |             -0.351 |             -0.643 |            0.00271 |            0.00159 |               95.1 |
                850 |             -0.506 |             -0.649 |            0.00328 |            0.00159 |               94.8 |
                860 |             -0.229 |             -0.638 |            0.00269 |            0.00159 |                 95 |
                870 |             -0.213 |             -0.639 |            0.00256 |            0.00159 |               96.3 |
                880 |             -0.283 |             -0.823 |            0.00325 |            0.00159 |               97.8 |
                890 |             -0.552 |             -0.708 |            0.00341 |            0.00159 |               96.3 |
                900 |             -0.524 |             -0.775 |            0.00301 |            0.00159 |               96.8 |
                910 |             -0.282 |               -0.8 |            0.00276 |            0.00159 |               97.1 |
                920 |             -0.698 |             -0.777 |            0.00254 |            0.00159 |               97.9 |
                930 |             -0.539 |             -0.753 |            0.00248 |            0.00159 |               97.7 |
                940 |             -0.473 |             -0.703 |            0.00315 |            0.00159 |               96.8 |
                950 |             -0.475 |             -0.753 |            0.00348 |            0.00159 |               95.6 |
                960 |              -0.59 |              -0.68 |            0.00246 |            0.00159 |               96.6 |
                970 |             -0.612 |             -0.786 |            0.00223 |            0.00159 |               95.3 |
                980 |             -0.441 |             -0.832 |             0.0033 |            0.00159 |               95.3 |
                990 |             -0.279 |             -0.765 |            0.00297 |            0.00159 |               95.4 |
Training complete: 
   Data path: /work/qgan/data/train/amp-qml_torch-q8-noiseless-REG-aerCPU-rand1-seed1 
   Best eval: 0.00158608585826132 
   Total time: 9467.82996726036

Running: /work/qgan/data/train/ang-qml_torch-q4-noiseless-SPSA-aerCPU-rand0.25-seed0/config.yaml
Training data file created.
              Epoch |     Generator cost | Discriminator cost |               Eval |          Best eval |               Time |
                  0 |             -0.515 |              -0.51 |             0.0965 |             0.0965 |              0.994 |
                 10 |             -0.581 |             -0.543 |             0.0695 |              0.023 |               8.91 |
                 20 |             -0.503 |             -0.523 |               0.11 |              0.023 |               8.99 |
                 30 |             -0.619 |             -0.517 |             0.0966 |              0.023 |               8.85 |
                 40 |             -0.528 |             -0.535 |             0.0518 |              0.023 |               8.91 |
                 50 |             -0.547 |             -0.518 |              0.106 |              0.023 |               8.96 |
                 60 |             -0.599 |              -0.53 |              0.108 |              0.023 |                8.8 |
                 70 |             -0.652 |             -0.489 |              0.156 |              0.023 |                8.7 |
                 80 |             -0.641 |             -0.512 |              0.172 |              0.023 |                8.8 |
                 90 |             -0.721 |             -0.502 |               0.16 |              0.023 |               8.73 |
                100 |             -0.661 |             -0.524 |              0.113 |              0.023 |               8.78 |
                110 |             -0.658 |             -0.509 |              0.145 |              0.023 |               8.74 |
                120 |             -0.704 |             -0.539 |              0.133 |              0.023 |               8.73 |
                130 |             -0.666 |             -0.497 |             0.0794 |              0.023 |               8.72 |
                140 |             -0.676 |             -0.541 |              0.125 |              0.023 |               8.84 |
                150 |             -0.639 |             -0.507 |              0.199 |              0.023 |               8.67 |
                160 |              -0.81 |             -0.511 |              0.166 |              0.023 |               8.77 |
                170 |              -0.68 |             -0.557 |              0.214 |              0.023 |               8.73 |
                180 |             -0.743 |             -0.519 |              0.213 |              0.023 |                8.7 |
                190 |             -0.785 |             -0.478 |               0.28 |              0.023 |               8.82 |
                200 |              -0.82 |             -0.567 |                0.2 |              0.023 |                8.7 |
                210 |             -0.789 |             -0.547 |              0.224 |              0.023 |               8.84 |
                220 |             -0.821 |             -0.509 |              0.163 |              0.023 |               8.75 |
                230 |             -0.784 |             -0.511 |              0.224 |              0.023 |               8.68 |
                240 |             -0.747 |             -0.544 |              0.209 |              0.023 |               8.73 |
                250 |             -0.828 |             -0.563 |              0.208 |              0.023 |               8.82 |
                260 |             -0.794 |             -0.572 |              0.227 |              0.023 |               8.78 |
                270 |             -0.753 |             -0.598 |                0.2 |              0.023 |               8.71 |
                280 |             -0.702 |              -0.57 |              0.181 |              0.023 |               8.96 |
                290 |             -0.822 |             -0.591 |              0.268 |              0.023 |               8.77 |
                300 |             -0.698 |             -0.503 |              0.214 |              0.023 |               8.77 |
                310 |             -0.739 |             -0.571 |              0.187 |              0.023 |               8.71 |
                320 |             -0.849 |             -0.554 |              0.162 |              0.023 |               8.64 |
                330 |             -0.711 |             -0.639 |              0.122 |              0.023 |               8.75 |
                340 |             -0.818 |             -0.523 |              0.235 |              0.023 |               8.69 |
                350 |             -0.849 |             -0.564 |              0.202 |              0.023 |               8.71 |
                360 |             -0.858 |             -0.546 |              0.214 |              0.023 |               8.76 |
                370 |              -0.81 |             -0.526 |              0.232 |              0.023 |               8.75 |
                380 |              -0.84 |             -0.577 |              0.241 |              0.023 |                8.8 |
                390 |             -0.908 |             -0.517 |                0.2 |              0.023 |               8.77 |
                400 |             -0.874 |             -0.558 |              0.199 |              0.023 |               8.72 |
                410 |             -0.837 |             -0.565 |              0.186 |              0.023 |                8.8 |
                420 |             -0.886 |             -0.567 |              0.197 |              0.023 |               8.75 |
                430 |             -0.863 |             -0.586 |              0.245 |              0.023 |               8.83 |
                440 |             -0.856 |             -0.574 |              0.264 |              0.023 |               8.75 |
                450 |             -0.843 |              -0.56 |              0.235 |              0.023 |               8.74 |
                460 |             -0.818 |             -0.564 |              0.186 |              0.023 |               8.83 |
                470 |             -0.781 |             -0.582 |              0.156 |              0.023 |               8.69 |
                480 |             -0.844 |             -0.511 |              0.143 |              0.023 |               8.87 |
                490 |             -0.688 |             -0.584 |              0.249 |              0.023 |               8.68 |
                500 |             -0.801 |             -0.542 |               0.16 |              0.023 |               8.68 |
                510 |             -0.794 |             -0.507 |              0.157 |              0.023 |               8.72 |
                520 |             -0.835 |             -0.568 |              0.154 |              0.023 |                8.8 |
                530 |             -0.861 |             -0.517 |             0.0899 |              0.023 |               8.76 |
                540 |             -0.826 |             -0.509 |              0.212 |              0.023 |               8.77 |
                550 |              -0.74 |             -0.606 |              0.092 |              0.023 |               8.73 |
                560 |             -0.907 |             -0.567 |             0.0768 |              0.023 |               8.78 |
                570 |             -0.774 |             -0.521 |              0.118 |              0.023 |               8.61 |
                580 |             -0.753 |             -0.545 |             0.0447 |              0.023 |               8.84 |
                590 |             -0.797 |             -0.507 |             0.0938 |              0.023 |               8.93 |
                600 |             -0.824 |             -0.533 |             0.0854 |              0.023 |               8.84 |
                610 |             -0.889 |             -0.521 |              0.109 |              0.023 |               8.74 |
                620 |             -0.892 |             -0.548 |             0.0923 |              0.023 |               8.78 |
                630 |              -0.83 |             -0.548 |             0.0886 |              0.023 |               8.79 |
                640 |              -0.88 |             -0.504 |              0.128 |              0.023 |               9.02 |
                650 |             -0.899 |             -0.527 |              0.109 |              0.023 |               8.68 |
                660 |             -0.919 |              -0.53 |             0.0991 |              0.023 |               8.66 |
                670 |             -0.927 |             -0.559 |              0.102 |             0.0226 |               8.64 |
                680 |              -0.92 |             -0.507 |              0.113 |             0.0205 |               8.74 |
                690 |             -0.858 |             -0.522 |             0.0447 |             0.0205 |               8.66 |
                700 |             -0.908 |             -0.587 |             0.0745 |             0.0198 |               8.54 |
                710 |             -0.904 |             -0.515 |             0.0844 |             0.0186 |               8.77 |
                720 |             -0.922 |              -0.53 |            0.00183 |            0.00183 |               8.64 |
                730 |             -0.849 |             -0.581 |             0.0477 |            0.00183 |               8.54 |
                740 |             -0.889 |             -0.543 |             0.0711 |            0.00183 |                8.6 |
                750 |             -0.939 |             -0.528 |             0.0938 |            0.00183 |               8.61 |
                760 |              -0.85 |             -0.514 |             0.0648 |            0.00183 |               8.69 |
                770 |             -0.875 |             -0.502 |             0.0631 |            0.00183 |               8.65 |
                780 |             -0.872 |             -0.526 |             0.0604 |            0.00183 |               8.63 |
                790 |             -0.871 |             -0.537 |              0.102 |            0.00183 |               8.64 |
                800 |              -0.89 |             -0.534 |             0.0223 |            0.00183 |               8.68 |
                810 |             -0.891 |             -0.525 |             0.0313 |            0.00183 |               8.69 |
                820 |             -0.923 |             -0.528 |              0.041 |            0.00183 |               8.58 |
                830 |             -0.957 |             -0.524 |              0.068 |            0.00183 |                8.6 |
                840 |             -0.892 |             -0.531 |              0.042 |            0.00183 |               8.65 |
                850 |             -0.913 |             -0.494 |             0.0546 |            0.00183 |               8.93 |
                860 |             -0.941 |             -0.527 |             0.0149 |            0.00183 |                8.7 |
                870 |             -0.894 |             -0.535 |             0.0502 |            0.00183 |               8.57 |
                880 |             -0.884 |             -0.514 |             0.0484 |                 -0 |               8.62 |
                890 |              -0.92 |             -0.529 |             0.0722 |                 -0 |               8.64 |
                900 |             -0.931 |             -0.519 |             0.0335 |                 -0 |               8.72 |
                910 |             -0.924 |             -0.527 |             0.0466 |                 -0 |                8.6 |
                920 |             -0.911 |             -0.535 |             0.0411 |                 -0 |               8.58 |
                930 |              -0.94 |             -0.539 |            0.00367 |                 -0 |               8.58 |
                940 |             -0.892 |             -0.522 |              0.038 |                 -0 |               8.52 |
                950 |             -0.911 |             -0.513 |             0.0629 |                 -0 |               8.54 |
                960 |             -0.874 |             -0.524 |             0.0516 |                 -0 |                8.7 |
                970 |             -0.949 |             -0.521 |             0.0353 |                 -0 |                8.6 |
                980 |             -0.894 |             -0.533 |             0.0515 |                 -0 |               8.45 |
                990 |              -0.88 |             -0.541 |             0.0688 |                 -0 |               8.51 |
Training complete: 
   Data path: /work/qgan/data/train/ang-qml_torch-q4-noiseless-SPSA-aerCPU-rand0.25-seed0 
   Best eval: -0.0 
   Total time: 872.5080051422119

Running: /work/qgan/data/train/ang-qml_torch-q4-noiseless-SPSA-aerCPU-rand0-seed2/config.yaml
              Epoch |     Generator cost | Discriminator cost |               Eval |          Best eval |               Time |
Training complete: 
   Data path: /work/qgan/data/train/ang-qml_torch-q4-noiseless-SPSA-aerCPU-rand0-seed2 
   Best eval: 0.0006389208137989044 
   Total time: 1578.6877615451813

Running: /work/qgan/data/train/ang-qml_torch-q4-noiseless-REG-aerCPU-rand0.5-seed0/config.yaml
Training data file created.
              Epoch |     Generator cost | Discriminator cost |               Eval |          Best eval |               Time |
                  0 |             -0.543 |             -0.548 |              0.449 |              0.449 |               1.29 |
                 10 |             -0.471 |             -0.565 |              0.265 |              0.123 |               11.3 |
                 20 |             -0.661 |             -0.501 |              0.387 |              0.123 |                 11 |
                 30 |             -0.565 |              -0.56 |              0.344 |              0.123 |               11.2 |
                 40 |             -0.537 |             -0.655 |              0.228 |              0.123 |               11.2 |
                 50 |             -0.613 |             -0.558 |              0.455 |              0.123 |               11.1 |
                 60 |             -0.795 |             -0.558 |              0.383 |              0.123 |               11.4 |
                 70 |             -0.725 |             -0.658 |              0.416 |              0.123 |               11.1 |
                 80 |             -0.729 |             -0.601 |              0.421 |              0.123 |               11.5 |
                 90 |             -0.692 |             -0.593 |              0.404 |              0.123 |               11.3 |
                100 |             -0.793 |             -0.575 |              0.339 |              0.123 |               11.3 |
                110 |             -0.613 |             -0.662 |              0.404 |              0.123 |               11.2 |
                120 |             -0.716 |             -0.641 |              0.401 |              0.123 |               11.2 |
                130 |             -0.742 |             -0.586 |              0.179 |              0.123 |               11.5 |
                140 |             -0.619 |             -0.636 |              0.269 |              0.123 |               11.1 |
                150 |             -0.683 |             -0.606 |              0.352 |              0.123 |               11.3 |
                160 |             -0.624 |             -0.608 |              0.385 |              0.123 |               11.1 |
                170 |             -0.583 |             -0.606 |              0.474 |              0.123 |               11.2 |
                180 |             -0.638 |             -0.621 |              0.522 |              0.123 |               11.2 |
                190 |              -0.64 |             -0.599 |              0.545 |              0.123 |                 11 |
                200 |             -0.725 |             -0.643 |              0.524 |              0.123 |               11.2 |
                210 |              -0.72 |              -0.64 |              0.344 |              0.123 |                 11 |
                220 |             -0.713 |             -0.634 |              0.359 |              0.123 |               11.3 |
                230 |             -0.709 |             -0.627 |              0.476 |              0.123 |               11.1 |
                240 |             -0.672 |             -0.593 |              0.514 |              0.123 |               11.4 |
                250 |             -0.762 |             -0.629 |              0.332 |              0.123 |               11.5 |
                260 |             -0.696 |             -0.669 |              0.286 |              0.123 |               11.1 |
                270 |             -0.684 |             -0.617 |              0.462 |              0.123 |               11.3 |
                280 |             -0.692 |             -0.637 |              0.357 |              0.123 |               11.2 |
                290 |             -0.716 |             -0.585 |               0.43 |              0.123 |               11.4 |
                300 |             -0.734 |             -0.613 |              0.233 |              0.123 |               11.4 |
                310 |             -0.814 |             -0.562 |              0.377 |              0.123 |               10.9 |
                320 |             -0.782 |             -0.614 |              0.216 |              0.123 |               11.4 |
                330 |             -0.797 |             -0.643 |              0.112 |              0.112 |               11.1 |
                340 |             -0.616 |             -0.566 |              0.329 |              0.112 |               11.1 |
                350 |             -0.833 |             -0.602 |              0.308 |              0.112 |               10.9 |
                360 |             -0.835 |             -0.631 |              0.287 |              0.112 |               11.2 |
                370 |             -0.726 |             -0.646 |              0.327 |              0.112 |               11.5 |
                380 |             -0.854 |             -0.585 |              0.278 |              0.112 |               10.9 |
                390 |             -0.817 |             -0.576 |              0.333 |              0.112 |               11.2 |
                400 |             -0.599 |              -0.56 |              0.296 |              0.112 |               10.7 |
                410 |             -0.576 |             -0.598 |              0.333 |              0.112 |                 11 |
                420 |             -0.684 |             -0.589 |              0.321 |              0.112 |                 11 |
                430 |             -0.742 |             -0.612 |              0.237 |              0.112 |               11.1 |
                440 |             -0.696 |             -0.618 |              0.329 |              0.112 |               11.2 |
                450 |              -0.66 |             -0.648 |               0.37 |              0.112 |                 11 |
                460 |             -0.737 |             -0.576 |              0.341 |              0.112 |               11.1 |
                470 |             -0.866 |             -0.654 |               0.25 |              0.112 |               10.8 |
                480 |               -0.8 |             -0.601 |               0.19 |              0.112 |               11.1 |
                490 |             -0.701 |             -0.623 |              0.469 |              0.112 |               11.4 |
                500 |             -0.802 |             -0.668 |              0.323 |              0.112 |                 11 |
                510 |             -0.752 |             -0.656 |              0.334 |              0.112 |               11.1 |
                520 |             -0.666 |               -0.6 |              0.218 |              0.112 |                 11 |
                530 |             -0.824 |             -0.572 |               0.19 |              0.112 |               11.2 |
                540 |             -0.812 |             -0.608 |              0.353 |              0.112 |               10.9 |
                550 |             -0.779 |             -0.616 |              0.289 |              0.112 |               11.2 |
                560 |             -0.808 |             -0.557 |              0.186 |             0.0786 |               11.2 |
                570 |             -0.725 |              -0.66 |              0.171 |             0.0786 |               10.7 |
                580 |             -0.674 |             -0.668 |              0.228 |             0.0786 |               11.2 |
                590 |             -0.716 |             -0.575 |              0.275 |             0.0786 |               10.9 |
                600 |              -0.78 |             -0.633 |              0.237 |             0.0786 |               11.1 |
                610 |             -0.696 |             -0.655 |              0.274 |             0.0786 |               11.3 |
                620 |             -0.778 |             -0.582 |              0.338 |             0.0786 |               10.9 |
                630 |             -0.681 |             -0.633 |              0.255 |             0.0786 |               11.2 |
                640 |             -0.593 |             -0.677 |              0.297 |             0.0786 |               10.6 |
                650 |             -0.762 |             -0.628 |              0.274 |             0.0786 |               10.9 |
                660 |             -0.697 |             -0.674 |              0.276 |             0.0786 |               10.8 |
                670 |             -0.738 |             -0.638 |              0.328 |             0.0786 |               11.1 |
                680 |             -0.633 |             -0.584 |              0.349 |             0.0786 |               11.1 |
                690 |             -0.661 |             -0.631 |              0.205 |             0.0786 |               10.9 |
                700 |             -0.604 |             -0.693 |              0.203 |             0.0765 |                 11 |
                710 |             -0.722 |             -0.583 |              0.217 |             0.0675 |               10.7 |
                720 |              -0.69 |             -0.615 |              0.132 |             0.0675 |               10.9 |
                730 |             -0.559 |             -0.601 |              0.125 |             0.0675 |               11.1 |
                740 |             -0.647 |             -0.601 |              0.218 |             0.0675 |               11.8 |
                750 |             -0.678 |             -0.614 |              0.183 |             0.0675 |               11.1 |
                760 |             -0.855 |             -0.644 |               0.16 |             0.0675 |               11.4 |
                770 |             -0.832 |             -0.606 |              0.218 |             0.0675 |               11.6 |
                780 |             -0.806 |             -0.645 |              0.181 |             0.0675 |               11.2 |
                790 |             -0.758 |             -0.602 |              0.269 |             0.0675 |               11.3 |
                800 |             -0.648 |             -0.643 |              0.074 |             0.0675 |               11.8 |
                810 |             -0.762 |             -0.581 |              0.192 |             0.0675 |               11.3 |
                820 |              -0.68 |             -0.625 |              0.131 |             0.0675 |               11.1 |
                830 |             -0.799 |             -0.671 |               0.23 |             0.0675 |               11.4 |
                840 |             -0.759 |             -0.717 |              0.174 |             0.0675 |               11.7 |
                850 |             -0.774 |             -0.581 |              0.219 |             0.0675 |               11.7 |
                860 |             -0.855 |             -0.572 |              0.134 |             0.0675 |               11.8 |
                870 |             -0.641 |             -0.624 |              0.233 |             0.0675 |               10.3 |
                880 |             -0.673 |             -0.643 |              0.152 |             0.0675 |               10.4 |
                890 |              -0.74 |             -0.638 |              0.185 |             0.0675 |               10.5 |
                900 |             -0.696 |             -0.585 |              0.183 |             0.0675 |                 11 |
                910 |             -0.771 |             -0.651 |              0.171 |             0.0675 |               10.7 |
                920 |             -0.736 |             -0.625 |              0.121 |             0.0675 |               10.9 |
                930 |             -0.784 |             -0.564 |              0.113 |             0.0675 |               10.8 |
                940 |             -0.793 |             -0.618 |              0.143 |             0.0675 |               11.3 |
                950 |               -0.7 |             -0.585 |              0.195 |             0.0675 |               10.9 |
                960 |             -0.781 |             -0.599 |              0.111 |             0.0675 |               10.8 |
                970 |             -0.766 |              -0.63 |              0.164 |             0.0675 |               11.2 |
                980 |              -0.71 |             -0.571 |              0.114 |             0.0675 |               10.4 |
                990 |             -0.802 |             -0.673 |              0.138 |             0.0675 |               10.9 |
Training complete: 
   Data path: /work/qgan/data/train/ang-qml_torch-q4-noiseless-REG-aerCPU-rand0.5-seed0 
   Best eval: 0.0675475001335144 
   Total time: 1111.2581601142883

Running: /work/qgan/data/train/ang-qml_torch-q4-noiseless-REG-aerCPU-rand0.1-seed2/config.yaml
              Epoch |     Generator cost | Discriminator cost |               Eval |          Best eval |               Time |
Training complete: 
   Data path: /work/qgan/data/train/ang-qml_torch-q4-noiseless-REG-aerCPU-rand0.1-seed2 
   Best eval: -0.0 
   Total time: 1845.1370477676392

Running: /work/qgan/data/train/base-qml_torch-q8-noiseless-PSR-aerCPU-rand1-seed0/config.yaml
              Epoch |     Generator cost | Discriminator cost |               Eval |          Best eval |               Time |
Training complete: 
   Data path: /work/qgan/data/train/base-qml_torch-q8-noiseless-PSR-aerCPU-rand1-seed0 
   Best eval: 1.5463586698993514 
   Total time: 747.3668150901794

Running: /work/qgan/data/train/base-qml_torch-q8-noiseless-PSR-aerCPU-rand0.25-seed2/config.yaml
              Epoch |     Generator cost | Discriminator cost |               Eval |          Best eval |               Time |
Training complete: 
   Data path: /work/qgan/data/train/base-qml_torch-q8-noiseless-PSR-aerCPU-rand0.25-seed2 
   Best eval: 0.4263039922954993 
   Total time: 748.3097715377808

Running: /work/qgan/data/train/base-qml_torch-q4-noiseless-REG-aerCPU-rand0-seed1/config.yaml
              Epoch |     Generator cost | Discriminator cost |               Eval |          Best eval |               Time |
Training complete: 
   Data path: /work/qgan/data/train/base-qml_torch-q4-noiseless-REG-aerCPU-rand0-seed1 
   Best eval: 0.052741173144040976 
   Total time: 89.0452892780304

Running: /work/qgan/data/train/base-qml_torch-q4-noiseless-REG-aerCPU-rand0.5-seed2/config.yaml
              Epoch |     Generator cost | Discriminator cost |               Eval |          Best eval |               Time |
Training complete: 
   Data path: /work/qgan/data/train/base-qml_torch-q4-noiseless-REG-aerCPU-rand0.5-seed2 
   Best eval: 0.054307109888477895 
   Total time: 82.20164060592651

Running: /work/qgan/data/train/amp-qml_torch-q4-noiseless-SPSA-aerCPU-rand0.1-seed1/config.yaml
              Epoch |     Generator cost | Discriminator cost |               Eval |          Best eval |               Time |
Training complete: 
   Data path: /work/qgan/data/train/amp-qml_torch-q4-noiseless-SPSA-aerCPU-rand0.1-seed1 
   Best eval: 0.06159009756583142 
   Total time: 54.58112096786499

Running: /work/qgan/data/train/amp-qml_torch-q4-noiseless-SPSA-aerCPU-rand1-seed2/config.yaml
Training data file created.
              Epoch |     Generator cost | Discriminator cost |               Eval |          Best eval |               Time |
                  0 |             -0.437 |             -0.376 |             0.0405 |             0.0405 |             0.0652 |
                 10 |             -0.617 |             -0.438 |             0.0453 |             0.0252 |              0.685 |
                 20 |             -0.451 |             -0.438 |             0.0617 |              0.025 |              0.633 |
                 30 |             -0.443 |             -0.351 |             0.0246 |             0.0197 |              0.576 |
                 40 |             -0.564 |               -0.4 |              0.034 |             0.0197 |              0.638 |
                 50 |               -0.5 |             -0.454 |             0.0584 |             0.0161 |              0.662 |
                 60 |             -0.391 |             -0.504 |             0.0424 |             0.0161 |              0.613 |
                 70 |             -0.568 |             -0.453 |             0.0693 |             0.0161 |              0.583 |
                 80 |              -0.56 |             -0.514 |             0.0359 |             0.0161 |              0.676 |
                 90 |             -0.457 |             -0.527 |             0.0476 |             0.0161 |              0.641 |
                100 |             -0.399 |             -0.556 |             0.0284 |             0.0161 |              0.623 |
                110 |             -0.574 |             -0.504 |              0.041 |            0.00747 |              0.578 |
                120 |             -0.536 |             -0.589 |             0.0365 |            0.00747 |              0.665 |
                130 |             -0.453 |              -0.59 |             0.0787 |            0.00747 |              0.591 |
                140 |             -0.369 |             -0.646 |             0.0367 |            0.00747 |              0.589 |
                150 |             -0.491 |             -0.536 |             0.0288 |            0.00747 |              0.543 |
                160 |             -0.306 |             -0.661 |             0.0354 |            0.00747 |              0.613 |
                170 |             -0.682 |             -0.711 |               0.03 |            0.00747 |              0.602 |
                180 |             -0.537 |             -0.618 |             0.0792 |            0.00747 |              0.576 |
                190 |             -0.698 |             -0.659 |             0.0614 |            0.00747 |              0.544 |
                200 |              -0.35 |             -0.729 |             0.0483 |            0.00448 |              0.611 |
                210 |             -0.456 |             -0.674 |             0.0693 |            0.00448 |              0.617 |
                220 |             -0.634 |             -0.682 |             0.0415 |            0.00448 |              0.593 |
                230 |             -0.434 |             -0.632 |             0.0492 |            0.00448 |              0.579 |
                240 |             -0.526 |             -0.666 |             0.0607 |            0.00448 |              0.599 |
                250 |             -0.648 |             -0.783 |             0.0452 |            0.00448 |              0.609 |
                260 |             -0.799 |             -0.642 |             0.0406 |            0.00448 |              0.592 |
                270 |             -0.625 |             -0.832 |             0.0471 |            0.00448 |              0.546 |
                280 |             -0.614 |             -0.689 |             0.0645 |            0.00448 |              0.622 |
                290 |              -0.67 |             -0.538 |             0.0364 |            0.00448 |              0.617 |
                300 |             -0.302 |             -0.719 |             0.0363 |            0.00448 |              0.544 |
                310 |               -0.5 |               -0.7 |             0.0733 |            0.00448 |              0.598 |
                320 |              -0.33 |             -0.536 |             0.0222 |            0.00448 |              0.576 |
                330 |             -0.305 |             -0.752 |             0.0281 |            0.00448 |              0.612 |
                340 |             -0.138 |             -0.753 |             0.0458 |            0.00448 |              0.542 |
                350 |             -0.381 |             -0.646 |             0.0789 |            0.00448 |              0.624 |
                360 |             -0.345 |             -0.767 |             0.0612 |            0.00448 |              0.552 |
                370 |             -0.521 |              -0.67 |             0.0191 |            0.00448 |              0.618 |
                380 |             -0.925 |             -0.694 |             0.0618 |            0.00448 |              0.573 |
                390 |              -0.69 |             -0.659 |             0.0724 |            0.00448 |              0.591 |
                400 |             -0.371 |             -0.726 |             0.0555 |            0.00448 |              0.601 |
                410 |             -0.377 |             -0.692 |             0.0521 |            0.00448 |              0.627 |
                420 |             -0.572 |             -0.599 |             0.0551 |            0.00448 |               0.55 |
                430 |             -0.396 |             -0.658 |             0.0605 |            0.00448 |              0.604 |
                440 |             -0.328 |             -0.624 |             0.0449 |            0.00448 |              0.554 |
                450 |             -0.614 |             -0.753 |             0.0347 |            0.00448 |              0.629 |
                460 |             -0.447 |             -0.876 |             0.0469 |            0.00448 |              0.546 |
                470 |             -0.594 |             -0.842 |             0.0344 |            0.00448 |               0.58 |
                480 |             -0.591 |             -0.775 |             0.0609 |            0.00448 |              0.585 |
                490 |             -0.623 |             -0.677 |             0.0521 |            0.00448 |              0.613 |
                500 |             -0.496 |             -0.712 |              0.041 |            0.00448 |              0.552 |
                510 |             -0.497 |             -0.787 |             0.0417 |            0.00448 |              0.586 |
                520 |             -0.549 |             -0.776 |             0.0489 |            0.00448 |              0.587 |
                530 |              -0.58 |             -0.791 |             0.0364 |            0.00448 |              0.613 |
                540 |             -0.623 |             -0.786 |             0.0569 |            0.00448 |               0.59 |
                550 |             -0.183 |             -0.606 |             0.0637 |            0.00448 |              0.562 |
                560 |             -0.404 |             -0.746 |             0.0469 |            0.00448 |              0.596 |
                570 |             -0.444 |             -0.811 |             0.0363 |            0.00448 |               0.57 |
                580 |             -0.519 |             -0.669 |             0.0503 |            0.00448 |              0.593 |
                590 |              -0.14 |              -0.59 |             0.0462 |            0.00374 |              0.578 |
                600 |             -0.718 |             -0.689 |             0.0437 |            0.00374 |              0.587 |
                610 |             -0.622 |             -0.799 |             0.0694 |            0.00374 |              0.619 |
                620 |             -0.623 |             -0.638 |             0.0271 |            0.00374 |              0.577 |
                630 |             -0.585 |              -0.59 |             0.0704 |            0.00374 |              0.586 |
                640 |             -0.464 |             -0.649 |             0.0442 |            0.00374 |              0.574 |
                650 |             -0.464 |             -0.864 |             0.0805 |            0.00374 |              0.621 |
                660 |             -0.452 |              -0.71 |             0.0501 |            0.00374 |              0.607 |
                670 |             -0.609 |             -0.892 |             0.0687 |            0.00374 |              0.566 |
                680 |             -0.625 |             -0.789 |             0.0547 |            0.00374 |              0.598 |
                690 |             -0.453 |             -0.767 |             0.0581 |            0.00374 |              0.622 |
                700 |             -0.807 |              -0.69 |             0.0381 |            0.00374 |              0.599 |
                710 |              -0.47 |             -0.828 |             0.0535 |            0.00374 |              0.587 |
                720 |             -0.316 |             -0.699 |             0.0332 |            0.00374 |              0.567 |
                730 |             -0.466 |             -0.566 |             0.0493 |            0.00374 |              0.616 |
                740 |             -0.316 |             -0.711 |              0.061 |            0.00374 |              0.589 |
                750 |             -0.724 |             -0.725 |             0.0174 |            0.00374 |              0.587 |
                760 |             -0.519 |             -0.832 |             0.0537 |            0.00374 |              0.589 |
                770 |             -0.518 |             -0.885 |            0.00155 |            0.00155 |              0.618 |
                780 |             -0.352 |             -0.686 |             0.0356 |            0.00155 |              0.587 |
                790 |             -0.414 |             -0.629 |             0.0443 |            0.00155 |               0.56 |
                800 |             -0.238 |             -0.889 |             0.0719 |            0.00155 |              0.545 |
                810 |             -0.306 |             -0.669 |              0.042 |            0.00155 |              0.623 |
                820 |             -0.503 |             -0.603 |             0.0183 |            0.00155 |              0.589 |
                830 |              -0.83 |             -0.707 |             0.0408 |            0.00155 |              0.588 |
                840 |             -0.652 |             -0.739 |             0.0496 |            0.00155 |              0.544 |
                850 |             -0.428 |             -0.819 |             0.0653 |            0.00155 |              0.589 |
                860 |             -0.289 |             -0.706 |             0.0673 |            0.00155 |               0.63 |
                870 |             -0.273 |             -0.898 |             0.0589 |            0.00155 |              0.567 |
                880 |              -0.71 |             -0.778 |             0.0645 |            0.00155 |              0.544 |
                890 |             -0.668 |             -0.633 |             0.0406 |            0.00155 |              0.568 |
                900 |             -0.503 |             -0.709 |             0.0536 |            0.00155 |              0.617 |
                910 |             -0.315 |             -0.823 |             0.0735 |            0.00155 |              0.588 |
                920 |             -0.498 |              -0.77 |             0.0365 |            0.00155 |              0.544 |
                930 |             -0.599 |             -0.708 |             0.0548 |            0.00155 |              0.558 |
                940 |             -0.301 |             -0.768 |             0.0548 |            0.00155 |              0.612 |
                950 |             -0.628 |             -0.753 |             0.0301 |            0.00155 |               0.59 |
                960 |             -0.723 |             -0.798 |             0.0632 |            0.00155 |              0.543 |
                970 |             -0.592 |             -0.886 |             0.0377 |            0.00155 |              0.568 |
                980 |             -0.507 |             -0.762 |             0.0529 |            0.00155 |              0.586 |
                990 |             -0.269 |             -0.855 |             0.0508 |            0.00155 |              0.613 |
Training complete: 
   Data path: /work/qgan/data/train/amp-qml_torch-q4-noiseless-SPSA-aerCPU-rand1-seed2 
   Best eval: 0.0015470871607415324 
   Total time: 59.18453574180603

Running: /work/qgan/data/train/base-qml_torch-q4-noisy-PSR-aerCPU-rand0.25-seed1/config.yaml
Training data file created.
              Epoch |     Generator cost | Discriminator cost |               Eval |          Best eval |               Time |
                  0 |             -0.541 |             -0.385 |               1.67 |               1.67 |                260 |
                 10 |             -0.547 |              -0.53 |                2.4 |              0.433 |           2.69e+03 |
                 20 |             -0.535 |             -0.571 |               1.99 |              0.433 |           2.62e+03 |
                 30 |             -0.573 |               -0.5 |               2.67 |              0.433 |           2.72e+03 |
                 40 |             -0.629 |             -0.496 |               2.58 |              0.433 |           2.69e+03 |
                 50 |             -0.704 |             -0.554 |               2.91 |              0.433 |           2.69e+03 |
                 60 |             -0.654 |             -0.496 |               1.43 |              0.433 |            2.7e+03 |
                 70 |             -0.549 |             -0.494 |               3.33 |              0.433 |           2.67e+03 |
                 80 |             -0.808 |             -0.493 |                1.8 |              0.433 |           2.68e+03 |
                 90 |             -0.847 |              -0.52 |               2.12 |              0.433 |           2.66e+03 |
                100 |             -0.868 |             -0.481 |               1.72 |              0.433 |           2.65e+03 |
                110 |             -0.835 |             -0.517 |               1.72 |              0.433 |           2.69e+03 |
