Creating config files for cpu4_times_amp_q4_noisy_psr_rand1:
Configuration file written. Path: /work/qgan/data/train/times/amp-qml_torch-q4-noisy-PSR-aerCPU-rand1-seed0:cpu4/config.yaml

Creating config files for cpu4_times_base_q8_noisy_psr_rand1:
Configuration file written. Path: /work/qgan/data/train/times/base-qml_torch-q8-noisy-PSR-aerCPU-rand1-seed0:cpu4/config.yaml

Creating config files for cpu4_times_ang_q4_noisy_spsa_rand1:
Configuration file written. Path: /work/qgan/data/train/times/ang-qml_torch-q4-noisy-SPSA-aerCPU-rand1-seed0:cpu4/config.yaml

Creating config files for cpu4_times_base_q8_noisy_spsa_rand0:
Configuration file written. Path: /work/qgan/data/train/times/base-qml_torch-q8-noisy-SPSA-aerCPU-rand0-seed0:cpu4/config.yaml

Creating config files for cpu4_times_base_q16_noiseless_psr_rand0:
Configuration file written. Path: /work/qgan/data/train/times/base-qml_torch-q16-noiseless-PSR-aerCPU-rand0-seed0:cpu4/config.yaml

Creating config files for cpu4_times_ang_q8_noiseless_reg_rand1:
Configuration file written. Path: /work/qgan/data/train/times/ang-qml_torch-q8-noiseless-REG-aerCPU-rand1-seed0:cpu4/config.yaml

Creating config files for cpu4_times_ang_q4_noiseless_psr_rand1:
Configuration file written. Path: /work/qgan/data/train/times/ang-qml_torch-q4-noiseless-PSR-aerCPU-rand1-seed0:cpu4/config.yaml

Creating config files for cpu4_times_ang_q8_noiseless_spsa_rand0:
Configuration file written. Path: /work/qgan/data/train/times/ang-qml_torch-q8-noiseless-SPSA-aerCPU-rand0-seed0:cpu4/config.yaml

Creating config files for cpu4_times_base_q8_noiseless_reg_rand0:
Configuration file written. Path: /work/qgan/data/train/times/base-qml_torch-q8-noiseless-REG-aerCPU-rand0-seed0:cpu4/config.yaml

Creating config files for cpu4_times_base_q4_noiseless_psr_rand0:
Configuration file written. Path: /work/qgan/data/train/times/base-qml_torch-q4-noiseless-PSR-aerCPU-rand0-seed0:cpu4/config.yaml

Creating config files for cpu4_times_base_q4_noiseless_psr_rand1:
Configuration file written. Path: /work/qgan/data/train/times/base-qml_torch-q4-noiseless-PSR-aerCPU-rand1-seed0:cpu4/config.yaml

Creating config files for cpu4_times_amp_q8_noiseless_spsa_rand0:
Configuration file written. Path: /work/qgan/data/train/times/amp-qml_torch-q8-noiseless-SPSA-aerCPU-rand0-seed0:cpu4/config.yaml

Creating config files for cpu4_times_base_q4_noiseless_reg_rand0:
Configuration file written. Path: /work/qgan/data/train/times/base-qml_torch-q4-noiseless-REG-aerCPU-rand0-seed0:cpu4/config.yaml

Creating config files for cpu4_times_amp_q4_noiseless_spsa_rand0:
Configuration file written. Path: /work/qgan/data/train/times/amp-qml_torch-q4-noiseless-SPSA-aerCPU-rand0-seed0:cpu4/config.yaml

14 battery configuration files ready.

Running: /work/qgan/data/train/times/amp-qml_torch-q4-noisy-PSR-aerCPU-rand1-seed0:cpu4/config.yaml
Training data file created.
              Epoch |     Generator cost | Discriminator cost |               Eval |          Best eval |               Time |
                  0 |             -0.514 |             -0.419 |             0.0738 |             0.0738 |                906 |

Interrupter: will stop after the current epoch. Press Ctrl+C again to force quit.
