Creating config files for qml_torch_noiseless:
Configuration file written. Path: /work/qgan/data/train/times/base-qml_torch-q4-noiseless-PSR-aerCPU-rand0-seed0/config.yaml
Configuration file written. Path: /work/qgan/data/train/times/base-qml_torch-q4-noiseless-PSR-aerCPU-rand1-seed0/config.yaml
Configuration file written. Path: /work/qgan/data/train/times/base-qml_torch-q8-noiseless-PSR-aerCPU-rand0-seed0/config.yaml
Configuration file written. Path: /work/qgan/data/train/times/base-qml_torch-q8-noiseless-PSR-aerCPU-rand1-seed0/config.yaml
Configuration file written. Path: /work/qgan/data/train/times/base-qml_torch-q16-noiseless-PSR-aerCPU-rand0-seed0/config.yaml
Configuration file written. Path: /work/qgan/data/train/times/base-qml_torch-q16-noiseless-PSR-aerCPU-rand1-seed0/config.yaml
Configuration file written. Path: /work/qgan/data/train/times/base-qml_torch-q4-noiseless-SPSA-aerCPU-rand0-seed0/config.yaml
Configuration file written. Path: /work/qgan/data/train/times/base-qml_torch-q4-noiseless-SPSA-aerCPU-rand1-seed0/config.yaml
Configuration file written. Path: /work/qgan/data/train/times/base-qml_torch-q8-noiseless-SPSA-aerCPU-rand0-seed0/config.yaml
Configuration file written. Path: /work/qgan/data/train/times/base-qml_torch-q8-noiseless-SPSA-aerCPU-rand1-seed0/config.yaml
Configuration file written. Path: /work/qgan/data/train/times/base-qml_torch-q16-noiseless-SPSA-aerCPU-rand0-seed0/config.yaml
Configuration file written. Path: /work/qgan/data/train/times/base-qml_torch-q16-noiseless-SPSA-aerCPU-rand1-seed0/config.yaml
Configuration file written. Path: /work/qgan/data/train/times/base-qml_torch-q4-noiseless-REG-aerCPU-rand0-seed0/config.yaml
Configuration file written. Path: /work/qgan/data/train/times/base-qml_torch-q4-noiseless-REG-aerCPU-rand1-seed0/config.yaml
Configuration file written. Path: /work/qgan/data/train/times/base-qml_torch-q8-noiseless-REG-aerCPU-rand0-seed0/config.yaml
Configuration file written. Path: /work/qgan/data/train/times/base-qml_torch-q8-noiseless-REG-aerCPU-rand1-seed0/config.yaml
Configuration file written. Path: /work/qgan/data/train/times/base-qml_torch-q16-noiseless-REG-aerCPU-rand0-seed0/config.yaml
Configuration file written. Path: /work/qgan/data/train/times/base-qml_torch-q16-noiseless-REG-aerCPU-rand1-seed0/config.yaml
Configuration file written. Path: /work/qgan/data/train/times/ang-qml_torch-q4-noiseless-PSR-aerCPU-rand0-seed0/config.yaml
Configuration file written. Path: /work/qgan/data/train/times/ang-qml_torch-q4-noiseless-PSR-aerCPU-rand1-seed0/config.yaml
Configuration file written. Path: /work/qgan/data/train/times/ang-qml_torch-q8-noiseless-PSR-aerCPU-rand0-seed0/config.yaml
Configuration file written. Path: /work/qgan/data/train/times/ang-qml_torch-q8-noiseless-PSR-aerCPU-rand1-seed0/config.yaml
Configuration file written. Path: /work/qgan/data/train/times/ang-qml_torch-q16-noiseless-PSR-aerCPU-rand0-seed0/config.yaml
Configuration file written. Path: /work/qgan/data/train/times/ang-qml_torch-q16-noiseless-PSR-aerCPU-rand1-seed0/config.yaml
Configuration file written. Path: /work/qgan/data/train/times/ang-qml_torch-q4-noiseless-SPSA-aerCPU-rand0-seed0/config.yaml
Configuration file written. Path: /work/qgan/data/train/times/ang-qml_torch-q4-noiseless-SPSA-aerCPU-rand1-seed0/config.yaml
Configuration file written. Path: /work/qgan/data/train/times/ang-qml_torch-q8-noiseless-SPSA-aerCPU-rand0-seed0/config.yaml
Configuration file written. Path: /work/qgan/data/train/times/ang-qml_torch-q8-noiseless-SPSA-aerCPU-rand1-seed0/config.yaml
Configuration file written. Path: /work/qgan/data/train/times/ang-qml_torch-q16-noiseless-SPSA-aerCPU-rand0-seed0/config.yaml
Configuration file written. Path: /work/qgan/data/train/times/ang-qml_torch-q16-noiseless-SPSA-aerCPU-rand1-seed0/config.yaml
Configuration file written. Path: /work/qgan/data/train/times/ang-qml_torch-q4-noiseless-REG-aerCPU-rand0-seed0/config.yaml
Configuration file written. Path: /work/qgan/data/train/times/ang-qml_torch-q4-noiseless-REG-aerCPU-rand1-seed0/config.yaml
Configuration file written. Path: /work/qgan/data/train/times/ang-qml_torch-q8-noiseless-REG-aerCPU-rand0-seed0/config.yaml
Configuration file written. Path: /work/qgan/data/train/times/ang-qml_torch-q8-noiseless-REG-aerCPU-rand1-seed0/config.yaml
Configuration file written. Path: /work/qgan/data/train/times/ang-qml_torch-q16-noiseless-REG-aerCPU-rand0-seed0/config.yaml
Configuration file written. Path: /work/qgan/data/train/times/ang-qml_torch-q16-noiseless-REG-aerCPU-rand1-seed0/config.yaml
Configuration file written. Path: /work/qgan/data/train/times/amp-qml_torch-q4-noiseless-PSR-aerCPU-rand0-seed0/config.yaml
Configuration file written. Path: /work/qgan/data/train/times/amp-qml_torch-q4-noiseless-PSR-aerCPU-rand1-seed0/config.yaml
Configuration file written. Path: /work/qgan/data/train/times/amp-qml_torch-q8-noiseless-PSR-aerCPU-rand0-seed0/config.yaml
Configuration file written. Path: /work/qgan/data/train/times/amp-qml_torch-q8-noiseless-PSR-aerCPU-rand1-seed0/config.yaml
Configuration file written. Path: /work/qgan/data/train/times/amp-qml_torch-q16-noiseless-PSR-aerCPU-rand0-seed0/config.yaml
Configuration file written. Path: /work/qgan/data/train/times/amp-qml_torch-q16-noiseless-PSR-aerCPU-rand1-seed0/config.yaml
Configuration file written. Path: /work/qgan/data/train/times/amp-qml_torch-q4-noiseless-SPSA-aerCPU-rand0-seed0/config.yaml
Configuration file written. Path: /work/qgan/data/train/times/amp-qml_torch-q4-noiseless-SPSA-aerCPU-rand1-seed0/config.yaml
Configuration file written. Path: /work/qgan/data/train/times/amp-qml_torch-q8-noiseless-SPSA-aerCPU-rand0-seed0/config.yaml
Configuration file written. Path: /work/qgan/data/train/times/amp-qml_torch-q8-noiseless-SPSA-aerCPU-rand1-seed0/config.yaml
Configuration file written. Path: /work/qgan/data/train/times/amp-qml_torch-q16-noiseless-SPSA-aerCPU-rand0-seed0/config.yaml
Configuration file written. Path: /work/qgan/data/train/times/amp-qml_torch-q16-noiseless-SPSA-aerCPU-rand1-seed0/config.yaml
Configuration file written. Path: /work/qgan/data/train/times/amp-qml_torch-q4-noiseless-REG-aerCPU-rand0-seed0/config.yaml
Configuration file written. Path: /work/qgan/data/train/times/amp-qml_torch-q4-noiseless-REG-aerCPU-rand1-seed0/config.yaml
Configuration file written. Path: /work/qgan/data/train/times/amp-qml_torch-q8-noiseless-REG-aerCPU-rand0-seed0/config.yaml
Configuration file written. Path: /work/qgan/data/train/times/amp-qml_torch-q8-noiseless-REG-aerCPU-rand1-seed0/config.yaml
Configuration file written. Path: /work/qgan/data/train/times/amp-qml_torch-q16-noiseless-REG-aerCPU-rand0-seed0/config.yaml
Configuration file written. Path: /work/qgan/data/train/times/amp-qml_torch-q16-noiseless-REG-aerCPU-rand1-seed0/config.yaml

Creating config files for qml_torch_noisy:
Configuration file written. Path: /work/qgan/data/train/times/base-qml_torch-q4-noisy-SPSA-aerCPU-rand0-seed0/config.yaml
Configuration file written. Path: /work/qgan/data/train/times/base-qml_torch-q4-noisy-SPSA-aerCPU-rand1-seed0/config.yaml
Configuration file written. Path: /work/qgan/data/train/times/base-qml_torch-q8-noisy-SPSA-aerCPU-rand0-seed0/config.yaml
Configuration file written. Path: /work/qgan/data/train/times/base-qml_torch-q8-noisy-SPSA-aerCPU-rand1-seed0/config.yaml
Configuration file written. Path: /work/qgan/data/train/times/base-qml_torch-q16-noisy-SPSA-aerCPU-rand0-seed0/config.yaml
Configuration file written. Path: /work/qgan/data/train/times/base-qml_torch-q16-noisy-SPSA-aerCPU-rand1-seed0/config.yaml
Configuration file written. Path: /work/qgan/data/train/times/base-qml_torch-q4-noisy-PSR-aerCPU-rand0-seed0/config.yaml
Configuration file written. Path: /work/qgan/data/train/times/base-qml_torch-q4-noisy-PSR-aerCPU-rand1-seed0/config.yaml
Configuration file written. Path: /work/qgan/data/train/times/base-qml_torch-q8-noisy-PSR-aerCPU-rand0-seed0/config.yaml
Configuration file written. Path: /work/qgan/data/train/times/base-qml_torch-q8-noisy-PSR-aerCPU-rand1-seed0/config.yaml
Configuration file written. Path: /work/qgan/data/train/times/base-qml_torch-q16-noisy-PSR-aerCPU-rand0-seed0/config.yaml
Configuration file written. Path: /work/qgan/data/train/times/base-qml_torch-q16-noisy-PSR-aerCPU-rand1-seed0/config.yaml
Configuration file written. Path: /work/qgan/data/train/times/ang-qml_torch-q4-noisy-SPSA-aerCPU-rand0-seed0/config.yaml
Configuration file written. Path: /work/qgan/data/train/times/ang-qml_torch-q4-noisy-SPSA-aerCPU-rand1-seed0/config.yaml
Configuration file written. Path: /work/qgan/data/train/times/ang-qml_torch-q8-noisy-SPSA-aerCPU-rand0-seed0/config.yaml
Configuration file written. Path: /work/qgan/data/train/times/ang-qml_torch-q8-noisy-SPSA-aerCPU-rand1-seed0/config.yaml
Configuration file written. Path: /work/qgan/data/train/times/ang-qml_torch-q16-noisy-SPSA-aerCPU-rand0-seed0/config.yaml
Configuration file written. Path: /work/qgan/data/train/times/ang-qml_torch-q16-noisy-SPSA-aerCPU-rand1-seed0/config.yaml
Configuration file written. Path: /work/qgan/data/train/times/ang-qml_torch-q4-noisy-PSR-aerCPU-rand0-seed0/config.yaml
Configuration file written. Path: /work/qgan/data/train/times/ang-qml_torch-q4-noisy-PSR-aerCPU-rand1-seed0/config.yaml
Configuration file written. Path: /work/qgan/data/train/times/ang-qml_torch-q8-noisy-PSR-aerCPU-rand0-seed0/config.yaml
Configuration file written. Path: /work/qgan/data/train/times/ang-qml_torch-q8-noisy-PSR-aerCPU-rand1-seed0/config.yaml
Configuration file written. Path: /work/qgan/data/train/times/ang-qml_torch-q16-noisy-PSR-aerCPU-rand0-seed0/config.yaml
Configuration file written. Path: /work/qgan/data/train/times/ang-qml_torch-q16-noisy-PSR-aerCPU-rand1-seed0/config.yaml
Configuration file written. Path: /work/qgan/data/train/times/amp-qml_torch-q4-noisy-SPSA-aerCPU-rand0-seed0/config.yaml
Configuration file written. Path: /work/qgan/data/train/times/amp-qml_torch-q4-noisy-SPSA-aerCPU-rand1-seed0/config.yaml
Configuration file written. Path: /work/qgan/data/train/times/amp-qml_torch-q8-noisy-SPSA-aerCPU-rand0-seed0/config.yaml
Configuration file written. Path: /work/qgan/data/train/times/amp-qml_torch-q8-noisy-SPSA-aerCPU-rand1-seed0/config.yaml
Configuration file written. Path: /work/qgan/data/train/times/amp-qml_torch-q16-noisy-SPSA-aerCPU-rand0-seed0/config.yaml
Configuration file written. Path: /work/qgan/data/train/times/amp-qml_torch-q16-noisy-SPSA-aerCPU-rand1-seed0/config.yaml
Configuration file written. Path: /work/qgan/data/train/times/amp-qml_torch-q4-noisy-PSR-aerCPU-rand0-seed0/config.yaml
Configuration file written. Path: /work/qgan/data/train/times/amp-qml_torch-q4-noisy-PSR-aerCPU-rand1-seed0/config.yaml
Configuration file written. Path: /work/qgan/data/train/times/amp-qml_torch-q8-noisy-PSR-aerCPU-rand0-seed0/config.yaml
Configuration file written. Path: /work/qgan/data/train/times/amp-qml_torch-q8-noisy-PSR-aerCPU-rand1-seed0/config.yaml
Configuration file written. Path: /work/qgan/data/train/times/amp-qml_torch-q16-noisy-PSR-aerCPU-rand0-seed0/config.yaml
Configuration file written. Path: /work/qgan/data/train/times/amp-qml_torch-q16-noisy-PSR-aerCPU-rand1-seed0/config.yaml

90 battery configuration files ready.

Running: /work/qgan/data/train/times/base-qml_torch-q4-noiseless-PSR-aerCPU-rand0-seed0/config.yaml
Training data file created.
              Epoch |     Generator cost | Discriminator cost |               Eval |          Best eval |               Time |
                  0 |             -0.888 |             -0.275 |               4.05 |               4.05 |              0.272 |
                  1 |             -0.913 |             -0.267 |               3.96 |               3.96 |              0.222 |
                  2 |             -0.939 |             -0.285 |               3.85 |               3.85 |              0.222 |
                  3 |             -0.896 |             -0.292 |               3.79 |               3.79 |              0.222 |
                  4 |             -0.889 |             -0.269 |               3.77 |               3.77 |              0.222 |
                  5 |             -0.911 |             -0.262 |               3.72 |               3.72 |              0.223 |
                  6 |             -0.897 |             -0.265 |               3.65 |               3.65 |              0.223 |
                  7 |             -0.924 |             -0.272 |               3.61 |               3.61 |              0.222 |
                  8 |             -0.916 |             -0.266 |               3.58 |               3.58 |              0.222 |
                  9 |             -0.947 |             -0.281 |               3.55 |               3.55 |              0.222 |
Training complete: 
   Data path: /work/qgan/data/train/times/base-qml_torch-q4-noiseless-PSR-aerCPU-rand0-seed0 
   Best eval: 3.5501545800750796 
   Total time: 2.271958827972412

Running: /work/qgan/data/train/times/base-qml_torch-q4-noiseless-PSR-aerCPU-rand1-seed0/config.yaml
Training data file created.
              Epoch |     Generator cost | Discriminator cost |               Eval |          Best eval |               Time |
                  0 |             -0.603 |             -0.446 |               1.53 |               1.53 |              0.238 |
                  1 |             -0.448 |             -0.466 |               3.27 |               1.53 |              0.226 |
                  2 |             -0.491 |             -0.529 |               1.52 |               1.52 |              0.226 |
                  3 |             -0.479 |             -0.492 |               2.98 |               1.52 |              0.225 |
                  4 |             -0.421 |             -0.527 |               3.52 |               1.52 |              0.226 |
                  5 |              -0.52 |             -0.616 |               1.76 |               1.52 |              0.226 |
                  6 |             -0.476 |             -0.451 |               1.53 |               1.52 |              0.226 |
                  7 |             -0.459 |             -0.378 |               2.81 |               1.52 |              0.226 |
                  8 |             -0.596 |             -0.486 |               2.88 |               1.52 |              0.226 |
                  9 |             -0.622 |             -0.458 |               4.24 |               1.52 |              0.226 |
Training complete: 
   Data path: /work/qgan/data/train/times/base-qml_torch-q4-noiseless-PSR-aerCPU-rand1-seed0 
   Best eval: 1.5170520871644864 
   Total time: 2.269253730773926

Running: /work/qgan/data/train/times/base-qml_torch-q8-noiseless-PSR-aerCPU-rand0-seed0/config.yaml
Training data file created.
              Epoch |     Generator cost | Discriminator cost |               Eval |          Best eval |               Time |
                  0 |              -0.94 |             -0.268 |               6.36 |               6.36 |              0.755 |
                  1 |             -0.928 |             -0.259 |               6.45 |               6.36 |              0.731 |
                  2 |             -0.934 |             -0.247 |               6.51 |               6.36 |              0.731 |
                  3 |             -0.922 |             -0.274 |               6.53 |               6.36 |              0.731 |
                  4 |              -0.92 |             -0.272 |               6.56 |               6.36 |              0.731 |
                  5 |             -0.928 |             -0.245 |               6.68 |               6.36 |              0.734 |
                  6 |             -0.939 |             -0.261 |               6.67 |               6.36 |              0.731 |
                  7 |             -0.926 |             -0.264 |               6.63 |               6.36 |              0.732 |
                  8 |             -0.898 |             -0.245 |               6.47 |               6.36 |              0.732 |
                  9 |             -0.924 |             -0.262 |               6.35 |               6.35 |              0.732 |
Training complete: 
   Data path: /work/qgan/data/train/times/base-qml_torch-q8-noiseless-PSR-aerCPU-rand0-seed0 
   Best eval: 6.347195983213647 
   Total time: 7.34104323387146

Running: /work/qgan/data/train/times/base-qml_torch-q8-noiseless-PSR-aerCPU-rand1-seed0/config.yaml
Training data file created.
              Epoch |     Generator cost | Discriminator cost |               Eval |          Best eval |               Time |
                  0 |             -0.574 |             -0.497 |                3.1 |                3.1 |              0.776 |
                  1 |             -0.462 |             -0.466 |               4.36 |                3.1 |              0.752 |
                  2 |             -0.232 |             -0.457 |               2.12 |               2.12 |              0.751 |
                  3 |             -0.725 |             -0.478 |               3.59 |               2.12 |              0.752 |
                  4 |             -0.542 |             -0.463 |               3.64 |               2.12 |              0.751 |
                  5 |             -0.446 |             -0.501 |               2.95 |               2.12 |              0.752 |
                  6 |             -0.312 |             -0.465 |               3.01 |               2.12 |              0.752 |
                  7 |              -0.47 |             -0.504 |               3.92 |               2.12 |              0.752 |
                  8 |             -0.434 |              -0.47 |               3.28 |               2.12 |              0.752 |
                  9 |              -0.55 |             -0.539 |               2.64 |               2.12 |              0.754 |
Training complete: 
   Data path: /work/qgan/data/train/times/base-qml_torch-q8-noiseless-PSR-aerCPU-rand1-seed0 
   Best eval: 2.1197576618644005 
   Total time: 7.54403829574585

Running: /work/qgan/data/train/times/base-qml_torch-q16-noiseless-PSR-aerCPU-rand0-seed0/config.yaml
Training data file created.
              Epoch |     Generator cost | Discriminator cost |               Eval |          Best eval |               Time |
                  0 |             -0.801 |             -0.347 |               9.44 |               9.44 |               8.35 |
                  1 |             -0.801 |             -0.358 |               9.43 |               9.43 |               8.31 |
                  2 |             -0.768 |             -0.337 |               9.42 |               9.42 |               8.31 |
                  3 |             -0.774 |              -0.36 |               9.39 |               9.39 |               8.31 |
                  4 |             -0.783 |             -0.337 |               9.37 |               9.37 |               8.31 |
                  5 |             -0.767 |              -0.35 |               9.35 |               9.35 |               8.31 |
                  6 |             -0.791 |             -0.361 |               9.32 |               9.32 |               8.31 |
                  7 |             -0.801 |             -0.348 |               9.31 |               9.31 |               8.31 |
                  8 |             -0.762 |             -0.339 |                9.3 |                9.3 |               8.31 |
                  9 |             -0.808 |             -0.376 |               9.29 |               9.29 |               8.49 |
Training complete: 
   Data path: /work/qgan/data/train/times/base-qml_torch-q16-noiseless-PSR-aerCPU-rand0-seed0 
   Best eval: 9.2861875615791 
   Total time: 83.30742073059082

Running: /work/qgan/data/train/times/base-qml_torch-q16-noiseless-PSR-aerCPU-rand1-seed0/config.yaml
Training data file created.
              Epoch |     Generator cost | Discriminator cost |               Eval |          Best eval |               Time |
                  0 |             -0.485 |             -0.392 |               6.49 |               6.49 |               8.43 |
                  1 |             -0.519 |             -0.604 |               5.18 |               5.18 |               8.37 |
                  2 |             -0.421 |             -0.514 |               4.08 |               4.08 |               8.38 |
                  3 |             -0.228 |             -0.584 |               4.01 |               4.01 |               8.38 |
                  4 |             -0.562 |             -0.418 |               5.03 |               4.01 |               8.38 |
                  5 |             -0.543 |             -0.544 |               4.89 |               4.01 |               8.38 |
                  6 |             -0.395 |             -0.477 |                3.6 |                3.6 |               8.38 |
                  7 |               -0.5 |             -0.479 |               5.02 |                3.6 |               8.38 |
                  8 |             -0.783 |             -0.461 |               3.21 |               3.21 |               8.37 |
                  9 |              -0.37 |             -0.451 |               6.04 |               3.21 |               8.37 |
Training complete: 
   Data path: /work/qgan/data/train/times/base-qml_torch-q16-noiseless-PSR-aerCPU-rand1-seed0 
   Best eval: 3.2138414877542036 
   Total time: 83.81900572776794

Running: /work/qgan/data/train/times/base-qml_torch-q4-noiseless-SPSA-aerCPU-rand0-seed0/config.yaml
Training data file created.
              Epoch |     Generator cost | Discriminator cost |               Eval |          Best eval |               Time |
                  0 |             -0.906 |             -0.275 |               4.45 |               4.45 |              0.018 |
                  1 |             -0.929 |             -0.275 |                3.9 |                3.9 |             0.0165 |
                  2 |              -0.87 |             -0.296 |               3.77 |               3.77 |             0.0163 |
                  3 |             -0.916 |             -0.276 |               3.69 |               3.69 |             0.0163 |
                  4 |             -0.896 |             -0.278 |               3.65 |               3.65 |             0.0165 |
                  5 |             -0.906 |             -0.287 |               3.64 |               3.64 |             0.0164 |
                  6 |             -0.862 |             -0.295 |               3.63 |               3.63 |             0.0164 |
                  7 |             -0.874 |             -0.298 |               3.63 |               3.63 |             0.0162 |
                  8 |             -0.901 |             -0.287 |               3.63 |               3.63 |             0.0163 |
                  9 |             -0.914 |             -0.266 |               3.62 |               3.62 |             0.0165 |
Training complete: 
   Data path: /work/qgan/data/train/times/base-qml_torch-q4-noiseless-SPSA-aerCPU-rand0-seed0 
   Best eval: 3.6219431867245153 
   Total time: 0.16550707817077637

Running: /work/qgan/data/train/times/base-qml_torch-q4-noiseless-SPSA-aerCPU-rand1-seed0/config.yaml
Training data file created.
              Epoch |     Generator cost | Discriminator cost |               Eval |          Best eval |               Time |
                  0 |             -0.545 |             -0.454 |               1.54 |               1.54 |             0.0173 |
                  1 |             -0.454 |             -0.471 |               3.14 |               1.54 |             0.0171 |
                  2 |             -0.464 |             -0.536 |               1.59 |               1.54 |              0.017 |
                  3 |              -0.49 |             -0.502 |               3.06 |               1.54 |             0.0169 |
                  4 |             -0.376 |              -0.53 |               3.15 |               1.54 |             0.0172 |
                  5 |             -0.497 |             -0.621 |                1.7 |               1.54 |             0.0169 |
                  6 |             -0.428 |             -0.474 |               2.31 |               1.54 |             0.0172 |
                  7 |             -0.481 |             -0.383 |               2.91 |               1.54 |              0.017 |
                  8 |              -0.61 |             -0.469 |                3.4 |               1.54 |              0.017 |
                  9 |             -0.589 |             -0.452 |               4.32 |               1.54 |             0.0175 |
Training complete: 
   Data path: /work/qgan/data/train/times/base-qml_torch-q4-noiseless-SPSA-aerCPU-rand1-seed0 
   Best eval: 1.5389020352315563 
   Total time: 0.1709890365600586

Running: /work/qgan/data/train/times/base-qml_torch-q8-noiseless-SPSA-aerCPU-rand0-seed0/config.yaml
Training data file created.
              Epoch |     Generator cost | Discriminator cost |               Eval |          Best eval |               Time |
                  0 |             -0.965 |             -0.269 |               6.46 |               6.46 |             0.0263 |
                  1 |             -0.946 |             -0.252 |                6.6 |               6.46 |             0.0261 |
                  2 |             -0.926 |              -0.25 |               6.55 |               6.46 |              0.026 |
                  3 |             -0.937 |             -0.279 |                6.5 |               6.46 |             0.0259 |
                  4 |             -0.906 |             -0.285 |               6.47 |               6.46 |             0.0262 |
                  5 |             -0.937 |             -0.263 |               6.48 |               6.46 |             0.0258 |
                  6 |             -0.926 |             -0.278 |               6.47 |               6.46 |             0.0262 |
                  7 |             -0.942 |             -0.267 |                6.4 |                6.4 |              0.026 |
                  8 |             -0.952 |             -0.251 |               6.35 |               6.35 |             0.0259 |
                  9 |             -0.901 |             -0.251 |               6.32 |               6.32 |             0.0262 |
Training complete: 
   Data path: /work/qgan/data/train/times/base-qml_torch-q8-noiseless-SPSA-aerCPU-rand0-seed0 
   Best eval: 6.316506663583105 
   Total time: 0.26070356369018555

Running: /work/qgan/data/train/times/base-qml_torch-q8-noiseless-SPSA-aerCPU-rand1-seed0/config.yaml
Training data file created.
              Epoch |     Generator cost | Discriminator cost |               Eval |          Best eval |               Time |
                  0 |               -0.6 |             -0.477 |               3.15 |               3.15 |             0.0277 |
                  1 |             -0.477 |             -0.457 |               4.21 |               3.15 |             0.0273 |
                  2 |             -0.238 |             -0.455 |               2.09 |               2.09 |             0.0274 |
                  3 |             -0.714 |             -0.492 |               3.63 |               2.09 |             0.0272 |
                  4 |             -0.536 |             -0.449 |               3.61 |               2.09 |             0.0275 |
                  5 |             -0.467 |             -0.476 |               2.97 |               2.09 |             0.0272 |
                  6 |             -0.331 |             -0.466 |               2.89 |               2.09 |             0.0274 |
                  7 |             -0.465 |             -0.492 |               3.79 |               2.09 |             0.0272 |
                  8 |             -0.437 |             -0.466 |               3.34 |               2.09 |             0.0271 |
                  9 |             -0.583 |              -0.53 |               2.55 |               2.09 |             0.0275 |
Training complete: 
   Data path: /work/qgan/data/train/times/base-qml_torch-q8-noiseless-SPSA-aerCPU-rand1-seed0 
   Best eval: 2.0909404885724294 
   Total time: 0.27351975440979004

Running: /work/qgan/data/train/times/base-qml_torch-q16-noiseless-SPSA-aerCPU-rand0-seed0/config.yaml
Training data file created.
              Epoch |     Generator cost | Discriminator cost |               Eval |          Best eval |               Time |
                  0 |             -0.827 |             -0.363 |                9.4 |                9.4 |              0.191 |
                  1 |             -0.775 |             -0.362 |               9.35 |               9.35 |               0.19 |
                  2 |             -0.776 |             -0.359 |               9.32 |               9.32 |               0.19 |
                  3 |             -0.812 |             -0.351 |               9.29 |               9.29 |               0.19 |
                  4 |             -0.784 |             -0.346 |               9.27 |               9.27 |               0.19 |
                  5 |             -0.771 |             -0.336 |               9.24 |               9.24 |               0.19 |
                  6 |             -0.801 |             -0.348 |               9.23 |               9.23 |               0.19 |
                  7 |             -0.766 |             -0.364 |               9.23 |               9.23 |               0.19 |
                  8 |             -0.802 |             -0.365 |               9.22 |               9.22 |               0.19 |
                  9 |              -0.78 |             -0.363 |               9.21 |               9.21 |               0.19 |
Training complete: 
   Data path: /work/qgan/data/train/times/base-qml_torch-q16-noiseless-SPSA-aerCPU-rand0-seed0 
   Best eval: 9.21236785936117 
   Total time: 1.8989074230194092

Running: /work/qgan/data/train/times/base-qml_torch-q16-noiseless-SPSA-aerCPU-rand1-seed0/config.yaml
Training data file created.
              Epoch |     Generator cost | Discriminator cost |               Eval |          Best eval |               Time |
                  0 |             -0.457 |             -0.387 |               6.51 |               6.51 |              0.195 |
                  1 |             -0.535 |             -0.628 |               5.24 |               5.24 |              0.195 |
                  2 |             -0.406 |             -0.522 |               4.09 |               4.09 |              0.194 |
                  3 |             -0.208 |              -0.61 |               3.97 |               3.97 |              0.194 |
                  4 |             -0.567 |             -0.387 |               5.04 |               3.97 |              0.193 |
                  5 |              -0.55 |             -0.521 |               4.83 |               3.97 |              0.194 |
                  6 |             -0.408 |             -0.454 |               3.58 |               3.58 |              0.194 |
                  7 |              -0.54 |             -0.489 |               5.07 |               3.58 |              0.194 |
                  8 |              -0.81 |             -0.459 |               3.19 |               3.19 |              0.194 |
                  9 |             -0.373 |             -0.461 |                  6 |               3.19 |              0.194 |
Training complete: 
   Data path: /work/qgan/data/train/times/base-qml_torch-q16-noiseless-SPSA-aerCPU-rand1-seed0 
   Best eval: 3.188424797864039 
   Total time: 1.9398181438446045

Running: /work/qgan/data/train/times/base-qml_torch-q4-noiseless-REG-aerCPU-rand0-seed0/config.yaml
Training data file created.
              Epoch |     Generator cost | Discriminator cost |               Eval |          Best eval |               Time |
                  0 |             -0.901 |             -0.275 |               4.05 |               4.05 |              0.123 |
                  1 |             -0.897 |             -0.292 |                3.7 |                3.7 |             0.0789 |
                  2 |              -0.92 |             -0.279 |               3.57 |               3.57 |             0.0788 |
                  3 |              -0.89 |              -0.26 |               3.49 |               3.49 |             0.0788 |
                  4 |             -0.914 |             -0.288 |               3.44 |               3.44 |             0.0789 |
                  5 |             -0.904 |             -0.241 |               3.41 |               3.41 |             0.0789 |
                  6 |             -0.932 |             -0.289 |               3.38 |               3.38 |             0.0789 |
                  7 |             -0.948 |             -0.274 |               3.36 |               3.36 |              0.079 |
                  8 |             -0.905 |              -0.29 |               3.34 |               3.34 |             0.0817 |
                  9 |             -0.903 |              -0.26 |               3.32 |               3.32 |             0.0793 |
Training complete: 
   Data path: /work/qgan/data/train/times/base-qml_torch-q4-noiseless-REG-aerCPU-rand0-seed0 
   Best eval: 3.322139803453905 
   Total time: 0.836353063583374

Running: /work/qgan/data/train/times/base-qml_torch-q4-noiseless-REG-aerCPU-rand1-seed0/config.yaml
Training data file created.
              Epoch |     Generator cost | Discriminator cost |               Eval |          Best eval |               Time |
                  0 |             -0.597 |             -0.479 |               1.52 |               1.52 |              0.121 |
                  1 |             -0.453 |             -0.463 |               3.33 |               1.52 |             0.0799 |
                  2 |             -0.472 |             -0.516 |               1.52 |               1.52 |             0.0801 |
                  3 |             -0.505 |             -0.517 |               2.98 |               1.52 |             0.0799 |
                  4 |             -0.416 |             -0.541 |               3.77 |               1.52 |             0.0801 |
                  5 |             -0.495 |             -0.617 |               1.81 |               1.52 |             0.0799 |
                  6 |             -0.467 |              -0.46 |               1.52 |               1.52 |             0.0802 |
                  7 |             -0.476 |             -0.376 |               2.74 |               1.52 |             0.0803 |

Interrupter: will stop after the current epoch. Press Ctrl+C again to force quit.
                  8 |             -0.636 |             -0.474 |               2.86 |               1.52 |             0.0816 |
Interrupter: Graceful exit triggered. Breaking loop.
Training complete: 
   Data path: /work/qgan/data/train/times/base-qml_torch-q4-noiseless-REG-aerCPU-rand1-seed0 
   Best eval: 1.5152276504197328 
   Total time: 0.7627344131469727
Interrupter: battery execution stopped.
14 battery run(s) succeeded.
