Creating config files for runtime_packed_fake_real_q4_separate_base:
Configuration file rewritten. Path: /work/qgan/data/train/base-runtime_packed-separate-q4-fake_real-SPSA-aerCPU-rand0-seed0/config.yaml

1 battery configuration files ready.

Running: /work/qgan/data/train/base-runtime_packed-separate-q4-fake_real-SPSA-aerCPU-rand0-seed0/config.yaml
              Epoch |     Generator cost | Discriminator cost |               Eval |          Best eval |               Time |
                150 |             -0.805 |             -0.339 |               3.75 |               3.58 |               12.9 |
                160 |             -0.805 |             -0.338 |               4.09 |               3.58 |                132 |
                170 |             -0.795 |             -0.337 |               3.07 |               3.07 |                133 |
                180 |             -0.812 |             -0.335 |                2.9 |                2.9 |                133 |
                190 |             -0.825 |             -0.333 |               2.74 |               2.74 |                132 |
                200 |             -0.829 |             -0.327 |               2.77 |               2.72 |                133 |
                210 |             -0.815 |             -0.343 |               2.94 |               2.72 |                132 |
                220 |             -0.834 |             -0.327 |               2.88 |               2.72 |                132 |
                230 |             -0.849 |             -0.326 |               2.84 |               2.72 |                132 |
                240 |             -0.851 |             -0.316 |               2.88 |               2.72 |                132 |
                250 |             -0.864 |              -0.31 |               2.86 |               2.72 |                131 |
                260 |             -0.878 |             -0.307 |               2.89 |               2.72 |                130 |
                270 |             -0.876 |             -0.312 |               2.89 |               2.72 |                130 |
                280 |             -0.869 |             -0.305 |               3.11 |               2.72 |                129 |
                290 |             -0.888 |             -0.307 |               2.96 |               2.72 |                129 |
                300 |             -0.895 |             -0.298 |               2.71 |               2.71 |                129 |
                310 |             -0.894 |             -0.293 |               2.64 |               2.64 |                131 |
                320 |             -0.901 |             -0.292 |               2.69 |               2.64 |                131 |
                330 |             -0.905 |             -0.293 |               2.72 |               2.64 |                132 |
                340 |              -0.91 |             -0.294 |               2.72 |               2.64 |                131 |
                350 |             -0.903 |             -0.294 |               2.69 |               2.64 |                130 |
                360 |             -0.909 |             -0.294 |               2.62 |               2.62 |                131 |
                370 |             -0.901 |             -0.293 |               2.63 |               2.62 |                130 |
                380 |             -0.901 |             -0.306 |               2.63 |               2.62 |                130 |
                390 |             -0.902 |             -0.298 |               2.62 |               2.62 |                130 |
                400 |             -0.905 |             -0.288 |               2.63 |               2.62 |                130 |
                410 |             -0.904 |             -0.292 |               2.72 |               2.62 |                130 |
                420 |             -0.906 |             -0.297 |                2.8 |               2.62 |                130 |
                430 |             -0.903 |             -0.303 |               2.89 |               2.62 |                131 |
                440 |             -0.907 |             -0.293 |               2.97 |               2.62 |                130 |
                450 |             -0.909 |             -0.291 |               3.08 |               2.62 |                131 |
                460 |             -0.903 |             -0.288 |               3.26 |               2.62 |                131 |
                470 |             -0.915 |              -0.29 |               4.55 |               2.62 |                131 |
                480 |             -0.915 |             -0.293 |               3.67 |               2.62 |                131 |
                490 |             -0.906 |              -0.29 |               4.08 |               2.62 |                130 |
                500 |             -0.918 |             -0.295 |               3.48 |               2.62 |                130 |
                510 |             -0.911 |             -0.292 |               3.25 |               2.62 |                130 |
                520 |             -0.913 |             -0.294 |                3.2 |               2.62 |                132 |
                530 |             -0.911 |             -0.288 |               3.12 |               2.62 |                131 |
                540 |             -0.912 |             -0.286 |               3.07 |               2.62 |                132 |
                550 |             -0.918 |             -0.289 |               2.97 |               2.62 |                132 |
                560 |             -0.922 |             -0.285 |               2.99 |               2.62 |                132 |
                570 |             -0.907 |             -0.286 |               3.05 |               2.62 |                130 |
                580 |             -0.909 |             -0.287 |               3.08 |               2.62 |                130 |
                590 |             -0.918 |             -0.291 |               3.14 |               2.62 |                131 |
                600 |             -0.904 |             -0.288 |               3.24 |               2.62 |                130 |
                610 |             -0.909 |             -0.291 |               3.37 |               2.62 |                131 |
                620 |             -0.917 |             -0.299 |               3.59 |               2.62 |                132 |

Interrupter: will stop after the current epoch. Press Ctrl+C again to force quit.
Interrupter: Graceful exit triggered. Breaking loop.
Training complete: 
   Data path: /work/qgan/data/train/base-runtime_packed-separate-q4-fake_real-SPSA-aerCPU-rand0-seed0 
   Best eval: 2.6172362878648556 
   Total time: 8136.619448423386
1 battery run(s) succeeded.
