Creating config files for qml_torch_noisy:
Configuration file written. Path: /work/qgan/data/train/base-qml_torch-q8-noisy-PSR-aerCPU-rand0-seed0/config.yaml
Configuration file written. Path: /work/qgan/data/train/base-qml_torch-q8-noisy-PSR-aerCPU-rand0.1-seed0/config.yaml
Configuration file written. Path: /work/qgan/data/train/base-qml_torch-q8-noisy-PSR-aerCPU-rand0.25-seed0/config.yaml
Configuration file written. Path: /work/qgan/data/train/base-qml_torch-q8-noisy-PSR-aerCPU-rand0.5-seed0/config.yaml
Configuration file written. Path: /work/qgan/data/train/base-qml_torch-q8-noisy-PSR-aerCPU-rand1-seed0/config.yaml
Configuration file written. Path: /work/qgan/data/train/base-qml_torch-q8-noisy-PSR-aerCPU-rand0-seed1/config.yaml
Configuration file written. Path: /work/qgan/data/train/base-qml_torch-q8-noisy-PSR-aerCPU-rand0.1-seed1/config.yaml
Configuration file written. Path: /work/qgan/data/train/base-qml_torch-q8-noisy-PSR-aerCPU-rand0.25-seed1/config.yaml
Configuration file written. Path: /work/qgan/data/train/base-qml_torch-q8-noisy-PSR-aerCPU-rand0.5-seed1/config.yaml
Configuration file written. Path: /work/qgan/data/train/base-qml_torch-q8-noisy-PSR-aerCPU-rand1-seed1/config.yaml
Configuration file written. Path: /work/qgan/data/train/base-qml_torch-q8-noisy-PSR-aerCPU-rand0-seed2/config.yaml
Configuration file written. Path: /work/qgan/data/train/base-qml_torch-q8-noisy-PSR-aerCPU-rand0.1-seed2/config.yaml
Configuration file written. Path: /work/qgan/data/train/base-qml_torch-q8-noisy-PSR-aerCPU-rand0.25-seed2/config.yaml
Configuration file written. Path: /work/qgan/data/train/base-qml_torch-q8-noisy-PSR-aerCPU-rand0.5-seed2/config.yaml
Configuration file written. Path: /work/qgan/data/train/base-qml_torch-q8-noisy-PSR-aerCPU-rand1-seed2/config.yaml
Configuration file written. Path: /work/qgan/data/train/ang-qml_torch-q8-noisy-PSR-aerCPU-rand0-seed0/config.yaml
Configuration file written. Path: /work/qgan/data/train/ang-qml_torch-q8-noisy-PSR-aerCPU-rand0.1-seed0/config.yaml
Configuration file written. Path: /work/qgan/data/train/ang-qml_torch-q8-noisy-PSR-aerCPU-rand0.25-seed0/config.yaml
Configuration file written. Path: /work/qgan/data/train/ang-qml_torch-q8-noisy-PSR-aerCPU-rand0.5-seed0/config.yaml
Configuration file written. Path: /work/qgan/data/train/ang-qml_torch-q8-noisy-PSR-aerCPU-rand1-seed0/config.yaml
Configuration file written. Path: /work/qgan/data/train/ang-qml_torch-q8-noisy-PSR-aerCPU-rand0-seed1/config.yaml
Configuration file written. Path: /work/qgan/data/train/ang-qml_torch-q8-noisy-PSR-aerCPU-rand0.1-seed1/config.yaml
Configuration file written. Path: /work/qgan/data/train/ang-qml_torch-q8-noisy-PSR-aerCPU-rand0.25-seed1/config.yaml
Configuration file written. Path: /work/qgan/data/train/ang-qml_torch-q8-noisy-PSR-aerCPU-rand0.5-seed1/config.yaml
Configuration file written. Path: /work/qgan/data/train/ang-qml_torch-q8-noisy-PSR-aerCPU-rand1-seed1/config.yaml
Configuration file written. Path: /work/qgan/data/train/ang-qml_torch-q8-noisy-PSR-aerCPU-rand0-seed2/config.yaml
Configuration file written. Path: /work/qgan/data/train/ang-qml_torch-q8-noisy-PSR-aerCPU-rand0.1-seed2/config.yaml
Configuration file written. Path: /work/qgan/data/train/ang-qml_torch-q8-noisy-PSR-aerCPU-rand0.25-seed2/config.yaml
Configuration file written. Path: /work/qgan/data/train/ang-qml_torch-q8-noisy-PSR-aerCPU-rand0.5-seed2/config.yaml
Configuration file written. Path: /work/qgan/data/train/ang-qml_torch-q8-noisy-PSR-aerCPU-rand1-seed2/config.yaml
Configuration file written. Path: /work/qgan/data/train/amp-qml_torch-q8-noisy-PSR-aerCPU-rand0-seed0/config.yaml
Configuration file written. Path: /work/qgan/data/train/amp-qml_torch-q8-noisy-PSR-aerCPU-rand0.1-seed0/config.yaml
Configuration file written. Path: /work/qgan/data/train/amp-qml_torch-q8-noisy-PSR-aerCPU-rand0.25-seed0/config.yaml
Configuration file written. Path: /work/qgan/data/train/amp-qml_torch-q8-noisy-PSR-aerCPU-rand0.5-seed0/config.yaml
Configuration file written. Path: /work/qgan/data/train/amp-qml_torch-q8-noisy-PSR-aerCPU-rand1-seed0/config.yaml
Configuration file written. Path: /work/qgan/data/train/amp-qml_torch-q8-noisy-PSR-aerCPU-rand0-seed1/config.yaml
Configuration file written. Path: /work/qgan/data/train/amp-qml_torch-q8-noisy-PSR-aerCPU-rand0.1-seed1/config.yaml
Configuration file written. Path: /work/qgan/data/train/amp-qml_torch-q8-noisy-PSR-aerCPU-rand0.25-seed1/config.yaml
Configuration file written. Path: /work/qgan/data/train/amp-qml_torch-q8-noisy-PSR-aerCPU-rand0.5-seed1/config.yaml
Configuration file written. Path: /work/qgan/data/train/amp-qml_torch-q8-noisy-PSR-aerCPU-rand1-seed1/config.yaml
Configuration file written. Path: /work/qgan/data/train/amp-qml_torch-q8-noisy-PSR-aerCPU-rand0-seed2/config.yaml
Configuration file written. Path: /work/qgan/data/train/amp-qml_torch-q8-noisy-PSR-aerCPU-rand0.1-seed2/config.yaml
Configuration file written. Path: /work/qgan/data/train/amp-qml_torch-q8-noisy-PSR-aerCPU-rand0.25-seed2/config.yaml
Configuration file written. Path: /work/qgan/data/train/amp-qml_torch-q8-noisy-PSR-aerCPU-rand0.5-seed2/config.yaml
Configuration file written. Path: /work/qgan/data/train/amp-qml_torch-q8-noisy-PSR-aerCPU-rand1-seed2/config.yaml

45 battery configuration files ready.

Running: /work/qgan/data/train/base-qml_torch-q8-noisy-PSR-aerCPU-rand0-seed0/config.yaml
GPUs available to PyTorch: 1
Training data file created.
              Epoch |     Generator cost | Discriminator cost |               Eval |          Best eval |               Time |
                  0 |             -0.917 |             -0.271 |               6.38 |               6.38 |                461 |

Interrupter: will stop after the current epoch. Press Ctrl+C again to force quit.
Interrupter: Graceful exit triggered. Breaking loop.
Training complete: 
   Data path: /work/qgan/data/train/base-qml_torch-q8-noisy-PSR-aerCPU-rand0-seed0 
   Best eval: 5.352343717407019 
   Total time: 10927.121240854263
Interrupter: battery execution stopped.
1 battery run(s) succeeded.
