Creating config files for noisy_q4_ang_psr:
Configuration file rewritten. Path: /work/qgan/data/train/ang-qml_torch-q4-noisy-PSR-aerCPU-rand0-seed0/config.yaml
Configuration file rewritten. Path: /work/qgan/data/train/ang-qml_torch-q4-noisy-PSR-aerCPU-rand0.1-seed0/config.yaml
Configuration file rewritten. Path: /work/qgan/data/train/ang-qml_torch-q4-noisy-PSR-aerCPU-rand0.25-seed0/config.yaml
Configuration file rewritten. Path: /work/qgan/data/train/ang-qml_torch-q4-noisy-PSR-aerCPU-rand0.5-seed0/config.yaml
Configuration file rewritten. Path: /work/qgan/data/train/ang-qml_torch-q4-noisy-PSR-aerCPU-rand1-seed0/config.yaml
Configuration file rewritten. Path: /work/qgan/data/train/ang-qml_torch-q4-noisy-PSR-aerCPU-rand0-seed1/config.yaml
Configuration file rewritten. Path: /work/qgan/data/train/ang-qml_torch-q4-noisy-PSR-aerCPU-rand0.1-seed1/config.yaml
Configuration file rewritten. Path: /work/qgan/data/train/ang-qml_torch-q4-noisy-PSR-aerCPU-rand0.25-seed1/config.yaml
Configuration file rewritten. Path: /work/qgan/data/train/ang-qml_torch-q4-noisy-PSR-aerCPU-rand0.5-seed1/config.yaml
Configuration file rewritten. Path: /work/qgan/data/train/ang-qml_torch-q4-noisy-PSR-aerCPU-rand1-seed1/config.yaml
Configuration file rewritten. Path: /work/qgan/data/train/ang-qml_torch-q4-noisy-PSR-aerCPU-rand0-seed2/config.yaml
Configuration file rewritten. Path: /work/qgan/data/train/ang-qml_torch-q4-noisy-PSR-aerCPU-rand0.1-seed2/config.yaml
Configuration file rewritten. Path: /work/qgan/data/train/ang-qml_torch-q4-noisy-PSR-aerCPU-rand0.25-seed2/config.yaml
Configuration file rewritten. Path: /work/qgan/data/train/ang-qml_torch-q4-noisy-PSR-aerCPU-rand0.5-seed2/config.yaml
Configuration file rewritten. Path: /work/qgan/data/train/ang-qml_torch-q4-noisy-PSR-aerCPU-rand1-seed2/config.yaml

Creating config files for noiseless_base_q16_reg:
Configuration file rewritten. Path: /work/qgan/data/train/base-qml_torch-q16-noiseless-REG-aerCPU-rand0-seed0/config.yaml
Configuration file rewritten. Path: /work/qgan/data/train/base-qml_torch-q16-noiseless-REG-aerCPU-rand0.1-seed0/config.yaml
Configuration file rewritten. Path: /work/qgan/data/train/base-qml_torch-q16-noiseless-REG-aerCPU-rand0.25-seed0/config.yaml
Configuration file rewritten. Path: /work/qgan/data/train/base-qml_torch-q16-noiseless-REG-aerCPU-rand0.5-seed0/config.yaml
Configuration file rewritten. Path: /work/qgan/data/train/base-qml_torch-q16-noiseless-REG-aerCPU-rand1-seed0/config.yaml
Configuration file rewritten. Path: /work/qgan/data/train/base-qml_torch-q16-noiseless-REG-aerCPU-rand0-seed1/config.yaml
Configuration file rewritten. Path: /work/qgan/data/train/base-qml_torch-q16-noiseless-REG-aerCPU-rand0.1-seed1/config.yaml
Configuration file rewritten. Path: /work/qgan/data/train/base-qml_torch-q16-noiseless-REG-aerCPU-rand0.25-seed1/config.yaml
Configuration file rewritten. Path: /work/qgan/data/train/base-qml_torch-q16-noiseless-REG-aerCPU-rand0.5-seed1/config.yaml
Configuration file rewritten. Path: /work/qgan/data/train/base-qml_torch-q16-noiseless-REG-aerCPU-rand1-seed1/config.yaml
Configuration file rewritten. Path: /work/qgan/data/train/base-qml_torch-q16-noiseless-REG-aerCPU-rand0-seed2/config.yaml
Configuration file rewritten. Path: /work/qgan/data/train/base-qml_torch-q16-noiseless-REG-aerCPU-rand0.1-seed2/config.yaml
Configuration file rewritten. Path: /work/qgan/data/train/base-qml_torch-q16-noiseless-REG-aerCPU-rand0.25-seed2/config.yaml
Configuration file rewritten. Path: /work/qgan/data/train/base-qml_torch-q16-noiseless-REG-aerCPU-rand0.5-seed2/config.yaml
Configuration file rewritten. Path: /work/qgan/data/train/base-qml_torch-q16-noiseless-REG-aerCPU-rand1-seed2/config.yaml

30 battery configuration files ready.

Running: /work/qgan/data/train/ang-qml_torch-q4-noisy-PSR-aerCPU-rand0-seed0/config.yaml
GPUs available to PyTorch: 1
Training data file created.
              Epoch |     Generator cost | Discriminator cost |               Eval |          Best eval |               Time |

Interrupter: will stop after the current epoch. Press Ctrl+C again to force quit.
