Creating config files for qml_torch_noiseless:
Configuration file rewritten. Path: /work/qgan/data/train/times/base-qml_torch-q4-noiseless-PSR-aerCPU-rand0-seed0/config.yaml
Configuration file rewritten. Path: /work/qgan/data/train/times/base-qml_torch-q4-noiseless-PSR-aerCPU-rand1-seed0/config.yaml
Configuration file rewritten. Path: /work/qgan/data/train/times/base-qml_torch-q8-noiseless-PSR-aerCPU-rand0-seed0/config.yaml
Configuration file rewritten. Path: /work/qgan/data/train/times/base-qml_torch-q8-noiseless-PSR-aerCPU-rand1-seed0/config.yaml
Configuration file rewritten. Path: /work/qgan/data/train/times/base-qml_torch-q16-noiseless-PSR-aerCPU-rand0-seed0/config.yaml
Configuration file rewritten. Path: /work/qgan/data/train/times/base-qml_torch-q16-noiseless-PSR-aerCPU-rand1-seed0/config.yaml
Configuration file rewritten. Path: /work/qgan/data/train/times/base-qml_torch-q4-noiseless-SPSA-aerCPU-rand0-seed0/config.yaml
Configuration file rewritten. Path: /work/qgan/data/train/times/base-qml_torch-q4-noiseless-SPSA-aerCPU-rand1-seed0/config.yaml
Configuration file rewritten. Path: /work/qgan/data/train/times/base-qml_torch-q8-noiseless-SPSA-aerCPU-rand0-seed0/config.yaml
Configuration file rewritten. Path: /work/qgan/data/train/times/base-qml_torch-q8-noiseless-SPSA-aerCPU-rand1-seed0/config.yaml
Configuration file rewritten. Path: /work/qgan/data/train/times/base-qml_torch-q16-noiseless-SPSA-aerCPU-rand0-seed0/config.yaml
Configuration file rewritten. Path: /work/qgan/data/train/times/base-qml_torch-q16-noiseless-SPSA-aerCPU-rand1-seed0/config.yaml
Configuration file rewritten. Path: /work/qgan/data/train/times/base-qml_torch-q4-noiseless-REG-aerCPU-rand0-seed0/config.yaml
Configuration file rewritten. Path: /work/qgan/data/train/times/base-qml_torch-q4-noiseless-REG-aerCPU-rand1-seed0/config.yaml
Configuration file rewritten. Path: /work/qgan/data/train/times/base-qml_torch-q8-noiseless-REG-aerCPU-rand0-seed0/config.yaml
Configuration file rewritten. Path: /work/qgan/data/train/times/base-qml_torch-q8-noiseless-REG-aerCPU-rand1-seed0/config.yaml
Configuration file rewritten. Path: /work/qgan/data/train/times/base-qml_torch-q16-noiseless-REG-aerCPU-rand0-seed0/config.yaml
Configuration file rewritten. Path: /work/qgan/data/train/times/base-qml_torch-q16-noiseless-REG-aerCPU-rand1-seed0/config.yaml
Configuration file rewritten. Path: /work/qgan/data/train/times/ang-qml_torch-q4-noiseless-PSR-aerCPU-rand0-seed0/config.yaml
Configuration file rewritten. Path: /work/qgan/data/train/times/ang-qml_torch-q4-noiseless-PSR-aerCPU-rand1-seed0/config.yaml
Configuration file rewritten. Path: /work/qgan/data/train/times/ang-qml_torch-q8-noiseless-PSR-aerCPU-rand0-seed0/config.yaml
Configuration file rewritten. Path: /work/qgan/data/train/times/ang-qml_torch-q8-noiseless-PSR-aerCPU-rand1-seed0/config.yaml
Configuration file rewritten. Path: /work/qgan/data/train/times/ang-qml_torch-q16-noiseless-PSR-aerCPU-rand0-seed0/config.yaml
Configuration file rewritten. Path: /work/qgan/data/train/times/ang-qml_torch-q16-noiseless-PSR-aerCPU-rand1-seed0/config.yaml
Configuration file rewritten. Path: /work/qgan/data/train/times/ang-qml_torch-q4-noiseless-SPSA-aerCPU-rand0-seed0/config.yaml
Configuration file rewritten. Path: /work/qgan/data/train/times/ang-qml_torch-q4-noiseless-SPSA-aerCPU-rand1-seed0/config.yaml
Configuration file rewritten. Path: /work/qgan/data/train/times/ang-qml_torch-q8-noiseless-SPSA-aerCPU-rand0-seed0/config.yaml
Configuration file rewritten. Path: /work/qgan/data/train/times/ang-qml_torch-q8-noiseless-SPSA-aerCPU-rand1-seed0/config.yaml
Configuration file rewritten. Path: /work/qgan/data/train/times/ang-qml_torch-q16-noiseless-SPSA-aerCPU-rand0-seed0/config.yaml
Configuration file rewritten. Path: /work/qgan/data/train/times/ang-qml_torch-q16-noiseless-SPSA-aerCPU-rand1-seed0/config.yaml
Configuration file rewritten. Path: /work/qgan/data/train/times/ang-qml_torch-q4-noiseless-REG-aerCPU-rand0-seed0/config.yaml
Configuration file rewritten. Path: /work/qgan/data/train/times/ang-qml_torch-q4-noiseless-REG-aerCPU-rand1-seed0/config.yaml
Configuration file rewritten. Path: /work/qgan/data/train/times/ang-qml_torch-q8-noiseless-REG-aerCPU-rand0-seed0/config.yaml
Configuration file rewritten. Path: /work/qgan/data/train/times/ang-qml_torch-q8-noiseless-REG-aerCPU-rand1-seed0/config.yaml
Configuration file rewritten. Path: /work/qgan/data/train/times/ang-qml_torch-q16-noiseless-REG-aerCPU-rand0-seed0/config.yaml
Configuration file rewritten. Path: /work/qgan/data/train/times/ang-qml_torch-q16-noiseless-REG-aerCPU-rand1-seed0/config.yaml
Configuration file rewritten. Path: /work/qgan/data/train/times/amp-qml_torch-q4-noiseless-PSR-aerCPU-rand0-seed0/config.yaml
Configuration file rewritten. Path: /work/qgan/data/train/times/amp-qml_torch-q4-noiseless-PSR-aerCPU-rand1-seed0/config.yaml
Configuration file rewritten. Path: /work/qgan/data/train/times/amp-qml_torch-q8-noiseless-PSR-aerCPU-rand0-seed0/config.yaml
Configuration file rewritten. Path: /work/qgan/data/train/times/amp-qml_torch-q8-noiseless-PSR-aerCPU-rand1-seed0/config.yaml
Configuration file rewritten. Path: /work/qgan/data/train/times/amp-qml_torch-q16-noiseless-PSR-aerCPU-rand0-seed0/config.yaml
Configuration file rewritten. Path: /work/qgan/data/train/times/amp-qml_torch-q16-noiseless-PSR-aerCPU-rand1-seed0/config.yaml
Configuration file rewritten. Path: /work/qgan/data/train/times/amp-qml_torch-q4-noiseless-SPSA-aerCPU-rand0-seed0/config.yaml
Configuration file rewritten. Path: /work/qgan/data/train/times/amp-qml_torch-q4-noiseless-SPSA-aerCPU-rand1-seed0/config.yaml
Configuration file rewritten. Path: /work/qgan/data/train/times/amp-qml_torch-q8-noiseless-SPSA-aerCPU-rand0-seed0/config.yaml
Configuration file rewritten. Path: /work/qgan/data/train/times/amp-qml_torch-q8-noiseless-SPSA-aerCPU-rand1-seed0/config.yaml
Configuration file rewritten. Path: /work/qgan/data/train/times/amp-qml_torch-q16-noiseless-SPSA-aerCPU-rand0-seed0/config.yaml
Configuration file rewritten. Path: /work/qgan/data/train/times/amp-qml_torch-q16-noiseless-SPSA-aerCPU-rand1-seed0/config.yaml
Configuration file rewritten. Path: /work/qgan/data/train/times/amp-qml_torch-q4-noiseless-REG-aerCPU-rand0-seed0/config.yaml
Configuration file rewritten. Path: /work/qgan/data/train/times/amp-qml_torch-q4-noiseless-REG-aerCPU-rand1-seed0/config.yaml
Configuration file rewritten. Path: /work/qgan/data/train/times/amp-qml_torch-q8-noiseless-REG-aerCPU-rand0-seed0/config.yaml
Configuration file rewritten. Path: /work/qgan/data/train/times/amp-qml_torch-q8-noiseless-REG-aerCPU-rand1-seed0/config.yaml
Configuration file rewritten. Path: /work/qgan/data/train/times/amp-qml_torch-q16-noiseless-REG-aerCPU-rand0-seed0/config.yaml
Configuration file rewritten. Path: /work/qgan/data/train/times/amp-qml_torch-q16-noiseless-REG-aerCPU-rand1-seed0/config.yaml

Creating config files for qml_torch_noisy:
Configuration file rewritten. Path: /work/qgan/data/train/times/base-qml_torch-q4-noisy-SPSA-aerCPU-rand0-seed0/config.yaml
Configuration file rewritten. Path: /work/qgan/data/train/times/base-qml_torch-q4-noisy-SPSA-aerCPU-rand1-seed0/config.yaml
Configuration file rewritten. Path: /work/qgan/data/train/times/base-qml_torch-q8-noisy-SPSA-aerCPU-rand0-seed0/config.yaml
Configuration file rewritten. Path: /work/qgan/data/train/times/base-qml_torch-q8-noisy-SPSA-aerCPU-rand1-seed0/config.yaml
Configuration file rewritten. Path: /work/qgan/data/train/times/base-qml_torch-q16-noisy-SPSA-aerCPU-rand0-seed0/config.yaml
Configuration file rewritten. Path: /work/qgan/data/train/times/base-qml_torch-q16-noisy-SPSA-aerCPU-rand1-seed0/config.yaml
Configuration file rewritten. Path: /work/qgan/data/train/times/base-qml_torch-q4-noisy-PSR-aerCPU-rand0-seed0/config.yaml
Configuration file rewritten. Path: /work/qgan/data/train/times/base-qml_torch-q4-noisy-PSR-aerCPU-rand1-seed0/config.yaml
Configuration file rewritten. Path: /work/qgan/data/train/times/base-qml_torch-q8-noisy-PSR-aerCPU-rand0-seed0/config.yaml
Configuration file rewritten. Path: /work/qgan/data/train/times/base-qml_torch-q8-noisy-PSR-aerCPU-rand1-seed0/config.yaml
Configuration file rewritten. Path: /work/qgan/data/train/times/base-qml_torch-q16-noisy-PSR-aerCPU-rand0-seed0/config.yaml
Configuration file rewritten. Path: /work/qgan/data/train/times/base-qml_torch-q16-noisy-PSR-aerCPU-rand1-seed0/config.yaml
Configuration file rewritten. Path: /work/qgan/data/train/times/ang-qml_torch-q4-noisy-SPSA-aerCPU-rand0-seed0/config.yaml
Configuration file rewritten. Path: /work/qgan/data/train/times/ang-qml_torch-q4-noisy-SPSA-aerCPU-rand1-seed0/config.yaml
Configuration file rewritten. Path: /work/qgan/data/train/times/ang-qml_torch-q8-noisy-SPSA-aerCPU-rand0-seed0/config.yaml
Configuration file rewritten. Path: /work/qgan/data/train/times/ang-qml_torch-q8-noisy-SPSA-aerCPU-rand1-seed0/config.yaml
Configuration file rewritten. Path: /work/qgan/data/train/times/ang-qml_torch-q16-noisy-SPSA-aerCPU-rand0-seed0/config.yaml
Configuration file rewritten. Path: /work/qgan/data/train/times/ang-qml_torch-q16-noisy-SPSA-aerCPU-rand1-seed0/config.yaml
Configuration file rewritten. Path: /work/qgan/data/train/times/ang-qml_torch-q4-noisy-PSR-aerCPU-rand0-seed0/config.yaml
Configuration file rewritten. Path: /work/qgan/data/train/times/ang-qml_torch-q4-noisy-PSR-aerCPU-rand1-seed0/config.yaml
Configuration file rewritten. Path: /work/qgan/data/train/times/ang-qml_torch-q8-noisy-PSR-aerCPU-rand0-seed0/config.yaml
Configuration file rewritten. Path: /work/qgan/data/train/times/ang-qml_torch-q8-noisy-PSR-aerCPU-rand1-seed0/config.yaml
Configuration file rewritten. Path: /work/qgan/data/train/times/ang-qml_torch-q16-noisy-PSR-aerCPU-rand0-seed0/config.yaml
Configuration file rewritten. Path: /work/qgan/data/train/times/ang-qml_torch-q16-noisy-PSR-aerCPU-rand1-seed0/config.yaml
Configuration file rewritten. Path: /work/qgan/data/train/times/amp-qml_torch-q4-noisy-SPSA-aerCPU-rand0-seed0/config.yaml
Configuration file rewritten. Path: /work/qgan/data/train/times/amp-qml_torch-q4-noisy-SPSA-aerCPU-rand1-seed0/config.yaml
Configuration file rewritten. Path: /work/qgan/data/train/times/amp-qml_torch-q8-noisy-SPSA-aerCPU-rand0-seed0/config.yaml
Configuration file rewritten. Path: /work/qgan/data/train/times/amp-qml_torch-q8-noisy-SPSA-aerCPU-rand1-seed0/config.yaml
Configuration file rewritten. Path: /work/qgan/data/train/times/amp-qml_torch-q16-noisy-SPSA-aerCPU-rand0-seed0/config.yaml
Configuration file rewritten. Path: /work/qgan/data/train/times/amp-qml_torch-q16-noisy-SPSA-aerCPU-rand1-seed0/config.yaml
Configuration file rewritten. Path: /work/qgan/data/train/times/amp-qml_torch-q4-noisy-PSR-aerCPU-rand0-seed0/config.yaml
Configuration file rewritten. Path: /work/qgan/data/train/times/amp-qml_torch-q4-noisy-PSR-aerCPU-rand1-seed0/config.yaml
Configuration file rewritten. Path: /work/qgan/data/train/times/amp-qml_torch-q8-noisy-PSR-aerCPU-rand0-seed0/config.yaml
Configuration file rewritten. Path: /work/qgan/data/train/times/amp-qml_torch-q8-noisy-PSR-aerCPU-rand1-seed0/config.yaml
Configuration file rewritten. Path: /work/qgan/data/train/times/amp-qml_torch-q16-noisy-PSR-aerCPU-rand0-seed0/config.yaml
Configuration file rewritten. Path: /work/qgan/data/train/times/amp-qml_torch-q16-noisy-PSR-aerCPU-rand1-seed0/config.yaml

90 battery configuration files ready.

Running: /work/qgan/data/train/times/base-qml_torch-q4-noiseless-PSR-aerCPU-rand0-seed0/config.yaml
              Epoch |     Generator cost | Discriminator cost |               Eval |          Best eval |               Time |
Training complete: 
   Data path: /work/qgan/data/train/times/base-qml_torch-q4-noiseless-PSR-aerCPU-rand0-seed0 
   Best eval: 3.5501545800750796 
   Total time: 2.271958827972412

Running: /work/qgan/data/train/times/base-qml_torch-q4-noiseless-PSR-aerCPU-rand1-seed0/config.yaml
              Epoch |     Generator cost | Discriminator cost |               Eval |          Best eval |               Time |
Training complete: 
   Data path: /work/qgan/data/train/times/base-qml_torch-q4-noiseless-PSR-aerCPU-rand1-seed0 
   Best eval: 1.5170520871644864 
   Total time: 2.269253730773926

Running: /work/qgan/data/train/times/base-qml_torch-q8-noiseless-PSR-aerCPU-rand0-seed0/config.yaml
              Epoch |     Generator cost | Discriminator cost |               Eval |          Best eval |               Time |
Training complete: 
   Data path: /work/qgan/data/train/times/base-qml_torch-q8-noiseless-PSR-aerCPU-rand0-seed0 
   Best eval: 6.347195983213647 
   Total time: 7.34104323387146

Running: /work/qgan/data/train/times/base-qml_torch-q8-noiseless-PSR-aerCPU-rand1-seed0/config.yaml
              Epoch |     Generator cost | Discriminator cost |               Eval |          Best eval |               Time |
Training complete: 
   Data path: /work/qgan/data/train/times/base-qml_torch-q8-noiseless-PSR-aerCPU-rand1-seed0 
   Best eval: 2.1197576618644005 
   Total time: 7.54403829574585

Running: /work/qgan/data/train/times/base-qml_torch-q16-noiseless-PSR-aerCPU-rand0-seed0/config.yaml
              Epoch |     Generator cost | Discriminator cost |               Eval |          Best eval |               Time |
Training complete: 
   Data path: /work/qgan/data/train/times/base-qml_torch-q16-noiseless-PSR-aerCPU-rand0-seed0 
   Best eval: 9.2861875615791 
   Total time: 83.30742073059082

Running: /work/qgan/data/train/times/base-qml_torch-q16-noiseless-PSR-aerCPU-rand1-seed0/config.yaml
              Epoch |     Generator cost | Discriminator cost |               Eval |          Best eval |               Time |
Training complete: 
   Data path: /work/qgan/data/train/times/base-qml_torch-q16-noiseless-PSR-aerCPU-rand1-seed0 
   Best eval: 3.2138414877542036 
   Total time: 83.81900572776794

Running: /work/qgan/data/train/times/base-qml_torch-q4-noiseless-SPSA-aerCPU-rand0-seed0/config.yaml
              Epoch |     Generator cost | Discriminator cost |               Eval |          Best eval |               Time |
Training complete: 
   Data path: /work/qgan/data/train/times/base-qml_torch-q4-noiseless-SPSA-aerCPU-rand0-seed0 
   Best eval: 3.6219431867245153 
   Total time: 0.16550707817077637

Running: /work/qgan/data/train/times/base-qml_torch-q4-noiseless-SPSA-aerCPU-rand1-seed0/config.yaml
              Epoch |     Generator cost | Discriminator cost |               Eval |          Best eval |               Time |
Training complete: 
   Data path: /work/qgan/data/train/times/base-qml_torch-q4-noiseless-SPSA-aerCPU-rand1-seed0 
   Best eval: 1.5389020352315563 
   Total time: 0.1709890365600586

Running: /work/qgan/data/train/times/base-qml_torch-q8-noiseless-SPSA-aerCPU-rand0-seed0/config.yaml
              Epoch |     Generator cost | Discriminator cost |               Eval |          Best eval |               Time |
Training complete: 
   Data path: /work/qgan/data/train/times/base-qml_torch-q8-noiseless-SPSA-aerCPU-rand0-seed0 
   Best eval: 6.316506663583105 
   Total time: 0.26070356369018555

Running: /work/qgan/data/train/times/base-qml_torch-q8-noiseless-SPSA-aerCPU-rand1-seed0/config.yaml
              Epoch |     Generator cost | Discriminator cost |               Eval |          Best eval |               Time |
Training complete: 
   Data path: /work/qgan/data/train/times/base-qml_torch-q8-noiseless-SPSA-aerCPU-rand1-seed0 
   Best eval: 2.0909404885724294 
   Total time: 0.27351975440979004

Running: /work/qgan/data/train/times/base-qml_torch-q16-noiseless-SPSA-aerCPU-rand0-seed0/config.yaml
              Epoch |     Generator cost | Discriminator cost |               Eval |          Best eval |               Time |
Training complete: 
   Data path: /work/qgan/data/train/times/base-qml_torch-q16-noiseless-SPSA-aerCPU-rand0-seed0 
   Best eval: 9.21236785936117 
   Total time: 1.8989074230194092

Running: /work/qgan/data/train/times/base-qml_torch-q16-noiseless-SPSA-aerCPU-rand1-seed0/config.yaml
              Epoch |     Generator cost | Discriminator cost |               Eval |          Best eval |               Time |
Training complete: 
   Data path: /work/qgan/data/train/times/base-qml_torch-q16-noiseless-SPSA-aerCPU-rand1-seed0 
   Best eval: 3.188424797864039 
   Total time: 1.9398181438446045

Running: /work/qgan/data/train/times/base-qml_torch-q4-noiseless-REG-aerCPU-rand0-seed0/config.yaml
              Epoch |     Generator cost | Discriminator cost |               Eval |          Best eval |               Time |
Training complete: 
   Data path: /work/qgan/data/train/times/base-qml_torch-q4-noiseless-REG-aerCPU-rand0-seed0 
   Best eval: 3.322139803453905 
   Total time: 0.836353063583374

Running: /work/qgan/data/train/times/base-qml_torch-q4-noiseless-REG-aerCPU-rand1-seed0/config.yaml
              Epoch |     Generator cost | Discriminator cost |               Eval |          Best eval |               Time |
                  9 |             -0.592 |             -0.461 |               4.52 |               1.52 |              0.171 |
Training complete: 
   Data path: /work/qgan/data/train/times/base-qml_torch-q4-noiseless-REG-aerCPU-rand1-seed0 
   Best eval: 1.5152276504197328 
   Total time: 0.9337151050567627

Running: /work/qgan/data/train/times/base-qml_torch-q8-noiseless-REG-aerCPU-rand0-seed0/config.yaml
Training data file created.
              Epoch |     Generator cost | Discriminator cost |               Eval |          Best eval |               Time |
                  0 |             -0.932 |             -0.272 |               6.39 |               6.39 |               1.16 |
                  1 |             -0.968 |             -0.251 |               6.43 |               6.39 |              0.708 |
                  2 |             -0.936 |             -0.262 |               6.39 |               6.39 |              0.708 |
                  3 |              -0.94 |             -0.277 |               6.42 |               6.39 |              0.708 |
                  4 |             -0.936 |             -0.269 |               6.44 |               6.39 |              0.709 |
                  5 |             -0.957 |             -0.279 |               6.58 |               6.39 |              0.707 |
                  6 |             -0.937 |             -0.243 |               6.64 |               6.39 |              0.708 |
                  7 |              -0.94 |             -0.272 |               6.69 |               6.39 |              0.709 |
                  8 |             -0.966 |             -0.266 |               6.46 |               6.39 |              0.709 |
                  9 |             -0.917 |             -0.271 |               6.27 |               6.27 |               0.71 |
Training complete: 
   Data path: /work/qgan/data/train/times/base-qml_torch-q8-noiseless-REG-aerCPU-rand0-seed0 
   Best eval: 6.267348509337108 
   Total time: 7.539351224899292

Running: /work/qgan/data/train/times/base-qml_torch-q8-noiseless-REG-aerCPU-rand1-seed0/config.yaml
Training data file created.
              Epoch |     Generator cost | Discriminator cost |               Eval |          Best eval |               Time |
                  0 |             -0.581 |             -0.504 |                3.1 |                3.1 |               1.37 |
                  1 |             -0.475 |              -0.44 |               4.17 |                3.1 |              0.713 |
                  2 |              -0.24 |             -0.469 |               2.11 |               2.11 |              0.713 |
                  3 |             -0.728 |              -0.49 |               3.57 |               2.11 |              0.713 |
                  4 |             -0.504 |             -0.451 |               3.62 |               2.11 |              0.713 |
                  5 |             -0.461 |               -0.5 |               2.89 |               2.11 |              0.712 |
                  6 |             -0.297 |             -0.487 |               2.84 |               2.11 |              0.712 |
                  7 |             -0.484 |             -0.498 |               3.65 |               2.11 |              0.712 |
                  8 |             -0.427 |             -0.459 |               3.11 |               2.11 |              0.712 |
                  9 |             -0.542 |             -0.524 |                2.6 |               2.11 |              0.712 |
Training complete: 
   Data path: /work/qgan/data/train/times/base-qml_torch-q8-noiseless-REG-aerCPU-rand1-seed0 
   Best eval: 2.1064057543179273 
   Total time: 7.777015209197998

Running: /work/qgan/data/train/times/base-qml_torch-q16-noiseless-REG-aerCPU-rand0-seed0/config.yaml
Training data file created.
              Epoch |     Generator cost | Discriminator cost |               Eval |          Best eval |               Time |
                  0 |             -0.771 |             -0.366 |               9.39 |               9.39 |               35.4 |
                  1 |             -0.799 |             -0.338 |               9.35 |               9.35 |               27.4 |
                  2 |             -0.779 |             -0.346 |               9.31 |               9.31 |               27.4 |
                  3 |             -0.772 |             -0.376 |               9.27 |               9.27 |               27.4 |
                  4 |             -0.784 |             -0.369 |               9.23 |               9.23 |               27.4 |
                  5 |             -0.791 |             -0.377 |                9.2 |                9.2 |               27.6 |
                  6 |             -0.787 |             -0.363 |               9.18 |               9.18 |               27.5 |
                  7 |             -0.782 |             -0.359 |               9.17 |               9.17 |               27.6 |
                  8 |              -0.81 |             -0.369 |               9.15 |               9.15 |               27.4 |
                  9 |             -0.805 |             -0.361 |               9.13 |               9.13 |               27.4 |
Training complete: 
   Data path: /work/qgan/data/train/times/base-qml_torch-q16-noiseless-REG-aerCPU-rand0-seed0 
   Best eval: 9.13149141503618 
   Total time: 282.5289399623871

Running: /work/qgan/data/train/times/base-qml_torch-q16-noiseless-REG-aerCPU-rand1-seed0/config.yaml
Training data file created.
              Epoch |     Generator cost | Discriminator cost |               Eval |          Best eval |               Time |
                  0 |             -0.442 |             -0.373 |               6.56 |               6.56 |               32.4 |
                  1 |             -0.482 |             -0.612 |               5.27 |               5.27 |               24.8 |
                  2 |             -0.451 |             -0.506 |               4.07 |               4.07 |               24.8 |
                  3 |             -0.232 |             -0.599 |               4.05 |               4.05 |               24.8 |
                  4 |             -0.557 |             -0.418 |               5.18 |               4.05 |               24.8 |
                  5 |             -0.564 |             -0.533 |               4.94 |               4.05 |               24.8 |
                  6 |             -0.393 |             -0.498 |               3.63 |               3.63 |               24.8 |
                  7 |             -0.539 |             -0.498 |               5.21 |               3.63 |               24.8 |
                  8 |             -0.783 |             -0.448 |               3.27 |               3.27 |               24.8 |
                  9 |             -0.366 |             -0.459 |               6.11 |               3.27 |               24.8 |
Training complete: 
   Data path: /work/qgan/data/train/times/base-qml_torch-q16-noiseless-REG-aerCPU-rand1-seed0 
   Best eval: 3.2747420084046954 
   Total time: 255.71387314796448

Running: /work/qgan/data/train/times/ang-qml_torch-q4-noiseless-PSR-aerCPU-rand0-seed0/config.yaml
Training data file created.
              Epoch |     Generator cost | Discriminator cost |               Eval |          Best eval |               Time |
                  0 |             -0.902 |             -0.324 |             0.0289 |             0.0289 |               2.44 |
                  1 |             -0.913 |             -0.321 |             0.0298 |             0.0289 |               2.42 |
                  2 |             -0.938 |              -0.32 |             0.0261 |             0.0261 |               2.41 |
                  3 |             -0.942 |             -0.315 |             0.0269 |             0.0261 |               2.41 |
                  4 |             -0.933 |              -0.32 |             0.0246 |             0.0246 |               2.66 |
                  5 |             -0.966 |             -0.327 |             0.0313 |             0.0246 |               2.41 |
                  6 |             -0.955 |             -0.331 |             0.0349 |             0.0246 |               2.41 |
                  7 |             -0.959 |             -0.318 |             0.0302 |             0.0246 |               2.41 |
                  8 |             -0.952 |             -0.322 |             0.0359 |             0.0246 |               2.41 |
                  9 |             -0.962 |              -0.34 |             0.0381 |             0.0246 |               2.41 |
Training complete: 
   Data path: /work/qgan/data/train/times/ang-qml_torch-q4-noiseless-PSR-aerCPU-rand0-seed0 
   Best eval: 0.024643106386065483 
   Total time: 24.393247604370117

Running: /work/qgan/data/train/times/ang-qml_torch-q4-noiseless-PSR-aerCPU-rand1-seed0/config.yaml
Training data file created.
              Epoch |     Generator cost | Discriminator cost |               Eval |          Best eval |               Time |
                  0 |             -0.459 |             -0.535 |              0.189 |              0.189 |               2.45 |
                  1 |             -0.537 |             -0.513 |              0.363 |              0.189 |               2.44 |
                  2 |             -0.511 |             -0.543 |              0.269 |              0.189 |               2.43 |
                  3 |               -0.6 |             -0.506 |              0.132 |              0.132 |               2.43 |
                  4 |             -0.538 |             -0.579 |              0.394 |              0.132 |               2.43 |
                  5 |             -0.309 |             -0.582 |              0.311 |              0.132 |               2.43 |
                  6 |             -0.426 |             -0.594 |              0.406 |              0.132 |               2.43 |
                  7 |              -0.49 |             -0.547 |              0.207 |              0.132 |               2.43 |
                  8 |             -0.605 |             -0.635 |              0.181 |              0.132 |               2.43 |
                  9 |             -0.405 |             -0.529 |              0.196 |              0.132 |               2.43 |
Training complete: 
   Data path: /work/qgan/data/train/times/ang-qml_torch-q4-noiseless-PSR-aerCPU-rand1-seed0 
   Best eval: 0.13221430778503418 
   Total time: 24.34512948989868

Running: /work/qgan/data/train/times/ang-qml_torch-q8-noiseless-PSR-aerCPU-rand0-seed0/config.yaml
Training data file created.
              Epoch |     Generator cost | Discriminator cost |               Eval |          Best eval |               Time |
                  0 |              -0.93 |             -0.432 |             0.0161 |             0.0161 |               6.12 |
                  1 |             -0.941 |             -0.453 |             0.0182 |             0.0161 |               6.08 |
                  2 |             -0.941 |             -0.448 |             0.0241 |             0.0161 |               6.08 |
                  3 |             -0.927 |              -0.44 |             0.0219 |             0.0161 |               6.07 |
                  4 |             -0.923 |             -0.445 |             0.0222 |             0.0161 |               6.08 |
                  5 |             -0.934 |             -0.446 |             0.0205 |             0.0161 |               6.07 |
                  6 |             -0.931 |             -0.466 |             0.0211 |             0.0161 |               6.07 |
                  7 |              -0.94 |             -0.459 |             0.0215 |             0.0161 |               6.08 |
                  8 |             -0.941 |             -0.452 |             0.0188 |             0.0161 |               6.08 |
                  9 |              -0.94 |             -0.449 |             0.0178 |             0.0161 |               6.08 |
Training complete: 
   Data path: /work/qgan/data/train/times/ang-qml_torch-q8-noiseless-PSR-aerCPU-rand0-seed0 
   Best eval: 0.01606421172618866 
   Total time: 60.81820893287659

Running: /work/qgan/data/train/times/ang-qml_torch-q8-noiseless-PSR-aerCPU-rand1-seed0/config.yaml
Training data file created.
              Epoch |     Generator cost | Discriminator cost |               Eval |          Best eval |               Time |
                  0 |             -0.532 |             -0.651 |              0.224 |              0.224 |               6.45 |
                  1 |             -0.464 |             -0.669 |               0.13 |               0.13 |               6.63 |
                  2 |             -0.432 |             -0.673 |              0.225 |               0.13 |               6.43 |
                  3 |             -0.503 |             -0.621 |              0.147 |               0.13 |               6.42 |
                  4 |             -0.606 |             -0.701 |              0.154 |               0.13 |               6.42 |
                  5 |             -0.516 |             -0.614 |               0.16 |               0.13 |               6.42 |
                  6 |             -0.406 |             -0.663 |             0.0975 |             0.0975 |               6.42 |
                  7 |             -0.554 |             -0.719 |              0.226 |             0.0975 |               6.42 |
                  8 |             -0.423 |             -0.733 |              0.232 |             0.0975 |               6.42 |
                  9 |             -0.513 |             -0.672 |              0.152 |             0.0975 |               6.41 |
Training complete: 
   Data path: /work/qgan/data/train/times/ang-qml_torch-q8-noiseless-PSR-aerCPU-rand1-seed0 
   Best eval: 0.09753274917602539 
   Total time: 64.43292927742004

Running: /work/qgan/data/train/times/ang-qml_torch-q16-noiseless-PSR-aerCPU-rand0-seed0/config.yaml
Training data file created.
              Epoch |     Generator cost | Discriminator cost |               Eval |          Best eval |               Time |
                  0 |             -0.801 |              -0.44 |             0.0127 |             0.0127 |           2.17e+03 |
                  1 |             -0.792 |             -0.439 |             0.0134 |             0.0127 |           2.17e+03 |
                  2 |             -0.813 |              -0.45 |             0.0108 |             0.0108 |           2.17e+03 |
                  3 |             -0.783 |              -0.45 |             0.0154 |             0.0108 |           2.18e+03 |
                  4 |             -0.804 |             -0.443 |             0.0177 |             0.0108 |           2.16e+03 |
