Creating config files for noiseless_ang_q16_spsa_seed2:
Configuration file written. Path: /work/qgan/data/train/ang-qml_torch-q16-noiseless-SPSA-aerGPU-rand0-seed2/config.yaml

1 battery configuration files ready.

Running: /work/qgan/data/train/ang-qml_torch-q16-noiseless-SPSA-aerGPU-rand0-seed2/config.yaml
GPUs available to PyTorch: 1
Training data file created.
              Epoch |     Generator cost | Discriminator cost |               Eval |          Best eval |               Time |
                  0 |             -0.838 |             -0.449 |             0.0279 |             0.0279 |               37.6 |
                 10 |             -0.855 |             -0.454 |             0.0304 |             0.0237 |                362 |
                 20 |              -0.84 |              -0.47 |             0.0247 |             0.0237 |                362 |
                 30 |              -0.83 |             -0.484 |             0.0273 |             0.0235 |                364 |
                 40 |             -0.824 |             -0.496 |             0.0277 |             0.0233 |                364 |
                 50 |             -0.813 |             -0.511 |             0.0249 |             0.0233 |                375 |
                 60 |             -0.826 |             -0.519 |             0.0246 |             0.0233 |                373 |
                 70 |             -0.833 |             -0.516 |             0.0337 |             0.0233 |                372 |
                 80 |             -0.821 |             -0.504 |             0.0283 |             0.0233 |                374 |
                 90 |             -0.826 |             -0.512 |             0.0294 |             0.0233 |                373 |
                100 |             -0.834 |             -0.509 |             0.0316 |             0.0233 |                369 |
                110 |             -0.851 |             -0.505 |             0.0308 |             0.0233 |                366 |
                120 |             -0.839 |              -0.51 |             0.0286 |             0.0233 |                366 |
                130 |             -0.855 |             -0.513 |             0.0256 |             0.0233 |                365 |
                140 |             -0.832 |             -0.517 |             0.0272 |             0.0233 |                367 |
                150 |             -0.829 |             -0.527 |             0.0315 |             0.0226 |                368 |
                160 |              -0.84 |             -0.531 |             0.0245 |             0.0216 |                368 |
                170 |             -0.841 |             -0.522 |             0.0282 |             0.0216 |                366 |
                180 |             -0.858 |              -0.52 |             0.0273 |             0.0216 |                364 |
                190 |             -0.857 |             -0.519 |             0.0282 |             0.0216 |                366 |
                200 |             -0.865 |             -0.517 |             0.0309 |             0.0216 |                367 |
                210 |             -0.867 |             -0.517 |             0.0293 |             0.0216 |                368 |
                220 |             -0.854 |             -0.516 |             0.0299 |             0.0216 |                366 |
                230 |             -0.865 |             -0.517 |             0.0302 |             0.0216 |                364 |
                240 |             -0.855 |             -0.519 |             0.0292 |             0.0216 |                364 |
                250 |             -0.879 |              -0.52 |             0.0292 |             0.0216 |                365 |
                260 |             -0.873 |             -0.501 |             0.0293 |             0.0216 |                367 |
                270 |             -0.864 |             -0.511 |             0.0342 |             0.0216 |                368 |
                280 |             -0.867 |             -0.511 |             0.0326 |             0.0216 |                366 |
                290 |             -0.869 |             -0.517 |             0.0307 |             0.0216 |                363 |
                300 |             -0.884 |             -0.522 |             0.0332 |             0.0216 |                364 |
                310 |             -0.899 |             -0.513 |              0.035 |             0.0216 |                365 |
                320 |             -0.879 |             -0.507 |             0.0337 |             0.0216 |                367 |
                330 |              -0.88 |               -0.5 |             0.0317 |             0.0216 |                367 |
                340 |             -0.897 |             -0.512 |             0.0366 |             0.0216 |                364 |
                350 |             -0.898 |             -0.515 |             0.0347 |             0.0216 |                363 |
                360 |               -0.9 |             -0.514 |             0.0366 |             0.0216 |                365 |
                370 |             -0.901 |             -0.509 |             0.0375 |             0.0216 |                366 |
                380 |             -0.887 |             -0.515 |             0.0365 |             0.0216 |                367 |
                390 |             -0.902 |             -0.507 |              0.042 |             0.0216 |                366 |
                400 |             -0.892 |             -0.517 |             0.0355 |             0.0216 |                364 |
                410 |             -0.899 |             -0.509 |             0.0399 |             0.0216 |                363 |
                420 |             -0.902 |             -0.509 |             0.0418 |             0.0216 |                365 |

Interrupter: will stop after the current epoch. Press Ctrl+C again to force quit.
Interrupter: Graceful exit triggered. Breaking loop.
Training complete: 
   Data path: /work/qgan/data/train/ang-qml_torch-q16-noiseless-SPSA-aerGPU-rand0-seed2 
   Best eval: 0.021615320816636086 
   Total time: 15464.58965086937
1 battery run(s) succeeded.
