Creating config files for run_000:
Configuration file rewritten. Path: /work/qgan/data/train/ang-qml_torch-q8-noiseless-SPSA-aerCPU-rand0.25-seed0/config.yaml

Creating config files for run_001:
Configuration file rewritten. Path: /work/qgan/data/train/ang-qml_torch-q8-noiseless-SPSA-aerCPU-rand0-seed2/config.yaml

Creating config files for run_002:
Configuration file rewritten. Path: /work/qgan/data/train/ang-qml_torch-q8-noiseless-REG-aerCPU-rand0.5-seed0/config.yaml

Creating config files for run_003:
Configuration file rewritten. Path: /work/qgan/data/train/ang-qml_torch-q8-noiseless-REG-aerCPU-rand0.1-seed2/config.yaml

Creating config files for run_004:
Configuration file rewritten. Path: /work/qgan/data/train/ang-qml_torch-q4-noiseless-PSR-aerCPU-rand1-seed0/config.yaml

Creating config files for run_005:
Configuration file rewritten. Path: /work/qgan/data/train/ang-qml_torch-q4-noiseless-PSR-aerCPU-rand0.25-seed2/config.yaml

Creating config files for run_006:
Configuration file rewritten. Path: /work/qgan/data/train/base-qml_torch-q8-noiseless-SPSA-aerCPU-rand0-seed1/config.yaml

Creating config files for run_007:
Configuration file rewritten. Path: /work/qgan/data/train/base-qml_torch-q8-noiseless-SPSA-aerCPU-rand0.5-seed2/config.yaml

Creating config files for run_008:
Configuration file rewritten. Path: /work/qgan/data/train/base-qml_torch-q8-noiseless-REG-aerCPU-rand0.1-seed1/config.yaml

Creating config files for run_009:
Configuration file rewritten. Path: /work/qgan/data/train/base-qml_torch-q8-noiseless-REG-aerCPU-rand1-seed2/config.yaml

Creating config files for run_010:
Configuration file rewritten. Path: /work/qgan/data/train/amp-qml_torch-q4-noiseless-PSR-aerCPU-rand0.25-seed1/config.yaml

Creating config files for run_011:
Configuration file rewritten. Path: /work/qgan/data/train/amp-qml_torch-q4-noiseless-REG-aerCPU-rand0-seed0/config.yaml

Creating config files for run_012:
Configuration file rewritten. Path: /work/qgan/data/train/amp-qml_torch-q4-noiseless-REG-aerCPU-rand0.5-seed1/config.yaml

Creating config files for run_013:
Configuration file rewritten. Path: /work/qgan/data/train/base-qml_torch-q4-noiseless-PSR-aerCPU-rand0.1-seed0/config.yaml

Creating config files for run_014:
Configuration file rewritten. Path: /work/qgan/data/train/base-qml_torch-q4-noiseless-PSR-aerCPU-rand1-seed1/config.yaml

Creating config files for run_015:
Configuration file rewritten. Path: /work/qgan/data/train/base-qml_torch-q4-noiseless-SPSA-aerCPU-rand0.25-seed0/config.yaml

Creating config files for run_016:
Configuration file rewritten. Path: /work/qgan/data/train/base-qml_torch-q4-noiseless-SPSA-aerCPU-rand0-seed2/config.yaml

Creating config files for run_017:
Configuration file rewritten. Path: /work/qgan/data/train/amp-qml_torch-q4-noisy-PSR-aerCPU-rand0.5-seed0/config.yaml

Creating config files for run_018:
Configuration file rewritten. Path: /work/qgan/data/train/amp-qml_torch-q4-noisy-PSR-aerCPU-rand0.1-seed2/config.yaml

Creating config files for run_019:
Configuration file rewritten. Path: /work/qgan/data/train/base-qml_torch-q4-noisy-SPSA-aerCPU-rand1-seed0/config.yaml

Creating config files for run_020:
Configuration file rewritten. Path: /work/qgan/data/train/base-qml_torch-q4-noisy-SPSA-aerCPU-rand0.25-seed2/config.yaml

Creating config files for run_021:
Configuration file rewritten. Path: /work/qgan/data/train/ang-qml_torch-q4-noisy-SPSA-aerCPU-rand0-seed1/config.yaml

Creating config files for run_022:
Configuration file rewritten. Path: /work/qgan/data/train/ang-qml_torch-q4-noisy-SPSA-aerCPU-rand0.5-seed2/config.yaml

Creating config files for run_023:
Configuration file rewritten. Path: /work/qgan/data/train/amp-qml_torch-q4-noisy-SPSA-aerCPU-rand0.1-seed1/config.yaml

Creating config files for run_024:
Configuration file rewritten. Path: /work/qgan/data/train/amp-qml_torch-q4-noisy-SPSA-aerCPU-rand1-seed2/config.yaml

Creating config files for run_025:
Configuration file rewritten. Path: /work/qgan/data/train/ang-qml_torch-q8-noisy-SPSA-aerCPU-rand0.25-seed1/config.yaml

Creating config files for run_026:
Configuration file rewritten. Path: /work/qgan/data/train/base-qml_torch-q16-noiseless-REG-aerCPU-rand0-seed0/config.yaml

Creating config files for run_027:
Configuration file rewritten. Path: /work/qgan/data/train/base-qml_torch-q16-noiseless-REG-aerCPU-rand0.5-seed1/config.yaml

28 battery configuration files ready.

Running: /work/qgan/data/train/ang-qml_torch-q8-noiseless-SPSA-aerCPU-rand0.25-seed0/config.yaml
              Epoch |     Generator cost | Discriminator cost |               Eval |          Best eval |               Time |
Training complete: 
   Data path: /work/qgan/data/train/ang-qml_torch-q8-noiseless-SPSA-aerCPU-rand0.25-seed0 
   Best eval: 0.018924180418252945 
   Total time: 411.96185302734375

Running: /work/qgan/data/train/ang-qml_torch-q8-noiseless-SPSA-aerCPU-rand0-seed2/config.yaml
              Epoch |     Generator cost | Discriminator cost |               Eval |          Best eval |               Time |
Training complete: 
   Data path: /work/qgan/data/train/ang-qml_torch-q8-noiseless-SPSA-aerCPU-rand0-seed2 
   Best eval: 0.006024103611707687 
   Total time: 3196.108951807022

Running: /work/qgan/data/train/ang-qml_torch-q8-noiseless-REG-aerCPU-rand0.5-seed0/config.yaml
              Epoch |     Generator cost | Discriminator cost |               Eval |          Best eval |               Time |
Training complete: 
   Data path: /work/qgan/data/train/ang-qml_torch-q8-noiseless-REG-aerCPU-rand0.5-seed0 
   Best eval: 0.10254684835672379 
   Total time: 3209.595712184906

Running: /work/qgan/data/train/ang-qml_torch-q8-noiseless-REG-aerCPU-rand0.1-seed2/config.yaml
              Epoch |     Generator cost | Discriminator cost |               Eval |          Best eval |               Time |
Training complete: 
   Data path: /work/qgan/data/train/ang-qml_torch-q8-noiseless-REG-aerCPU-rand0.1-seed2 
   Best eval: 0.0008936611120589077 
   Total time: 6276.1979513168335

Running: /work/qgan/data/train/ang-qml_torch-q4-noiseless-PSR-aerCPU-rand1-seed0/config.yaml
              Epoch |     Generator cost | Discriminator cost |               Eval |          Best eval |               Time |
Training complete: 
   Data path: /work/qgan/data/train/ang-qml_torch-q4-noiseless-PSR-aerCPU-rand1-seed0 
   Best eval: 0.026870576664805412 
   Total time: 2413.2832930088043

Running: /work/qgan/data/train/ang-qml_torch-q4-noiseless-PSR-aerCPU-rand0.25-seed2/config.yaml
              Epoch |     Generator cost | Discriminator cost |               Eval |          Best eval |               Time |
Training complete: 
   Data path: /work/qgan/data/train/ang-qml_torch-q4-noiseless-PSR-aerCPU-rand0.25-seed2 
   Best eval: -0.0 
   Total time: 2414.0203173160553

Running: /work/qgan/data/train/base-qml_torch-q8-noiseless-SPSA-aerCPU-rand0-seed1/config.yaml
              Epoch |     Generator cost | Discriminator cost |               Eval |          Best eval |               Time |
Training complete: 
   Data path: /work/qgan/data/train/base-qml_torch-q8-noiseless-SPSA-aerCPU-rand0-seed1 
   Best eval: 4.242178849004887 
   Total time: 25.65489888191223

Running: /work/qgan/data/train/base-qml_torch-q8-noiseless-SPSA-aerCPU-rand0.5-seed2/config.yaml
              Epoch |     Generator cost | Discriminator cost |               Eval |          Best eval |               Time |
Training complete: 
   Data path: /work/qgan/data/train/base-qml_torch-q8-noiseless-SPSA-aerCPU-rand0.5-seed2 
   Best eval: 1.4018147590159937 
   Total time: 26.915736436843872

Running: /work/qgan/data/train/base-qml_torch-q8-noiseless-REG-aerCPU-rand0.1-seed1/config.yaml
              Epoch |     Generator cost | Discriminator cost |               Eval |          Best eval |               Time |
Training complete: 
   Data path: /work/qgan/data/train/base-qml_torch-q8-noiseless-REG-aerCPU-rand0.1-seed1 
   Best eval: 1.717332198996596 
   Total time: 735.8978252410889

Running: /work/qgan/data/train/base-qml_torch-q8-noiseless-REG-aerCPU-rand1-seed2/config.yaml
              Epoch |     Generator cost | Discriminator cost |               Eval |          Best eval |               Time |
Training complete: 
   Data path: /work/qgan/data/train/base-qml_torch-q8-noiseless-REG-aerCPU-rand1-seed2 
   Best eval: 1.3418220803583423 
   Total time: 720.7016923427582

Running: /work/qgan/data/train/amp-qml_torch-q4-noiseless-PSR-aerCPU-rand0.25-seed1/config.yaml
Training data file created.
              Epoch |     Generator cost | Discriminator cost |               Eval |          Best eval |               Time |
                  0 |             -0.433 |             -0.405 |             0.0598 |             0.0598 |               1.15 |
                 10 |             -0.609 |             -0.433 |             0.0672 |             0.0419 |                 10 |
                 20 |             -0.551 |             -0.395 |             0.0671 |             0.0419 |                 10 |
                 30 |             -0.617 |             -0.366 |             0.0648 |             0.0419 |               10.3 |
                 40 |             -0.589 |             -0.465 |             0.0731 |             0.0419 |               10.3 |
                 50 |              -0.63 |             -0.466 |             0.0666 |             0.0419 |               10.7 |
                 60 |             -0.616 |             -0.446 |             0.0697 |             0.0419 |               10.4 |
                 70 |             -0.697 |             -0.452 |             0.0607 |             0.0403 |               10.4 |
                 80 |             -0.644 |             -0.514 |             0.0754 |             0.0403 |               10.7 |
                 90 |             -0.636 |             -0.509 |             0.0532 |             0.0403 |               10.4 |
                100 |               -0.7 |             -0.486 |             0.0779 |             0.0403 |               10.3 |
                110 |             -0.687 |             -0.536 |             0.0569 |             0.0403 |               10.3 |
                120 |             -0.712 |             -0.519 |             0.0646 |             0.0403 |               10.4 |
                130 |             -0.722 |             -0.509 |             0.0531 |             0.0403 |               10.4 |
                140 |             -0.725 |             -0.508 |             0.0628 |             0.0403 |               10.3 |
                150 |             -0.676 |             -0.516 |             0.0607 |             0.0403 |               10.1 |
                160 |             -0.697 |             -0.557 |             0.0672 |             0.0403 |                 10 |
                170 |               -0.7 |             -0.547 |             0.0542 |             0.0394 |               9.93 |
                180 |             -0.737 |             -0.513 |             0.0543 |             0.0394 |               9.94 |
                190 |             -0.694 |             -0.558 |             0.0394 |             0.0316 |               10.3 |
                200 |             -0.685 |             -0.582 |             0.0371 |             0.0316 |               10.2 |
                210 |             -0.692 |             -0.566 |             0.0437 |             0.0292 |               10.1 |
                220 |             -0.719 |             -0.562 |             0.0569 |             0.0292 |               9.91 |
                230 |             -0.715 |             -0.526 |             0.0389 |             0.0292 |               9.85 |
                240 |             -0.716 |             -0.512 |             0.0455 |             0.0292 |               9.92 |
                250 |             -0.788 |             -0.576 |             0.0463 |             0.0292 |               10.5 |
                260 |             -0.891 |             -0.558 |             0.0344 |             0.0292 |               10.5 |
                270 |             -0.875 |             -0.574 |             0.0308 |             0.0292 |               10.7 |
                280 |             -0.823 |             -0.516 |             0.0362 |             0.0284 |               10.3 |
                290 |             -0.859 |              -0.55 |             0.0328 |             0.0284 |               10.1 |
                300 |             -0.868 |             -0.552 |             0.0396 |             0.0264 |               10.2 |
                310 |             -0.915 |             -0.529 |             0.0311 |             0.0251 |               9.99 |
                320 |             -0.813 |             -0.553 |              0.044 |             0.0249 |               9.89 |
                330 |              -0.87 |             -0.543 |             0.0269 |             0.0249 |                9.8 |
                340 |             -0.863 |             -0.537 |             0.0262 |             0.0249 |               9.71 |
                350 |             -0.856 |             -0.535 |             0.0331 |             0.0249 |                9.6 |
                360 |             -0.874 |             -0.538 |             0.0301 |             0.0249 |               9.79 |
                370 |             -0.888 |             -0.522 |             0.0372 |             0.0249 |               9.73 |
                380 |             -0.833 |             -0.551 |              0.039 |             0.0249 |                9.9 |
                390 |              -0.88 |             -0.543 |             0.0269 |             0.0237 |               10.1 |
                400 |             -0.882 |             -0.551 |             0.0332 |             0.0237 |               10.2 |
                410 |             -0.926 |             -0.545 |             0.0291 |             0.0237 |               10.1 |
                420 |             -0.921 |             -0.537 |             0.0488 |             0.0237 |               10.4 |
                430 |             -0.876 |             -0.525 |             0.0295 |             0.0237 |               10.2 |
                440 |             -0.857 |              -0.54 |             0.0247 |             0.0234 |               10.1 |
                450 |              -0.91 |             -0.524 |             0.0399 |             0.0234 |               10.1 |
                460 |             -0.893 |             -0.529 |             0.0232 |             0.0232 |                 10 |
                470 |             -0.857 |             -0.552 |             0.0375 |             0.0232 |               10.4 |
                480 |             -0.919 |              -0.53 |             0.0319 |             0.0232 |               10.2 |
                490 |             -0.884 |             -0.545 |             0.0599 |             0.0232 |               10.2 |
                500 |             -0.904 |             -0.549 |             0.0264 |             0.0232 |               10.1 |
                510 |             -0.851 |             -0.572 |             0.0297 |             0.0232 |               10.1 |
                520 |             -0.866 |             -0.563 |             0.0253 |             0.0232 |               9.97 |
                530 |             -0.851 |              -0.58 |             0.0303 |             0.0232 |               10.1 |
                540 |             -0.934 |             -0.533 |             0.0393 |             0.0232 |               9.96 |
                550 |             -0.899 |             -0.535 |             0.0337 |             0.0232 |               10.1 |
                560 |             -0.933 |              -0.55 |             0.0249 |             0.0232 |               10.2 |
                570 |             -0.914 |             -0.544 |             0.0377 |             0.0232 |               10.1 |
                580 |              -0.88 |             -0.525 |             0.0321 |             0.0232 |               10.6 |
                590 |             -0.904 |             -0.568 |             0.0454 |             0.0232 |               10.6 |
                600 |             -0.817 |             -0.558 |             0.0331 |             0.0232 |               10.3 |
                610 |             -0.917 |             -0.529 |             0.0404 |             0.0232 |               10.1 |
                620 |             -0.907 |             -0.536 |             0.0409 |             0.0232 |               10.1 |
                630 |             -0.887 |             -0.556 |             0.0393 |             0.0232 |               10.1 |
                640 |             -0.895 |             -0.538 |             0.0457 |             0.0232 |               10.2 |
                650 |             -0.901 |             -0.512 |             0.0396 |             0.0232 |               9.97 |
                660 |             -0.871 |             -0.554 |             0.0547 |             0.0206 |                9.8 |
                670 |             -0.847 |             -0.526 |             0.0424 |             0.0206 |               9.78 |
                680 |             -0.926 |             -0.553 |             0.0367 |             0.0206 |               9.82 |
                690 |             -0.883 |             -0.525 |             0.0592 |             0.0206 |               10.1 |
                700 |              -0.89 |             -0.535 |             0.0294 |             0.0206 |               9.93 |
                710 |             -0.896 |             -0.523 |             0.0323 |             0.0206 |                9.8 |
                720 |             -0.908 |             -0.521 |             0.0473 |             0.0206 |                 10 |
                730 |             -0.909 |             -0.548 |             0.0409 |             0.0206 |               10.1 |
                740 |             -0.915 |             -0.536 |             0.0484 |             0.0206 |               10.1 |
                750 |             -0.925 |             -0.555 |             0.0543 |             0.0206 |               10.3 |
                760 |             -0.884 |             -0.549 |             0.0553 |             0.0206 |                 10 |
                770 |             -0.879 |             -0.533 |             0.0406 |             0.0206 |               10.1 |
                780 |             -0.926 |             -0.511 |             0.0573 |             0.0206 |                 10 |
                790 |             -0.881 |              -0.54 |             0.0507 |             0.0206 |                 10 |
                800 |             -0.958 |             -0.525 |             0.0498 |             0.0206 |               10.2 |
                810 |             -0.912 |             -0.508 |             0.0643 |             0.0206 |                 10 |
                820 |             -0.916 |              -0.55 |             0.0401 |             0.0206 |                 10 |
                830 |             -0.929 |             -0.526 |             0.0397 |             0.0206 |               9.96 |
                840 |             -0.934 |             -0.561 |              0.029 |             0.0206 |                 10 |
                850 |             -0.888 |             -0.519 |             0.0325 |             0.0206 |               10.1 |
                860 |             -0.881 |             -0.511 |             0.0592 |             0.0206 |               10.2 |
                870 |             -0.891 |             -0.547 |             0.0551 |             0.0206 |               10.1 |
                880 |             -0.891 |             -0.514 |             0.0354 |             0.0206 |               10.1 |
                890 |             -0.919 |             -0.529 |             0.0669 |             0.0206 |               10.1 |
                900 |             -0.857 |             -0.521 |             0.0363 |             0.0206 |               10.2 |
                910 |             -0.888 |              -0.52 |             0.0502 |             0.0206 |               10.2 |
                920 |             -0.897 |             -0.551 |             0.0353 |             0.0206 |               9.91 |
                930 |             -0.899 |             -0.535 |             0.0476 |             0.0206 |                 10 |
                940 |             -0.846 |             -0.543 |             0.0238 |             0.0206 |                 10 |
                950 |             -0.861 |             -0.536 |             0.0373 |             0.0206 |               9.91 |
                960 |               -0.9 |             -0.529 |             0.0355 |             0.0206 |               9.69 |
                970 |             -0.892 |             -0.519 |             0.0651 |             0.0206 |               9.75 |
                980 |             -0.902 |             -0.542 |             0.0648 |             0.0206 |               9.48 |
                990 |             -0.828 |             -0.526 |             0.0302 |             0.0206 |               9.67 |
Training complete: 
   Data path: /work/qgan/data/train/amp-qml_torch-q4-noiseless-PSR-aerCPU-rand0.25-seed1 
   Best eval: 0.020558007519811877 
   Total time: 1009.9001286029816

Running: /work/qgan/data/train/amp-qml_torch-q4-noiseless-REG-aerCPU-rand0-seed0/config.yaml
              Epoch |     Generator cost | Discriminator cost |               Eval |          Best eval |               Time |
Training complete: 
   Data path: /work/qgan/data/train/amp-qml_torch-q4-noiseless-REG-aerCPU-rand0-seed0 
   Best eval: 0.01400428891178972 
   Total time: 341.15516114234924

Running: /work/qgan/data/train/amp-qml_torch-q4-noiseless-REG-aerCPU-rand0.5-seed1/config.yaml
Training data file created.
              Epoch |     Generator cost | Discriminator cost |               Eval |          Best eval |               Time |
                  0 |             -0.721 |             -0.466 |             0.0393 |             0.0393 |              0.474 |
                 10 |             -0.513 |             -0.396 |             0.0567 |             0.0372 |               3.54 |
                 20 |              -0.56 |             -0.418 |              0.042 |             0.0331 |               3.72 |
                 30 |               -0.6 |             -0.412 |             0.0349 |            0.00933 |               3.78 |
                 40 |             -0.618 |             -0.414 |             0.0642 |            0.00933 |               3.54 |
                 50 |             -0.704 |             -0.459 |             0.0474 |            0.00933 |               3.79 |
                 60 |              -0.58 |             -0.419 |             0.0772 |            0.00933 |               3.51 |
                 70 |             -0.736 |             -0.486 |             0.0695 |            0.00933 |               3.77 |
                 80 |             -0.683 |             -0.449 |             0.0625 |            0.00933 |               3.79 |
                 90 |             -0.595 |             -0.459 |             0.0432 |            0.00933 |               3.55 |
                100 |             -0.697 |             -0.525 |             0.0544 |            0.00933 |               3.77 |
                110 |              -0.69 |             -0.554 |             0.0695 |            0.00933 |               3.48 |
                120 |             -0.716 |             -0.521 |             0.0585 |            0.00933 |               3.75 |
                130 |              -0.63 |             -0.565 |             0.0494 |            0.00933 |               3.76 |
                140 |             -0.666 |             -0.577 |             0.0499 |            0.00933 |               3.54 |
                150 |             -0.723 |             -0.576 |             0.0704 |            0.00933 |               3.79 |
                160 |             -0.616 |              -0.62 |             0.0568 |            0.00933 |               3.49 |
                170 |             -0.685 |             -0.627 |             0.0384 |            0.00933 |               3.74 |
                180 |             -0.744 |               -0.6 |             0.0675 |            0.00933 |               3.51 |
                190 |             -0.591 |             -0.678 |             0.0496 |            0.00933 |               3.78 |
                200 |             -0.771 |             -0.566 |             0.0645 |            0.00933 |               3.78 |
                210 |             -0.766 |             -0.565 |              0.017 |            0.00933 |               3.52 |
                220 |             -0.789 |             -0.626 |             0.0445 |            0.00933 |               3.77 |
                230 |             -0.772 |             -0.609 |              0.056 |            0.00786 |               3.51 |
                240 |             -0.604 |             -0.546 |             0.0458 |            0.00786 |               3.76 |
                250 |             -0.763 |             -0.644 |             0.0257 |            0.00786 |               3.79 |
                260 |             -0.808 |             -0.597 |              0.037 |            0.00786 |               3.53 |
                270 |             -0.882 |             -0.684 |             0.0442 |            0.00786 |               3.75 |
                280 |             -0.683 |             -0.584 |             0.0275 |            0.00786 |               3.51 |
                290 |             -0.861 |             -0.676 |             0.0502 |            0.00786 |               3.76 |
                300 |             -0.787 |             -0.571 |             0.0356 |            0.00786 |               3.78 |
                310 |             -0.816 |              -0.62 |             0.0437 |            0.00786 |               3.53 |
                320 |             -0.699 |             -0.637 |             0.0152 |            0.00786 |               3.76 |
                330 |             -0.678 |             -0.626 |             0.0512 |            0.00786 |               3.53 |
                340 |             -0.767 |             -0.581 |             0.0461 |            0.00786 |               3.76 |
                350 |             -0.736 |             -0.613 |             0.0406 |            0.00786 |               3.51 |
                360 |             -0.764 |             -0.593 |             0.0512 |            0.00786 |               3.77 |
                370 |              -0.75 |             -0.595 |             0.0615 |            0.00786 |               3.76 |
                380 |             -0.656 |             -0.661 |             0.0325 |            0.00786 |               3.51 |
                390 |             -0.751 |             -0.641 |             0.0358 |            0.00786 |               3.76 |
                400 |             -0.702 |             -0.629 |             0.0478 |            0.00786 |               3.52 |
                410 |             -0.866 |             -0.621 |             0.0575 |            0.00786 |               3.76 |
                420 |             -0.814 |             -0.618 |             0.0278 |            0.00786 |               3.77 |
                430 |             -0.729 |             -0.586 |             0.0641 |            0.00786 |               3.52 |
                440 |               -0.8 |             -0.553 |             0.0327 |            0.00621 |               3.77 |
                450 |             -0.777 |             -0.569 |             0.0571 |            0.00621 |               3.53 |
                460 |             -0.701 |             -0.571 |             0.0369 |            0.00621 |               3.77 |
                470 |             -0.748 |             -0.638 |             0.0452 |            0.00621 |               3.78 |
                480 |             -0.818 |             -0.567 |             0.0401 |            0.00621 |               3.53 |
                490 |             -0.676 |             -0.624 |             0.0365 |            0.00621 |               3.77 |
                500 |             -0.674 |             -0.591 |             0.0446 |            0.00621 |                3.5 |
                510 |             -0.724 |             -0.614 |              0.053 |            0.00621 |               3.76 |
                520 |             -0.732 |             -0.636 |             0.0364 |            0.00621 |               3.51 |
                530 |              -0.67 |             -0.634 |             0.0476 |            0.00621 |               3.79 |
                540 |             -0.825 |             -0.635 |             0.0352 |            0.00621 |               3.77 |
                550 |             -0.745 |             -0.562 |             0.0377 |            0.00621 |                3.5 |
                560 |             -0.753 |             -0.613 |             0.0358 |            0.00621 |               3.74 |
                570 |             -0.703 |             -0.554 |             0.0281 |            0.00621 |               3.51 |
                580 |             -0.642 |             -0.628 |             0.0467 |            0.00621 |               3.78 |
                590 |             -0.785 |             -0.646 |             0.0278 |            0.00621 |               3.75 |
                600 |             -0.761 |             -0.684 |             0.0346 |            0.00621 |               3.49 |
                610 |             -0.741 |             -0.571 |             0.0161 |            0.00621 |               3.76 |
                620 |             -0.708 |             -0.592 |             0.0294 |            0.00621 |               3.52 |
                630 |              -0.73 |             -0.593 |             0.0319 |            0.00621 |               3.78 |
                640 |             -0.836 |             -0.586 |              0.028 |            0.00621 |               3.74 |
                650 |             -0.774 |             -0.536 |             0.0486 |            0.00621 |               3.49 |
                660 |             -0.834 |             -0.556 |             0.0123 |            0.00621 |               3.76 |
                670 |             -0.618 |             -0.564 |             0.0229 |            0.00621 |                3.5 |
                680 |             -0.869 |             -0.626 |             0.0331 |            0.00621 |               3.77 |
                690 |             -0.733 |             -0.569 |             0.0334 |            0.00621 |               3.49 |
                700 |             -0.708 |             -0.572 |             0.0365 |            0.00621 |               3.75 |
                710 |             -0.778 |              -0.52 |             0.0492 |            0.00621 |               3.76 |
                720 |             -0.725 |              -0.57 |             0.0327 |            0.00621 |               3.53 |
                730 |             -0.825 |             -0.674 |              0.041 |            0.00621 |               3.75 |
                740 |             -0.765 |             -0.627 |             0.0488 |            0.00621 |               3.48 |
                750 |             -0.843 |             -0.617 |             0.0123 |            0.00621 |               3.75 |
                760 |             -0.716 |             -0.665 |              0.036 |            0.00621 |               3.76 |
                770 |             -0.857 |             -0.579 |             0.0181 |            0.00621 |               3.51 |
                780 |             -0.839 |             -0.564 |             0.0167 |            0.00621 |               3.74 |
                790 |             -0.743 |             -0.615 |            0.00548 |            0.00548 |               3.47 |
                800 |             -0.873 |             -0.564 |             0.0213 |            0.00548 |               3.74 |
                810 |             -0.751 |              -0.59 |             0.0386 |            0.00548 |               3.76 |
                820 |             -0.816 |             -0.583 |             0.0562 |            0.00548 |               3.52 |
                830 |             -0.816 |             -0.559 |             0.0323 |            0.00548 |               3.73 |
                840 |             -0.815 |             -0.605 |             0.0471 |            0.00502 |               3.47 |
                850 |             -0.668 |             -0.597 |             0.0467 |            0.00502 |               3.77 |
                860 |             -0.797 |             -0.564 |             0.0289 |            0.00502 |                3.5 |
                870 |              -0.78 |             -0.609 |             0.0379 |            0.00502 |               3.75 |
                880 |              -0.74 |             -0.586 |             0.0434 |            0.00502 |               3.72 |
                890 |             -0.805 |             -0.585 |             0.0466 |            0.00502 |               3.49 |
                900 |             -0.712 |             -0.601 |             0.0379 |            0.00502 |               3.74 |
                910 |             -0.709 |             -0.618 |             0.0256 |            0.00502 |               3.51 |
                920 |             -0.851 |             -0.629 |             0.0357 |            0.00492 |               3.78 |
                930 |             -0.864 |             -0.616 |             0.0491 |            0.00492 |               3.76 |
                940 |             -0.732 |             -0.599 |              0.024 |            0.00492 |               3.49 |
                950 |             -0.702 |             -0.713 |              0.033 |            0.00492 |               3.74 |
                960 |             -0.726 |             -0.591 |             0.0219 |            0.00492 |               3.51 |
                970 |             -0.776 |             -0.573 |             0.0378 |            0.00492 |               3.76 |
                980 |             -0.787 |             -0.633 |             0.0413 |            0.00492 |               3.78 |
                990 |             -0.635 |             -0.629 |             0.0336 |            0.00492 |               3.51 |
Training complete: 
   Data path: /work/qgan/data/train/amp-qml_torch-q4-noiseless-REG-aerCPU-rand0.5-seed1 
   Best eval: 0.00491845637229403 
   Total time: 365.9471209049225

Running: /work/qgan/data/train/base-qml_torch-q4-noiseless-PSR-aerCPU-rand0.1-seed0/config.yaml
              Epoch |     Generator cost | Discriminator cost |               Eval |          Best eval |               Time |
Training complete: 
   Data path: /work/qgan/data/train/base-qml_torch-q4-noiseless-PSR-aerCPU-rand0.1-seed0 
   Best eval: 0.010651926471313883 
   Total time: 235.62977027893066

Running: /work/qgan/data/train/base-qml_torch-q4-noiseless-PSR-aerCPU-rand1-seed1/config.yaml
              Epoch |     Generator cost | Discriminator cost |               Eval |          Best eval |               Time |
Training complete: 
   Data path: /work/qgan/data/train/base-qml_torch-q4-noiseless-PSR-aerCPU-rand1-seed1 
   Best eval: 0.2556262079901943 
   Total time: 224.72868299484253

Running: /work/qgan/data/train/base-qml_torch-q4-noiseless-SPSA-aerCPU-rand0.25-seed0/config.yaml
              Epoch |     Generator cost | Discriminator cost |               Eval |          Best eval |               Time |
Training complete: 
   Data path: /work/qgan/data/train/base-qml_torch-q4-noiseless-SPSA-aerCPU-rand0.25-seed0 
   Best eval: 0.18172545119059683 
   Total time: 16.59700608253479

Running: /work/qgan/data/train/base-qml_torch-q4-noiseless-SPSA-aerCPU-rand0-seed2/config.yaml
              Epoch |     Generator cost | Discriminator cost |               Eval |          Best eval |               Time |
Training complete: 
   Data path: /work/qgan/data/train/base-qml_torch-q4-noiseless-SPSA-aerCPU-rand0-seed2 
   Best eval: 3.287063167943513 
   Total time: 17.389567375183105

Running: /work/qgan/data/train/amp-qml_torch-q4-noisy-PSR-aerCPU-rand0.5-seed0/config.yaml
Training data file created.
              Epoch |     Generator cost | Discriminator cost |               Eval |          Best eval |               Time |
                  0 |             -0.507 |             -0.401 |             0.0424 |             0.0424 |           1.09e+03 |
                 10 |              -0.55 |             -0.392 |             0.0476 |             0.0211 |           1.06e+04 |
                 20 |             -0.642 |             -0.453 |              0.054 |             0.0211 |           1.05e+04 |
                 30 |             -0.632 |             -0.373 |             0.0579 |             0.0211 |           1.05e+04 |
                 40 |              -0.68 |             -0.438 |             0.0254 |             0.0211 |           1.06e+04 |
