Creating config files for run_000:
Configuration file rewritten. Path: /work/qgan/data/train/ang-qml_torch-q8-noiseless-PSR-aerCPU-rand0-seed1/config.yaml

Creating config files for run_001:
Configuration file rewritten. Path: /work/qgan/data/train/ang-qml_torch-q8-noiseless-PSR-aerCPU-rand0.5-seed2/config.yaml

Creating config files for run_002:
Configuration file rewritten. Path: /work/qgan/data/train/amp-qml_torch-q8-noiseless-PSR-aerCPU-rand0.1-seed1/config.yaml

Creating config files for run_003:
Configuration file rewritten. Path: /work/qgan/data/train/amp-qml_torch-q8-noiseless-PSR-aerCPU-rand1-seed2/config.yaml

Creating config files for run_004:
Configuration file rewritten. Path: /work/qgan/data/train/amp-qml_torch-q8-noiseless-SPSA-aerCPU-rand0.25-seed1/config.yaml

Creating config files for run_005:
Configuration file rewritten. Path: /work/qgan/data/train/amp-qml_torch-q8-noiseless-REG-aerCPU-rand0-seed0/config.yaml

Creating config files for run_006:
Configuration file rewritten. Path: /work/qgan/data/train/amp-qml_torch-q8-noiseless-REG-aerCPU-rand0.5-seed1/config.yaml

Creating config files for run_007:
Configuration file rewritten. Path: /work/qgan/data/train/ang-qml_torch-q4-noiseless-SPSA-aerCPU-rand0.1-seed0/config.yaml

Creating config files for run_008:
Configuration file rewritten. Path: /work/qgan/data/train/ang-qml_torch-q4-noiseless-SPSA-aerCPU-rand1-seed1/config.yaml

Creating config files for run_009:
Configuration file rewritten. Path: /work/qgan/data/train/ang-qml_torch-q4-noiseless-REG-aerCPU-rand0.25-seed0/config.yaml

Creating config files for run_010:
Configuration file rewritten. Path: /work/qgan/data/train/ang-qml_torch-q4-noiseless-REG-aerCPU-rand0-seed2/config.yaml

Creating config files for run_011:
Configuration file rewritten. Path: /work/qgan/data/train/base-qml_torch-q8-noiseless-PSR-aerCPU-rand0.5-seed0/config.yaml

Creating config files for run_012:
Configuration file rewritten. Path: /work/qgan/data/train/base-qml_torch-q8-noiseless-PSR-aerCPU-rand0.1-seed2/config.yaml

Creating config files for run_013:
Configuration file rewritten. Path: /work/qgan/data/train/base-qml_torch-q4-noiseless-REG-aerCPU-rand1-seed0/config.yaml

Creating config files for run_014:
Configuration file rewritten. Path: /work/qgan/data/train/base-qml_torch-q4-noiseless-REG-aerCPU-rand0.25-seed2/config.yaml

Creating config files for run_015:
Configuration file rewritten. Path: /work/qgan/data/train/amp-qml_torch-q4-noiseless-SPSA-aerCPU-rand0-seed1/config.yaml

Creating config files for run_016:
Configuration file rewritten. Path: /work/qgan/data/train/amp-qml_torch-q4-noiseless-SPSA-aerCPU-rand0.5-seed2/config.yaml

Creating config files for run_017:
Configuration file rewritten. Path: /work/qgan/data/train/base-qml_torch-q4-noisy-PSR-aerCPU-rand0.1-seed1/config.yaml

Creating config files for run_018:
Configuration file rewritten. Path: /work/qgan/data/train/base-qml_torch-q4-noisy-PSR-aerCPU-rand1-seed2/config.yaml

Creating config files for run_019:
Configuration file rewritten. Path: /work/qgan/data/train/ang-qml_torch-q4-noisy-PSR-aerCPU-rand0.25-seed1/config.yaml

20 battery configuration files ready.

Running: /work/qgan/data/train/ang-qml_torch-q8-noiseless-PSR-aerCPU-rand0-seed1/config.yaml
              Epoch |     Generator cost | Discriminator cost |               Eval |          Best eval |               Time |
Training complete: 
   Data path: /work/qgan/data/train/ang-qml_torch-q8-noiseless-PSR-aerCPU-rand0-seed1 
   Best eval: 0.01038837619125843 
   Total time: 6037.633568525314

Running: /work/qgan/data/train/ang-qml_torch-q8-noiseless-PSR-aerCPU-rand0.5-seed2/config.yaml
              Epoch |     Generator cost | Discriminator cost |               Eval |          Best eval |               Time |
Training complete: 
   Data path: /work/qgan/data/train/ang-qml_torch-q8-noiseless-PSR-aerCPU-rand0.5-seed2 
   Best eval: 0.09094055742025375 
   Total time: 3464.0932874679565

Running: /work/qgan/data/train/amp-qml_torch-q8-noiseless-PSR-aerCPU-rand0.1-seed1/config.yaml
              Epoch |     Generator cost | Discriminator cost |               Eval |          Best eval |               Time |
Training complete: 
   Data path: /work/qgan/data/train/amp-qml_torch-q8-noiseless-PSR-aerCPU-rand0.1-seed1 
   Best eval: 0.0013285702850099443 
   Total time: 4518.256233930588

Running: /work/qgan/data/train/amp-qml_torch-q8-noiseless-PSR-aerCPU-rand1-seed2/config.yaml
Training data file created.
              Epoch |     Generator cost | Discriminator cost |               Eval |          Best eval |               Time |
                  0 |             -0.506 |             -0.459 |            0.00359 |            0.00359 |               4.66 |
                 10 |             -0.589 |             -0.454 |            0.00341 |            0.00252 |               46.4 |
                 20 |             -0.387 |             -0.404 |            0.00358 |            0.00228 |               47.9 |
                 30 |             -0.502 |             -0.533 |            0.00334 |            0.00228 |               48.6 |
                 40 |              -0.48 |             -0.504 |            0.00232 |            0.00228 |               47.2 |
                 50 |             -0.572 |              -0.67 |            0.00329 |            0.00228 |               46.6 |
                 60 |             -0.377 |             -0.668 |            0.00306 |            0.00228 |               46.6 |
                 70 |             -0.463 |             -0.596 |             0.0032 |            0.00228 |               46.2 |
                 80 |             -0.475 |             -0.625 |            0.00337 |            0.00228 |               46.7 |
                 90 |             -0.446 |             -0.647 |            0.00274 |            0.00228 |               46.5 |
                100 |             -0.384 |             -0.715 |            0.00308 |            0.00228 |               46.7 |
                110 |             -0.406 |             -0.691 |            0.00375 |            0.00224 |               46.4 |
                120 |             -0.345 |             -0.587 |            0.00355 |            0.00224 |               46.3 |
                130 |             -0.336 |             -0.752 |            0.00285 |            0.00224 |               46.7 |
                140 |             -0.614 |             -0.697 |            0.00287 |            0.00224 |               46.6 |
                150 |             -0.439 |              -0.65 |            0.00345 |            0.00224 |               46.4 |
                160 |             -0.554 |             -0.709 |            0.00371 |            0.00224 |               46.7 |
                170 |             -0.446 |             -0.649 |            0.00358 |            0.00224 |               46.4 |
                180 |             -0.751 |             -0.728 |            0.00358 |            0.00224 |               46.6 |
                190 |             -0.626 |             -0.719 |            0.00316 |            0.00209 |               46.5 |
                200 |             -0.619 |             -0.766 |            0.00312 |            0.00209 |               46.7 |
                210 |              -0.71 |             -0.881 |            0.00371 |            0.00183 |               45.8 |
                220 |             -0.503 |              -0.68 |            0.00341 |            0.00183 |               45.9 |
                230 |             -0.669 |             -0.769 |            0.00324 |            0.00149 |                 46 |
                240 |              -0.57 |             -0.704 |            0.00325 |            0.00149 |               45.8 |
                250 |             -0.417 |             -0.694 |            0.00252 |            0.00149 |               45.9 |
                260 |             -0.503 |             -0.744 |            0.00307 |            0.00149 |               45.9 |
                270 |             -0.323 |             -0.679 |            0.00346 |            0.00149 |               45.7 |
                280 |             -0.285 |             -0.752 |            0.00366 |            0.00149 |               45.9 |
                290 |             -0.514 |             -0.807 |            0.00342 |            0.00149 |               45.9 |
                300 |             -0.311 |             -0.706 |            0.00334 |            0.00149 |               45.6 |
                310 |             -0.376 |             -0.654 |            0.00261 |            0.00149 |               46.1 |
                320 |             -0.476 |             -0.741 |            0.00274 |            0.00149 |               45.9 |
                330 |             -0.744 |             -0.801 |            0.00326 |            0.00149 |               46.1 |
                340 |             -0.525 |             -0.784 |             0.0035 |            0.00149 |                 46 |
                350 |              -0.45 |             -0.838 |            0.00319 |            0.00149 |               45.8 |
                360 |              -0.34 |             -0.721 |            0.00281 |            0.00149 |                 46 |
                370 |             -0.676 |             -0.791 |            0.00316 |            0.00149 |                 46 |
                380 |              -0.53 |             -0.767 |            0.00249 |            0.00149 |               45.8 |
                390 |             -0.368 |             -0.683 |            0.00299 |            0.00149 |               45.9 |
                400 |             -0.571 |             -0.709 |            0.00319 |            0.00149 |               45.9 |
                410 |             -0.558 |             -0.746 |            0.00305 |            0.00149 |               45.7 |
                420 |             -0.231 |             -0.861 |            0.00357 |            0.00149 |                 46 |
                430 |             -0.548 |             -0.874 |            0.00323 |            0.00149 |               45.9 |
                440 |             -0.532 |             -0.844 |            0.00357 |            0.00149 |               45.8 |
                450 |             -0.599 |              -0.61 |            0.00359 |            0.00149 |                 46 |
                460 |             -0.563 |             -0.767 |            0.00302 |            0.00149 |               45.9 |
                470 |             -0.623 |             -0.766 |            0.00332 |            0.00149 |               45.7 |
                480 |             -0.285 |             -0.746 |            0.00341 |            0.00149 |               45.8 |
                490 |             -0.358 |             -0.759 |            0.00359 |            0.00149 |               45.5 |
                500 |             -0.535 |             -0.783 |            0.00305 |            0.00149 |               45.4 |
                510 |             -0.527 |             -0.796 |            0.00289 |            0.00149 |               45.3 |
                520 |             -0.185 |             -0.751 |            0.00331 |            0.00149 |               45.3 |
                530 |             -0.677 |             -0.673 |            0.00318 |            0.00149 |               45.3 |
                540 |              -0.43 |             -0.729 |            0.00316 |            0.00149 |               45.3 |
                550 |             -0.515 |             -0.653 |            0.00207 |            0.00149 |               45.6 |
                560 |             -0.391 |             -0.724 |             0.0029 |            0.00149 |               45.3 |
                570 |             -0.318 |             -0.716 |             0.0033 |            0.00149 |               45.3 |
                580 |             -0.311 |             -0.688 |            0.00283 |            0.00149 |               45.2 |
                590 |             -0.297 |             -0.738 |            0.00354 |            0.00149 |               45.4 |
                600 |             -0.614 |             -0.864 |            0.00351 |            0.00149 |               45.3 |
                610 |             -0.419 |             -0.654 |            0.00354 |            0.00149 |               45.1 |
                620 |             -0.431 |             -0.672 |             0.0031 |            0.00149 |               45.3 |
                630 |             -0.506 |             -0.834 |            0.00223 |            0.00149 |               45.3 |
                640 |             -0.353 |             -0.879 |            0.00383 |            0.00149 |               45.1 |
                650 |              -0.36 |             -0.795 |            0.00139 |            0.00139 |               45.3 |
                660 |             -0.482 |             -0.655 |             0.0029 |            0.00139 |               45.3 |
                670 |             -0.504 |             -0.812 |            0.00318 |            0.00139 |               45.2 |
                680 |             -0.247 |              -0.75 |            0.00271 |            0.00139 |               45.3 |
                690 |             -0.629 |             -0.719 |            0.00336 |            0.00139 |               45.2 |
                700 |              -0.39 |             -0.584 |            0.00213 |            0.00139 |               45.1 |
                710 |             -0.718 |              -0.75 |            0.00303 |            0.00139 |               45.4 |
                720 |             -0.494 |             -0.815 |            0.00234 |            0.00139 |               45.4 |
                730 |             -0.496 |             -0.671 |            0.00319 |            0.00139 |               45.2 |
                740 |             -0.642 |             -0.699 |            0.00317 |            0.00139 |               45.4 |
                750 |             -0.529 |             -0.787 |            0.00309 |            0.00139 |               45.4 |
                760 |             -0.632 |             -0.726 |            0.00244 |            0.00139 |               45.2 |
                770 |             -0.551 |              -0.71 |            0.00298 |            0.00139 |               45.3 |
                780 |             -0.431 |             -0.794 |            0.00301 |            0.00139 |               45.2 |
                790 |             -0.486 |             -0.728 |            0.00291 |            0.00139 |               45.4 |
                800 |             -0.425 |             -0.696 |            0.00286 |            0.00139 |               45.3 |
                810 |             -0.317 |             -0.752 |            0.00287 |            0.00139 |               45.2 |
                820 |             -0.586 |             -0.692 |            0.00343 |            0.00139 |               45.4 |
                830 |             -0.411 |             -0.754 |            0.00363 |            0.00139 |               45.5 |
                840 |             -0.411 |             -0.751 |            0.00281 |            0.00139 |               45.2 |
                850 |             -0.341 |             -0.717 |            0.00286 |            0.00139 |               45.4 |
                860 |             -0.522 |             -0.744 |            0.00206 |            0.00139 |               45.5 |
                870 |             -0.706 |             -0.852 |            0.00306 |            0.00139 |               45.3 |
                880 |             -0.672 |             -0.732 |            0.00315 |            0.00139 |               45.4 |
                890 |             -0.575 |             -0.732 |            0.00293 |            0.00139 |               45.4 |
                900 |             -0.496 |             -0.836 |            0.00307 |            0.00139 |               45.2 |
                910 |              -0.49 |             -0.706 |            0.00347 |            0.00139 |               45.4 |
                920 |             -0.237 |             -0.798 |            0.00322 |            0.00139 |               45.4 |
                930 |             -0.581 |             -0.815 |            0.00277 |            0.00139 |               45.2 |
                940 |             -0.817 |             -0.665 |            0.00325 |            0.00139 |               45.3 |
                950 |             -0.594 |             -0.666 |            0.00269 |            0.00139 |               45.4 |
                960 |             -0.458 |             -0.581 |            0.00302 |            0.00139 |               45.2 |
                970 |             -0.338 |             -0.723 |            0.00189 |            0.00139 |               45.4 |
                980 |             -0.428 |             -0.656 |            0.00306 |            0.00139 |               45.3 |
                990 |             -0.543 |             -0.759 |            0.00318 |            0.00139 |               45.6 |
Training complete: 
   Data path: /work/qgan/data/train/amp-qml_torch-q8-noiseless-PSR-aerCPU-rand1-seed2 
   Best eval: 0.0013875060607336331 
   Total time: 4575.528923988342

Running: /work/qgan/data/train/amp-qml_torch-q8-noiseless-SPSA-aerCPU-rand0.25-seed1/config.yaml
Training data file created.
              Epoch |     Generator cost | Discriminator cost |               Eval |          Best eval |               Time |
                  0 |             -0.788 |             -0.374 |            0.00335 |            0.00335 |              0.163 |
                 10 |             -0.799 |             -0.376 |            0.00309 |            0.00284 |               1.57 |
                 20 |             -0.669 |             -0.408 |             0.0039 |            0.00252 |               1.57 |
                 30 |             -0.736 |             -0.379 |            0.00313 |            0.00235 |               1.57 |
                 40 |             -0.741 |             -0.348 |            0.00358 |            0.00212 |               1.57 |
                 50 |             -0.748 |             -0.372 |            0.00309 |            0.00212 |               1.57 |
                 60 |             -0.753 |               -0.4 |             0.0038 |            0.00212 |               1.57 |
                 70 |             -0.728 |             -0.363 |            0.00349 |            0.00212 |               1.56 |
                 80 |              -0.81 |             -0.391 |            0.00316 |            0.00212 |               1.57 |
                 90 |             -0.847 |             -0.401 |            0.00342 |            0.00206 |               1.56 |
                100 |             -0.844 |             -0.426 |            0.00335 |            0.00206 |               1.57 |
                110 |             -0.812 |             -0.373 |            0.00302 |            0.00206 |               1.57 |
                120 |               -0.8 |             -0.376 |            0.00378 |            0.00206 |               1.59 |
                130 |              -0.83 |             -0.395 |            0.00337 |            0.00206 |               1.58 |
                140 |             -0.839 |             -0.402 |            0.00323 |            0.00206 |               1.58 |
                150 |             -0.773 |             -0.393 |            0.00287 |            0.00206 |               1.57 |
                160 |             -0.795 |             -0.447 |            0.00382 |            0.00206 |               1.58 |
                170 |               -0.8 |             -0.426 |            0.00339 |            0.00206 |               1.59 |
                180 |             -0.863 |             -0.429 |            0.00322 |            0.00206 |               1.58 |
                190 |             -0.842 |             -0.462 |            0.00292 |            0.00206 |               1.57 |
                200 |             -0.911 |             -0.458 |            0.00312 |            0.00206 |               1.58 |
                210 |             -0.879 |             -0.529 |            0.00346 |            0.00206 |               1.57 |
                220 |             -0.903 |             -0.508 |            0.00343 |            0.00206 |               1.56 |
                230 |             -0.729 |             -0.449 |            0.00378 |            0.00206 |               1.57 |
                240 |             -0.842 |             -0.503 |            0.00381 |            0.00206 |               1.58 |
                250 |             -0.823 |             -0.472 |            0.00332 |            0.00206 |               1.58 |
                260 |             -0.832 |             -0.475 |            0.00292 |            0.00206 |               1.58 |
                270 |             -0.822 |             -0.497 |            0.00356 |            0.00206 |               1.58 |
                280 |             -0.921 |             -0.555 |             0.0039 |            0.00205 |               1.57 |
                290 |             -0.862 |              -0.57 |            0.00332 |            0.00205 |               1.58 |
                300 |             -0.907 |             -0.527 |            0.00317 |            0.00205 |               1.57 |
                310 |             -0.873 |             -0.542 |            0.00332 |            0.00205 |               1.59 |
                320 |              -0.86 |             -0.493 |            0.00382 |            0.00205 |               1.58 |
                330 |             -0.791 |             -0.554 |            0.00349 |            0.00205 |               1.58 |
                340 |             -0.838 |             -0.557 |            0.00322 |            0.00205 |               1.59 |
                350 |              -0.92 |              -0.52 |            0.00313 |            0.00205 |               1.58 |
                360 |             -0.765 |             -0.521 |            0.00339 |            0.00205 |               1.57 |
                370 |             -0.848 |             -0.548 |            0.00373 |            0.00205 |               1.58 |
                380 |             -0.798 |             -0.538 |            0.00339 |            0.00205 |               1.58 |
                390 |             -0.858 |              -0.51 |            0.00337 |            0.00205 |               1.59 |
                400 |             -0.915 |             -0.548 |            0.00261 |            0.00205 |               1.59 |
                410 |             -0.896 |             -0.533 |            0.00233 |            0.00205 |               1.58 |
                420 |             -0.909 |             -0.532 |            0.00258 |            0.00205 |               1.59 |
                430 |             -0.882 |             -0.504 |              0.003 |            0.00205 |               1.57 |
                440 |             -0.873 |             -0.507 |            0.00336 |            0.00205 |               1.58 |
                450 |             -0.868 |             -0.543 |            0.00325 |            0.00205 |               1.58 |
                460 |             -0.822 |             -0.554 |            0.00282 |            0.00205 |               1.58 |
                470 |             -0.872 |             -0.516 |            0.00287 |            0.00205 |               1.59 |
                480 |             -0.904 |             -0.529 |            0.00245 |            0.00205 |               1.58 |
                490 |             -0.883 |             -0.537 |            0.00315 |            0.00205 |               1.58 |
                500 |             -0.842 |             -0.519 |            0.00345 |            0.00205 |               1.57 |
                510 |             -0.842 |             -0.534 |            0.00395 |            0.00205 |               1.58 |
                520 |             -0.882 |             -0.506 |            0.00383 |            0.00205 |               1.59 |
                530 |             -0.841 |             -0.534 |            0.00259 |            0.00205 |               1.58 |
                540 |             -0.895 |             -0.504 |            0.00348 |            0.00205 |               1.57 |
                550 |             -0.849 |              -0.53 |            0.00319 |            0.00205 |               1.59 |
                560 |             -0.871 |             -0.516 |            0.00359 |            0.00205 |               1.58 |
                570 |             -0.864 |              -0.53 |             0.0027 |            0.00205 |               1.59 |
                580 |             -0.815 |             -0.523 |            0.00335 |            0.00205 |               1.59 |
                590 |             -0.888 |              -0.51 |            0.00327 |            0.00205 |               1.59 |
                600 |             -0.887 |             -0.527 |            0.00338 |            0.00205 |               1.57 |
                610 |              -0.91 |             -0.547 |             0.0033 |            0.00202 |               1.57 |
                620 |             -0.782 |             -0.508 |            0.00356 |            0.00202 |               1.58 |
                630 |             -0.861 |             -0.522 |              0.004 |            0.00202 |               1.58 |
                640 |             -0.862 |              -0.55 |            0.00329 |            0.00202 |                1.6 |
                650 |             -0.844 |             -0.509 |            0.00348 |            0.00202 |               1.58 |
                660 |             -0.887 |             -0.554 |            0.00264 |            0.00202 |               1.59 |
                670 |             -0.876 |             -0.547 |            0.00346 |            0.00202 |               1.59 |
                680 |             -0.913 |             -0.523 |            0.00338 |            0.00202 |               1.58 |
                690 |             -0.838 |             -0.524 |            0.00327 |            0.00202 |               1.58 |
                700 |             -0.833 |             -0.532 |            0.00348 |            0.00202 |               1.57 |
                710 |             -0.902 |             -0.527 |            0.00323 |            0.00202 |               1.59 |
                720 |             -0.863 |             -0.551 |            0.00379 |            0.00202 |               1.58 |
                730 |             -0.893 |              -0.51 |            0.00346 |            0.00202 |               1.58 |
                740 |             -0.906 |             -0.528 |            0.00384 |            0.00202 |               1.59 |
                750 |             -0.854 |             -0.539 |            0.00319 |            0.00202 |               1.58 |
                760 |             -0.896 |             -0.534 |            0.00316 |            0.00202 |               1.58 |
                770 |             -0.887 |             -0.516 |            0.00343 |            0.00202 |               1.58 |
                780 |             -0.889 |             -0.511 |            0.00377 |            0.00202 |               1.58 |
                790 |             -0.868 |             -0.524 |            0.00281 |            0.00202 |                1.6 |
                800 |             -0.881 |             -0.513 |            0.00364 |            0.00202 |               1.58 |
                810 |             -0.883 |             -0.521 |            0.00326 |            0.00202 |               1.58 |
                820 |              -0.84 |             -0.515 |            0.00335 |            0.00202 |                1.6 |
                830 |             -0.856 |             -0.507 |            0.00351 |            0.00202 |               1.59 |
                840 |             -0.874 |             -0.527 |             0.0035 |            0.00202 |               1.59 |
                850 |             -0.864 |             -0.518 |            0.00382 |            0.00202 |               1.58 |
                860 |              -0.86 |             -0.541 |            0.00335 |            0.00202 |               1.57 |
                870 |             -0.874 |             -0.524 |            0.00301 |            0.00202 |               1.58 |
                880 |             -0.866 |              -0.51 |            0.00323 |            0.00202 |               1.59 |
                890 |             -0.805 |             -0.523 |            0.00328 |            0.00202 |               1.59 |
                900 |             -0.841 |             -0.522 |            0.00341 |            0.00202 |                1.6 |
                910 |             -0.868 |             -0.548 |            0.00295 |            0.00202 |               1.58 |
                920 |             -0.856 |             -0.531 |             0.0039 |            0.00202 |               1.58 |
                930 |             -0.872 |             -0.521 |            0.00237 |            0.00202 |               1.79 |
                940 |             -0.817 |             -0.521 |            0.00282 |            0.00202 |               1.59 |
                950 |             -0.781 |             -0.504 |             0.0035 |            0.00202 |               1.57 |
                960 |             -0.832 |             -0.523 |            0.00275 |            0.00202 |               1.57 |
                970 |             -0.865 |             -0.511 |            0.00328 |            0.00202 |                1.6 |
                980 |             -0.796 |             -0.513 |            0.00287 |            0.00202 |               1.59 |
                990 |             -0.871 |             -0.517 |            0.00371 |            0.00202 |               1.57 |
Training complete: 
   Data path: /work/qgan/data/train/amp-qml_torch-q8-noiseless-SPSA-aerCPU-rand0.25-seed1 
   Best eval: 0.002017295990195601 
   Total time: 158.25375938415527

Running: /work/qgan/data/train/amp-qml_torch-q8-noiseless-REG-aerCPU-rand0-seed0/config.yaml
              Epoch |     Generator cost | Discriminator cost |               Eval |          Best eval |               Time |
Training complete: 
   Data path: /work/qgan/data/train/amp-qml_torch-q8-noiseless-REG-aerCPU-rand0-seed0 
   Best eval: 0.00041440812580322586 
   Total time: 8568.80615735054

Running: /work/qgan/data/train/amp-qml_torch-q8-noiseless-REG-aerCPU-rand0.5-seed1/config.yaml
Training data file created.
              Epoch |     Generator cost | Discriminator cost |               Eval |          Best eval |               Time |
                  0 |               -0.6 |             -0.413 |            0.00221 |            0.00221 |               14.3 |
                 10 |             -0.702 |             -0.405 |            0.00256 |            0.00221 |               93.5 |
                 20 |             -0.531 |             -0.473 |            0.00359 |            0.00221 |                 91 |
                 30 |             -0.712 |             -0.523 |            0.00314 |            0.00215 |               89.8 |
                 40 |             -0.736 |             -0.456 |             0.0037 |            0.00215 |               89.7 |
                 50 |             -0.659 |             -0.525 |            0.00363 |            0.00215 |               90.9 |
                 60 |              -0.66 |             -0.525 |            0.00346 |            0.00212 |               89.7 |
                 70 |             -0.685 |             -0.518 |             0.0028 |            0.00212 |               90.3 |
                 80 |             -0.686 |             -0.535 |            0.00327 |            0.00212 |               89.6 |
                 90 |             -0.726 |              -0.59 |            0.00295 |            0.00212 |               89.9 |
                100 |              -0.66 |             -0.526 |            0.00323 |            0.00212 |               89.9 |
                110 |             -0.665 |             -0.566 |             0.0032 |            0.00212 |               89.6 |
                120 |             -0.623 |             -0.529 |            0.00344 |            0.00212 |               89.8 |
                130 |             -0.699 |              -0.59 |            0.00279 |            0.00212 |               89.6 |
                140 |             -0.745 |             -0.575 |            0.00277 |            0.00208 |               90.2 |
                150 |             -0.591 |             -0.536 |            0.00292 |            0.00208 |               90.1 |
                160 |             -0.667 |             -0.649 |            0.00289 |            0.00201 |               90.3 |
                170 |             -0.724 |             -0.574 |            0.00182 |            0.00182 |               90.1 |
                180 |             -0.647 |             -0.566 |            0.00343 |            0.00182 |               89.7 |
                190 |             -0.647 |             -0.639 |            0.00255 |            0.00182 |               90.2 |
                200 |             -0.804 |             -0.619 |            0.00197 |            0.00182 |               89.6 |
                210 |             -0.721 |             -0.676 |            0.00304 |            0.00182 |               89.5 |
                220 |             -0.838 |             -0.628 |            0.00218 |            0.00182 |               89.6 |
                230 |             -0.642 |             -0.565 |            0.00254 |            0.00148 |               89.7 |
                240 |             -0.765 |             -0.563 |            0.00328 |            0.00148 |               90.3 |
                250 |             -0.724 |             -0.538 |            0.00298 |            0.00148 |                 90 |
                260 |             -0.794 |             -0.568 |            0.00294 |            0.00148 |               89.5 |
                270 |             -0.723 |             -0.655 |            0.00352 |            0.00148 |               90.7 |
                280 |             -0.731 |             -0.582 |            0.00323 |            0.00148 |               90.8 |
                290 |             -0.737 |             -0.639 |            0.00313 |            0.00148 |               90.7 |
                300 |             -0.649 |             -0.599 |            0.00288 |            0.00148 |               91.1 |
                310 |             -0.885 |             -0.676 |            0.00228 |            0.00148 |               90.2 |
                320 |             -0.818 |             -0.592 |            0.00308 |            0.00148 |               91.2 |
                330 |             -0.749 |             -0.656 |            0.00208 |            0.00148 |               90.3 |
                340 |             -0.806 |             -0.602 |            0.00333 |            0.00148 |               90.7 |
                350 |             -0.663 |             -0.599 |            0.00279 |            0.00148 |                 91 |
                360 |             -0.718 |             -0.599 |            0.00302 |            0.00148 |               90.1 |
                370 |             -0.757 |             -0.665 |            0.00333 |            0.00148 |               90.9 |
                380 |             -0.719 |              -0.65 |            0.00338 |            0.00148 |               90.3 |
                390 |             -0.648 |             -0.639 |            0.00265 |            0.00148 |               91.1 |
                400 |             -0.726 |             -0.633 |             0.0026 |            0.00148 |               90.4 |
                410 |             -0.675 |             -0.625 |             0.0032 |            0.00148 |               90.5 |
                420 |             -0.782 |             -0.688 |            0.00284 |            0.00148 |               90.2 |
                430 |             -0.697 |             -0.616 |            0.00269 |            0.00148 |                 90 |
                440 |              -0.66 |             -0.667 |            0.00249 |            0.00148 |               90.8 |
                450 |             -0.624 |             -0.677 |            0.00358 |            0.00148 |               89.7 |
                460 |             -0.685 |             -0.683 |            0.00321 |            0.00148 |               90.4 |
                470 |             -0.596 |             -0.653 |            0.00309 |            0.00148 |               90.5 |
                480 |             -0.676 |             -0.698 |            0.00265 |            0.00148 |               90.5 |
                490 |             -0.657 |             -0.646 |            0.00353 |            0.00148 |               91.2 |
                500 |             -0.566 |             -0.683 |            0.00286 |            0.00145 |               90.4 |
                510 |             -0.568 |             -0.704 |            0.00364 |            0.00145 |               90.8 |
                520 |             -0.663 |             -0.722 |            0.00326 |            0.00145 |               90.4 |
                530 |             -0.592 |             -0.658 |            0.00335 |            0.00145 |               90.5 |
                540 |             -0.545 |             -0.702 |            0.00269 |            0.00145 |               90.3 |
                550 |             -0.641 |             -0.704 |            0.00338 |            0.00145 |               90.1 |
                560 |             -0.614 |             -0.717 |            0.00292 |            0.00145 |               90.1 |
                570 |             -0.665 |             -0.684 |            0.00298 |            0.00145 |               90.2 |
                580 |              -0.61 |             -0.722 |            0.00333 |            0.00145 |               89.3 |
                590 |             -0.632 |             -0.733 |            0.00318 |            0.00145 |               89.7 |
                600 |             -0.505 |             -0.703 |            0.00248 |            0.00145 |               89.7 |
                610 |             -0.641 |              -0.72 |             0.0027 |            0.00145 |               90.7 |
                620 |             -0.539 |             -0.705 |            0.00357 |            0.00145 |               89.9 |
                630 |             -0.551 |             -0.705 |            0.00344 |            0.00145 |               89.2 |
                640 |             -0.622 |             -0.724 |            0.00279 |            0.00145 |                 90 |
                650 |             -0.517 |             -0.701 |            0.00278 |            0.00145 |               89.3 |
                660 |             -0.561 |             -0.731 |            0.00319 |            0.00145 |                 90 |
                670 |             -0.502 |             -0.725 |            0.00224 |            0.00145 |               90.6 |
                680 |             -0.583 |               -0.7 |            0.00333 |            0.00145 |               89.4 |
                690 |             -0.515 |             -0.719 |            0.00314 |            0.00145 |               90.1 |
                700 |             -0.564 |             -0.691 |            0.00304 |            0.00145 |               89.1 |
                710 |             -0.603 |             -0.671 |            0.00267 |            0.00145 |                 90 |
                720 |             -0.604 |             -0.702 |            0.00284 |            0.00145 |                 90 |
                730 |             -0.626 |             -0.677 |            0.00273 |            0.00145 |                 90 |
                740 |             -0.613 |             -0.694 |            0.00297 |            0.00145 |               90.2 |
                750 |             -0.577 |             -0.675 |            0.00262 |            0.00145 |               89.2 |
                760 |             -0.727 |             -0.663 |             0.0021 |            0.00145 |               89.8 |
                770 |             -0.764 |             -0.681 |            0.00227 |            0.00145 |               89.6 |
                780 |             -0.722 |             -0.675 |            0.00189 |            0.00145 |               90.3 |
                790 |             -0.635 |              -0.64 |            0.00219 |            0.00145 |               89.7 |
                800 |             -0.648 |             -0.686 |            0.00124 |            0.00124 |               89.5 |
                810 |             -0.626 |             -0.636 |            0.00194 |            0.00124 |               90.5 |
                820 |              -0.66 |             -0.648 |            0.00168 |            0.00124 |               90.3 |
                830 |             -0.631 |             -0.676 |            0.00193 |            0.00124 |               90.9 |
                840 |             -0.683 |             -0.702 |            0.00119 |            0.00119 |               90.7 |
                850 |             -0.665 |             -0.616 |            0.00204 |            0.00119 |               90.9 |
                860 |             -0.673 |             -0.643 |            0.00189 |            0.00119 |                 91 |
                870 |             -0.735 |             -0.619 |            0.00222 |            0.00119 |               90.5 |
                880 |             -0.722 |              -0.63 |            0.00175 |            0.00119 |                 91 |
                890 |             -0.648 |             -0.666 |            0.00155 |            0.00119 |                 91 |
                900 |             -0.692 |             -0.696 |            0.00195 |            0.00119 |               90.4 |
                910 |             -0.724 |             -0.614 |            0.00234 |            0.00119 |               90.6 |
                920 |              -0.67 |             -0.644 |            0.00212 |            0.00119 |               90.6 |
                930 |             -0.608 |              -0.68 |            0.00217 |            0.00119 |               91.1 |
                940 |             -0.722 |             -0.625 |            0.00211 |            0.00119 |               91.1 |
                950 |             -0.635 |             -0.621 |            0.00205 |            0.00119 |                 90 |
                960 |             -0.612 |             -0.663 |            0.00174 |            0.00119 |               90.9 |
                970 |              -0.66 |              -0.67 |            0.00209 |            0.00119 |               90.4 |
                980 |             -0.538 |             -0.671 |            0.00201 |            0.00119 |               90.9 |
                990 |             -0.612 |             -0.716 |            0.00209 |            0.00119 |               90.9 |
Training complete: 
   Data path: /work/qgan/data/train/amp-qml_torch-q8-noiseless-REG-aerCPU-rand0.5-seed1 
   Best eval: 0.0011882271077576496 
   Total time: 9033.005123853683

Running: /work/qgan/data/train/ang-qml_torch-q4-noiseless-SPSA-aerCPU-rand0.1-seed0/config.yaml
              Epoch |     Generator cost | Discriminator cost |               Eval |          Best eval |               Time |
Training complete: 
   Data path: /work/qgan/data/train/ang-qml_torch-q4-noiseless-SPSA-aerCPU-rand0.1-seed0 
   Best eval: -0.0 
   Total time: 1580.4383461475372

Running: /work/qgan/data/train/ang-qml_torch-q4-noiseless-SPSA-aerCPU-rand1-seed1/config.yaml
Training data file created.
              Epoch |     Generator cost | Discriminator cost |               Eval |          Best eval |               Time |
                  0 |             -0.442 |               -0.7 |              0.192 |              0.192 |              0.809 |
                 10 |             -0.364 |             -0.639 |              0.214 |              0.124 |               8.04 |
                 20 |             -0.577 |             -0.661 |               0.23 |              0.119 |               8.31 |
                 30 |             -0.498 |             -0.661 |              0.412 |             0.0767 |               8.03 |
                 40 |              -0.45 |             -0.729 |              0.289 |             0.0767 |               8.05 |
                 50 |             -0.477 |             -0.738 |              0.234 |             0.0767 |               8.04 |
                 60 |             -0.373 |              -0.74 |              0.304 |             0.0767 |               8.01 |
                 70 |             -0.472 |             -0.746 |              0.306 |             0.0767 |               8.07 |
                 80 |             -0.591 |             -0.745 |              0.242 |             0.0767 |               8.06 |
                 90 |             -0.532 |             -0.767 |              0.265 |             0.0767 |               8.05 |
                100 |             -0.398 |             -0.733 |              0.101 |             0.0767 |               8.09 |
                110 |             -0.478 |              -0.72 |              0.291 |             0.0767 |               8.01 |
                120 |             -0.547 |             -0.695 |              0.178 |             0.0767 |               8.03 |
                130 |             -0.409 |             -0.717 |              0.242 |             0.0767 |                  8 |
                140 |             -0.592 |             -0.716 |              0.216 |             0.0767 |               8.09 |
                150 |             -0.374 |             -0.672 |              0.231 |             0.0767 |               8.08 |
                160 |             -0.562 |             -0.735 |              0.263 |             0.0767 |               8.05 |
                170 |             -0.565 |             -0.788 |             0.0509 |             0.0509 |               8.04 |
                180 |             -0.524 |             -0.774 |              0.211 |             0.0509 |               8.05 |
                190 |             -0.554 |             -0.727 |              0.191 |             0.0509 |               8.04 |
                200 |             -0.555 |             -0.794 |              0.407 |             0.0509 |               8.05 |
                210 |             -0.495 |             -0.704 |              0.369 |             0.0509 |               8.04 |
                220 |             -0.642 |             -0.684 |              0.189 |             0.0509 |               8.05 |
                230 |              -0.34 |             -0.738 |              0.222 |             0.0509 |               8.03 |
                240 |             -0.267 |             -0.754 |             0.0741 |             0.0509 |               8.06 |
                250 |             -0.467 |             -0.773 |              0.291 |             0.0393 |               8.04 |
                260 |             -0.535 |             -0.739 |              0.311 |             0.0393 |               8.13 |
                270 |             -0.621 |             -0.684 |              0.255 |             0.0393 |               8.04 |
                280 |             -0.359 |             -0.699 |              0.228 |             0.0393 |               8.04 |
                290 |             -0.478 |             -0.727 |              0.106 |             0.0393 |               8.02 |
                300 |             -0.454 |             -0.759 |              0.255 |             0.0393 |               8.07 |
                310 |             -0.471 |             -0.746 |              0.227 |             0.0393 |               8.47 |
                320 |             -0.455 |             -0.758 |              0.425 |             0.0393 |               8.48 |
                330 |             -0.615 |             -0.677 |              0.351 |             0.0393 |               8.47 |
                340 |             -0.531 |             -0.633 |              0.267 |             0.0393 |               8.49 |
                350 |             -0.597 |             -0.761 |              0.245 |             0.0393 |               8.46 |
                360 |             -0.396 |             -0.688 |              0.124 |             0.0393 |               8.46 |
                370 |             -0.348 |             -0.777 |              0.264 |             0.0393 |               8.45 |
                380 |             -0.494 |             -0.707 |              0.187 |             0.0393 |               8.46 |
                390 |             -0.675 |             -0.708 |              0.301 |             0.0393 |               8.44 |
                400 |             -0.538 |             -0.711 |              0.346 |             0.0393 |               8.47 |
                410 |             -0.482 |             -0.752 |              0.315 |             0.0393 |               8.47 |
                420 |             -0.466 |             -0.787 |              0.275 |             0.0393 |               8.48 |
                430 |             -0.667 |             -0.686 |              0.282 |             0.0393 |               8.42 |
                440 |              -0.49 |              -0.78 |              0.209 |             0.0393 |               8.42 |
                450 |             -0.557 |             -0.747 |              0.179 |             0.0393 |                8.5 |
                460 |             -0.461 |             -0.742 |              0.173 |             0.0393 |               8.47 |
                470 |             -0.572 |             -0.776 |              0.408 |             0.0393 |               8.47 |
                480 |             -0.363 |               -0.7 |              0.267 |             0.0393 |               8.48 |
                490 |             -0.419 |             -0.669 |              0.212 |             0.0393 |               8.47 |
                500 |             -0.518 |             -0.735 |              0.262 |             0.0393 |               8.46 |
                510 |             -0.527 |             -0.748 |              0.316 |             0.0393 |               8.47 |
                520 |             -0.616 |             -0.652 |              0.275 |             0.0393 |               8.47 |
                530 |             -0.378 |             -0.803 |              0.282 |             0.0393 |               8.47 |
                540 |             -0.399 |             -0.767 |              0.233 |             0.0393 |               8.46 |
                550 |             -0.521 |             -0.667 |               0.15 |             0.0393 |               8.45 |
                560 |             -0.564 |             -0.771 |              0.324 |             0.0393 |               8.46 |
                570 |             -0.405 |             -0.748 |              0.224 |             0.0393 |               8.42 |
                580 |             -0.553 |             -0.755 |              0.194 |             0.0393 |                8.4 |
                590 |             -0.392 |             -0.802 |              0.152 |             0.0393 |               8.44 |
                600 |             -0.389 |              -0.74 |              0.282 |             0.0393 |               8.48 |
                610 |             -0.603 |              -0.72 |              0.272 |             0.0393 |               8.46 |
                620 |             -0.201 |             -0.702 |              0.296 |             0.0393 |               8.59 |
                630 |             -0.522 |             -0.631 |              0.325 |             0.0393 |               8.73 |
                640 |             -0.576 |             -0.688 |              0.325 |             0.0393 |               8.66 |
                650 |             -0.474 |             -0.718 |              0.207 |             0.0393 |               8.67 |
                660 |             -0.359 |             -0.705 |              0.257 |             0.0393 |               8.67 |
                670 |             -0.391 |             -0.696 |              0.294 |             0.0393 |               8.68 |
                680 |             -0.738 |             -0.735 |              0.176 |             0.0393 |               8.73 |
                690 |              -0.35 |             -0.667 |              0.342 |             0.0393 |               8.78 |
                700 |             -0.635 |              -0.82 |              0.324 |             0.0393 |               8.77 |
                710 |              -0.57 |             -0.785 |              0.308 |             0.0393 |               8.79 |
                720 |             -0.479 |             -0.769 |              0.373 |             0.0393 |               8.79 |
                730 |             -0.371 |              -0.84 |              0.295 |             0.0393 |                8.8 |
                740 |             -0.363 |             -0.667 |              0.214 |             0.0393 |               8.79 |
                750 |              -0.66 |             -0.857 |               0.23 |             0.0393 |               8.78 |
                760 |             -0.366 |             -0.645 |              0.204 |             0.0393 |               8.78 |
                770 |             -0.572 |             -0.793 |              0.286 |             0.0393 |               8.92 |
                780 |             -0.421 |             -0.733 |              0.256 |             0.0393 |               8.78 |
                790 |             -0.434 |             -0.713 |              0.237 |             0.0393 |               8.73 |
                800 |             -0.643 |             -0.659 |              0.138 |             0.0393 |               8.73 |
                810 |             -0.544 |             -0.732 |              0.352 |             0.0393 |               8.73 |
                820 |             -0.469 |             -0.733 |              0.351 |             0.0393 |                8.8 |
                830 |             -0.443 |             -0.714 |              0.225 |             0.0393 |               8.76 |
                840 |             -0.512 |             -0.758 |              0.116 |             0.0393 |               8.81 |
                850 |             -0.475 |             -0.739 |              0.401 |             0.0393 |               8.82 |
                860 |             -0.336 |             -0.799 |              0.375 |             0.0393 |                8.8 |
                870 |             -0.403 |             -0.793 |              0.127 |             0.0393 |               8.72 |
                880 |              -0.52 |             -0.699 |              0.295 |             0.0393 |               8.73 |
                890 |             -0.301 |              -0.69 |              0.148 |             0.0393 |               8.73 |
                900 |             -0.575 |             -0.809 |              0.221 |             0.0393 |               8.72 |
                910 |             -0.428 |             -0.824 |              0.242 |             0.0393 |               8.75 |
                920 |             -0.653 |             -0.872 |             0.0636 |             0.0393 |               8.74 |
                930 |             -0.548 |             -0.748 |              0.438 |             0.0393 |               8.73 |
                940 |             -0.423 |             -0.681 |              0.247 |             0.0393 |               8.74 |
                950 |             -0.519 |             -0.743 |              0.281 |             0.0393 |               8.74 |
                960 |             -0.425 |             -0.727 |              0.173 |             0.0393 |               8.79 |
                970 |             -0.657 |             -0.781 |              0.274 |             0.0393 |               8.78 |
                980 |              -0.74 |             -0.733 |              0.375 |             0.0393 |                8.8 |
                990 |             -0.516 |             -0.708 |              0.175 |             0.0393 |               8.77 |
Training complete: 
   Data path: /work/qgan/data/train/ang-qml_torch-q4-noiseless-SPSA-aerCPU-rand1-seed1 
   Best eval: 0.03928267955780029 
   Total time: 845.34716629982

Running: /work/qgan/data/train/ang-qml_torch-q4-noiseless-REG-aerCPU-rand0.25-seed0/config.yaml
Training data file created.
              Epoch |     Generator cost | Discriminator cost |               Eval |          Best eval |               Time |
                  0 |             -0.507 |             -0.508 |             0.0923 |             0.0923 |               1.18 |
                 10 |              -0.64 |             -0.522 |             0.0734 |             0.0264 |               11.6 |
                 20 |             -0.642 |             -0.505 |             0.0994 |             0.0264 |               11.3 |
                 30 |             -0.739 |             -0.538 |             0.0969 |             0.0264 |               11.6 |
                 40 |             -0.667 |              -0.59 |             0.0668 |             0.0264 |               11.6 |
                 50 |             -0.752 |             -0.556 |             0.0977 |             0.0264 |               11.3 |
                 60 |             -0.853 |             -0.583 |             0.0833 |             0.0264 |               11.6 |
                 70 |             -0.862 |             -0.577 |             0.0791 |             0.0264 |               11.3 |
                 80 |             -0.882 |             -0.571 |               0.09 |             0.0264 |               11.6 |
                 90 |             -0.776 |             -0.568 |              0.049 |             0.0264 |               11.3 |
                100 |             -0.864 |             -0.543 |              0.104 |             0.0264 |               11.6 |
                110 |             -0.786 |             -0.565 |             0.0357 |             0.0238 |               11.6 |
                120 |             -0.854 |             -0.552 |             0.0352 |            0.00411 |               11.3 |
                130 |              -0.88 |             -0.527 |            0.00528 |            0.00224 |               11.6 |
                140 |             -0.845 |             -0.533 |            0.00485 |            0.00224 |               11.3 |
                150 |              -0.87 |             -0.534 |            0.00708 |                 -0 |               11.6 |
                160 |             -0.791 |              -0.53 |             0.0114 |                 -0 |               11.3 |
                170 |             -0.867 |             -0.534 |            0.00694 |                 -0 |               11.5 |
                180 |             -0.802 |             -0.543 |             0.0137 |                 -0 |               11.6 |
                190 |              -0.84 |             -0.534 |             0.0299 |                 -0 |               11.3 |
                200 |             -0.821 |             -0.543 |             0.0349 |                 -0 |               11.5 |
                210 |             -0.886 |             -0.525 |             0.0456 |                 -0 |               11.3 |
                220 |              -0.87 |             -0.533 |             0.0498 |                 -0 |               11.6 |
                230 |             -0.918 |             -0.534 |             0.0578 |                 -0 |               11.5 |
                240 |             -0.874 |             -0.513 |             0.0876 |                 -0 |               11.3 |
                250 |             -0.919 |             -0.547 |             0.0486 |                 -0 |               11.5 |
                260 |             -0.933 |             -0.552 |             0.0772 |                 -0 |               11.3 |
                270 |             -0.873 |             -0.542 |             0.0578 |                 -0 |               11.7 |
                280 |             -0.899 |             -0.531 |             0.0824 |                 -0 |               11.3 |
                290 |              -0.85 |              -0.56 |             0.0542 |                 -0 |               11.5 |
                300 |             -0.906 |             -0.557 |             0.0237 |                 -0 |               11.5 |
                310 |             -0.931 |             -0.538 |              0.115 |                 -0 |               11.3 |
                320 |             -0.897 |             -0.544 |             0.0427 |                 -0 |               11.6 |
                330 |             -0.888 |             -0.572 |             0.0821 |                 -0 |               11.3 |
                340 |             -0.848 |             -0.544 |              0.018 |                 -0 |               11.6 |
                350 |             -0.919 |             -0.526 |             0.0519 |                 -0 |               11.6 |
                360 |             -0.898 |             -0.545 |             0.0641 |                 -0 |               11.3 |
                370 |             -0.827 |             -0.543 |             0.0181 |                 -0 |               11.6 |
                380 |             -0.904 |             -0.547 |             0.0159 |                 -0 |               11.3 |
                390 |             -0.914 |              -0.54 |             0.0576 |                 -0 |               11.5 |
                400 |             -0.898 |             -0.543 |             0.0311 |                 -0 |               11.3 |
                410 |              -0.82 |             -0.533 |             0.0522 |                 -0 |               11.5 |
                420 |             -0.899 |             -0.547 |              0.045 |                 -0 |               11.5 |
                430 |             -0.859 |             -0.562 |              0.068 |                 -0 |               11.3 |
                440 |             -0.846 |             -0.552 |             0.0421 |                 -0 |               11.5 |
                450 |             -0.861 |             -0.549 |             0.0452 |                 -0 |               11.3 |
                460 |              -0.87 |             -0.539 |             0.0463 |                 -0 |               11.5 |
                470 |             -0.872 |             -0.567 |             0.0312 |                 -0 |               11.3 |
                480 |             -0.881 |             -0.575 |             0.0554 |                 -0 |               11.5 |
                490 |             -0.852 |             -0.563 |             0.0525 |                 -0 |               11.5 |
                500 |             -0.863 |              -0.53 |             0.0547 |                 -0 |               11.2 |
                510 |             -0.912 |             -0.553 |             0.0604 |                 -0 |               11.5 |
                520 |             -0.881 |             -0.544 |              0.059 |                 -0 |               11.4 |
                530 |             -0.892 |             -0.527 |             0.0603 |                 -0 |               11.7 |
                540 |             -0.922 |              -0.52 |             0.0691 |                 -0 |               11.7 |
                550 |             -0.904 |             -0.533 |             0.0358 |                 -0 |               11.4 |
                560 |             -0.853 |             -0.516 |             0.0999 |                 -0 |               11.6 |
                570 |             -0.883 |             -0.522 |              0.114 |                 -0 |               11.4 |
                580 |             -0.875 |             -0.529 |             0.0738 |                 -0 |               11.6 |
                590 |             -0.871 |             -0.533 |             0.0613 |                 -0 |               11.4 |
                600 |             -0.896 |             -0.544 |              0.061 |                 -0 |               11.6 |
                610 |             -0.907 |             -0.531 |             0.0664 |                 -0 |               11.6 |
                620 |             -0.874 |             -0.531 |             0.0523 |                 -0 |               11.4 |
                630 |             -0.871 |             -0.526 |             0.0552 |                 -0 |               11.7 |
                640 |             -0.887 |             -0.537 |              0.055 |                 -0 |               11.4 |
                650 |             -0.904 |             -0.523 |             0.0554 |                 -0 |               11.6 |
                660 |             -0.888 |             -0.529 |             0.0486 |                 -0 |               11.7 |
                670 |             -0.881 |             -0.526 |             0.0673 |                 -0 |               11.4 |
                680 |             -0.875 |             -0.538 |             0.0501 |                 -0 |               11.7 |
                690 |             -0.831 |             -0.546 |             0.0398 |                 -0 |               11.4 |
                700 |             -0.864 |              -0.55 |              0.061 |                 -0 |               11.7 |
                710 |             -0.859 |             -0.539 |             0.0275 |                 -0 |               11.4 |
                720 |             -0.874 |             -0.527 |             0.0257 |                 -0 |               11.6 |
                730 |             -0.863 |             -0.537 |            0.00863 |                 -0 |               11.6 |
                740 |             -0.904 |              -0.54 |             0.0177 |                 -0 |               11.4 |
                750 |             -0.885 |             -0.527 |             0.0246 |                 -0 |               11.7 |
                760 |             -0.915 |             -0.534 |             0.0186 |                 -0 |               11.4 |
                770 |             -0.887 |             -0.527 |            0.00781 |                 -0 |               11.7 |
                780 |             -0.868 |             -0.537 |            0.00693 |                 -0 |               11.4 |
                790 |             -0.891 |             -0.509 |             0.0178 |                 -0 |               11.7 |
                800 |             -0.845 |             -0.534 |             0.0308 |                 -0 |               11.7 |
                810 |               -0.9 |             -0.508 |             0.0186 |                 -0 |               11.4 |
                820 |             -0.893 |             -0.519 |             0.0244 |                 -0 |               11.7 |
                830 |             -0.921 |             -0.538 |             0.0441 |                 -0 |               11.4 |
                840 |              -0.89 |              -0.54 |             0.0222 |                 -0 |               11.6 |
                850 |             -0.918 |             -0.526 |             0.0331 |                 -0 |               11.7 |
                860 |             -0.916 |              -0.52 |             0.0146 |                 -0 |               11.4 |
                870 |               -0.9 |             -0.533 |             0.0226 |                 -0 |               11.7 |
                880 |             -0.848 |             -0.542 |             0.0134 |                 -0 |               11.4 |
                890 |             -0.917 |             -0.529 |            0.00102 |                 -0 |               11.7 |
                900 |             -0.886 |             -0.545 |              0.007 |                 -0 |               11.4 |
                910 |             -0.889 |             -0.544 |             0.0132 |                 -0 |               11.6 |
                920 |             -0.868 |             -0.525 |             0.0129 |                 -0 |               11.6 |
                930 |             -0.919 |             -0.519 |              0.012 |                 -0 |               11.4 |
                940 |             -0.904 |              -0.53 |             0.0501 |                 -0 |               11.6 |
                950 |             -0.881 |             -0.527 |             0.0521 |                 -0 |               11.4 |
                960 |             -0.895 |             -0.519 |             0.0383 |                 -0 |               11.6 |
                970 |             -0.925 |             -0.519 |             0.0192 |                 -0 |               11.6 |
                980 |             -0.891 |             -0.542 |            0.00831 |                 -0 |               11.4 |
                990 |             -0.921 |              -0.54 |             0.0324 |                 -0 |               11.7 |
Training complete: 
   Data path: /work/qgan/data/train/ang-qml_torch-q4-noiseless-REG-aerCPU-rand0.25-seed0 
   Best eval: -0.0 
   Total time: 1149.3880183696747

Running: /work/qgan/data/train/ang-qml_torch-q4-noiseless-REG-aerCPU-rand0-seed2/config.yaml
              Epoch |     Generator cost | Discriminator cost |               Eval |          Best eval |               Time |
Training complete: 
   Data path: /work/qgan/data/train/ang-qml_torch-q4-noiseless-REG-aerCPU-rand0-seed2 
   Best eval: -0.0 
   Total time: 1841.0770881175995

Running: /work/qgan/data/train/base-qml_torch-q8-noiseless-PSR-aerCPU-rand0.5-seed0/config.yaml
              Epoch |     Generator cost | Discriminator cost |               Eval |          Best eval |               Time |
Training complete: 
   Data path: /work/qgan/data/train/base-qml_torch-q8-noiseless-PSR-aerCPU-rand0.5-seed0 
   Best eval: 1.2135869978578957 
   Total time: 747.6982254981995

Running: /work/qgan/data/train/base-qml_torch-q8-noiseless-PSR-aerCPU-rand0.1-seed2/config.yaml
              Epoch |     Generator cost | Discriminator cost |               Eval |          Best eval |               Time |
Training complete: 
   Data path: /work/qgan/data/train/base-qml_torch-q8-noiseless-PSR-aerCPU-rand0.1-seed2 
   Best eval: 0.6551434264281902 
   Total time: 747.6866648197174

Running: /work/qgan/data/train/base-qml_torch-q4-noiseless-REG-aerCPU-rand1-seed0/config.yaml
              Epoch |     Generator cost | Discriminator cost |               Eval |          Best eval |               Time |
Training complete: 
   Data path: /work/qgan/data/train/base-qml_torch-q4-noiseless-REG-aerCPU-rand1-seed0 
   Best eval: 0.13326352266369274 
   Total time: 82.23202896118164

Running: /work/qgan/data/train/base-qml_torch-q4-noiseless-REG-aerCPU-rand0.25-seed2/config.yaml
              Epoch |     Generator cost | Discriminator cost |               Eval |          Best eval |               Time |
Training complete: 
   Data path: /work/qgan/data/train/base-qml_torch-q4-noiseless-REG-aerCPU-rand0.25-seed2 
   Best eval: 0.15414557498435472 
   Total time: 81.95048093795776

Running: /work/qgan/data/train/amp-qml_torch-q4-noiseless-SPSA-aerCPU-rand0-seed1/config.yaml
              Epoch |     Generator cost | Discriminator cost |               Eval |          Best eval |               Time |
Training complete: 
   Data path: /work/qgan/data/train/amp-qml_torch-q4-noiseless-SPSA-aerCPU-rand0-seed1 
   Best eval: 0.06376288006893413 
   Total time: 52.43822145462036

Running: /work/qgan/data/train/amp-qml_torch-q4-noiseless-SPSA-aerCPU-rand0.5-seed2/config.yaml
Training data file created.
              Epoch |     Generator cost | Discriminator cost |               Eval |          Best eval |               Time |
                  0 |             -0.533 |             -0.412 |             0.0431 |             0.0431 |             0.0795 |
                 10 |              -0.49 |             -0.472 |             0.0246 |             0.0246 |               0.75 |
                 20 |             -0.468 |             -0.415 |             0.0525 |             0.0148 |              0.724 |
                 30 |             -0.654 |               -0.4 |             0.0626 |            0.00956 |              0.717 |
                 40 |             -0.494 |             -0.403 |             0.0565 |            0.00956 |              0.744 |
                 50 |             -0.576 |             -0.363 |             0.0269 |            0.00956 |              0.696 |
                 60 |             -0.568 |             -0.468 |             0.0452 |            0.00956 |              0.753 |
                 70 |             -0.457 |             -0.378 |             0.0255 |            0.00956 |              0.718 |
                 80 |             -0.593 |             -0.391 |             0.0565 |            0.00956 |               0.74 |
                 90 |             -0.624 |             -0.413 |             0.0675 |            0.00956 |              0.739 |
                100 |             -0.694 |              -0.35 |             0.0665 |            0.00956 |               0.73 |
                110 |             -0.609 |             -0.376 |             0.0329 |            0.00956 |              0.741 |
                120 |             -0.646 |             -0.376 |             0.0663 |            0.00956 |              0.736 |
                130 |             -0.738 |             -0.462 |             0.0577 |            0.00956 |              0.728 |
                140 |             -0.554 |              -0.36 |             0.0312 |            0.00956 |              0.744 |
                150 |             -0.693 |             -0.386 |             0.0456 |            0.00956 |              0.721 |
                160 |              -0.75 |             -0.384 |             0.0434 |            0.00956 |              0.718 |
                170 |             -0.728 |             -0.389 |             0.0567 |            0.00956 |              0.746 |
                180 |              -0.66 |             -0.412 |              0.055 |            0.00956 |              0.729 |
                190 |              -0.66 |             -0.462 |             0.0453 |            0.00956 |              0.718 |
                200 |             -0.769 |             -0.465 |             0.0514 |            0.00956 |              0.747 |
                210 |             -0.684 |               -0.4 |             0.0429 |            0.00956 |              0.726 |
                220 |             -0.821 |             -0.471 |             0.0556 |            0.00956 |              0.744 |
                230 |             -0.769 |             -0.417 |              0.035 |            0.00956 |              0.751 |
                240 |             -0.738 |             -0.399 |             0.0331 |            0.00956 |              0.731 |
                250 |               -0.8 |             -0.525 |             0.0564 |            0.00956 |              0.727 |
                260 |             -0.837 |             -0.458 |             0.0711 |            0.00956 |              0.746 |
                270 |             -0.638 |             -0.434 |             0.0109 |            0.00956 |              0.721 |
                280 |             -0.766 |             -0.503 |             0.0655 |            0.00956 |              0.735 |
                290 |              -0.67 |             -0.445 |             0.0308 |            0.00956 |              0.735 |
                300 |             -0.739 |             -0.465 |             0.0282 |            0.00956 |               0.73 |
                310 |             -0.752 |             -0.549 |             0.0588 |            0.00956 |              0.739 |
                320 |             -0.662 |             -0.474 |             0.0399 |            0.00956 |              0.728 |
                330 |             -0.743 |             -0.459 |             0.0342 |            0.00956 |              0.711 |
                340 |             -0.607 |             -0.644 |             0.0229 |            0.00956 |              0.731 |
                350 |             -0.729 |             -0.464 |             0.0806 |            0.00956 |              0.718 |
                360 |             -0.823 |             -0.502 |             0.0284 |            0.00956 |              0.742 |
                370 |             -0.781 |             -0.496 |             0.0572 |            0.00956 |              0.735 |
                380 |             -0.869 |             -0.483 |             0.0528 |            0.00956 |              0.719 |
                390 |             -0.887 |             -0.468 |             0.0621 |            0.00956 |              0.748 |
                400 |             -0.816 |             -0.553 |             0.0311 |            0.00956 |               0.73 |
                410 |             -0.857 |             -0.556 |             0.0658 |            0.00956 |              0.727 |
                420 |             -0.774 |             -0.552 |             0.0417 |            0.00956 |              0.753 |
                430 |             -0.714 |             -0.568 |             0.0245 |            0.00956 |              0.702 |
                440 |             -0.693 |             -0.559 |             0.0451 |            0.00956 |              0.722 |
                450 |             -0.756 |             -0.529 |             0.0527 |            0.00956 |              0.744 |
                460 |             -0.838 |             -0.503 |             0.0662 |            0.00956 |              0.724 |
                470 |             -0.818 |             -0.583 |             0.0436 |            0.00956 |              0.738 |
                480 |             -0.811 |              -0.51 |             0.0309 |            0.00956 |              0.741 |
                490 |              -0.84 |              -0.58 |             0.0646 |            0.00956 |              0.714 |
                500 |             -0.683 |             -0.634 |             0.0554 |            0.00956 |              0.744 |
                510 |             -0.793 |             -0.561 |             0.0555 |            0.00956 |              0.733 |
                520 |             -0.794 |             -0.599 |             0.0595 |            0.00956 |              0.716 |
                530 |             -0.782 |             -0.608 |             0.0314 |            0.00956 |               0.75 |
                540 |             -0.734 |              -0.56 |             0.0325 |            0.00956 |               0.72 |
                550 |             -0.769 |             -0.523 |             0.0475 |            0.00956 |              0.721 |
                560 |              -0.79 |             -0.618 |             0.0181 |            0.00956 |               0.75 |
                570 |             -0.606 |             -0.521 |               0.03 |            0.00956 |              0.723 |
                580 |             -0.845 |             -0.565 |             0.0506 |            0.00956 |              0.727 |
                590 |             -0.666 |             -0.551 |             0.0742 |            0.00956 |              0.752 |
                600 |             -0.634 |             -0.609 |             0.0404 |            0.00956 |              0.692 |
                610 |             -0.785 |             -0.606 |             0.0522 |            0.00956 |              0.757 |
                620 |             -0.745 |             -0.545 |             0.0737 |            0.00956 |              0.726 |
                630 |             -0.797 |             -0.514 |             0.0563 |            0.00956 |              0.727 |
                640 |             -0.725 |             -0.531 |              0.028 |            0.00956 |              0.755 |
                650 |             -0.553 |             -0.617 |             0.0569 |            0.00956 |              0.729 |
                660 |             -0.613 |             -0.566 |             0.0644 |            0.00956 |              0.735 |
                670 |             -0.811 |             -0.614 |             0.0782 |            0.00956 |              0.747 |
                680 |             -0.614 |             -0.569 |             0.0368 |            0.00956 |               0.72 |
                690 |             -0.763 |             -0.574 |             0.0423 |            0.00956 |              0.737 |
                700 |             -0.658 |             -0.555 |             0.0443 |            0.00956 |              0.746 |
                710 |             -0.778 |             -0.549 |             0.0243 |            0.00956 |              0.723 |
                720 |             -0.787 |             -0.578 |             0.0389 |            0.00956 |              0.739 |
                730 |             -0.676 |             -0.583 |             0.0419 |            0.00956 |              0.742 |
                740 |             -0.819 |             -0.526 |             0.0464 |            0.00956 |              0.728 |
                750 |              -0.76 |             -0.583 |             0.0414 |            0.00956 |              0.742 |
                760 |             -0.828 |             -0.577 |             0.0666 |            0.00956 |              0.736 |
                770 |              -0.76 |             -0.518 |             0.0481 |            0.00956 |              0.723 |
                780 |             -0.734 |             -0.543 |             0.0353 |            0.00956 |              0.748 |
                790 |             -0.801 |             -0.552 |             0.0733 |            0.00956 |              0.724 |
                800 |             -0.781 |             -0.601 |             0.0298 |            0.00956 |              0.719 |
                810 |             -0.736 |             -0.595 |             0.0268 |            0.00956 |              0.747 |
                820 |             -0.826 |             -0.628 |             0.0646 |            0.00956 |              0.726 |
                830 |              -0.77 |             -0.634 |             0.0511 |            0.00956 |              0.731 |
                840 |             -0.826 |             -0.585 |             0.0526 |            0.00794 |              0.749 |
                850 |             -0.852 |             -0.514 |             0.0363 |            0.00794 |              0.716 |
                860 |             -0.872 |             -0.586 |              0.017 |            0.00794 |              0.739 |
                870 |             -0.803 |             -0.599 |             0.0378 |            0.00794 |              0.716 |
                880 |             -0.704 |             -0.603 |             0.0461 |            0.00706 |              0.731 |
                890 |             -0.655 |             -0.562 |             0.0489 |            0.00706 |              0.756 |
                900 |             -0.658 |             -0.613 |              0.044 |            0.00706 |              0.722 |
                910 |             -0.867 |             -0.577 |             0.0387 |            0.00706 |              0.741 |
                920 |             -0.849 |             -0.598 |             0.0535 |            0.00706 |              0.748 |
                930 |             -0.645 |              -0.58 |             0.0704 |            0.00706 |              0.727 |
                940 |             -0.866 |             -0.546 |             0.0296 |            0.00706 |              0.747 |
                950 |             -0.769 |             -0.603 |             0.0509 |            0.00706 |              0.745 |
                960 |             -0.594 |             -0.603 |             0.0234 |            0.00706 |              0.723 |
                970 |             -0.734 |              -0.55 |             0.0559 |            0.00706 |              0.744 |
                980 |             -0.757 |              -0.57 |             0.0505 |            0.00324 |              0.748 |
                990 |             -0.862 |             -0.589 |             0.0468 |            0.00324 |              0.718 |
Training complete: 
   Data path: /work/qgan/data/train/amp-qml_torch-q4-noiseless-SPSA-aerCPU-rand0.5-seed2 
   Best eval: 0.003235212499346547 
   Total time: 73.31213283538818

Running: /work/qgan/data/train/base-qml_torch-q4-noisy-PSR-aerCPU-rand0.1-seed1/config.yaml
Training data file created.
              Epoch |     Generator cost | Discriminator cost |               Eval |          Best eval |               Time |
                  0 |             -0.776 |             -0.371 |                2.6 |                2.6 |                280 |
                 10 |             -0.749 |             -0.404 |               3.03 |               2.46 |           2.65e+03 |
                 20 |             -0.796 |              -0.43 |               2.59 |               2.41 |           2.66e+03 |
                 30 |             -0.838 |             -0.437 |               3.09 |               2.39 |           2.67e+03 |
                 40 |             -0.814 |             -0.392 |               2.92 |               2.38 |           2.71e+03 |
                 50 |             -0.882 |             -0.446 |               2.59 |               2.38 |           2.72e+03 |
                 60 |              -0.89 |             -0.465 |               2.63 |               2.38 |           2.73e+03 |
                 70 |             -0.854 |             -0.454 |               3.21 |               2.37 |           2.73e+03 |
                 80 |             -0.851 |             -0.479 |               3.67 |               2.07 |           2.77e+03 |
                 90 |              -0.88 |              -0.48 |               3.49 |               2.07 |           2.76e+03 |
                100 |             -0.857 |             -0.515 |               2.15 |               2.07 |           2.76e+03 |
                110 |             -0.842 |             -0.519 |               2.72 |               2.07 |           2.76e+03 |
