Creating config files for noiseless_ang_q16:
Configuration file rewritten. Path: /work/qgan/data/train/ang-qml_torch-q16-noiseless-PSR-aerCPU-rand0-seed0/config.yaml
Configuration file rewritten. Path: /work/qgan/data/train/ang-qml_torch-q16-noiseless-PSR-aerCPU-rand0-seed1/config.yaml
Configuration file rewritten. Path: /work/qgan/data/train/ang-qml_torch-q16-noiseless-PSR-aerCPU-rand0-seed2/config.yaml
Configuration file rewritten. Path: /work/qgan/data/train/ang-qml_torch-q16-noiseless-SPSA-aerCPU-rand0-seed0/config.yaml
Configuration file rewritten. Path: /work/qgan/data/train/ang-qml_torch-q16-noiseless-SPSA-aerCPU-rand0-seed1/config.yaml
Configuration file rewritten. Path: /work/qgan/data/train/ang-qml_torch-q16-noiseless-SPSA-aerCPU-rand0-seed2/config.yaml
Configuration file rewritten. Path: /work/qgan/data/train/ang-qml_torch-q16-noiseless-REG-aerCPU-rand0-seed0/config.yaml
Configuration file rewritten. Path: /work/qgan/data/train/ang-qml_torch-q16-noiseless-REG-aerCPU-rand0-seed1/config.yaml
Configuration file rewritten. Path: /work/qgan/data/train/ang-qml_torch-q16-noiseless-REG-aerCPU-rand0-seed2/config.yaml

Creating config files for noiseless_base_q16_psr_spsa:
Configuration file rewritten. Path: /work/qgan/data/train/base-qml_torch-q16-noiseless-PSR-aerCPU-rand0-seed0/config.yaml
Configuration file rewritten. Path: /work/qgan/data/train/base-qml_torch-q16-noiseless-PSR-aerCPU-rand0-seed1/config.yaml
Configuration file rewritten. Path: /work/qgan/data/train/base-qml_torch-q16-noiseless-PSR-aerCPU-rand0-seed2/config.yaml
Configuration file rewritten. Path: /work/qgan/data/train/base-qml_torch-q16-noiseless-SPSA-aerCPU-rand0-seed0/config.yaml
Configuration file rewritten. Path: /work/qgan/data/train/base-qml_torch-q16-noiseless-SPSA-aerCPU-rand0-seed1/config.yaml
Configuration file rewritten. Path: /work/qgan/data/train/base-qml_torch-q16-noiseless-SPSA-aerCPU-rand0-seed2/config.yaml

Creating config files for noisy_q8_psr:
Configuration file rewritten. Path: /work/qgan/data/train/base-qml_torch-q8-noisy-PSR-aerCPU-rand0-seed0/config.yaml
Configuration file rewritten. Path: /work/qgan/data/train/base-qml_torch-q8-noisy-PSR-aerCPU-rand0-seed1/config.yaml
Configuration file rewritten. Path: /work/qgan/data/train/base-qml_torch-q8-noisy-PSR-aerCPU-rand0-seed2/config.yaml
Configuration file rewritten. Path: /work/qgan/data/train/ang-qml_torch-q8-noisy-PSR-aerCPU-rand0-seed0/config.yaml
Configuration file rewritten. Path: /work/qgan/data/train/ang-qml_torch-q8-noisy-PSR-aerCPU-rand0-seed1/config.yaml
Configuration file rewritten. Path: /work/qgan/data/train/ang-qml_torch-q8-noisy-PSR-aerCPU-rand0-seed2/config.yaml
Configuration file rewritten. Path: /work/qgan/data/train/amp-qml_torch-q8-noisy-PSR-aerCPU-rand0-seed0/config.yaml
Configuration file rewritten. Path: /work/qgan/data/train/amp-qml_torch-q8-noisy-PSR-aerCPU-rand0-seed1/config.yaml
Configuration file rewritten. Path: /work/qgan/data/train/amp-qml_torch-q8-noisy-PSR-aerCPU-rand0-seed2/config.yaml

Creating config files for noisy_q8_base_amp_spsa:
Configuration file rewritten. Path: /work/qgan/data/train/base-qml_torch-q8-noisy-SPSA-aerCPU-rand0-seed0/config.yaml
Configuration file rewritten. Path: /work/qgan/data/train/base-qml_torch-q8-noisy-SPSA-aerCPU-rand0-seed1/config.yaml
Configuration file rewritten. Path: /work/qgan/data/train/base-qml_torch-q8-noisy-SPSA-aerCPU-rand0-seed2/config.yaml
Configuration file rewritten. Path: /work/qgan/data/train/amp-qml_torch-q8-noisy-SPSA-aerCPU-rand0-seed0/config.yaml
Configuration file rewritten. Path: /work/qgan/data/train/amp-qml_torch-q8-noisy-SPSA-aerCPU-rand0-seed1/config.yaml
Configuration file rewritten. Path: /work/qgan/data/train/amp-qml_torch-q8-noisy-SPSA-aerCPU-rand0-seed2/config.yaml

30 battery configuration files ready.

Running: /work/qgan/data/train/ang-qml_torch-q16-noiseless-PSR-aerCPU-rand0-seed0/config.yaml
GPUs available to PyTorch: 1
              Epoch |     Generator cost | Discriminator cost |               Eval |          Best eval |               Time |
                330 |             -0.778 |             -0.553 |             0.0741 |             0.0105 |                439 |
                340 |             -0.763 |             -0.565 |             0.0712 |             0.0105 |                623 |
                350 |             -0.775 |             -0.573 |             0.0627 |             0.0105 |                621 |
                360 |             -0.794 |             -0.583 |             0.0667 |             0.0105 |                616 |
                370 |             -0.802 |             -0.572 |             0.0697 |             0.0105 |                615 |
                380 |             -0.791 |             -0.559 |             0.0756 |             0.0105 |                616 |
                390 |             -0.805 |             -0.548 |             0.0775 |             0.0105 |                619 |
                400 |             -0.794 |             -0.546 |             0.0841 |             0.0105 |                616 |
                410 |             -0.777 |             -0.555 |             0.0742 |             0.0105 |                613 |
                420 |             -0.733 |             -0.539 |             0.0649 |             0.0105 |                612 |
                430 |             -0.692 |             -0.545 |             0.0544 |             0.0105 |                609 |
                440 |              -0.62 |             -0.566 |             0.0428 |             0.0105 |                613 |
                450 |             -0.562 |             -0.555 |             0.0311 |             0.0105 |                615 |
                460 |              -0.51 |             -0.562 |             0.0263 |             0.0105 |                612 |
                470 |             -0.525 |             -0.548 |             0.0309 |             0.0105 |                611 |
                480 |             -0.563 |             -0.523 |             0.0429 |             0.0105 |                612 |
                490 |             -0.655 |             -0.511 |             0.0689 |             0.0105 |                614 |
                500 |             -0.689 |             -0.532 |              0.081 |             0.0105 |                616 |
                510 |             -0.661 |             -0.573 |             0.0837 |             0.0105 |                617 |
                520 |              -0.67 |             -0.582 |             0.0985 |             0.0105 |                614 |
                530 |             -0.708 |             -0.549 |              0.119 |             0.0105 |                610 |
                540 |             -0.767 |             -0.521 |              0.133 |             0.0105 |                609 |
                550 |             -0.799 |             -0.493 |              0.142 |             0.0105 |                608 |
                560 |              -0.82 |             -0.488 |              0.147 |             0.0105 |                609 |
                570 |             -0.777 |              -0.49 |              0.144 |             0.0105 |                609 |
                580 |             -0.754 |             -0.483 |              0.142 |             0.0105 |                613 |
                590 |             -0.749 |              -0.48 |               0.14 |             0.0105 |                612 |
                600 |             -0.751 |             -0.475 |              0.136 |             0.0105 |                609 |
                610 |             -0.771 |             -0.453 |              0.135 |             0.0105 |                608 |
                620 |             -0.798 |              -0.43 |              0.141 |             0.0105 |                609 |
                630 |             -0.816 |              -0.45 |              0.156 |             0.0105 |                610 |
                640 |             -0.756 |             -0.473 |              0.165 |             0.0105 |                612 |
                650 |              -0.63 |             -0.544 |              0.164 |             0.0105 |                619 |
                660 |             -0.531 |             -0.568 |              0.158 |             0.0105 |                617 |
                670 |             -0.539 |             -0.539 |              0.159 |             0.0105 |                612 |
                680 |             -0.578 |             -0.523 |               0.17 |             0.0105 |                610 |
                690 |             -0.611 |             -0.507 |              0.175 |             0.0105 |                609 |
                700 |             -0.595 |             -0.498 |              0.168 |             0.0105 |                609 |
                710 |             -0.611 |             -0.497 |              0.166 |             0.0105 |                609 |
                720 |             -0.615 |             -0.496 |              0.151 |             0.0105 |                612 |
                730 |             -0.628 |             -0.491 |              0.137 |             0.0105 |                613 |
                740 |              -0.64 |             -0.464 |              0.137 |             0.0105 |                610 |
                750 |             -0.646 |             -0.476 |              0.143 |             0.0105 |                608 |
                760 |             -0.606 |             -0.496 |              0.152 |             0.0105 |                608 |
                770 |             -0.593 |             -0.537 |              0.162 |             0.0105 |                609 |
                780 |             -0.531 |             -0.586 |              0.163 |             0.0105 |                612 |
                790 |             -0.547 |             -0.587 |               0.17 |             0.0105 |                617 |
                800 |             -0.636 |             -0.579 |              0.166 |             0.0105 |                618 |
                810 |             -0.739 |             -0.538 |              0.178 |             0.0105 |                615 |
                820 |             -0.782 |             -0.539 |              0.179 |             0.0105 |                612 |
                830 |             -0.756 |             -0.547 |              0.167 |             0.0105 |                611 |
                840 |             -0.717 |             -0.534 |              0.169 |             0.0105 |                611 |
                850 |             -0.736 |             -0.535 |              0.177 |             0.0105 |                611 |
                860 |             -0.736 |             -0.544 |               0.19 |             0.0105 |                613 |
                870 |             -0.747 |             -0.546 |              0.184 |             0.0105 |                611 |
                880 |             -0.761 |             -0.543 |              0.185 |             0.0105 |                610 |
                890 |             -0.786 |             -0.529 |              0.176 |             0.0105 |                609 |
                900 |              -0.81 |             -0.519 |              0.162 |             0.0105 |                609 |
                910 |             -0.838 |             -0.516 |              0.154 |             0.0105 |                609 |
                920 |             -0.828 |             -0.529 |               0.15 |             0.0105 |                612 |
                930 |             -0.825 |             -0.539 |              0.151 |             0.0105 |                615 |
                940 |             -0.831 |             -0.522 |              0.141 |             0.0105 |                612 |
                950 |             -0.856 |             -0.525 |               0.14 |             0.0105 |                612 |
                960 |             -0.875 |             -0.508 |              0.144 |             0.0105 |                613 |
                970 |             -0.899 |             -0.499 |               0.14 |             0.0105 |                613 |
                980 |             -0.885 |             -0.504 |              0.148 |             0.0105 |                613 |
                990 |              -0.86 |             -0.522 |              0.146 |             0.0105 |                614 |
Training complete: 
   Data path: /work/qgan/data/train/ang-qml_torch-q16-noiseless-PSR-aerCPU-rand0-seed0 
   Best eval: 0.010491068474948406 
   Total time: 274014.28721642494

Running: /work/qgan/data/train/ang-qml_torch-q16-noiseless-PSR-aerCPU-rand0-seed1/config.yaml
GPUs available to PyTorch: 1
Training data file created.
              Epoch |     Generator cost | Discriminator cost |               Eval |          Best eval |               Time |
                  0 |             -0.769 |             -0.509 |             0.0294 |             0.0294 |               61.9 |
                 10 |             -0.791 |             -0.512 |             0.0316 |             0.0269 |                617 |
                 20 |             -0.782 |             -0.507 |             0.0362 |             0.0269 |                619 |
                 30 |               -0.8 |             -0.515 |             0.0349 |             0.0269 |                623 |
                 40 |             -0.787 |             -0.529 |             0.0329 |             0.0269 |                622 |
                 50 |             -0.803 |             -0.508 |              0.027 |             0.0264 |                619 |
                 60 |             -0.812 |             -0.499 |             0.0258 |             0.0252 |                617 |
                 70 |             -0.816 |             -0.499 |             0.0264 |             0.0234 |                614 |
                 80 |             -0.828 |             -0.499 |             0.0274 |             0.0234 |                614 |
                 90 |             -0.832 |             -0.487 |             0.0304 |             0.0234 |                614 |
                100 |             -0.842 |             -0.503 |             0.0397 |             0.0234 |                613 |
                110 |             -0.843 |             -0.514 |             0.0451 |             0.0234 |                616 |
                120 |             -0.852 |             -0.511 |             0.0575 |             0.0234 |                615 |
                130 |             -0.838 |             -0.512 |             0.0542 |             0.0234 |                617 |
                140 |             -0.829 |             -0.521 |             0.0608 |             0.0234 |                618 |
                150 |             -0.813 |             -0.512 |             0.0683 |             0.0234 |                619 |
                160 |             -0.795 |             -0.523 |             0.0677 |             0.0234 |                622 |
                170 |             -0.774 |             -0.534 |             0.0711 |             0.0234 |                623 |
                180 |              -0.75 |             -0.508 |             0.0683 |             0.0234 |                623 |
                190 |             -0.728 |             -0.534 |             0.0585 |             0.0234 |                618 |
                200 |              -0.71 |             -0.515 |             0.0604 |             0.0234 |                615 |
                210 |             -0.722 |             -0.526 |             0.0591 |             0.0234 |                615 |
                220 |             -0.734 |             -0.531 |             0.0641 |             0.0234 |                615 |
                230 |             -0.747 |             -0.525 |             0.0751 |             0.0234 |                615 |
                240 |             -0.768 |             -0.514 |              0.086 |             0.0234 |                616 |

Interrupter: will stop after the current epoch. Press Ctrl+C again to force quit.
Interrupter: Graceful exit triggered. Breaking loop.
Training complete: 
   Data path: /work/qgan/data/train/ang-qml_torch-q16-noiseless-PSR-aerCPU-rand0-seed1 
   Best eval: 0.023363741114735603 
   Total time: 14941.07121706009
Interrupter: battery execution stopped.
2 battery run(s) succeeded.
