Creating config files for run_000:
Configuration file rewritten. Path: /work/qgan/data/train/ang-qml_torch-q8-noiseless-SPSA-aerCPU-rand0.5-seed0/config.yaml

Creating config files for run_001:
Configuration file rewritten. Path: /work/qgan/data/train/ang-qml_torch-q8-noiseless-SPSA-aerCPU-rand0.1-seed2/config.yaml

Creating config files for run_002:
Configuration file rewritten. Path: /work/qgan/data/train/ang-qml_torch-q8-noiseless-REG-aerCPU-rand1-seed0/config.yaml

Creating config files for run_003:
Configuration file rewritten. Path: /work/qgan/data/train/ang-qml_torch-q8-noiseless-REG-aerCPU-rand0.25-seed2/config.yaml

Creating config files for run_004:
Configuration file rewritten. Path: /work/qgan/data/train/ang-qml_torch-q4-noiseless-PSR-aerCPU-rand0-seed1/config.yaml

Creating config files for run_005:
Configuration file rewritten. Path: /work/qgan/data/train/ang-qml_torch-q4-noiseless-PSR-aerCPU-rand0.5-seed2/config.yaml

Creating config files for run_006:
Configuration file rewritten. Path: /work/qgan/data/train/base-qml_torch-q8-noiseless-SPSA-aerCPU-rand0.1-seed1/config.yaml

Creating config files for run_007:
Configuration file rewritten. Path: /work/qgan/data/train/base-qml_torch-q8-noiseless-SPSA-aerCPU-rand1-seed2/config.yaml

Creating config files for run_008:
Configuration file rewritten. Path: /work/qgan/data/train/base-qml_torch-q8-noiseless-REG-aerCPU-rand0.25-seed1/config.yaml

Creating config files for run_009:
Configuration file rewritten. Path: /work/qgan/data/train/amp-qml_torch-q4-noiseless-PSR-aerCPU-rand0-seed0/config.yaml

Creating config files for run_010:
Configuration file rewritten. Path: /work/qgan/data/train/amp-qml_torch-q4-noiseless-PSR-aerCPU-rand0.5-seed1/config.yaml

Creating config files for run_011:
Configuration file rewritten. Path: /work/qgan/data/train/amp-qml_torch-q4-noiseless-REG-aerCPU-rand0.1-seed0/config.yaml

Creating config files for run_012:
Configuration file rewritten. Path: /work/qgan/data/train/amp-qml_torch-q4-noiseless-REG-aerCPU-rand1-seed1/config.yaml

Creating config files for run_013:
Configuration file rewritten. Path: /work/qgan/data/train/base-qml_torch-q4-noiseless-PSR-aerCPU-rand0.25-seed0/config.yaml

Creating config files for run_014:
Configuration file rewritten. Path: /work/qgan/data/train/base-qml_torch-q4-noiseless-PSR-aerCPU-rand0-seed2/config.yaml

Creating config files for run_015:
Configuration file rewritten. Path: /work/qgan/data/train/base-qml_torch-q4-noiseless-SPSA-aerCPU-rand0.5-seed0/config.yaml

Creating config files for run_016:
Configuration file rewritten. Path: /work/qgan/data/train/base-qml_torch-q4-noiseless-SPSA-aerCPU-rand0.1-seed2/config.yaml

Creating config files for run_017:
Configuration file rewritten. Path: /work/qgan/data/train/amp-qml_torch-q4-noisy-PSR-aerCPU-rand1-seed0/config.yaml

Creating config files for run_018:
Configuration file rewritten. Path: /work/qgan/data/train/amp-qml_torch-q4-noisy-PSR-aerCPU-rand0.25-seed2/config.yaml

Creating config files for run_019:
Configuration file rewritten. Path: /work/qgan/data/train/base-qml_torch-q4-noisy-SPSA-aerCPU-rand0-seed1/config.yaml

Creating config files for run_020:
Configuration file rewritten. Path: /work/qgan/data/train/base-qml_torch-q4-noisy-SPSA-aerCPU-rand0.5-seed2/config.yaml

Creating config files for run_021:
Configuration file rewritten. Path: /work/qgan/data/train/ang-qml_torch-q4-noisy-SPSA-aerCPU-rand0.1-seed1/config.yaml

Creating config files for run_022:
Configuration file rewritten. Path: /work/qgan/data/train/ang-qml_torch-q4-noisy-SPSA-aerCPU-rand1-seed2/config.yaml

Creating config files for run_023:
Configuration file rewritten. Path: /work/qgan/data/train/amp-qml_torch-q4-noisy-SPSA-aerCPU-rand0.25-seed1/config.yaml

Creating config files for run_024:
Configuration file rewritten. Path: /work/qgan/data/train/ang-qml_torch-q8-noisy-SPSA-aerCPU-rand0-seed0/config.yaml

Creating config files for run_025:
Configuration file rewritten. Path: /work/qgan/data/train/ang-qml_torch-q8-noisy-SPSA-aerCPU-rand0.5-seed1/config.yaml

Creating config files for run_026:
Configuration file rewritten. Path: /work/qgan/data/train/base-qml_torch-q16-noiseless-REG-aerCPU-rand0.1-seed0/config.yaml

Creating config files for run_027:
Configuration file rewritten. Path: /work/qgan/data/train/base-qml_torch-q16-noiseless-REG-aerCPU-rand1-seed1/config.yaml

28 battery configuration files ready.

Running: /work/qgan/data/train/ang-qml_torch-q8-noiseless-SPSA-aerCPU-rand0.5-seed0/config.yaml
              Epoch |     Generator cost | Discriminator cost |               Eval |          Best eval |               Time |
Training complete: 
   Data path: /work/qgan/data/train/ang-qml_torch-q8-noiseless-SPSA-aerCPU-rand0.5-seed0 
   Best eval: 0.07913389056921005 
   Total time: 412.76580262184143

Running: /work/qgan/data/train/ang-qml_torch-q8-noiseless-SPSA-aerCPU-rand0.1-seed2/config.yaml
              Epoch |     Generator cost | Discriminator cost |               Eval |          Best eval |               Time |
Training complete: 
   Data path: /work/qgan/data/train/ang-qml_torch-q8-noiseless-SPSA-aerCPU-rand0.1-seed2 
   Best eval: 0.006306869443506002 
   Total time: 3451.6747817993164

Running: /work/qgan/data/train/ang-qml_torch-q8-noiseless-REG-aerCPU-rand1-seed0/config.yaml
              Epoch |     Generator cost | Discriminator cost |               Eval |          Best eval |               Time |
Training complete: 
   Data path: /work/qgan/data/train/ang-qml_torch-q8-noiseless-REG-aerCPU-rand1-seed0 
   Best eval: 0.06759586185216904 
   Total time: 3698.587525367737

Running: /work/qgan/data/train/ang-qml_torch-q8-noiseless-REG-aerCPU-rand0.25-seed2/config.yaml
Training data file created.
              Epoch |     Generator cost | Discriminator cost |               Eval |          Best eval |               Time |
                  0 |             -0.749 |             -0.549 |             0.0409 |             0.0409 |               5.02 |
                 10 |             -0.725 |             -0.541 |             0.0818 |             0.0409 |               45.7 |
                 20 |             -0.741 |             -0.531 |              0.098 |             0.0409 |               45.4 |
                 30 |             -0.867 |             -0.559 |             0.0793 |             0.0409 |               45.7 |
                 40 |              -0.86 |               -0.6 |              0.137 |             0.0409 |               45.6 |
                 50 |             -0.862 |             -0.541 |             0.0918 |             0.0409 |               45.6 |
                 60 |             -0.854 |             -0.538 |              0.122 |             0.0409 |               45.6 |
                 70 |             -0.847 |              -0.58 |              0.127 |             0.0409 |               44.9 |
                 80 |             -0.924 |             -0.547 |              0.123 |             0.0409 |               45.5 |
                 90 |             -0.861 |             -0.552 |              0.163 |             0.0409 |               45.9 |
                100 |              -0.79 |             -0.543 |              0.134 |             0.0409 |               45.2 |
                110 |              -0.82 |             -0.552 |              0.152 |             0.0409 |                 45 |
                120 |             -0.836 |             -0.572 |              0.138 |             0.0409 |               45.1 |
                130 |             -0.871 |              -0.59 |              0.183 |             0.0409 |               44.7 |
                140 |             -0.806 |             -0.564 |              0.156 |             0.0409 |               45.1 |
                150 |             -0.766 |             -0.592 |              0.206 |             0.0409 |               43.6 |
                160 |             -0.768 |             -0.593 |              0.196 |             0.0409 |               44.8 |
                170 |             -0.695 |             -0.609 |              0.232 |             0.0409 |               44.5 |
                180 |             -0.714 |             -0.588 |              0.255 |             0.0409 |               44.8 |
                190 |             -0.736 |             -0.569 |              0.298 |             0.0409 |               44.9 |
                200 |             -0.699 |             -0.603 |              0.258 |             0.0409 |               44.6 |
                210 |             -0.767 |             -0.605 |              0.281 |             0.0409 |               44.7 |
                220 |             -0.695 |             -0.586 |              0.272 |             0.0409 |               45.3 |
                230 |             -0.786 |             -0.591 |              0.292 |             0.0409 |               45.6 |
                240 |             -0.679 |             -0.574 |              0.269 |             0.0409 |               45.2 |
                250 |              -0.74 |              -0.56 |              0.289 |             0.0409 |               44.6 |
                260 |             -0.748 |             -0.571 |              0.248 |             0.0409 |               43.9 |
                270 |             -0.765 |              -0.57 |              0.224 |             0.0409 |               44.2 |
                280 |             -0.751 |             -0.553 |              0.255 |             0.0409 |               44.4 |
                290 |             -0.762 |             -0.569 |              0.225 |             0.0409 |               43.6 |
                300 |             -0.752 |              -0.57 |               0.29 |             0.0409 |               44.2 |
                310 |             -0.818 |              -0.56 |              0.299 |             0.0409 |               44.6 |
                320 |             -0.727 |             -0.563 |              0.283 |             0.0409 |               45.1 |
                330 |             -0.723 |             -0.579 |              0.263 |             0.0409 |               45.3 |
                340 |             -0.736 |             -0.581 |              0.272 |             0.0409 |               45.2 |
                350 |             -0.724 |             -0.599 |              0.296 |             0.0409 |               45.6 |
                360 |             -0.698 |             -0.601 |              0.316 |             0.0409 |               45.3 |
                370 |             -0.708 |             -0.603 |              0.314 |             0.0409 |               44.8 |
                380 |             -0.713 |             -0.613 |              0.328 |             0.0409 |               44.5 |
                390 |             -0.746 |             -0.607 |              0.323 |             0.0409 |               44.3 |
                400 |             -0.744 |             -0.604 |              0.308 |             0.0409 |               44.7 |
                410 |             -0.749 |             -0.599 |              0.367 |             0.0409 |               45.2 |
                420 |             -0.753 |             -0.592 |              0.424 |             0.0409 |               44.4 |
                430 |             -0.804 |             -0.559 |              0.421 |             0.0409 |               44.2 |
                440 |             -0.759 |              -0.58 |              0.425 |             0.0409 |               44.4 |
                450 |             -0.736 |             -0.591 |              0.462 |             0.0409 |               45.2 |
                460 |             -0.724 |             -0.598 |              0.416 |             0.0409 |               45.2 |
                470 |             -0.676 |              -0.58 |              0.376 |             0.0409 |               44.8 |
                480 |              -0.65 |             -0.589 |              0.446 |             0.0409 |               44.3 |
                490 |             -0.554 |             -0.608 |              0.438 |             0.0409 |               44.2 |
                500 |             -0.478 |              -0.59 |              0.434 |             0.0409 |               45.5 |
                510 |             -0.576 |             -0.553 |              0.426 |             0.0409 |               44.4 |
                520 |             -0.617 |             -0.558 |              0.414 |             0.0409 |               44.5 |
                530 |             -0.655 |             -0.554 |              0.392 |             0.0409 |               45.2 |
                540 |             -0.662 |             -0.572 |              0.387 |             0.0409 |               45.3 |
                550 |             -0.688 |              -0.58 |              0.439 |             0.0409 |               44.6 |
                560 |              -0.77 |             -0.571 |              0.414 |             0.0409 |                 44 |
                570 |             -0.801 |             -0.604 |              0.453 |             0.0409 |               44.4 |
                580 |              -0.82 |             -0.569 |              0.447 |             0.0409 |               44.1 |
                590 |             -0.807 |             -0.575 |              0.433 |             0.0409 |               45.2 |
                600 |             -0.835 |             -0.588 |              0.433 |             0.0409 |                 45 |
                610 |             -0.754 |             -0.543 |              0.474 |             0.0409 |               44.7 |
                620 |             -0.853 |             -0.588 |              0.475 |             0.0409 |               44.5 |
                630 |             -0.827 |             -0.572 |               0.47 |             0.0409 |                 45 |
                640 |             -0.819 |             -0.555 |              0.489 |             0.0409 |               45.4 |
                650 |             -0.824 |             -0.584 |              0.454 |             0.0409 |               45.1 |
                660 |             -0.847 |             -0.582 |              0.432 |             0.0409 |               45.6 |
                670 |             -0.838 |             -0.559 |              0.453 |             0.0409 |               45.2 |
                680 |             -0.821 |             -0.576 |              0.469 |             0.0409 |               44.5 |
                690 |             -0.814 |             -0.585 |              0.484 |             0.0409 |               45.5 |
                700 |             -0.831 |             -0.582 |              0.462 |             0.0409 |               45.3 |
                710 |             -0.804 |             -0.559 |              0.463 |             0.0409 |               45.1 |
                720 |             -0.825 |             -0.562 |              0.434 |             0.0409 |               44.8 |
                730 |             -0.831 |             -0.584 |              0.476 |             0.0409 |               43.8 |
                740 |             -0.893 |             -0.589 |                0.5 |             0.0409 |               44.7 |
                750 |             -0.853 |             -0.568 |              0.448 |             0.0409 |               44.2 |
                760 |             -0.843 |             -0.556 |              0.476 |             0.0409 |               44.5 |
                770 |             -0.825 |             -0.546 |              0.471 |             0.0409 |               45.8 |
                780 |             -0.795 |             -0.556 |              0.477 |             0.0409 |               45.3 |
                790 |             -0.799 |             -0.582 |              0.478 |             0.0409 |               44.8 |
                800 |             -0.825 |             -0.565 |              0.483 |             0.0409 |               44.7 |
                810 |             -0.873 |             -0.536 |              0.475 |             0.0409 |               44.4 |
                820 |             -0.832 |             -0.572 |              0.506 |             0.0409 |               44.9 |
                830 |             -0.829 |             -0.572 |              0.507 |             0.0409 |               44.8 |
                840 |              -0.81 |             -0.589 |              0.462 |             0.0409 |                 45 |
                850 |             -0.831 |             -0.564 |              0.455 |             0.0409 |               44.2 |
                860 |             -0.828 |              -0.59 |              0.465 |             0.0409 |               44.7 |
                870 |             -0.833 |             -0.571 |              0.494 |             0.0409 |               44.8 |
                880 |             -0.818 |              -0.57 |              0.482 |             0.0409 |               44.9 |
                890 |             -0.838 |             -0.542 |              0.474 |             0.0409 |               43.9 |
                900 |             -0.838 |             -0.561 |              0.468 |             0.0409 |               44.6 |
                910 |             -0.846 |             -0.557 |              0.523 |             0.0409 |               45.1 |
                920 |             -0.761 |              -0.57 |              0.492 |             0.0409 |               44.8 |
                930 |             -0.801 |             -0.555 |              0.486 |             0.0409 |               44.3 |
                940 |             -0.831 |             -0.552 |              0.453 |             0.0409 |               44.9 |
                950 |             -0.879 |             -0.552 |              0.496 |             0.0409 |               45.5 |
                960 |             -0.777 |             -0.572 |              0.444 |             0.0409 |               45.4 |
                970 |             -0.817 |             -0.576 |              0.465 |             0.0409 |               44.8 |
                980 |             -0.829 |             -0.546 |              0.485 |             0.0409 |               44.2 |
                990 |             -0.848 |              -0.55 |              0.489 |             0.0409 |               44.4 |
Training complete: 
   Data path: /work/qgan/data/train/ang-qml_torch-q8-noiseless-REG-aerCPU-rand0.25-seed2 
   Best eval: 0.040866754949092865 
   Total time: 4485.760160207748

Running: /work/qgan/data/train/ang-qml_torch-q4-noiseless-PSR-aerCPU-rand0-seed1/config.yaml
              Epoch |     Generator cost | Discriminator cost |               Eval |          Best eval |               Time |
Training complete: 
   Data path: /work/qgan/data/train/ang-qml_torch-q4-noiseless-PSR-aerCPU-rand0-seed1 
   Best eval: -0.0 
   Total time: 2700.010246992111

Running: /work/qgan/data/train/ang-qml_torch-q4-noiseless-PSR-aerCPU-rand0.5-seed2/config.yaml
              Epoch |     Generator cost | Discriminator cost |               Eval |          Best eval |               Time |
Training complete: 
   Data path: /work/qgan/data/train/ang-qml_torch-q4-noiseless-PSR-aerCPU-rand0.5-seed2 
   Best eval: 0.032445624470710754 
   Total time: 2413.6055274009705

Running: /work/qgan/data/train/base-qml_torch-q8-noiseless-SPSA-aerCPU-rand0.1-seed1/config.yaml
              Epoch |     Generator cost | Discriminator cost |               Eval |          Best eval |               Time |
Training complete: 
   Data path: /work/qgan/data/train/base-qml_torch-q8-noiseless-SPSA-aerCPU-rand0.1-seed1 
   Best eval: 3.2415920118001647 
   Total time: 27.093212604522705

Running: /work/qgan/data/train/base-qml_torch-q8-noiseless-SPSA-aerCPU-rand1-seed2/config.yaml
              Epoch |     Generator cost | Discriminator cost |               Eval |          Best eval |               Time |
Training complete: 
   Data path: /work/qgan/data/train/base-qml_torch-q8-noiseless-SPSA-aerCPU-rand1-seed2 
   Best eval: 1.390108381961785 
   Total time: 26.94755268096924

Running: /work/qgan/data/train/base-qml_torch-q8-noiseless-REG-aerCPU-rand0.25-seed1/config.yaml
              Epoch |     Generator cost | Discriminator cost |               Eval |          Best eval |               Time |
Training complete: 
   Data path: /work/qgan/data/train/base-qml_torch-q8-noiseless-REG-aerCPU-rand0.25-seed1 
   Best eval: 0.8144800251381262 
   Total time: 722.0619351863861

Running: /work/qgan/data/train/amp-qml_torch-q4-noiseless-PSR-aerCPU-rand0-seed0/config.yaml
              Epoch |     Generator cost | Discriminator cost |               Eval |          Best eval |               Time |
Training complete: 
   Data path: /work/qgan/data/train/amp-qml_torch-q4-noiseless-PSR-aerCPU-rand0-seed0 
   Best eval: 0.01722801708234104 
   Total time: 915.0876030921936

Running: /work/qgan/data/train/amp-qml_torch-q4-noiseless-PSR-aerCPU-rand0.5-seed1/config.yaml
Training data file created.
              Epoch |     Generator cost | Discriminator cost |               Eval |          Best eval |               Time |
                  0 |             -0.707 |             -0.471 |             0.0393 |             0.0393 |               1.14 |
                 10 |             -0.513 |             -0.394 |             0.0567 |             0.0372 |               10.5 |
                 20 |             -0.555 |             -0.427 |             0.0419 |             0.0328 |               10.4 |
                 30 |             -0.615 |             -0.396 |              0.035 |             0.0091 |               10.3 |
                 40 |             -0.613 |             -0.401 |             0.0642 |             0.0091 |               10.6 |
                 50 |             -0.695 |             -0.456 |             0.0476 |             0.0091 |               10.5 |
                 60 |             -0.563 |              -0.42 |             0.0775 |             0.0091 |               10.6 |
                 70 |             -0.737 |              -0.47 |             0.0699 |             0.0091 |               10.4 |
                 80 |             -0.692 |             -0.458 |             0.0629 |             0.0091 |               10.5 |
                 90 |             -0.598 |             -0.445 |             0.0433 |             0.0091 |               10.4 |
                100 |             -0.706 |              -0.52 |             0.0544 |             0.0091 |               10.3 |
                110 |             -0.676 |             -0.557 |             0.0699 |             0.0091 |               10.3 |
                120 |             -0.728 |             -0.516 |             0.0593 |             0.0091 |               10.5 |
                130 |             -0.616 |             -0.565 |             0.0503 |             0.0091 |               9.65 |
                140 |             -0.666 |              -0.57 |             0.0514 |             0.0091 |               9.52 |
                150 |             -0.717 |             -0.564 |             0.0713 |             0.0091 |                9.6 |
                160 |             -0.617 |             -0.618 |             0.0567 |             0.0091 |               9.53 |
                170 |             -0.662 |             -0.637 |             0.0395 |             0.0091 |               9.49 |
                180 |             -0.732 |             -0.596 |              0.067 |             0.0091 |               9.71 |
                190 |             -0.599 |             -0.675 |             0.0503 |             0.0091 |               9.63 |
                200 |             -0.778 |             -0.564 |             0.0656 |             0.0091 |               9.59 |
                210 |             -0.746 |             -0.566 |             0.0185 |             0.0091 |               9.52 |
                220 |             -0.806 |              -0.62 |             0.0432 |             0.0091 |               9.28 |
                230 |             -0.777 |             -0.614 |             0.0578 |            0.00821 |                9.4 |
                240 |              -0.61 |             -0.552 |             0.0478 |            0.00821 |               9.27 |
                250 |             -0.775 |              -0.64 |             0.0263 |            0.00821 |               9.27 |
                260 |             -0.802 |             -0.609 |             0.0363 |            0.00821 |               9.33 |
                270 |             -0.886 |             -0.689 |             0.0452 |            0.00821 |               9.31 |
                280 |             -0.668 |             -0.577 |             0.0286 |            0.00821 |               9.27 |
                290 |             -0.851 |             -0.667 |             0.0512 |            0.00821 |               9.37 |
                300 |             -0.771 |             -0.572 |             0.0349 |            0.00821 |               9.26 |
                310 |             -0.819 |             -0.606 |              0.045 |            0.00821 |               9.24 |
                320 |             -0.701 |             -0.627 |             0.0144 |            0.00821 |               9.28 |
                330 |              -0.68 |             -0.618 |             0.0507 |            0.00821 |               9.24 |
                340 |             -0.758 |             -0.592 |             0.0462 |            0.00821 |               9.41 |
                350 |             -0.739 |             -0.629 |             0.0402 |            0.00821 |               9.32 |
                360 |             -0.748 |             -0.595 |              0.052 |            0.00821 |               9.34 |
                370 |             -0.746 |             -0.602 |             0.0617 |            0.00821 |               9.33 |
                380 |              -0.64 |             -0.662 |             0.0316 |            0.00821 |               9.27 |
                390 |             -0.745 |             -0.656 |             0.0353 |            0.00821 |               9.36 |
                400 |               -0.7 |             -0.638 |             0.0483 |            0.00821 |               9.48 |
                410 |             -0.859 |             -0.625 |             0.0578 |            0.00821 |               9.34 |
                420 |             -0.799 |             -0.616 |             0.0257 |            0.00821 |               9.27 |
                430 |             -0.739 |             -0.589 |             0.0651 |            0.00821 |               9.29 |
                440 |             -0.796 |             -0.569 |             0.0316 |            0.00555 |               9.28 |
                450 |             -0.801 |             -0.567 |             0.0576 |            0.00555 |               9.48 |
                460 |             -0.701 |             -0.583 |             0.0368 |            0.00555 |               9.33 |
                470 |              -0.75 |              -0.64 |             0.0457 |            0.00555 |               9.23 |
                480 |             -0.822 |             -0.573 |             0.0401 |            0.00555 |               9.26 |
                490 |             -0.684 |             -0.628 |             0.0361 |            0.00555 |               9.32 |
                500 |             -0.664 |             -0.592 |             0.0449 |            0.00555 |               9.36 |
                510 |             -0.739 |             -0.621 |             0.0514 |            0.00555 |               9.51 |
                520 |             -0.737 |             -0.627 |              0.037 |            0.00555 |               9.22 |
                530 |             -0.651 |             -0.628 |             0.0467 |            0.00555 |               9.35 |
                540 |             -0.827 |             -0.626 |             0.0344 |            0.00555 |               9.36 |
                550 |             -0.737 |             -0.551 |             0.0374 |            0.00555 |               9.29 |
                560 |             -0.744 |             -0.616 |             0.0371 |            0.00555 |               9.25 |
                570 |              -0.72 |             -0.553 |              0.027 |            0.00555 |                9.4 |
                580 |             -0.658 |             -0.623 |             0.0452 |            0.00555 |               9.26 |
                590 |             -0.784 |             -0.646 |             0.0277 |            0.00555 |               9.21 |
                600 |             -0.771 |             -0.693 |             0.0341 |            0.00555 |               9.29 |
                610 |             -0.752 |             -0.563 |             0.0148 |            0.00555 |               9.27 |
                620 |             -0.716 |             -0.601 |             0.0293 |            0.00555 |               9.41 |
                630 |             -0.719 |             -0.589 |              0.032 |            0.00555 |               9.25 |
                640 |             -0.835 |             -0.574 |             0.0275 |            0.00555 |                9.3 |
                650 |             -0.781 |              -0.54 |             0.0487 |            0.00555 |               9.26 |
                660 |             -0.805 |             -0.564 |             0.0117 |            0.00555 |               9.32 |
                670 |              -0.63 |             -0.567 |              0.022 |            0.00555 |               9.33 |
                680 |             -0.858 |             -0.636 |             0.0333 |            0.00555 |               9.48 |
                690 |             -0.734 |             -0.582 |             0.0328 |            0.00555 |               9.29 |
                700 |             -0.702 |             -0.558 |             0.0372 |            0.00555 |               9.28 |
                710 |             -0.768 |             -0.547 |             0.0491 |            0.00555 |               9.39 |
                720 |             -0.742 |             -0.574 |             0.0339 |            0.00555 |               9.32 |
                730 |             -0.832 |             -0.658 |             0.0409 |            0.00555 |               9.44 |
                740 |             -0.755 |             -0.627 |             0.0472 |            0.00555 |               9.26 |
                750 |             -0.838 |             -0.612 |             0.0126 |            0.00555 |               9.33 |
                760 |             -0.717 |             -0.661 |              0.036 |            0.00555 |               9.33 |
                770 |             -0.857 |             -0.566 |             0.0178 |            0.00555 |               9.26 |
                780 |             -0.858 |             -0.566 |             0.0154 |            0.00555 |               9.32 |
                790 |             -0.732 |              -0.62 |            0.00576 |            0.00555 |               9.45 |
                800 |             -0.881 |              -0.56 |             0.0195 |            0.00555 |               9.33 |
                810 |             -0.737 |             -0.595 |             0.0368 |            0.00555 |               9.31 |
                820 |             -0.822 |             -0.568 |              0.056 |            0.00555 |               9.31 |
                830 |             -0.806 |             -0.561 |              0.034 |            0.00555 |               9.36 |
                840 |             -0.821 |             -0.594 |             0.0464 |            0.00555 |               9.46 |
                850 |             -0.643 |             -0.586 |             0.0458 |            0.00555 |               9.24 |
                860 |             -0.814 |             -0.554 |             0.0272 |            0.00555 |               9.28 |
                870 |             -0.788 |             -0.602 |             0.0354 |            0.00555 |                9.3 |
                880 |             -0.755 |             -0.576 |              0.043 |            0.00431 |               9.32 |
                890 |             -0.797 |             -0.582 |             0.0456 |            0.00431 |               9.34 |
                900 |              -0.71 |             -0.587 |              0.035 |            0.00431 |               9.45 |
                910 |             -0.706 |             -0.623 |             0.0245 |            0.00362 |                9.3 |
                920 |             -0.848 |             -0.616 |             0.0369 |            0.00321 |               9.23 |
                930 |              -0.91 |             -0.596 |             0.0458 |            0.00321 |               9.24 |
                940 |             -0.716 |             -0.591 |              0.023 |            0.00321 |               9.34 |
                950 |             -0.687 |             -0.715 |             0.0325 |            0.00321 |               9.28 |
                960 |             -0.748 |             -0.574 |             0.0193 |            0.00321 |               9.42 |
                970 |             -0.802 |              -0.57 |             0.0413 |            0.00321 |               9.34 |
                980 |             -0.836 |             -0.634 |             0.0414 |            0.00321 |               9.27 |
                990 |             -0.671 |             -0.629 |             0.0339 |            0.00321 |               9.32 |
Training complete: 
   Data path: /work/qgan/data/train/amp-qml_torch-q4-noiseless-PSR-aerCPU-rand0.5-seed1 
   Best eval: 0.003211731624176449 
   Total time: 948.1173205375671

Running: /work/qgan/data/train/amp-qml_torch-q4-noiseless-REG-aerCPU-rand0.1-seed0/config.yaml
              Epoch |     Generator cost | Discriminator cost |               Eval |          Best eval |               Time |
Training complete: 
   Data path: /work/qgan/data/train/amp-qml_torch-q4-noiseless-REG-aerCPU-rand0.1-seed0 
   Best eval: 0.02047409388842511 
   Total time: 342.31000208854675

Running: /work/qgan/data/train/amp-qml_torch-q4-noiseless-REG-aerCPU-rand1-seed1/config.yaml
Training data file created.
              Epoch |     Generator cost | Discriminator cost |               Eval |          Best eval |               Time |
                  0 |             -0.575 |             -0.373 |             0.0509 |             0.0509 |              0.455 |
                 10 |             -0.576 |             -0.402 |            0.00924 |            0.00924 |               3.74 |
                 20 |             -0.515 |             -0.474 |             0.0182 |            0.00924 |               3.46 |
                 30 |             -0.563 |             -0.493 |             0.0308 |            0.00924 |                3.7 |
                 40 |             -0.498 |             -0.485 |             0.0404 |            0.00924 |               3.47 |
                 50 |             -0.473 |             -0.496 |             0.0289 |            0.00924 |                3.7 |
                 60 |             -0.502 |             -0.557 |             0.0499 |            0.00924 |               3.72 |
                 70 |             -0.631 |             -0.577 |             0.0512 |            0.00924 |               3.46 |
                 80 |             -0.337 |             -0.579 |             0.0535 |            0.00924 |               3.72 |
                 90 |             -0.368 |             -0.541 |             0.0193 |            0.00924 |               3.46 |
                100 |             -0.479 |             -0.671 |              0.049 |            0.00924 |               3.72 |
                110 |             -0.437 |             -0.617 |             0.0359 |            0.00924 |               3.71 |
                120 |             -0.601 |             -0.607 |             0.0664 |            0.00924 |               3.48 |
                130 |              -0.45 |             -0.672 |             0.0455 |            0.00924 |               3.72 |
                140 |             -0.455 |             -0.755 |             0.0764 |            0.00924 |               3.45 |
                150 |             -0.544 |             -0.718 |             0.0327 |            0.00924 |               3.72 |
                160 |             -0.393 |             -0.738 |             0.0407 |            0.00924 |               3.45 |
                170 |             -0.391 |             -0.808 |             0.0394 |            0.00924 |               3.72 |
                180 |             -0.532 |              -0.73 |             0.0463 |            0.00924 |                3.7 |
                190 |             -0.707 |             -0.737 |             0.0656 |            0.00924 |               3.48 |
                200 |             -0.653 |             -0.699 |             0.0624 |            0.00924 |               3.72 |
                210 |             -0.787 |             -0.703 |             0.0317 |            0.00924 |               3.47 |
                220 |             -0.631 |             -0.726 |             0.0409 |            0.00924 |               3.72 |
                230 |             -0.451 |             -0.813 |             0.0605 |            0.00924 |               3.73 |
                240 |             -0.353 |             -0.664 |             0.0679 |            0.00924 |               3.47 |
                250 |             -0.521 |             -0.792 |             0.0449 |            0.00924 |               3.71 |
                260 |             -0.603 |             -0.736 |             0.0718 |            0.00785 |               3.46 |
                270 |             -0.668 |             -0.841 |              0.041 |            0.00785 |               3.72 |
                280 |             -0.488 |             -0.697 |             0.0208 |            0.00785 |               3.48 |
                290 |             -0.511 |             -0.755 |             0.0577 |            0.00785 |               3.73 |
                300 |             -0.315 |              -0.74 |             0.0394 |            0.00785 |               3.72 |
                310 |              -0.47 |             -0.675 |             0.0449 |            0.00785 |               3.45 |
                320 |              -0.52 |             -0.682 |             0.0628 |            0.00785 |               3.72 |
                330 |             -0.478 |              -0.76 |             0.0352 |            0.00785 |               3.46 |
                340 |             -0.539 |              -0.76 |              0.031 |            0.00785 |               3.74 |
                350 |             -0.503 |             -0.683 |             0.0647 |            0.00785 |                3.7 |
                360 |             -0.482 |             -0.684 |             0.0595 |            0.00785 |               3.47 |
                370 |             -0.394 |             -0.842 |             0.0412 |            0.00785 |               3.72 |
                380 |             -0.298 |             -0.784 |             0.0466 |            0.00785 |               3.46 |
                390 |             -0.577 |             -0.746 |             0.0467 |            0.00785 |               3.74 |
                400 |              -0.52 |             -0.836 |             0.0695 |            0.00785 |               3.71 |
                410 |             -0.629 |             -0.847 |             0.0342 |            0.00785 |               3.46 |
                420 |              -0.46 |             -0.778 |              0.036 |            0.00785 |                3.7 |
                430 |             -0.559 |             -0.775 |             0.0497 |            0.00785 |               3.46 |
                440 |             -0.388 |             -0.652 |             0.0494 |            0.00785 |               3.71 |
                450 |             -0.407 |             -0.723 |             0.0186 |            0.00785 |               3.47 |
                460 |             -0.581 |             -0.672 |             0.0485 |            0.00785 |               3.72 |
                470 |             -0.468 |             -0.824 |             0.0531 |            0.00785 |               3.71 |
                480 |             -0.547 |             -0.648 |             0.0653 |            0.00785 |               3.46 |
                490 |             -0.493 |             -0.872 |             0.0274 |            0.00785 |               3.73 |
                500 |             -0.658 |             -0.769 |             0.0424 |            0.00785 |               3.47 |
                510 |             -0.631 |             -0.759 |             0.0543 |            0.00785 |               3.72 |
                520 |             -0.242 |             -0.734 |             0.0495 |            0.00785 |               3.71 |
                530 |             -0.266 |              -0.77 |              0.054 |            0.00785 |               3.47 |
                540 |             -0.613 |             -0.707 |             0.0588 |            0.00785 |               3.71 |
                550 |             -0.367 |             -0.729 |             0.0442 |            0.00785 |               3.45 |
                560 |             -0.509 |             -0.727 |             0.0718 |            0.00785 |               3.73 |
                570 |             -0.456 |             -0.687 |             0.0464 |            0.00785 |               3.71 |
                580 |             -0.463 |             -0.681 |             0.0631 |            0.00785 |               3.48 |
                590 |             -0.538 |             -0.814 |             0.0526 |            0.00785 |               3.71 |
                600 |             -0.349 |             -0.817 |             0.0528 |            0.00785 |               3.47 |
                610 |             -0.345 |             -0.665 |             0.0405 |            0.00785 |               3.69 |
                620 |             -0.634 |             -0.822 |             0.0759 |            0.00785 |               3.72 |
                630 |             -0.239 |             -0.775 |             0.0561 |            0.00785 |               3.46 |
                640 |             -0.485 |             -0.728 |             0.0573 |            0.00785 |               3.72 |
                650 |             -0.388 |             -0.689 |             0.0534 |            0.00785 |               3.46 |
                660 |             -0.574 |             -0.749 |             0.0248 |            0.00785 |               3.72 |
                670 |             -0.561 |             -0.772 |             0.0549 |            0.00785 |               3.47 |
                680 |             -0.519 |              -0.76 |             0.0583 |            0.00785 |               3.73 |
                690 |             -0.327 |             -0.711 |              0.071 |            0.00785 |               3.72 |
                700 |             -0.275 |              -0.63 |             0.0435 |            0.00785 |               3.46 |
                710 |             -0.674 |             -0.732 |             0.0295 |            0.00785 |               3.72 |
                720 |             -0.349 |              -0.75 |             0.0544 |            0.00785 |               3.45 |
                730 |             -0.657 |              -0.75 |             0.0445 |            0.00785 |               3.72 |
                740 |              -0.46 |             -0.855 |             0.0661 |            0.00546 |               3.71 |
                750 |             -0.474 |             -0.771 |             0.0471 |            0.00546 |               3.47 |
                760 |             -0.205 |             -0.847 |             0.0532 |            0.00546 |               3.69 |
                770 |             -0.479 |             -0.656 |             0.0573 |            0.00546 |               3.46 |
                780 |             -0.536 |              -0.66 |             0.0773 |            0.00546 |               3.72 |
                790 |             -0.453 |              -0.86 |              0.035 |            0.00546 |               3.45 |
                800 |             -0.656 |             -0.714 |             0.0174 |            0.00546 |               3.74 |
                810 |             -0.679 |             -0.802 |             0.0288 |            0.00546 |               3.72 |
                820 |             -0.301 |             -0.776 |             0.0393 |            0.00546 |               3.48 |
                830 |             -0.615 |             -0.672 |             0.0422 |            0.00546 |               3.72 |
                840 |             -0.674 |             -0.829 |             0.0601 |            0.00546 |               3.46 |
                850 |             -0.436 |             -0.707 |             0.0551 |            0.00546 |                3.7 |
                860 |             -0.459 |             -0.716 |             0.0366 |            0.00546 |               3.71 |
                870 |             -0.746 |             -0.829 |             0.0719 |            0.00546 |               3.46 |
                880 |             -0.621 |             -0.685 |             0.0563 |            0.00546 |               3.71 |
                890 |             -0.592 |             -0.656 |             0.0712 |            0.00546 |               3.48 |
                900 |             -0.542 |             -0.768 |             0.0591 |            0.00546 |               3.73 |
                910 |             -0.548 |             -0.727 |             0.0419 |            0.00546 |               3.71 |
                920 |             -0.722 |             -0.795 |             0.0505 |            0.00546 |               3.46 |
                930 |             -0.261 |             -0.767 |             0.0707 |            0.00546 |               3.73 |
                940 |             -0.364 |             -0.617 |             0.0615 |            0.00546 |               3.44 |
                950 |             -0.509 |              -0.73 |             0.0289 |            0.00546 |               3.73 |
                960 |             -0.355 |             -0.855 |             0.0305 |            0.00546 |               3.44 |
                970 |             -0.503 |             -0.691 |             0.0571 |            0.00546 |               3.73 |
                980 |             -0.332 |             -0.751 |             0.0432 |            0.00546 |                3.7 |
                990 |             -0.348 |             -0.777 |             0.0402 |            0.00546 |               3.46 |
Training complete: 
   Data path: /work/qgan/data/train/amp-qml_torch-q4-noiseless-REG-aerCPU-rand1-seed1 
   Best eval: 0.005463166167263129 
   Total time: 361.3927948474884

Running: /work/qgan/data/train/base-qml_torch-q4-noiseless-PSR-aerCPU-rand0.25-seed0/config.yaml
              Epoch |     Generator cost | Discriminator cost |               Eval |          Best eval |               Time |
Training complete: 
   Data path: /work/qgan/data/train/base-qml_torch-q4-noiseless-PSR-aerCPU-rand0.25-seed0 
   Best eval: 0.07639563358466875 
   Total time: 226.53348755836487

Running: /work/qgan/data/train/base-qml_torch-q4-noiseless-PSR-aerCPU-rand0-seed2/config.yaml
              Epoch |     Generator cost | Discriminator cost |               Eval |          Best eval |               Time |
Training complete: 
   Data path: /work/qgan/data/train/base-qml_torch-q4-noiseless-PSR-aerCPU-rand0-seed2 
   Best eval: 0.006243420604958055 
   Total time: 231.23085641860962

Running: /work/qgan/data/train/base-qml_torch-q4-noiseless-SPSA-aerCPU-rand0.5-seed0/config.yaml
              Epoch |     Generator cost | Discriminator cost |               Eval |          Best eval |               Time |
Training complete: 
   Data path: /work/qgan/data/train/base-qml_torch-q4-noiseless-SPSA-aerCPU-rand0.5-seed0 
   Best eval: 0.24731916158309572 
   Total time: 16.585028648376465

Running: /work/qgan/data/train/base-qml_torch-q4-noiseless-SPSA-aerCPU-rand0.1-seed2/config.yaml
              Epoch |     Generator cost | Discriminator cost |               Eval |          Best eval |               Time |
Training complete: 
   Data path: /work/qgan/data/train/base-qml_torch-q4-noiseless-SPSA-aerCPU-rand0.1-seed2 
   Best eval: 1.7345702113092127 
   Total time: 18.042015314102173

Running: /work/qgan/data/train/amp-qml_torch-q4-noisy-PSR-aerCPU-rand1-seed0/config.yaml
Training data file created.
              Epoch |     Generator cost | Discriminator cost |               Eval |          Best eval |               Time |
                  0 |             -0.521 |             -0.415 |             0.0738 |             0.0738 |           1.06e+03 |
                 10 |             -0.452 |              -0.42 |             0.0525 |             0.0155 |           1.06e+04 |
                 20 |             -0.441 |              -0.52 |             0.0596 |             0.0155 |           1.06e+04 |
                 30 |             -0.454 |             -0.464 |             0.0401 |             0.0155 |           1.07e+04 |
