Creating config files for runtime_packed_fake_real_q4_joined_base:
Configuration file rewritten. Path: /work/qgan/data/train/base-runtime_packed-joined-q4-fake_real-SPSA-aerCPU-rand0-seed0/config.yaml

1 battery configuration files ready.

Running: /work/qgan/data/train/base-runtime_packed-joined-q4-fake_real-SPSA-aerCPU-rand0-seed0/config.yaml
              Epoch |     Generator cost | Discriminator cost |               Eval |          Best eval |               Time |
                150 |             -0.866 |             -0.313 |               3.13 |               3.01 |               9.11 |
                160 |             -0.867 |             -0.312 |               3.64 |               3.01 |               91.5 |
                170 |             -0.883 |             -0.312 |               3.63 |               3.01 |               91.2 |
                180 |             -0.886 |              -0.31 |               3.76 |               3.01 |                 91 |
                190 |             -0.891 |             -0.304 |               4.27 |               3.01 |               91.5 |
                200 |             -0.919 |             -0.305 |               4.34 |               3.01 |               91.7 |
                210 |             -0.911 |             -0.304 |               3.92 |               3.01 |               91.4 |
                220 |             -0.921 |             -0.312 |                3.8 |               3.01 |               91.6 |
                230 |             -0.914 |             -0.308 |               4.01 |               3.01 |               91.7 |
                240 |              -0.92 |             -0.321 |               4.17 |               3.01 |                 91 |
                250 |             -0.918 |              -0.31 |               3.98 |               3.01 |               90.9 |
                260 |              -0.92 |             -0.316 |               3.79 |               3.01 |                 91 |
                270 |             -0.923 |              -0.32 |               3.73 |               3.01 |               91.1 |
                280 |             -0.913 |             -0.325 |               3.64 |               3.01 |               91.3 |
                290 |             -0.923 |             -0.332 |               3.51 |               3.01 |               91.6 |
                300 |             -0.913 |             -0.336 |               3.52 |               3.01 |               91.6 |
                310 |             -0.923 |             -0.331 |               3.41 |               3.01 |               91.3 |
                320 |             -0.911 |             -0.344 |               3.55 |               3.01 |               91.6 |
                330 |              -0.91 |             -0.352 |               3.65 |               3.01 |               92.2 |
                340 |             -0.913 |             -0.343 |                3.6 |               3.01 |                 92 |
                350 |             -0.921 |             -0.345 |               3.54 |               3.01 |               91.8 |
                360 |             -0.919 |             -0.346 |               3.54 |               3.01 |               91.3 |
                370 |             -0.915 |             -0.349 |               3.66 |               3.01 |               90.4 |
                380 |             -0.917 |             -0.359 |                4.1 |               3.01 |               89.5 |
                390 |             -0.916 |             -0.374 |               5.28 |               3.01 |               90.7 |
                400 |             -0.923 |             -0.383 |               4.74 |               3.01 |                 91 |
                410 |             -0.916 |             -0.379 |               3.74 |               3.01 |               90.8 |
                420 |             -0.918 |             -0.391 |               3.57 |               3.01 |               90.5 |
                430 |             -0.904 |              -0.39 |               3.49 |               3.01 |                 91 |
                440 |             -0.909 |             -0.396 |               3.51 |               3.01 |               90.4 |
                450 |             -0.915 |             -0.409 |               3.35 |               3.01 |               90.8 |
                460 |             -0.919 |             -0.405 |               3.27 |               3.01 |               90.5 |
                470 |             -0.918 |             -0.408 |               3.19 |               3.01 |               90.9 |
                480 |              -0.91 |             -0.412 |                3.3 |               3.01 |               91.1 |
                490 |             -0.896 |              -0.43 |               3.34 |               3.01 |                 91 |
                500 |             -0.899 |             -0.438 |               3.53 |               3.01 |               90.4 |
                510 |               -0.9 |             -0.439 |               3.89 |               3.01 |               90.9 |
                520 |             -0.897 |             -0.443 |               4.82 |               3.01 |                 90 |
                530 |             -0.896 |              -0.46 |               4.21 |               3.01 |               91.5 |
                540 |             -0.896 |             -0.462 |                4.1 |               3.01 |               90.8 |
                550 |             -0.899 |             -0.461 |               3.82 |               3.01 |               91.2 |
                560 |             -0.906 |             -0.461 |               4.07 |               3.01 |               91.2 |
                570 |             -0.895 |             -0.463 |               3.88 |               3.01 |               91.5 |
                580 |               -0.9 |             -0.467 |               3.83 |               3.01 |               91.4 |
                590 |             -0.897 |             -0.482 |               3.97 |               3.01 |                 91 |
                600 |             -0.898 |             -0.483 |               3.86 |               3.01 |               90.9 |
                610 |               -0.9 |             -0.486 |                3.4 |               3.01 |               91.4 |
                620 |             -0.907 |             -0.484 |               3.24 |               3.01 |               91.3 |
                630 |             -0.896 |             -0.486 |               3.17 |               3.01 |               90.1 |
                640 |             -0.901 |             -0.489 |               3.25 |               3.01 |               90.5 |
                650 |             -0.902 |             -0.492 |                3.5 |               3.01 |               90.8 |
                660 |             -0.894 |             -0.494 |               3.72 |               3.01 |               91.3 |
                670 |             -0.897 |             -0.495 |               3.63 |               3.01 |                 91 |
                680 |             -0.902 |             -0.499 |               3.42 |               3.01 |               91.4 |
                690 |             -0.896 |             -0.501 |               3.21 |               3.01 |               90.3 |
                700 |             -0.894 |             -0.492 |               3.19 |               3.01 |               91.6 |
                710 |             -0.903 |             -0.504 |               3.12 |               3.01 |               90.6 |
                720 |             -0.896 |             -0.497 |               3.09 |               3.01 |               90.5 |
                730 |             -0.899 |             -0.504 |               3.29 |               3.01 |               91.1 |
                740 |             -0.898 |             -0.501 |               3.31 |               3.01 |                 91 |
                750 |              -0.89 |             -0.507 |               3.55 |               3.01 |               91.2 |
                760 |             -0.892 |             -0.507 |               4.62 |               3.01 |               90.8 |
                770 |             -0.897 |             -0.506 |                3.8 |               3.01 |               91.7 |
                780 |              -0.91 |              -0.51 |                3.8 |               3.01 |               90.7 |
                790 |             -0.899 |             -0.511 |               3.55 |               3.01 |               91.4 |
                800 |               -0.9 |             -0.511 |               3.83 |               3.01 |               91.7 |
                810 |             -0.899 |             -0.514 |               4.21 |               3.01 |               91.4 |
                820 |             -0.892 |             -0.514 |               3.69 |               3.01 |               91.4 |

Interrupter: will stop after the current epoch. Press Ctrl+C again to force quit.
Interrupter: Graceful exit triggered. Breaking loop.
Training complete: 
   Data path: /work/qgan/data/train/base-runtime_packed-joined-q4-fake_real-SPSA-aerCPU-rand0-seed0 
   Best eval: 3.012383194019039 
   Total time: 7501.6116597652435
1 battery run(s) succeeded.
