Creating config files for noiseless_amp_q16:
Configuration file rewritten. Path: /work/qgan/data/train/amp-qml_torch-q16-noiseless-PSR-aerCPU-rand0-seed0/config.yaml
Configuration file rewritten. Path: /work/qgan/data/train/amp-qml_torch-q16-noiseless-PSR-aerCPU-rand0.1-seed0/config.yaml
Configuration file rewritten. Path: /work/qgan/data/train/amp-qml_torch-q16-noiseless-PSR-aerCPU-rand0.25-seed0/config.yaml
Configuration file rewritten. Path: /work/qgan/data/train/amp-qml_torch-q16-noiseless-PSR-aerCPU-rand0.5-seed0/config.yaml
Configuration file rewritten. Path: /work/qgan/data/train/amp-qml_torch-q16-noiseless-PSR-aerCPU-rand1-seed0/config.yaml
Configuration file rewritten. Path: /work/qgan/data/train/amp-qml_torch-q16-noiseless-PSR-aerCPU-rand0-seed1/config.yaml
Configuration file rewritten. Path: /work/qgan/data/train/amp-qml_torch-q16-noiseless-PSR-aerCPU-rand0.1-seed1/config.yaml
Configuration file rewritten. Path: /work/qgan/data/train/amp-qml_torch-q16-noiseless-PSR-aerCPU-rand0.25-seed1/config.yaml
Configuration file rewritten. Path: /work/qgan/data/train/amp-qml_torch-q16-noiseless-PSR-aerCPU-rand0.5-seed1/config.yaml
Configuration file rewritten. Path: /work/qgan/data/train/amp-qml_torch-q16-noiseless-PSR-aerCPU-rand1-seed1/config.yaml
Configuration file rewritten. Path: /work/qgan/data/train/amp-qml_torch-q16-noiseless-PSR-aerCPU-rand0-seed2/config.yaml
Configuration file rewritten. Path: /work/qgan/data/train/amp-qml_torch-q16-noiseless-PSR-aerCPU-rand0.1-seed2/config.yaml
Configuration file rewritten. Path: /work/qgan/data/train/amp-qml_torch-q16-noiseless-PSR-aerCPU-rand0.25-seed2/config.yaml
Configuration file rewritten. Path: /work/qgan/data/train/amp-qml_torch-q16-noiseless-PSR-aerCPU-rand0.5-seed2/config.yaml
Configuration file rewritten. Path: /work/qgan/data/train/amp-qml_torch-q16-noiseless-PSR-aerCPU-rand1-seed2/config.yaml
Configuration file rewritten. Path: /work/qgan/data/train/amp-qml_torch-q16-noiseless-SPSA-aerCPU-rand0-seed0/config.yaml
Configuration file rewritten. Path: /work/qgan/data/train/amp-qml_torch-q16-noiseless-SPSA-aerCPU-rand0.1-seed0/config.yaml
Configuration file rewritten. Path: /work/qgan/data/train/amp-qml_torch-q16-noiseless-SPSA-aerCPU-rand0.25-seed0/config.yaml
Configuration file rewritten. Path: /work/qgan/data/train/amp-qml_torch-q16-noiseless-SPSA-aerCPU-rand0.5-seed0/config.yaml
Configuration file rewritten. Path: /work/qgan/data/train/amp-qml_torch-q16-noiseless-SPSA-aerCPU-rand1-seed0/config.yaml
Configuration file rewritten. Path: /work/qgan/data/train/amp-qml_torch-q16-noiseless-SPSA-aerCPU-rand0-seed1/config.yaml
Configuration file rewritten. Path: /work/qgan/data/train/amp-qml_torch-q16-noiseless-SPSA-aerCPU-rand0.1-seed1/config.yaml
Configuration file rewritten. Path: /work/qgan/data/train/amp-qml_torch-q16-noiseless-SPSA-aerCPU-rand0.25-seed1/config.yaml
Configuration file rewritten. Path: /work/qgan/data/train/amp-qml_torch-q16-noiseless-SPSA-aerCPU-rand0.5-seed1/config.yaml
Configuration file rewritten. Path: /work/qgan/data/train/amp-qml_torch-q16-noiseless-SPSA-aerCPU-rand1-seed1/config.yaml
Configuration file rewritten. Path: /work/qgan/data/train/amp-qml_torch-q16-noiseless-SPSA-aerCPU-rand0-seed2/config.yaml
Configuration file rewritten. Path: /work/qgan/data/train/amp-qml_torch-q16-noiseless-SPSA-aerCPU-rand0.1-seed2/config.yaml
Configuration file rewritten. Path: /work/qgan/data/train/amp-qml_torch-q16-noiseless-SPSA-aerCPU-rand0.25-seed2/config.yaml
Configuration file rewritten. Path: /work/qgan/data/train/amp-qml_torch-q16-noiseless-SPSA-aerCPU-rand0.5-seed2/config.yaml
Configuration file rewritten. Path: /work/qgan/data/train/amp-qml_torch-q16-noiseless-SPSA-aerCPU-rand1-seed2/config.yaml
Configuration file rewritten. Path: /work/qgan/data/train/amp-qml_torch-q16-noiseless-REG-aerCPU-rand0-seed0/config.yaml
Configuration file rewritten. Path: /work/qgan/data/train/amp-qml_torch-q16-noiseless-REG-aerCPU-rand0.1-seed0/config.yaml
Configuration file rewritten. Path: /work/qgan/data/train/amp-qml_torch-q16-noiseless-REG-aerCPU-rand0.25-seed0/config.yaml
Configuration file rewritten. Path: /work/qgan/data/train/amp-qml_torch-q16-noiseless-REG-aerCPU-rand0.5-seed0/config.yaml
Configuration file rewritten. Path: /work/qgan/data/train/amp-qml_torch-q16-noiseless-REG-aerCPU-rand1-seed0/config.yaml
Configuration file rewritten. Path: /work/qgan/data/train/amp-qml_torch-q16-noiseless-REG-aerCPU-rand0-seed1/config.yaml
Configuration file rewritten. Path: /work/qgan/data/train/amp-qml_torch-q16-noiseless-REG-aerCPU-rand0.1-seed1/config.yaml
Configuration file rewritten. Path: /work/qgan/data/train/amp-qml_torch-q16-noiseless-REG-aerCPU-rand0.25-seed1/config.yaml
Configuration file rewritten. Path: /work/qgan/data/train/amp-qml_torch-q16-noiseless-REG-aerCPU-rand0.5-seed1/config.yaml
Configuration file rewritten. Path: /work/qgan/data/train/amp-qml_torch-q16-noiseless-REG-aerCPU-rand1-seed1/config.yaml
Configuration file rewritten. Path: /work/qgan/data/train/amp-qml_torch-q16-noiseless-REG-aerCPU-rand0-seed2/config.yaml
Configuration file rewritten. Path: /work/qgan/data/train/amp-qml_torch-q16-noiseless-REG-aerCPU-rand0.1-seed2/config.yaml
Configuration file rewritten. Path: /work/qgan/data/train/amp-qml_torch-q16-noiseless-REG-aerCPU-rand0.25-seed2/config.yaml
Configuration file rewritten. Path: /work/qgan/data/train/amp-qml_torch-q16-noiseless-REG-aerCPU-rand0.5-seed2/config.yaml
Configuration file rewritten. Path: /work/qgan/data/train/amp-qml_torch-q16-noiseless-REG-aerCPU-rand1-seed2/config.yaml

45 battery configuration files ready.

Running: /work/qgan/data/train/amp-qml_torch-q16-noiseless-PSR-aerCPU-rand0-seed0/config.yaml
GPUs available to PyTorch: 1
Run failed: /work/qgan/data/train/amp-qml_torch-q16-noiseless-PSR-aerCPU-rand0-seed0/config.yaml
   Error: TranspilerError: 'HighLevelSynthesis is unable to synthesize "state_preparation"'
   Traceback saved: /work/qgan/data/train/amp-qml_torch-q16-noiseless-PSR-aerCPU-rand0-seed0/error_traceback.txt

Running: /work/qgan/data/train/amp-qml_torch-q16-noiseless-PSR-aerCPU-rand0.1-seed0/config.yaml
GPUs available to PyTorch: 1
Run failed: /work/qgan/data/train/amp-qml_torch-q16-noiseless-PSR-aerCPU-rand0.1-seed0/config.yaml
   Error: TranspilerError: 'HighLevelSynthesis is unable to synthesize "state_preparation"'
   Traceback saved: /work/qgan/data/train/amp-qml_torch-q16-noiseless-PSR-aerCPU-rand0.1-seed0/error_traceback.txt

Running: /work/qgan/data/train/amp-qml_torch-q16-noiseless-PSR-aerCPU-rand0.25-seed0/config.yaml
GPUs available to PyTorch: 1
Run failed: /work/qgan/data/train/amp-qml_torch-q16-noiseless-PSR-aerCPU-rand0.25-seed0/config.yaml
   Error: TranspilerError: 'HighLevelSynthesis is unable to synthesize "state_preparation"'
   Traceback saved: /work/qgan/data/train/amp-qml_torch-q16-noiseless-PSR-aerCPU-rand0.25-seed0/error_traceback.txt

Running: /work/qgan/data/train/amp-qml_torch-q16-noiseless-PSR-aerCPU-rand0.5-seed0/config.yaml
GPUs available to PyTorch: 1
Run failed: /work/qgan/data/train/amp-qml_torch-q16-noiseless-PSR-aerCPU-rand0.5-seed0/config.yaml
   Error: TranspilerError: 'HighLevelSynthesis is unable to synthesize "state_preparation"'
   Traceback saved: /work/qgan/data/train/amp-qml_torch-q16-noiseless-PSR-aerCPU-rand0.5-seed0/error_traceback.txt

Running: /work/qgan/data/train/amp-qml_torch-q16-noiseless-PSR-aerCPU-rand1-seed0/config.yaml
GPUs available to PyTorch: 1
Run failed: /work/qgan/data/train/amp-qml_torch-q16-noiseless-PSR-aerCPU-rand1-seed0/config.yaml
   Error: TranspilerError: 'HighLevelSynthesis is unable to synthesize "state_preparation"'
   Traceback saved: /work/qgan/data/train/amp-qml_torch-q16-noiseless-PSR-aerCPU-rand1-seed0/error_traceback.txt

Running: /work/qgan/data/train/amp-qml_torch-q16-noiseless-PSR-aerCPU-rand0-seed1/config.yaml
GPUs available to PyTorch: 1
Run failed: /work/qgan/data/train/amp-qml_torch-q16-noiseless-PSR-aerCPU-rand0-seed1/config.yaml
   Error: TranspilerError: 'HighLevelSynthesis is unable to synthesize "state_preparation"'
   Traceback saved: /work/qgan/data/train/amp-qml_torch-q16-noiseless-PSR-aerCPU-rand0-seed1/error_traceback.txt

Running: /work/qgan/data/train/amp-qml_torch-q16-noiseless-PSR-aerCPU-rand0.1-seed1/config.yaml
GPUs available to PyTorch: 1
Run failed: /work/qgan/data/train/amp-qml_torch-q16-noiseless-PSR-aerCPU-rand0.1-seed1/config.yaml
   Error: TranspilerError: 'HighLevelSynthesis is unable to synthesize "state_preparation"'
   Traceback saved: /work/qgan/data/train/amp-qml_torch-q16-noiseless-PSR-aerCPU-rand0.1-seed1/error_traceback.txt

Running: /work/qgan/data/train/amp-qml_torch-q16-noiseless-PSR-aerCPU-rand0.25-seed1/config.yaml
GPUs available to PyTorch: 1
Run failed: /work/qgan/data/train/amp-qml_torch-q16-noiseless-PSR-aerCPU-rand0.25-seed1/config.yaml
   Error: TranspilerError: 'HighLevelSynthesis is unable to synthesize "state_preparation"'
   Traceback saved: /work/qgan/data/train/amp-qml_torch-q16-noiseless-PSR-aerCPU-rand0.25-seed1/error_traceback.txt

Running: /work/qgan/data/train/amp-qml_torch-q16-noiseless-PSR-aerCPU-rand0.5-seed1/config.yaml
GPUs available to PyTorch: 1
Run failed: /work/qgan/data/train/amp-qml_torch-q16-noiseless-PSR-aerCPU-rand0.5-seed1/config.yaml
   Error: TranspilerError: 'HighLevelSynthesis is unable to synthesize "state_preparation"'
   Traceback saved: /work/qgan/data/train/amp-qml_torch-q16-noiseless-PSR-aerCPU-rand0.5-seed1/error_traceback.txt

Running: /work/qgan/data/train/amp-qml_torch-q16-noiseless-PSR-aerCPU-rand1-seed1/config.yaml
GPUs available to PyTorch: 1
Run failed: /work/qgan/data/train/amp-qml_torch-q16-noiseless-PSR-aerCPU-rand1-seed1/config.yaml
   Error: TranspilerError: 'HighLevelSynthesis is unable to synthesize "state_preparation"'
   Traceback saved: /work/qgan/data/train/amp-qml_torch-q16-noiseless-PSR-aerCPU-rand1-seed1/error_traceback.txt

Running: /work/qgan/data/train/amp-qml_torch-q16-noiseless-PSR-aerCPU-rand0-seed2/config.yaml
GPUs available to PyTorch: 1
Run failed: /work/qgan/data/train/amp-qml_torch-q16-noiseless-PSR-aerCPU-rand0-seed2/config.yaml
   Error: TranspilerError: 'HighLevelSynthesis is unable to synthesize "state_preparation"'
   Traceback saved: /work/qgan/data/train/amp-qml_torch-q16-noiseless-PSR-aerCPU-rand0-seed2/error_traceback.txt

Running: /work/qgan/data/train/amp-qml_torch-q16-noiseless-PSR-aerCPU-rand0.1-seed2/config.yaml
GPUs available to PyTorch: 1
Run failed: /work/qgan/data/train/amp-qml_torch-q16-noiseless-PSR-aerCPU-rand0.1-seed2/config.yaml
   Error: TranspilerError: 'HighLevelSynthesis is unable to synthesize "state_preparation"'
   Traceback saved: /work/qgan/data/train/amp-qml_torch-q16-noiseless-PSR-aerCPU-rand0.1-seed2/error_traceback.txt

Running: /work/qgan/data/train/amp-qml_torch-q16-noiseless-PSR-aerCPU-rand0.25-seed2/config.yaml
GPUs available to PyTorch: 1
Run failed: /work/qgan/data/train/amp-qml_torch-q16-noiseless-PSR-aerCPU-rand0.25-seed2/config.yaml
   Error: TranspilerError: 'HighLevelSynthesis is unable to synthesize "state_preparation"'
   Traceback saved: /work/qgan/data/train/amp-qml_torch-q16-noiseless-PSR-aerCPU-rand0.25-seed2/error_traceback.txt

Running: /work/qgan/data/train/amp-qml_torch-q16-noiseless-PSR-aerCPU-rand0.5-seed2/config.yaml
GPUs available to PyTorch: 1
Run failed: /work/qgan/data/train/amp-qml_torch-q16-noiseless-PSR-aerCPU-rand0.5-seed2/config.yaml
   Error: TranspilerError: 'HighLevelSynthesis is unable to synthesize "state_preparation"'
   Traceback saved: /work/qgan/data/train/amp-qml_torch-q16-noiseless-PSR-aerCPU-rand0.5-seed2/error_traceback.txt

Running: /work/qgan/data/train/amp-qml_torch-q16-noiseless-PSR-aerCPU-rand1-seed2/config.yaml
GPUs available to PyTorch: 1
Run failed: /work/qgan/data/train/amp-qml_torch-q16-noiseless-PSR-aerCPU-rand1-seed2/config.yaml
   Error: TranspilerError: 'HighLevelSynthesis is unable to synthesize "state_preparation"'
   Traceback saved: /work/qgan/data/train/amp-qml_torch-q16-noiseless-PSR-aerCPU-rand1-seed2/error_traceback.txt

Running: /work/qgan/data/train/amp-qml_torch-q16-noiseless-SPSA-aerCPU-rand0-seed0/config.yaml
GPUs available to PyTorch: 1
Run failed: /work/qgan/data/train/amp-qml_torch-q16-noiseless-SPSA-aerCPU-rand0-seed0/config.yaml
   Error: TranspilerError: 'HighLevelSynthesis is unable to synthesize "state_preparation"'
   Traceback saved: /work/qgan/data/train/amp-qml_torch-q16-noiseless-SPSA-aerCPU-rand0-seed0/error_traceback.txt

Running: /work/qgan/data/train/amp-qml_torch-q16-noiseless-SPSA-aerCPU-rand0.1-seed0/config.yaml
GPUs available to PyTorch: 1
Run failed: /work/qgan/data/train/amp-qml_torch-q16-noiseless-SPSA-aerCPU-rand0.1-seed0/config.yaml
   Error: TranspilerError: 'HighLevelSynthesis is unable to synthesize "state_preparation"'
   Traceback saved: /work/qgan/data/train/amp-qml_torch-q16-noiseless-SPSA-aerCPU-rand0.1-seed0/error_traceback.txt

Running: /work/qgan/data/train/amp-qml_torch-q16-noiseless-SPSA-aerCPU-rand0.25-seed0/config.yaml
GPUs available to PyTorch: 1
Run failed: /work/qgan/data/train/amp-qml_torch-q16-noiseless-SPSA-aerCPU-rand0.25-seed0/config.yaml
   Error: TranspilerError: 'HighLevelSynthesis is unable to synthesize "state_preparation"'
   Traceback saved: /work/qgan/data/train/amp-qml_torch-q16-noiseless-SPSA-aerCPU-rand0.25-seed0/error_traceback.txt

Running: /work/qgan/data/train/amp-qml_torch-q16-noiseless-SPSA-aerCPU-rand0.5-seed0/config.yaml
GPUs available to PyTorch: 1
Run failed: /work/qgan/data/train/amp-qml_torch-q16-noiseless-SPSA-aerCPU-rand0.5-seed0/config.yaml
   Error: TranspilerError: 'HighLevelSynthesis is unable to synthesize "state_preparation"'
   Traceback saved: /work/qgan/data/train/amp-qml_torch-q16-noiseless-SPSA-aerCPU-rand0.5-seed0/error_traceback.txt

Running: /work/qgan/data/train/amp-qml_torch-q16-noiseless-SPSA-aerCPU-rand1-seed0/config.yaml
GPUs available to PyTorch: 1
Run failed: /work/qgan/data/train/amp-qml_torch-q16-noiseless-SPSA-aerCPU-rand1-seed0/config.yaml
   Error: TranspilerError: 'HighLevelSynthesis is unable to synthesize "state_preparation"'
   Traceback saved: /work/qgan/data/train/amp-qml_torch-q16-noiseless-SPSA-aerCPU-rand1-seed0/error_traceback.txt

Running: /work/qgan/data/train/amp-qml_torch-q16-noiseless-SPSA-aerCPU-rand0-seed1/config.yaml
GPUs available to PyTorch: 1
Run failed: /work/qgan/data/train/amp-qml_torch-q16-noiseless-SPSA-aerCPU-rand0-seed1/config.yaml
   Error: TranspilerError: 'HighLevelSynthesis is unable to synthesize "state_preparation"'
   Traceback saved: /work/qgan/data/train/amp-qml_torch-q16-noiseless-SPSA-aerCPU-rand0-seed1/error_traceback.txt

Running: /work/qgan/data/train/amp-qml_torch-q16-noiseless-SPSA-aerCPU-rand0.1-seed1/config.yaml
GPUs available to PyTorch: 1
Run failed: /work/qgan/data/train/amp-qml_torch-q16-noiseless-SPSA-aerCPU-rand0.1-seed1/config.yaml
   Error: TranspilerError: 'HighLevelSynthesis is unable to synthesize "state_preparation"'
   Traceback saved: /work/qgan/data/train/amp-qml_torch-q16-noiseless-SPSA-aerCPU-rand0.1-seed1/error_traceback.txt

Running: /work/qgan/data/train/amp-qml_torch-q16-noiseless-SPSA-aerCPU-rand0.25-seed1/config.yaml
GPUs available to PyTorch: 1
Run failed: /work/qgan/data/train/amp-qml_torch-q16-noiseless-SPSA-aerCPU-rand0.25-seed1/config.yaml
   Error: TranspilerError: 'HighLevelSynthesis is unable to synthesize "state_preparation"'
   Traceback saved: /work/qgan/data/train/amp-qml_torch-q16-noiseless-SPSA-aerCPU-rand0.25-seed1/error_traceback.txt

Running: /work/qgan/data/train/amp-qml_torch-q16-noiseless-SPSA-aerCPU-rand0.5-seed1/config.yaml
GPUs available to PyTorch: 1
Run failed: /work/qgan/data/train/amp-qml_torch-q16-noiseless-SPSA-aerCPU-rand0.5-seed1/config.yaml
   Error: TranspilerError: 'HighLevelSynthesis is unable to synthesize "state_preparation"'
   Traceback saved: /work/qgan/data/train/amp-qml_torch-q16-noiseless-SPSA-aerCPU-rand0.5-seed1/error_traceback.txt

Running: /work/qgan/data/train/amp-qml_torch-q16-noiseless-SPSA-aerCPU-rand1-seed1/config.yaml
GPUs available to PyTorch: 1
Run failed: /work/qgan/data/train/amp-qml_torch-q16-noiseless-SPSA-aerCPU-rand1-seed1/config.yaml
   Error: TranspilerError: 'HighLevelSynthesis is unable to synthesize "state_preparation"'
   Traceback saved: /work/qgan/data/train/amp-qml_torch-q16-noiseless-SPSA-aerCPU-rand1-seed1/error_traceback.txt

Running: /work/qgan/data/train/amp-qml_torch-q16-noiseless-SPSA-aerCPU-rand0-seed2/config.yaml
GPUs available to PyTorch: 1
Run failed: /work/qgan/data/train/amp-qml_torch-q16-noiseless-SPSA-aerCPU-rand0-seed2/config.yaml
   Error: TranspilerError: 'HighLevelSynthesis is unable to synthesize "state_preparation"'
   Traceback saved: /work/qgan/data/train/amp-qml_torch-q16-noiseless-SPSA-aerCPU-rand0-seed2/error_traceback.txt

Running: /work/qgan/data/train/amp-qml_torch-q16-noiseless-SPSA-aerCPU-rand0.1-seed2/config.yaml
GPUs available to PyTorch: 1
Run failed: /work/qgan/data/train/amp-qml_torch-q16-noiseless-SPSA-aerCPU-rand0.1-seed2/config.yaml
   Error: TranspilerError: 'HighLevelSynthesis is unable to synthesize "state_preparation"'
   Traceback saved: /work/qgan/data/train/amp-qml_torch-q16-noiseless-SPSA-aerCPU-rand0.1-seed2/error_traceback.txt

Running: /work/qgan/data/train/amp-qml_torch-q16-noiseless-SPSA-aerCPU-rand0.25-seed2/config.yaml
GPUs available to PyTorch: 1
Run failed: /work/qgan/data/train/amp-qml_torch-q16-noiseless-SPSA-aerCPU-rand0.25-seed2/config.yaml
   Error: TranspilerError: 'HighLevelSynthesis is unable to synthesize "state_preparation"'
   Traceback saved: /work/qgan/data/train/amp-qml_torch-q16-noiseless-SPSA-aerCPU-rand0.25-seed2/error_traceback.txt

Running: /work/qgan/data/train/amp-qml_torch-q16-noiseless-SPSA-aerCPU-rand0.5-seed2/config.yaml
GPUs available to PyTorch: 1
Run failed: /work/qgan/data/train/amp-qml_torch-q16-noiseless-SPSA-aerCPU-rand0.5-seed2/config.yaml
   Error: TranspilerError: 'HighLevelSynthesis is unable to synthesize "state_preparation"'
   Traceback saved: /work/qgan/data/train/amp-qml_torch-q16-noiseless-SPSA-aerCPU-rand0.5-seed2/error_traceback.txt

Running: /work/qgan/data/train/amp-qml_torch-q16-noiseless-SPSA-aerCPU-rand1-seed2/config.yaml
GPUs available to PyTorch: 1
Run failed: /work/qgan/data/train/amp-qml_torch-q16-noiseless-SPSA-aerCPU-rand1-seed2/config.yaml
   Error: TranspilerError: 'HighLevelSynthesis is unable to synthesize "state_preparation"'
   Traceback saved: /work/qgan/data/train/amp-qml_torch-q16-noiseless-SPSA-aerCPU-rand1-seed2/error_traceback.txt

Running: /work/qgan/data/train/amp-qml_torch-q16-noiseless-REG-aerCPU-rand0-seed0/config.yaml
GPUs available to PyTorch: 1
Run failed: /work/qgan/data/train/amp-qml_torch-q16-noiseless-REG-aerCPU-rand0-seed0/config.yaml
   Error: TranspilerError: 'HighLevelSynthesis is unable to synthesize "state_preparation"'
   Traceback saved: /work/qgan/data/train/amp-qml_torch-q16-noiseless-REG-aerCPU-rand0-seed0/error_traceback.txt

Running: /work/qgan/data/train/amp-qml_torch-q16-noiseless-REG-aerCPU-rand0.1-seed0/config.yaml
GPUs available to PyTorch: 1
Run failed: /work/qgan/data/train/amp-qml_torch-q16-noiseless-REG-aerCPU-rand0.1-seed0/config.yaml
   Error: TranspilerError: 'HighLevelSynthesis is unable to synthesize "state_preparation"'
   Traceback saved: /work/qgan/data/train/amp-qml_torch-q16-noiseless-REG-aerCPU-rand0.1-seed0/error_traceback.txt

Running: /work/qgan/data/train/amp-qml_torch-q16-noiseless-REG-aerCPU-rand0.25-seed0/config.yaml
GPUs available to PyTorch: 1
Run failed: /work/qgan/data/train/amp-qml_torch-q16-noiseless-REG-aerCPU-rand0.25-seed0/config.yaml
   Error: TranspilerError: 'HighLevelSynthesis is unable to synthesize "state_preparation"'
   Traceback saved: /work/qgan/data/train/amp-qml_torch-q16-noiseless-REG-aerCPU-rand0.25-seed0/error_traceback.txt

Running: /work/qgan/data/train/amp-qml_torch-q16-noiseless-REG-aerCPU-rand0.5-seed0/config.yaml
GPUs available to PyTorch: 1
Run failed: /work/qgan/data/train/amp-qml_torch-q16-noiseless-REG-aerCPU-rand0.5-seed0/config.yaml
   Error: TranspilerError: 'HighLevelSynthesis is unable to synthesize "state_preparation"'
   Traceback saved: /work/qgan/data/train/amp-qml_torch-q16-noiseless-REG-aerCPU-rand0.5-seed0/error_traceback.txt

Running: /work/qgan/data/train/amp-qml_torch-q16-noiseless-REG-aerCPU-rand1-seed0/config.yaml
GPUs available to PyTorch: 1
Run failed: /work/qgan/data/train/amp-qml_torch-q16-noiseless-REG-aerCPU-rand1-seed0/config.yaml
   Error: TranspilerError: 'HighLevelSynthesis is unable to synthesize "state_preparation"'
   Traceback saved: /work/qgan/data/train/amp-qml_torch-q16-noiseless-REG-aerCPU-rand1-seed0/error_traceback.txt

Running: /work/qgan/data/train/amp-qml_torch-q16-noiseless-REG-aerCPU-rand0-seed1/config.yaml
GPUs available to PyTorch: 1
Run failed: /work/qgan/data/train/amp-qml_torch-q16-noiseless-REG-aerCPU-rand0-seed1/config.yaml
   Error: TranspilerError: 'HighLevelSynthesis is unable to synthesize "state_preparation"'
   Traceback saved: /work/qgan/data/train/amp-qml_torch-q16-noiseless-REG-aerCPU-rand0-seed1/error_traceback.txt

Running: /work/qgan/data/train/amp-qml_torch-q16-noiseless-REG-aerCPU-rand0.1-seed1/config.yaml
GPUs available to PyTorch: 1
Run failed: /work/qgan/data/train/amp-qml_torch-q16-noiseless-REG-aerCPU-rand0.1-seed1/config.yaml
   Error: TranspilerError: 'HighLevelSynthesis is unable to synthesize "state_preparation"'
   Traceback saved: /work/qgan/data/train/amp-qml_torch-q16-noiseless-REG-aerCPU-rand0.1-seed1/error_traceback.txt

Running: /work/qgan/data/train/amp-qml_torch-q16-noiseless-REG-aerCPU-rand0.25-seed1/config.yaml
GPUs available to PyTorch: 1
Run failed: /work/qgan/data/train/amp-qml_torch-q16-noiseless-REG-aerCPU-rand0.25-seed1/config.yaml
   Error: TranspilerError: 'HighLevelSynthesis is unable to synthesize "state_preparation"'
   Traceback saved: /work/qgan/data/train/amp-qml_torch-q16-noiseless-REG-aerCPU-rand0.25-seed1/error_traceback.txt

Running: /work/qgan/data/train/amp-qml_torch-q16-noiseless-REG-aerCPU-rand0.5-seed1/config.yaml
GPUs available to PyTorch: 1
Run failed: /work/qgan/data/train/amp-qml_torch-q16-noiseless-REG-aerCPU-rand0.5-seed1/config.yaml
   Error: TranspilerError: 'HighLevelSynthesis is unable to synthesize "state_preparation"'
   Traceback saved: /work/qgan/data/train/amp-qml_torch-q16-noiseless-REG-aerCPU-rand0.5-seed1/error_traceback.txt

Running: /work/qgan/data/train/amp-qml_torch-q16-noiseless-REG-aerCPU-rand1-seed1/config.yaml
GPUs available to PyTorch: 1
Run failed: /work/qgan/data/train/amp-qml_torch-q16-noiseless-REG-aerCPU-rand1-seed1/config.yaml
   Error: TranspilerError: 'HighLevelSynthesis is unable to synthesize "state_preparation"'
   Traceback saved: /work/qgan/data/train/amp-qml_torch-q16-noiseless-REG-aerCPU-rand1-seed1/error_traceback.txt

Running: /work/qgan/data/train/amp-qml_torch-q16-noiseless-REG-aerCPU-rand0-seed2/config.yaml
GPUs available to PyTorch: 1
Run failed: /work/qgan/data/train/amp-qml_torch-q16-noiseless-REG-aerCPU-rand0-seed2/config.yaml
   Error: TranspilerError: 'HighLevelSynthesis is unable to synthesize "state_preparation"'
   Traceback saved: /work/qgan/data/train/amp-qml_torch-q16-noiseless-REG-aerCPU-rand0-seed2/error_traceback.txt

Running: /work/qgan/data/train/amp-qml_torch-q16-noiseless-REG-aerCPU-rand0.1-seed2/config.yaml
GPUs available to PyTorch: 1
Run failed: /work/qgan/data/train/amp-qml_torch-q16-noiseless-REG-aerCPU-rand0.1-seed2/config.yaml
   Error: TranspilerError: 'HighLevelSynthesis is unable to synthesize "state_preparation"'
   Traceback saved: /work/qgan/data/train/amp-qml_torch-q16-noiseless-REG-aerCPU-rand0.1-seed2/error_traceback.txt

Running: /work/qgan/data/train/amp-qml_torch-q16-noiseless-REG-aerCPU-rand0.25-seed2/config.yaml
GPUs available to PyTorch: 1
Run failed: /work/qgan/data/train/amp-qml_torch-q16-noiseless-REG-aerCPU-rand0.25-seed2/config.yaml
   Error: TranspilerError: 'HighLevelSynthesis is unable to synthesize "state_preparation"'
   Traceback saved: /work/qgan/data/train/amp-qml_torch-q16-noiseless-REG-aerCPU-rand0.25-seed2/error_traceback.txt

Running: /work/qgan/data/train/amp-qml_torch-q16-noiseless-REG-aerCPU-rand0.5-seed2/config.yaml
GPUs available to PyTorch: 1
Run failed: /work/qgan/data/train/amp-qml_torch-q16-noiseless-REG-aerCPU-rand0.5-seed2/config.yaml
   Error: TranspilerError: 'HighLevelSynthesis is unable to synthesize "state_preparation"'
   Traceback saved: /work/qgan/data/train/amp-qml_torch-q16-noiseless-REG-aerCPU-rand0.5-seed2/error_traceback.txt

Running: /work/qgan/data/train/amp-qml_torch-q16-noiseless-REG-aerCPU-rand1-seed2/config.yaml
GPUs available to PyTorch: 1
Run failed: /work/qgan/data/train/amp-qml_torch-q16-noiseless-REG-aerCPU-rand1-seed2/config.yaml
   Error: TranspilerError: 'HighLevelSynthesis is unable to synthesize "state_preparation"'
   Traceback saved: /work/qgan/data/train/amp-qml_torch-q16-noiseless-REG-aerCPU-rand1-seed2/error_traceback.txt
0 battery run(s) succeeded.
45 battery run(s) failed.
