Creating config files for noiseless_ang_q16_spsa_seed0:
Configuration file rewritten. Path: /work/qgan/data/train/ang-qml_torch-q16-noiseless-SPSA-aerCPU-rand0-seed0/config.yaml

1 battery configuration files ready.

Running: /work/qgan/data/train/ang-qml_torch-q16-noiseless-SPSA-aerCPU-rand0-seed0/config.yaml
GPUs available to PyTorch: 1
              Epoch |     Generator cost | Discriminator cost |               Eval |          Best eval |               Time |
                 10 |             -0.777 |             -0.454 |             0.0156 |             0.0128 |                336 |
                 20 |             -0.793 |             -0.475 |             0.0132 |             0.0128 |                420 |
                 30 |             -0.761 |             -0.483 |             0.0138 |             0.0117 |                420 |
                 40 |             -0.754 |             -0.503 |             0.0157 |             0.0115 |                418 |
                 50 |             -0.759 |             -0.505 |             0.0147 |             0.0115 |                417 |
                 60 |             -0.751 |             -0.521 |              0.018 |             0.0115 |                417 |
                 70 |             -0.748 |             -0.523 |             0.0176 |             0.0115 |                417 |
                 80 |             -0.751 |              -0.52 |             0.0197 |             0.0115 |                417 |
                 90 |             -0.776 |             -0.528 |             0.0159 |             0.0115 |                417 |
                100 |             -0.763 |             -0.532 |               0.02 |             0.0115 |                417 |
                110 |              -0.78 |             -0.536 |             0.0188 |             0.0115 |                417 |
                120 |             -0.782 |             -0.524 |             0.0186 |             0.0115 |                417 |
                130 |             -0.763 |             -0.537 |             0.0207 |             0.0115 |                417 |
                140 |              -0.77 |             -0.536 |              0.021 |             0.0115 |                417 |
                150 |             -0.774 |             -0.529 |             0.0214 |             0.0115 |                417 |
                160 |             -0.788 |             -0.528 |             0.0211 |             0.0115 |                417 |
                170 |             -0.814 |             -0.524 |             0.0219 |             0.0115 |                417 |
                180 |             -0.798 |             -0.517 |             0.0179 |             0.0115 |                417 |
                190 |             -0.816 |             -0.513 |             0.0177 |             0.0115 |                417 |
                200 |             -0.817 |             -0.511 |             0.0184 |             0.0115 |                417 |
                210 |             -0.826 |             -0.525 |             0.0195 |             0.0115 |                417 |
                220 |              -0.85 |             -0.511 |             0.0182 |             0.0115 |                417 |
                230 |             -0.849 |             -0.502 |             0.0196 |             0.0115 |                417 |
                240 |             -0.843 |             -0.503 |             0.0156 |             0.0115 |                417 |
                250 |             -0.865 |             -0.491 |             0.0185 |             0.0115 |                417 |
                260 |             -0.871 |             -0.502 |             0.0231 |             0.0115 |                417 |
                270 |             -0.883 |             -0.505 |             0.0233 |             0.0115 |                417 |
                280 |             -0.874 |             -0.487 |             0.0249 |             0.0115 |                417 |
                290 |             -0.887 |             -0.489 |             0.0213 |             0.0115 |                417 |
                300 |             -0.879 |             -0.496 |             0.0285 |             0.0115 |                417 |
                310 |             -0.876 |             -0.497 |             0.0287 |             0.0115 |                417 |
                320 |             -0.878 |             -0.497 |             0.0283 |             0.0115 |                417 |
                330 |             -0.883 |             -0.497 |             0.0288 |             0.0115 |                417 |
                340 |             -0.883 |             -0.491 |             0.0286 |             0.0115 |                417 |
                350 |             -0.883 |             -0.488 |             0.0248 |             0.0115 |                417 |
                360 |             -0.882 |             -0.502 |             0.0294 |             0.0115 |                417 |
                370 |             -0.883 |             -0.494 |             0.0299 |             0.0115 |                417 |
                380 |             -0.883 |             -0.497 |             0.0283 |             0.0115 |                417 |
                390 |             -0.874 |             -0.511 |             0.0317 |             0.0115 |                417 |
                400 |             -0.874 |               -0.5 |              0.031 |             0.0115 |                417 |
                410 |             -0.861 |             -0.514 |             0.0351 |             0.0115 |                417 |
                420 |             -0.857 |             -0.517 |             0.0343 |             0.0115 |                417 |
                430 |             -0.858 |             -0.511 |             0.0327 |             0.0115 |                417 |
                440 |             -0.868 |             -0.505 |             0.0395 |             0.0115 |                417 |
                450 |             -0.862 |             -0.494 |             0.0322 |             0.0115 |                417 |
                460 |             -0.865 |              -0.51 |             0.0368 |             0.0115 |                417 |
                470 |             -0.876 |             -0.508 |             0.0382 |             0.0115 |                417 |
                480 |             -0.877 |             -0.506 |             0.0367 |             0.0115 |                417 |
                490 |             -0.882 |             -0.505 |             0.0349 |             0.0115 |                417 |
                500 |             -0.863 |             -0.512 |             0.0377 |             0.0115 |                417 |
                510 |             -0.875 |             -0.508 |             0.0347 |             0.0115 |                417 |
                520 |             -0.869 |             -0.522 |             0.0366 |             0.0115 |                417 |
                530 |             -0.864 |             -0.512 |              0.038 |             0.0115 |                417 |
                540 |              -0.87 |             -0.509 |             0.0352 |             0.0115 |                417 |
                550 |             -0.862 |             -0.505 |             0.0327 |             0.0115 |                417 |
                560 |             -0.865 |             -0.507 |             0.0351 |             0.0115 |                417 |
                570 |             -0.854 |             -0.514 |             0.0379 |             0.0115 |                417 |
                580 |             -0.867 |             -0.514 |             0.0393 |             0.0115 |                417 |
                590 |             -0.849 |             -0.511 |             0.0378 |             0.0115 |                417 |
                600 |             -0.859 |             -0.503 |             0.0381 |             0.0115 |                417 |
                610 |             -0.857 |             -0.514 |             0.0349 |             0.0115 |                417 |
                620 |             -0.854 |             -0.519 |             0.0308 |             0.0115 |                417 |
                630 |             -0.867 |             -0.514 |              0.034 |             0.0115 |                418 |
                640 |             -0.851 |             -0.515 |             0.0326 |             0.0115 |                417 |
                650 |             -0.857 |              -0.51 |             0.0356 |             0.0115 |                417 |
                660 |             -0.858 |             -0.516 |             0.0322 |             0.0115 |                417 |
                670 |             -0.857 |             -0.513 |             0.0311 |             0.0115 |                418 |
                680 |             -0.854 |             -0.525 |             0.0377 |             0.0115 |                417 |
                690 |             -0.846 |             -0.506 |             0.0353 |             0.0115 |                417 |
                700 |             -0.856 |             -0.511 |             0.0298 |             0.0115 |                417 |
                710 |             -0.857 |             -0.508 |             0.0365 |             0.0115 |                417 |
                720 |             -0.848 |             -0.507 |             0.0347 |             0.0115 |                417 |
                730 |             -0.866 |             -0.515 |             0.0407 |             0.0115 |                417 |
                740 |             -0.861 |             -0.497 |             0.0393 |             0.0115 |                417 |
                750 |             -0.858 |             -0.518 |             0.0414 |             0.0115 |                417 |
                760 |             -0.853 |              -0.51 |               0.04 |             0.0115 |                417 |
                770 |              -0.85 |             -0.505 |             0.0399 |             0.0115 |                417 |
                780 |             -0.856 |             -0.516 |              0.036 |             0.0115 |                417 |
                790 |             -0.852 |             -0.504 |             0.0379 |             0.0115 |                417 |
                800 |             -0.852 |             -0.513 |             0.0384 |             0.0115 |                417 |
                810 |             -0.853 |             -0.509 |             0.0326 |             0.0115 |                417 |
                820 |             -0.844 |             -0.512 |             0.0355 |             0.0115 |                417 |
                830 |             -0.842 |             -0.514 |             0.0368 |             0.0115 |                417 |
                840 |             -0.849 |             -0.512 |             0.0339 |             0.0115 |                417 |
                850 |             -0.839 |             -0.503 |             0.0316 |             0.0115 |                417 |
                860 |             -0.847 |             -0.511 |             0.0336 |             0.0115 |                417 |
                870 |             -0.868 |             -0.508 |              0.035 |             0.0115 |                417 |
                880 |             -0.845 |             -0.493 |             0.0346 |             0.0115 |                417 |
                890 |             -0.869 |               -0.5 |             0.0347 |             0.0115 |                417 |
                900 |             -0.865 |             -0.504 |             0.0353 |             0.0115 |                417 |
                910 |             -0.861 |             -0.506 |             0.0387 |             0.0115 |                417 |
                920 |             -0.868 |             -0.498 |              0.037 |             0.0115 |                417 |
                930 |             -0.857 |             -0.492 |             0.0354 |             0.0115 |                417 |
                940 |             -0.861 |             -0.501 |             0.0336 |             0.0115 |                417 |
                950 |             -0.861 |             -0.487 |             0.0351 |             0.0115 |                417 |
                960 |             -0.869 |              -0.49 |             0.0323 |             0.0115 |                417 |
                970 |             -0.861 |             -0.492 |             0.0376 |             0.0115 |                417 |
                980 |              -0.87 |             -0.486 |             0.0358 |             0.0115 |                417 |
                990 |              -0.86 |             -0.494 |             0.0346 |             0.0115 |                417 |
Training complete: 
   Data path: /work/qgan/data/train/ang-qml_torch-q16-noiseless-SPSA-aerCPU-rand0-seed0 
   Best eval: 0.011479847133159637 
   Total time: 41778.305955410004
1 battery run(s) succeeded.
