Creating config files for cpu4_times_ang_q4_noisy_psr_rand1:
Configuration file rewritten. Path: /work/qgan/data/train/times/ang-qml_torch-q4-noisy-PSR-aerCPU-rand1-seed0:cpu4/config.yaml

Creating config files for cpu4_times_base_q8_noisy_psr_rand1:
Configuration file rewritten. Path: /work/qgan/data/train/times/base-qml_torch-q8-noisy-PSR-aerCPU-rand1-seed0:cpu4/config.yaml

Creating config files for cpu4_times_base_q4_noisy_psr_rand0:
Configuration file rewritten. Path: /work/qgan/data/train/times/base-qml_torch-q4-noisy-PSR-aerCPU-rand0-seed0:cpu4/config.yaml

Creating config files for cpu4_times_amp_q8_noisy_spsa_rand0:
Configuration file rewritten. Path: /work/qgan/data/train/times/amp-qml_torch-q8-noisy-SPSA-aerCPU-rand0-seed0:cpu4/config.yaml

Creating config files for cpu4_times_amp_q4_noisy_spsa_rand1:
Configuration file rewritten. Path: /work/qgan/data/train/times/amp-qml_torch-q4-noisy-SPSA-aerCPU-rand1-seed0:cpu4/config.yaml

Creating config files for cpu4_times_ang_q8_noisy_spsa_rand1:
Configuration file rewritten. Path: /work/qgan/data/train/times/ang-qml_torch-q8-noisy-SPSA-aerCPU-rand1-seed0:cpu4/config.yaml

Creating config files for cpu4_times_base_q8_noisy_spsa_rand1:
Configuration file rewritten. Path: /work/qgan/data/train/times/base-qml_torch-q8-noisy-SPSA-aerCPU-rand1-seed0:cpu4/config.yaml

Creating config files for cpu4_times_ang_q8_noiseless_psr_rand1:
Configuration file rewritten. Path: /work/qgan/data/train/times/ang-qml_torch-q8-noiseless-PSR-aerCPU-rand1-seed0:cpu4/config.yaml

Creating config files for cpu4_times_ang_q8_noiseless_spsa_rand1:
Configuration file rewritten. Path: /work/qgan/data/train/times/ang-qml_torch-q8-noiseless-SPSA-aerCPU-rand1-seed0:cpu4/config.yaml

Creating config files for cpu4_times_amp_q4_noiseless_psr_rand0:
Configuration file rewritten. Path: /work/qgan/data/train/times/amp-qml_torch-q4-noiseless-PSR-aerCPU-rand0-seed0:cpu4/config.yaml

Creating config files for cpu4_times_base_q8_noiseless_spsa_rand0:
Configuration file rewritten. Path: /work/qgan/data/train/times/base-qml_torch-q8-noiseless-SPSA-aerCPU-rand0-seed0:cpu4/config.yaml

11 battery configuration files ready.

Running: /work/qgan/data/train/times/ang-qml_torch-q4-noisy-PSR-aerCPU-rand1-seed0:cpu4/config.yaml
              Epoch |     Generator cost | Discriminator cost |               Eval |          Best eval |               Time |
                  1 |             -0.549 |             -0.516 |              0.359 |              0.181 |                951 |
                  2 |             -0.492 |             -0.544 |              0.262 |              0.181 |                957 |
                  3 |             -0.585 |             -0.496 |              0.132 |              0.132 |                957 |
                  4 |             -0.538 |             -0.572 |              0.385 |              0.132 |                953 |
Training complete: 
   Data path: /work/qgan/data/train/times/ang-qml_torch-q4-noisy-PSR-aerCPU-rand1-seed0:cpu4 
   Best eval: 0.13193146884441376 
   Total time: 4744.761726856232

Running: /work/qgan/data/train/times/base-qml_torch-q8-noisy-PSR-aerCPU-rand1-seed0:cpu4/config.yaml
Training data file created.
              Epoch |     Generator cost | Discriminator cost |               Eval |          Best eval |               Time |
                  0 |             -0.586 |             -0.493 |               3.12 |               3.12 |                484 |
                  1 |             -0.493 |             -0.443 |                4.2 |               3.12 |                484 |
                  2 |             -0.237 |             -0.463 |               2.08 |               2.08 |                485 |
                  3 |             -0.697 |             -0.484 |               3.62 |               2.08 |                486 |
                  4 |              -0.53 |             -0.451 |               3.63 |               2.08 |                484 |
Training complete: 
   Data path: /work/qgan/data/train/times/base-qml_torch-q8-noisy-PSR-aerCPU-rand1-seed0:cpu4 
   Best eval: 2.0807817606817642 
   Total time: 2423.2244675159454

Running: /work/qgan/data/train/times/base-qml_torch-q4-noisy-PSR-aerCPU-rand0-seed0:cpu4/config.yaml
Training data file created.
              Epoch |     Generator cost | Discriminator cost |               Eval |          Best eval |               Time |
                  0 |             -0.895 |             -0.285 |               4.01 |               4.01 |                255 |
                  1 |             -0.886 |             -0.298 |               3.68 |               3.68 |                256 |
                  2 |               -0.9 |             -0.287 |               3.57 |               3.57 |                256 |
                  3 |             -0.905 |             -0.289 |               3.55 |               3.55 |                253 |
                  4 |             -0.889 |             -0.288 |               3.52 |               3.52 |                247 |
Training complete: 
   Data path: /work/qgan/data/train/times/base-qml_torch-q4-noisy-PSR-aerCPU-rand0-seed0:cpu4 
   Best eval: 3.5186164934301662 
   Total time: 1265.942168712616

Running: /work/qgan/data/train/times/amp-qml_torch-q8-noisy-SPSA-aerCPU-rand0-seed0:cpu4/config.yaml
Training data file created.
              Epoch |     Generator cost | Discriminator cost |               Eval |          Best eval |               Time |
                  0 |             -0.912 |             -0.227 |            0.00395 |            0.00395 |               72.4 |
                  1 |             -0.907 |             -0.227 |            0.00395 |            0.00395 |               72.6 |
                  2 |             -0.917 |             -0.216 |            0.00395 |            0.00395 |               72.6 |
                  3 |              -0.92 |             -0.232 |            0.00394 |            0.00394 |               71.9 |
                  4 |             -0.918 |             -0.216 |            0.00394 |            0.00394 |               69.7 |
Training complete: 
   Data path: /work/qgan/data/train/times/amp-qml_torch-q8-noisy-SPSA-aerCPU-rand0-seed0:cpu4 
   Best eval: 0.003943815298562196 
   Total time: 359.1626720428467

Running: /work/qgan/data/train/times/amp-qml_torch-q4-noisy-SPSA-aerCPU-rand1-seed0:cpu4/config.yaml
Training data file created.
              Epoch |     Generator cost | Discriminator cost |               Eval |          Best eval |               Time |
                  0 |             -0.518 |             -0.418 |             0.0735 |             0.0735 |               65.9 |
                  1 |             -0.497 |             -0.396 |             0.0465 |             0.0465 |               66.8 |
                  2 |             -0.457 |              -0.41 |             0.0161 |             0.0161 |               67.1 |
                  3 |             -0.564 |             -0.374 |              0.058 |             0.0161 |                 67 |
                  4 |             -0.523 |             -0.453 |             0.0596 |             0.0161 |               67.4 |
Training complete: 
   Data path: /work/qgan/data/train/times/amp-qml_torch-q4-noisy-SPSA-aerCPU-rand1-seed0:cpu4 
   Best eval: 0.0160712736130401 
   Total time: 334.24342107772827

Running: /work/qgan/data/train/times/ang-qml_torch-q8-noisy-SPSA-aerCPU-rand1-seed0:cpu4/config.yaml
Training data file created.
              Epoch |     Generator cost | Discriminator cost |               Eval |          Best eval |               Time |
                  0 |             -0.545 |             -0.645 |              0.229 |              0.229 |               63.5 |
                  1 |             -0.471 |             -0.656 |              0.135 |              0.135 |               63.4 |
                  2 |             -0.437 |             -0.664 |              0.219 |              0.135 |               63.8 |
                  3 |             -0.506 |             -0.623 |               0.16 |              0.135 |               63.5 |
                  4 |             -0.595 |              -0.68 |              0.153 |              0.135 |               63.6 |
Training complete: 
   Data path: /work/qgan/data/train/times/ang-qml_torch-q8-noisy-SPSA-aerCPU-rand1-seed0:cpu4 
   Best eval: 0.1351478546857834 
   Total time: 317.7749035358429

Running: /work/qgan/data/train/times/base-qml_torch-q8-noisy-SPSA-aerCPU-rand1-seed0:cpu4/config.yaml
Training data file created.
              Epoch |     Generator cost | Discriminator cost |               Eval |          Best eval |               Time |
                  0 |              -0.58 |             -0.502 |               3.15 |               3.15 |               19.6 |
                  1 |             -0.492 |             -0.452 |               4.17 |               3.15 |               20.1 |
                  2 |              -0.25 |             -0.465 |               2.12 |               2.12 |               19.9 |
                  3 |             -0.705 |             -0.479 |               3.54 |               2.12 |               20.6 |
                  4 |             -0.531 |             -0.457 |               3.62 |               2.12 |               19.9 |
Training complete: 
   Data path: /work/qgan/data/train/times/base-qml_torch-q8-noisy-SPSA-aerCPU-rand1-seed0:cpu4 
   Best eval: 2.1226208484159645 
   Total time: 99.96948862075806

Running: /work/qgan/data/train/times/ang-qml_torch-q8-noiseless-PSR-aerCPU-rand1-seed0:cpu4/config.yaml
Training data file created.
              Epoch |     Generator cost | Discriminator cost |               Eval |          Best eval |               Time |
                  0 |             -0.538 |             -0.648 |              0.225 |              0.225 |               5.78 |
                  1 |             -0.474 |             -0.671 |              0.127 |              0.127 |               5.75 |
                  2 |             -0.416 |             -0.678 |              0.221 |              0.127 |               5.75 |
                  3 |             -0.505 |             -0.628 |              0.156 |              0.127 |               5.75 |
                  4 |             -0.605 |             -0.712 |              0.153 |              0.127 |               5.75 |
Training complete: 
   Data path: /work/qgan/data/train/times/ang-qml_torch-q8-noiseless-PSR-aerCPU-rand1-seed0:cpu4 
   Best eval: 0.12654125690460205 
   Total time: 28.792604207992554

Running: /work/qgan/data/train/times/ang-qml_torch-q8-noiseless-SPSA-aerCPU-rand1-seed0:cpu4/config.yaml
Training data file created.
              Epoch |     Generator cost | Discriminator cost |               Eval |          Best eval |               Time |
                  0 |             -0.538 |             -0.629 |              0.228 |              0.228 |               2.02 |
                  1 |             -0.476 |             -0.662 |               0.13 |               0.13 |               2.02 |
                  2 |              -0.41 |             -0.656 |              0.224 |               0.13 |               2.02 |
                  3 |             -0.515 |             -0.628 |              0.155 |               0.13 |               2.02 |
                  4 |             -0.595 |             -0.679 |              0.156 |               0.13 |               2.02 |
Training complete: 
   Data path: /work/qgan/data/train/times/ang-qml_torch-q8-noiseless-SPSA-aerCPU-rand1-seed0:cpu4 
   Best eval: 0.1303081512451172 
   Total time: 10.117276668548584

Running: /work/qgan/data/train/times/amp-qml_torch-q4-noiseless-PSR-aerCPU-rand0-seed0:cpu4/config.yaml
Training data file created.
              Epoch |     Generator cost | Discriminator cost |               Eval |          Best eval |               Time |
                  0 |             -0.897 |             -0.191 |             0.0799 |             0.0799 |               1.15 |
                  1 |             -0.919 |             -0.188 |               0.08 |             0.0799 |               1.13 |
                  2 |             -0.923 |             -0.194 |               0.08 |             0.0799 |               1.12 |
                  3 |             -0.929 |              -0.19 |               0.08 |             0.0799 |               1.12 |
                  4 |             -0.943 |             -0.196 |               0.08 |             0.0799 |               1.12 |
Training complete: 
   Data path: /work/qgan/data/train/times/amp-qml_torch-q4-noiseless-PSR-aerCPU-rand0-seed0:cpu4 
   Best eval: 0.07989405868208507 
   Total time: 5.652735471725464

Running: /work/qgan/data/train/times/base-qml_torch-q8-noiseless-SPSA-aerCPU-rand0-seed0:cpu4/config.yaml
Training data file created.
              Epoch |     Generator cost | Discriminator cost |               Eval |          Best eval |               Time |
                  0 |             -0.946 |             -0.266 |               6.17 |               6.17 |             0.0381 |
                  1 |             -0.909 |             -0.241 |               6.14 |               6.14 |             0.0358 |
                  2 |             -0.924 |             -0.248 |               6.12 |               6.12 |             0.0352 |
                  3 |             -0.914 |             -0.264 |               6.13 |               6.12 |              0.035 |
                  4 |             -0.922 |              -0.27 |               6.13 |               6.12 |             0.0357 |
Training complete: 
   Data path: /work/qgan/data/train/times/base-qml_torch-q8-noiseless-SPSA-aerCPU-rand0-seed0:cpu4 
   Best eval: 6.123631396445305 
   Total time: 0.1798095703125
11 battery run(s) succeeded.
