Creating config files for qml_torch_noiseless:
Configuration file already exists. Path: /work/qgan_v4/data/train/base-qml_torch-q4-noiseless-PSR-aerCPU-rand0-seed0/config.yaml
Configuration file already exists. Path: /work/qgan_v4/data/train/base-qml_torch-q4-noiseless-PSR-aerCPU-rand0.1-seed0/config.yaml
Configuration file already exists. Path: /work/qgan_v4/data/train/base-qml_torch-q4-noiseless-PSR-aerCPU-rand0-seed1/config.yaml
Configuration file already exists. Path: /work/qgan_v4/data/train/base-qml_torch-q4-noiseless-PSR-aerCPU-rand0.1-seed1/config.yaml
Configuration file already exists. Path: /work/qgan_v4/data/train/base-qml_torch-q4-noiseless-PSR-aerCPU-rand0-seed2/config.yaml
Configuration file already exists. Path: /work/qgan_v4/data/train/base-qml_torch-q4-noiseless-PSR-aerCPU-rand0.1-seed2/config.yaml
Configuration file already exists. Path: /work/qgan_v4/data/train/base-qml_torch-q4-noiseless-SPSA-aerCPU-rand0-seed0/config.yaml
Configuration file already exists. Path: /work/qgan_v4/data/train/base-qml_torch-q4-noiseless-SPSA-aerCPU-rand0.1-seed0/config.yaml
Configuration file already exists. Path: /work/qgan_v4/data/train/base-qml_torch-q4-noiseless-SPSA-aerCPU-rand0-seed1/config.yaml
Configuration file already exists. Path: /work/qgan_v4/data/train/base-qml_torch-q4-noiseless-SPSA-aerCPU-rand0.1-seed1/config.yaml
Configuration file already exists. Path: /work/qgan_v4/data/train/base-qml_torch-q4-noiseless-SPSA-aerCPU-rand0-seed2/config.yaml
Configuration file already exists. Path: /work/qgan_v4/data/train/base-qml_torch-q4-noiseless-SPSA-aerCPU-rand0.1-seed2/config.yaml
Configuration file already exists. Path: /work/qgan_v4/data/train/base-qml_torch-q4-noiseless-REG-aerCPU-rand0-seed0/config.yaml
Configuration file already exists. Path: /work/qgan_v4/data/train/base-qml_torch-q4-noiseless-REG-aerCPU-rand0.1-seed0/config.yaml
Configuration file already exists. Path: /work/qgan_v4/data/train/base-qml_torch-q4-noiseless-REG-aerCPU-rand0-seed1/config.yaml
Configuration file already exists. Path: /work/qgan_v4/data/train/base-qml_torch-q4-noiseless-REG-aerCPU-rand0.1-seed1/config.yaml
Configuration file already exists. Path: /work/qgan_v4/data/train/base-qml_torch-q4-noiseless-REG-aerCPU-rand0-seed2/config.yaml
Configuration file already exists. Path: /work/qgan_v4/data/train/base-qml_torch-q4-noiseless-REG-aerCPU-rand0.1-seed2/config.yaml
Configuration file already exists. Path: /work/qgan_v4/data/train/ang-qml_torch-q4-noiseless-PSR-aerCPU-rand0-seed0/config.yaml
Configuration file already exists. Path: /work/qgan_v4/data/train/ang-qml_torch-q4-noiseless-PSR-aerCPU-rand0.1-seed0/config.yaml
Configuration file already exists. Path: /work/qgan_v4/data/train/ang-qml_torch-q4-noiseless-PSR-aerCPU-rand0-seed1/config.yaml
Configuration file already exists. Path: /work/qgan_v4/data/train/ang-qml_torch-q4-noiseless-PSR-aerCPU-rand0.1-seed1/config.yaml
Configuration file already exists. Path: /work/qgan_v4/data/train/ang-qml_torch-q4-noiseless-PSR-aerCPU-rand0-seed2/config.yaml
Configuration file already exists. Path: /work/qgan_v4/data/train/ang-qml_torch-q4-noiseless-PSR-aerCPU-rand0.1-seed2/config.yaml
Configuration file already exists. Path: /work/qgan_v4/data/train/ang-qml_torch-q4-noiseless-SPSA-aerCPU-rand0-seed0/config.yaml
Configuration file already exists. Path: /work/qgan_v4/data/train/ang-qml_torch-q4-noiseless-SPSA-aerCPU-rand0.1-seed0/config.yaml
Configuration file already exists. Path: /work/qgan_v4/data/train/ang-qml_torch-q4-noiseless-SPSA-aerCPU-rand0-seed1/config.yaml
Configuration file already exists. Path: /work/qgan_v4/data/train/ang-qml_torch-q4-noiseless-SPSA-aerCPU-rand0.1-seed1/config.yaml
Configuration file already exists. Path: /work/qgan_v4/data/train/ang-qml_torch-q4-noiseless-SPSA-aerCPU-rand0-seed2/config.yaml
Configuration file already exists. Path: /work/qgan_v4/data/train/ang-qml_torch-q4-noiseless-SPSA-aerCPU-rand0.1-seed2/config.yaml
Configuration file already exists. Path: /work/qgan_v4/data/train/ang-qml_torch-q4-noiseless-REG-aerCPU-rand0-seed0/config.yaml
Configuration file already exists. Path: /work/qgan_v4/data/train/ang-qml_torch-q4-noiseless-REG-aerCPU-rand0.1-seed0/config.yaml
Configuration file already exists. Path: /work/qgan_v4/data/train/ang-qml_torch-q4-noiseless-REG-aerCPU-rand0-seed1/config.yaml
Configuration file already exists. Path: /work/qgan_v4/data/train/ang-qml_torch-q4-noiseless-REG-aerCPU-rand0.1-seed1/config.yaml
Configuration file already exists. Path: /work/qgan_v4/data/train/ang-qml_torch-q4-noiseless-REG-aerCPU-rand0-seed2/config.yaml
Configuration file already exists. Path: /work/qgan_v4/data/train/ang-qml_torch-q4-noiseless-REG-aerCPU-rand0.1-seed2/config.yaml
Configuration file already exists. Path: /work/qgan_v4/data/train/amp-qml_torch-q4-noiseless-PSR-aerCPU-rand0-seed0/config.yaml
Configuration file already exists. Path: /work/qgan_v4/data/train/amp-qml_torch-q4-noiseless-PSR-aerCPU-rand0.1-seed0/config.yaml
Configuration file already exists. Path: /work/qgan_v4/data/train/amp-qml_torch-q4-noiseless-PSR-aerCPU-rand0-seed1/config.yaml
Configuration file already exists. Path: /work/qgan_v4/data/train/amp-qml_torch-q4-noiseless-PSR-aerCPU-rand0.1-seed1/config.yaml
Configuration file already exists. Path: /work/qgan_v4/data/train/amp-qml_torch-q4-noiseless-PSR-aerCPU-rand0-seed2/config.yaml
Configuration file already exists. Path: /work/qgan_v4/data/train/amp-qml_torch-q4-noiseless-PSR-aerCPU-rand0.1-seed2/config.yaml
Configuration file already exists. Path: /work/qgan_v4/data/train/amp-qml_torch-q4-noiseless-SPSA-aerCPU-rand0-seed0/config.yaml
Configuration file already exists. Path: /work/qgan_v4/data/train/amp-qml_torch-q4-noiseless-SPSA-aerCPU-rand0.1-seed0/config.yaml
Configuration file already exists. Path: /work/qgan_v4/data/train/amp-qml_torch-q4-noiseless-SPSA-aerCPU-rand0-seed1/config.yaml
Configuration file already exists. Path: /work/qgan_v4/data/train/amp-qml_torch-q4-noiseless-SPSA-aerCPU-rand0.1-seed1/config.yaml
Configuration file already exists. Path: /work/qgan_v4/data/train/amp-qml_torch-q4-noiseless-SPSA-aerCPU-rand0-seed2/config.yaml
Configuration file already exists. Path: /work/qgan_v4/data/train/amp-qml_torch-q4-noiseless-SPSA-aerCPU-rand0.1-seed2/config.yaml
Configuration file already exists. Path: /work/qgan_v4/data/train/amp-qml_torch-q4-noiseless-REG-aerCPU-rand0-seed0/config.yaml
Configuration file already exists. Path: /work/qgan_v4/data/train/amp-qml_torch-q4-noiseless-REG-aerCPU-rand0.1-seed0/config.yaml
Configuration file already exists. Path: /work/qgan_v4/data/train/amp-qml_torch-q4-noiseless-REG-aerCPU-rand0-seed1/config.yaml
Configuration file already exists. Path: /work/qgan_v4/data/train/amp-qml_torch-q4-noiseless-REG-aerCPU-rand0.1-seed1/config.yaml
Configuration file already exists. Path: /work/qgan_v4/data/train/amp-qml_torch-q4-noiseless-REG-aerCPU-rand0-seed2/config.yaml
Configuration file already exists. Path: /work/qgan_v4/data/train/amp-qml_torch-q4-noiseless-REG-aerCPU-rand0.1-seed2/config.yaml

Creating config files for qml_torch_noisy:
Configuration file already exists. Path: /work/qgan_v4/data/train/base-qml_torch-q4-noisy-SPSA-aerCPU-rand0-seed0/config.yaml
Configuration file already exists. Path: /work/qgan_v4/data/train/base-qml_torch-q4-noisy-SPSA-aerCPU-rand0.1-seed0/config.yaml
Configuration file already exists. Path: /work/qgan_v4/data/train/base-qml_torch-q4-noisy-SPSA-aerCPU-rand0-seed1/config.yaml
Configuration file already exists. Path: /work/qgan_v4/data/train/base-qml_torch-q4-noisy-SPSA-aerCPU-rand0.1-seed1/config.yaml
Configuration file already exists. Path: /work/qgan_v4/data/train/base-qml_torch-q4-noisy-SPSA-aerCPU-rand0-seed2/config.yaml
Configuration file already exists. Path: /work/qgan_v4/data/train/base-qml_torch-q4-noisy-SPSA-aerCPU-rand0.1-seed2/config.yaml
Configuration file already exists. Path: /work/qgan_v4/data/train/ang-qml_torch-q4-noisy-SPSA-aerCPU-rand0-seed0/config.yaml
Configuration file already exists. Path: /work/qgan_v4/data/train/ang-qml_torch-q4-noisy-SPSA-aerCPU-rand0.1-seed0/config.yaml
Configuration file already exists. Path: /work/qgan_v4/data/train/ang-qml_torch-q4-noisy-SPSA-aerCPU-rand0-seed1/config.yaml
Configuration file already exists. Path: /work/qgan_v4/data/train/ang-qml_torch-q4-noisy-SPSA-aerCPU-rand0.1-seed1/config.yaml
Configuration file already exists. Path: /work/qgan_v4/data/train/ang-qml_torch-q4-noisy-SPSA-aerCPU-rand0-seed2/config.yaml
Configuration file already exists. Path: /work/qgan_v4/data/train/ang-qml_torch-q4-noisy-SPSA-aerCPU-rand0.1-seed2/config.yaml
Configuration file already exists. Path: /work/qgan_v4/data/train/amp-qml_torch-q4-noisy-SPSA-aerCPU-rand0-seed0/config.yaml
Configuration file already exists. Path: /work/qgan_v4/data/train/amp-qml_torch-q4-noisy-SPSA-aerCPU-rand0.1-seed0/config.yaml
Configuration file already exists. Path: /work/qgan_v4/data/train/amp-qml_torch-q4-noisy-SPSA-aerCPU-rand0-seed1/config.yaml
Configuration file already exists. Path: /work/qgan_v4/data/train/amp-qml_torch-q4-noisy-SPSA-aerCPU-rand0.1-seed1/config.yaml
Configuration file already exists. Path: /work/qgan_v4/data/train/amp-qml_torch-q4-noisy-SPSA-aerCPU-rand0-seed2/config.yaml
Configuration file already exists. Path: /work/qgan_v4/data/train/amp-qml_torch-q4-noisy-SPSA-aerCPU-rand0.1-seed2/config.yaml

72 battery configuration files ready.

Running: /work/qgan_v4/data/train/base-qml_torch-q4-noiseless-PSR-aerCPU-rand0-seed0/config.yaml
              Epoch |     Generator cost | Discriminator cost |               Eval |          Best eval |               Time |
Training complete: 
   Data path: /work/qgan_v4/data/train/base-qml_torch-q4-noiseless-PSR-aerCPU-rand0-seed0 
   Best eval: 0.030029362583253144 
   Total time: 230.682599067688

Running: /work/qgan_v4/data/train/base-qml_torch-q4-noiseless-PSR-aerCPU-rand0.1-seed0/config.yaml
              Epoch |     Generator cost | Discriminator cost |               Eval |          Best eval |               Time |
Training complete: 
   Data path: /work/qgan_v4/data/train/base-qml_torch-q4-noiseless-PSR-aerCPU-rand0.1-seed0 
   Best eval: 0.010651926471313883 
   Total time: 235.62977027893066

Running: /work/qgan_v4/data/train/base-qml_torch-q4-noiseless-PSR-aerCPU-rand0-seed1/config.yaml
              Epoch |     Generator cost | Discriminator cost |               Eval |          Best eval |               Time |
Training complete: 
   Data path: /work/qgan_v4/data/train/base-qml_torch-q4-noiseless-PSR-aerCPU-rand0-seed1 
   Best eval: 0.02356149992205936 
   Total time: 231.49863386154175

Running: /work/qgan_v4/data/train/base-qml_torch-q4-noiseless-PSR-aerCPU-rand0.1-seed1/config.yaml
              Epoch |     Generator cost | Discriminator cost |               Eval |          Best eval |               Time |
Training complete: 
   Data path: /work/qgan_v4/data/train/base-qml_torch-q4-noiseless-PSR-aerCPU-rand0.1-seed1 
   Best eval: 0.2814810084153481 
   Total time: 236.3329255580902

Running: /work/qgan_v4/data/train/base-qml_torch-q4-noiseless-PSR-aerCPU-rand0-seed2/config.yaml
              Epoch |     Generator cost | Discriminator cost |               Eval |          Best eval |               Time |
Training complete: 
   Data path: /work/qgan_v4/data/train/base-qml_torch-q4-noiseless-PSR-aerCPU-rand0-seed2 
   Best eval: 0.006243420604958055 
   Total time: 231.23085641860962

Running: /work/qgan_v4/data/train/base-qml_torch-q4-noiseless-PSR-aerCPU-rand0.1-seed2/config.yaml
              Epoch |     Generator cost | Discriminator cost |               Eval |          Best eval |               Time |
Training complete: 
   Data path: /work/qgan_v4/data/train/base-qml_torch-q4-noiseless-PSR-aerCPU-rand0.1-seed2 
   Best eval: 0.14058245714272666 
   Total time: 236.78479719161987

Running: /work/qgan_v4/data/train/base-qml_torch-q4-noiseless-SPSA-aerCPU-rand0-seed0/config.yaml
              Epoch |     Generator cost | Discriminator cost |               Eval |          Best eval |               Time |
Training complete: 
   Data path: /work/qgan_v4/data/train/base-qml_torch-q4-noiseless-SPSA-aerCPU-rand0-seed0 
   Best eval: 2.1219741718974454 
   Total time: 17.322895765304565

Running: /work/qgan_v4/data/train/base-qml_torch-q4-noiseless-SPSA-aerCPU-rand0.1-seed0/config.yaml
              Epoch |     Generator cost | Discriminator cost |               Eval |          Best eval |               Time |
Training complete: 
   Data path: /work/qgan_v4/data/train/base-qml_torch-q4-noiseless-SPSA-aerCPU-rand0.1-seed0 
   Best eval: 1.2026274958142367 
   Total time: 17.98263430595398

Running: /work/qgan_v4/data/train/base-qml_torch-q4-noiseless-SPSA-aerCPU-rand0-seed1/config.yaml
              Epoch |     Generator cost | Discriminator cost |               Eval |          Best eval |               Time |
Training complete: 
   Data path: /work/qgan_v4/data/train/base-qml_torch-q4-noiseless-SPSA-aerCPU-rand0-seed1 
   Best eval: 2.609908192375396 
   Total time: 17.39880394935608

Running: /work/qgan_v4/data/train/base-qml_torch-q4-noiseless-SPSA-aerCPU-rand0.1-seed1/config.yaml
              Epoch |     Generator cost | Discriminator cost |               Eval |          Best eval |               Time |
Training complete: 
   Data path: /work/qgan_v4/data/train/base-qml_torch-q4-noiseless-SPSA-aerCPU-rand0.1-seed1 
   Best eval: 1.6396665227024805 
   Total time: 18.029388666152954

Running: /work/qgan_v4/data/train/base-qml_torch-q4-noiseless-SPSA-aerCPU-rand0-seed2/config.yaml
              Epoch |     Generator cost | Discriminator cost |               Eval |          Best eval |               Time |
Training complete: 
   Data path: /work/qgan_v4/data/train/base-qml_torch-q4-noiseless-SPSA-aerCPU-rand0-seed2 
   Best eval: 3.287063167943513 
   Total time: 17.389567375183105

Running: /work/qgan_v4/data/train/base-qml_torch-q4-noiseless-SPSA-aerCPU-rand0.1-seed2/config.yaml
              Epoch |     Generator cost | Discriminator cost |               Eval |          Best eval |               Time |
Training complete: 
   Data path: /work/qgan_v4/data/train/base-qml_torch-q4-noiseless-SPSA-aerCPU-rand0.1-seed2 
   Best eval: 1.7345702113092127 
   Total time: 18.042015314102173

Running: /work/qgan_v4/data/train/base-qml_torch-q4-noiseless-REG-aerCPU-rand0-seed0/config.yaml
              Epoch |     Generator cost | Discriminator cost |               Eval |          Best eval |               Time |
Training complete: 
   Data path: /work/qgan_v4/data/train/base-qml_torch-q4-noiseless-REG-aerCPU-rand0-seed0 
   Best eval: 0.05970192186316298 
   Total time: 88.09816813468933

Running: /work/qgan_v4/data/train/base-qml_torch-q4-noiseless-REG-aerCPU-rand0.1-seed0/config.yaml
              Epoch |     Generator cost | Discriminator cost |               Eval |          Best eval |               Time |
Training complete: 
   Data path: /work/qgan_v4/data/train/base-qml_torch-q4-noiseless-REG-aerCPU-rand0.1-seed0 
   Best eval: 0.005809960932847386 
   Total time: 89.94545602798462

Running: /work/qgan_v4/data/train/base-qml_torch-q4-noiseless-REG-aerCPU-rand0-seed1/config.yaml
              Epoch |     Generator cost | Discriminator cost |               Eval |          Best eval |               Time |
Training complete: 
   Data path: /work/qgan_v4/data/train/base-qml_torch-q4-noiseless-REG-aerCPU-rand0-seed1 
   Best eval: 0.052741173144040976 
   Total time: 89.0452892780304

Running: /work/qgan_v4/data/train/base-qml_torch-q4-noiseless-REG-aerCPU-rand0.1-seed1/config.yaml
              Epoch |     Generator cost | Discriminator cost |               Eval |          Best eval |               Time |
Training complete: 
   Data path: /work/qgan_v4/data/train/base-qml_torch-q4-noiseless-REG-aerCPU-rand0.1-seed1 
   Best eval: 0.01083077665024143 
   Total time: 90.7177300453186

Running: /work/qgan_v4/data/train/base-qml_torch-q4-noiseless-REG-aerCPU-rand0-seed2/config.yaml
              Epoch |     Generator cost | Discriminator cost |               Eval |          Best eval |               Time |
Training complete: 
   Data path: /work/qgan_v4/data/train/base-qml_torch-q4-noiseless-REG-aerCPU-rand0-seed2 
   Best eval: 0.0012138125964342716 
   Total time: 88.73275804519653

Running: /work/qgan_v4/data/train/base-qml_torch-q4-noiseless-REG-aerCPU-rand0.1-seed2/config.yaml
              Epoch |     Generator cost | Discriminator cost |               Eval |          Best eval |               Time |
Training complete: 
   Data path: /work/qgan_v4/data/train/base-qml_torch-q4-noiseless-REG-aerCPU-rand0.1-seed2 
   Best eval: 0.036377327634683126 
   Total time: 90.26302433013916

Running: /work/qgan_v4/data/train/ang-qml_torch-q4-noiseless-PSR-aerCPU-rand0-seed0/config.yaml
              Epoch |     Generator cost | Discriminator cost |               Eval |          Best eval |               Time |
Training complete: 
   Data path: /work/qgan_v4/data/train/ang-qml_torch-q4-noiseless-PSR-aerCPU-rand0-seed0 
   Best eval: -0.0 
   Total time: 2716.3326091766357

Running: /work/qgan_v4/data/train/ang-qml_torch-q4-noiseless-PSR-aerCPU-rand0.1-seed0/config.yaml
              Epoch |     Generator cost | Discriminator cost |               Eval |          Best eval |               Time |
Training complete: 
   Data path: /work/qgan_v4/data/train/ang-qml_torch-q4-noiseless-PSR-aerCPU-rand0.1-seed0 
   Best eval: -0.0 
   Total time: 2727.44722366333

Running: /work/qgan_v4/data/train/ang-qml_torch-q4-noiseless-PSR-aerCPU-rand0-seed1/config.yaml
              Epoch |     Generator cost | Discriminator cost |               Eval |          Best eval |               Time |
Training complete: 
   Data path: /work/qgan_v4/data/train/ang-qml_torch-q4-noiseless-PSR-aerCPU-rand0-seed1 
   Best eval: -0.0 
   Total time: 2700.010246992111

Running: /work/qgan_v4/data/train/ang-qml_torch-q4-noiseless-PSR-aerCPU-rand0.1-seed1/config.yaml
              Epoch |     Generator cost | Discriminator cost |               Eval |          Best eval |               Time |
Training complete: 
   Data path: /work/qgan_v4/data/train/ang-qml_torch-q4-noiseless-PSR-aerCPU-rand0.1-seed1 
   Best eval: -0.0 
   Total time: 2682.7985677719116

Running: /work/qgan_v4/data/train/ang-qml_torch-q4-noiseless-PSR-aerCPU-rand0-seed2/config.yaml
              Epoch |     Generator cost | Discriminator cost |               Eval |          Best eval |               Time |
Training complete: 
   Data path: /work/qgan_v4/data/train/ang-qml_torch-q4-noiseless-PSR-aerCPU-rand0-seed2 
   Best eval: -0.0 
   Total time: 2405.1618967056274

Running: /work/qgan_v4/data/train/ang-qml_torch-q4-noiseless-PSR-aerCPU-rand0.1-seed2/config.yaml
              Epoch |     Generator cost | Discriminator cost |               Eval |          Best eval |               Time |
Training complete: 
   Data path: /work/qgan_v4/data/train/ang-qml_torch-q4-noiseless-PSR-aerCPU-rand0.1-seed2 
   Best eval: -0.0 
   Total time: 2425.925708770752

Running: /work/qgan_v4/data/train/ang-qml_torch-q4-noiseless-SPSA-aerCPU-rand0-seed0/config.yaml
              Epoch |     Generator cost | Discriminator cost |               Eval |          Best eval |               Time |
Training complete: 
   Data path: /work/qgan_v4/data/train/ang-qml_torch-q4-noiseless-SPSA-aerCPU-rand0-seed0 
   Best eval: -0.0 
   Total time: 1578.4506595134735

Running: /work/qgan_v4/data/train/ang-qml_torch-q4-noiseless-SPSA-aerCPU-rand0.1-seed0/config.yaml
              Epoch |     Generator cost | Discriminator cost |               Eval |          Best eval |               Time |
Training complete: 
   Data path: /work/qgan_v4/data/train/ang-qml_torch-q4-noiseless-SPSA-aerCPU-rand0.1-seed0 
   Best eval: -0.0 
   Total time: 1580.4383461475372

Running: /work/qgan_v4/data/train/ang-qml_torch-q4-noiseless-SPSA-aerCPU-rand0-seed1/config.yaml
              Epoch |     Generator cost | Discriminator cost |               Eval |          Best eval |               Time |
Training complete: 
   Data path: /work/qgan_v4/data/train/ang-qml_torch-q4-noiseless-SPSA-aerCPU-rand0-seed1 
   Best eval: -0.0 
   Total time: 1578.325660943985

Running: /work/qgan_v4/data/train/ang-qml_torch-q4-noiseless-SPSA-aerCPU-rand0.1-seed1/config.yaml
              Epoch |     Generator cost | Discriminator cost |               Eval |          Best eval |               Time |
Training complete: 
   Data path: /work/qgan_v4/data/train/ang-qml_torch-q4-noiseless-SPSA-aerCPU-rand0.1-seed1 
   Best eval: -0.0 
   Total time: 1580.329675912857

Running: /work/qgan_v4/data/train/ang-qml_torch-q4-noiseless-SPSA-aerCPU-rand0-seed2/config.yaml
              Epoch |     Generator cost | Discriminator cost |               Eval |          Best eval |               Time |
Training complete: 
   Data path: /work/qgan_v4/data/train/ang-qml_torch-q4-noiseless-SPSA-aerCPU-rand0-seed2 
   Best eval: 0.0006389208137989044 
   Total time: 1578.6877615451813

Running: /work/qgan_v4/data/train/ang-qml_torch-q4-noiseless-SPSA-aerCPU-rand0.1-seed2/config.yaml
              Epoch |     Generator cost | Discriminator cost |               Eval |          Best eval |               Time |
Training complete: 
   Data path: /work/qgan_v4/data/train/ang-qml_torch-q4-noiseless-SPSA-aerCPU-rand0.1-seed2 
   Best eval: -0.0 
   Total time: 1580.2774357795715

Running: /work/qgan_v4/data/train/ang-qml_torch-q4-noiseless-REG-aerCPU-rand0-seed0/config.yaml
              Epoch |     Generator cost | Discriminator cost |               Eval |          Best eval |               Time |
Training complete: 
   Data path: /work/qgan_v4/data/train/ang-qml_torch-q4-noiseless-REG-aerCPU-rand0-seed0 
   Best eval: -0.0 
   Total time: 1843.3261840343475

Running: /work/qgan_v4/data/train/ang-qml_torch-q4-noiseless-REG-aerCPU-rand0.1-seed0/config.yaml
              Epoch |     Generator cost | Discriminator cost |               Eval |          Best eval |               Time |
Training complete: 
   Data path: /work/qgan_v4/data/train/ang-qml_torch-q4-noiseless-REG-aerCPU-rand0.1-seed0 
   Best eval: -0.0 
   Total time: 1847.6736752986908

Running: /work/qgan_v4/data/train/ang-qml_torch-q4-noiseless-REG-aerCPU-rand0-seed1/config.yaml
              Epoch |     Generator cost | Discriminator cost |               Eval |          Best eval |               Time |
Training complete: 
   Data path: /work/qgan_v4/data/train/ang-qml_torch-q4-noiseless-REG-aerCPU-rand0-seed1 
   Best eval: -0.0 
   Total time: 1843.1195912361145

Running: /work/qgan_v4/data/train/ang-qml_torch-q4-noiseless-REG-aerCPU-rand0.1-seed1/config.yaml
              Epoch |     Generator cost | Discriminator cost |               Eval |          Best eval |               Time |
Training complete: 
   Data path: /work/qgan_v4/data/train/ang-qml_torch-q4-noiseless-REG-aerCPU-rand0.1-seed1 
   Best eval: -0.0 
   Total time: 1847.677018404007

Running: /work/qgan_v4/data/train/ang-qml_torch-q4-noiseless-REG-aerCPU-rand0-seed2/config.yaml
              Epoch |     Generator cost | Discriminator cost |               Eval |          Best eval |               Time |
Training complete: 
   Data path: /work/qgan_v4/data/train/ang-qml_torch-q4-noiseless-REG-aerCPU-rand0-seed2 
   Best eval: -0.0 
   Total time: 1841.0770881175995

Running: /work/qgan_v4/data/train/ang-qml_torch-q4-noiseless-REG-aerCPU-rand0.1-seed2/config.yaml
              Epoch |     Generator cost | Discriminator cost |               Eval |          Best eval |               Time |
Training complete: 
   Data path: /work/qgan_v4/data/train/ang-qml_torch-q4-noiseless-REG-aerCPU-rand0.1-seed2 
   Best eval: -0.0 
   Total time: 1845.1370477676392

Running: /work/qgan_v4/data/train/amp-qml_torch-q4-noiseless-PSR-aerCPU-rand0-seed0/config.yaml
              Epoch |     Generator cost | Discriminator cost |               Eval |          Best eval |               Time |
Training complete: 
   Data path: /work/qgan_v4/data/train/amp-qml_torch-q4-noiseless-PSR-aerCPU-rand0-seed0 
   Best eval: 0.01722801708234104 
   Total time: 915.0876030921936

Running: /work/qgan_v4/data/train/amp-qml_torch-q4-noiseless-PSR-aerCPU-rand0.1-seed0/config.yaml
              Epoch |     Generator cost | Discriminator cost |               Eval |          Best eval |               Time |
Training complete: 
   Data path: /work/qgan_v4/data/train/amp-qml_torch-q4-noiseless-PSR-aerCPU-rand0.1-seed0 
   Best eval: 0.021586069215624098 
   Total time: 935.2283737659454

Running: /work/qgan_v4/data/train/amp-qml_torch-q4-noiseless-PSR-aerCPU-rand0-seed1/config.yaml
              Epoch |     Generator cost | Discriminator cost |               Eval |          Best eval |               Time |
Training complete: 
   Data path: /work/qgan_v4/data/train/amp-qml_torch-q4-noiseless-PSR-aerCPU-rand0-seed1 
   Best eval: 0.009257595755188766 
   Total time: 914.1217963695526

Running: /work/qgan_v4/data/train/amp-qml_torch-q4-noiseless-PSR-aerCPU-rand0.1-seed1/config.yaml
              Epoch |     Generator cost | Discriminator cost |               Eval |          Best eval |               Time |
Training complete: 
   Data path: /work/qgan_v4/data/train/amp-qml_torch-q4-noiseless-PSR-aerCPU-rand0.1-seed1 
   Best eval: 0.015343977916881711 
   Total time: 935.6202547550201

Running: /work/qgan_v4/data/train/amp-qml_torch-q4-noiseless-PSR-aerCPU-rand0-seed2/config.yaml
              Epoch |     Generator cost | Discriminator cost |               Eval |          Best eval |               Time |
Training complete: 
   Data path: /work/qgan_v4/data/train/amp-qml_torch-q4-noiseless-PSR-aerCPU-rand0-seed2 
   Best eval: 0.006468473879911324 
   Total time: 914.3075778484344

Running: /work/qgan_v4/data/train/amp-qml_torch-q4-noiseless-PSR-aerCPU-rand0.1-seed2/config.yaml
              Epoch |     Generator cost | Discriminator cost |               Eval |          Best eval |               Time |
Training complete: 
   Data path: /work/qgan_v4/data/train/amp-qml_torch-q4-noiseless-PSR-aerCPU-rand0.1-seed2 
   Best eval: 0.0033322914803136697 
   Total time: 932.9872741699219

Running: /work/qgan_v4/data/train/amp-qml_torch-q4-noiseless-SPSA-aerCPU-rand0-seed0/config.yaml
              Epoch |     Generator cost | Discriminator cost |               Eval |          Best eval |               Time |
Training complete: 
   Data path: /work/qgan_v4/data/train/amp-qml_torch-q4-noiseless-SPSA-aerCPU-rand0-seed0 
   Best eval: 0.06767882773612545 
   Total time: 52.27668023109436

Running: /work/qgan_v4/data/train/amp-qml_torch-q4-noiseless-SPSA-aerCPU-rand0.1-seed0/config.yaml
              Epoch |     Generator cost | Discriminator cost |               Eval |          Best eval |               Time |
Training complete: 
   Data path: /work/qgan_v4/data/train/amp-qml_torch-q4-noiseless-SPSA-aerCPU-rand0.1-seed0 
   Best eval: 0.05784086386065633 
   Total time: 54.46108412742615

Running: /work/qgan_v4/data/train/amp-qml_torch-q4-noiseless-SPSA-aerCPU-rand0-seed1/config.yaml
              Epoch |     Generator cost | Discriminator cost |               Eval |          Best eval |               Time |
Training complete: 
   Data path: /work/qgan_v4/data/train/amp-qml_torch-q4-noiseless-SPSA-aerCPU-rand0-seed1 
   Best eval: 0.06376288006893413 
   Total time: 52.43822145462036

Running: /work/qgan_v4/data/train/amp-qml_torch-q4-noiseless-SPSA-aerCPU-rand0.1-seed1/config.yaml
              Epoch |     Generator cost | Discriminator cost |               Eval |          Best eval |               Time |
Training complete: 
   Data path: /work/qgan_v4/data/train/amp-qml_torch-q4-noiseless-SPSA-aerCPU-rand0.1-seed1 
   Best eval: 0.06159009756583142 
   Total time: 54.58112096786499

Running: /work/qgan_v4/data/train/amp-qml_torch-q4-noiseless-SPSA-aerCPU-rand0-seed2/config.yaml
              Epoch |     Generator cost | Discriminator cost |               Eval |          Best eval |               Time |
Training complete: 
   Data path: /work/qgan_v4/data/train/amp-qml_torch-q4-noiseless-SPSA-aerCPU-rand0-seed2 
   Best eval: 0.0674408894995771 
   Total time: 52.327574729919434

Running: /work/qgan_v4/data/train/amp-qml_torch-q4-noiseless-SPSA-aerCPU-rand0.1-seed2/config.yaml
              Epoch |     Generator cost | Discriminator cost |               Eval |          Best eval |               Time |
Training complete: 
   Data path: /work/qgan_v4/data/train/amp-qml_torch-q4-noiseless-SPSA-aerCPU-rand0.1-seed2 
   Best eval: 0.06632622648383989 
   Total time: 54.27432680130005

Running: /work/qgan_v4/data/train/amp-qml_torch-q4-noiseless-REG-aerCPU-rand0-seed0/config.yaml
              Epoch |     Generator cost | Discriminator cost |               Eval |          Best eval |               Time |
Training complete: 
   Data path: /work/qgan_v4/data/train/amp-qml_torch-q4-noiseless-REG-aerCPU-rand0-seed0 
   Best eval: 0.01400428891178972 
   Total time: 341.15516114234924

Running: /work/qgan_v4/data/train/amp-qml_torch-q4-noiseless-REG-aerCPU-rand0.1-seed0/config.yaml
              Epoch |     Generator cost | Discriminator cost |               Eval |          Best eval |               Time |
Training complete: 
   Data path: /work/qgan_v4/data/train/amp-qml_torch-q4-noiseless-REG-aerCPU-rand0.1-seed0 
   Best eval: 0.02047409388842511 
   Total time: 342.31000208854675

Running: /work/qgan_v4/data/train/amp-qml_torch-q4-noiseless-REG-aerCPU-rand0-seed1/config.yaml
              Epoch |     Generator cost | Discriminator cost |               Eval |          Best eval |               Time |
Training complete: 
   Data path: /work/qgan_v4/data/train/amp-qml_torch-q4-noiseless-REG-aerCPU-rand0-seed1 
   Best eval: 0.005573695074455479 
   Total time: 340.9046666622162

Running: /work/qgan_v4/data/train/amp-qml_torch-q4-noiseless-REG-aerCPU-rand0.1-seed1/config.yaml
              Epoch |     Generator cost | Discriminator cost |               Eval |          Best eval |               Time |
Training complete: 
   Data path: /work/qgan_v4/data/train/amp-qml_torch-q4-noiseless-REG-aerCPU-rand0.1-seed1 
   Best eval: 0.013742817773317755 
   Total time: 343.06534028053284

Running: /work/qgan_v4/data/train/amp-qml_torch-q4-noiseless-REG-aerCPU-rand0-seed2/config.yaml
              Epoch |     Generator cost | Discriminator cost |               Eval |          Best eval |               Time |
Training complete: 
   Data path: /work/qgan_v4/data/train/amp-qml_torch-q4-noiseless-REG-aerCPU-rand0-seed2 
   Best eval: 0.006406557989268389 
   Total time: 338.4668023586273

Running: /work/qgan_v4/data/train/amp-qml_torch-q4-noiseless-REG-aerCPU-rand0.1-seed2/config.yaml
              Epoch |     Generator cost | Discriminator cost |               Eval |          Best eval |               Time |
Training complete: 
   Data path: /work/qgan_v4/data/train/amp-qml_torch-q4-noiseless-REG-aerCPU-rand0.1-seed2 
   Best eval: 0.009388353811201278 
   Total time: 344.15705728530884

Running: /work/qgan_v4/data/train/base-qml_torch-q4-noisy-SPSA-aerCPU-rand0-seed0/config.yaml
              Epoch |     Generator cost | Discriminator cost |               Eval |          Best eval |               Time |
Training complete: 
   Data path: /work/qgan_v4/data/train/base-qml_torch-q4-noisy-SPSA-aerCPU-rand0-seed0 
   Best eval: 2.6637522218975302 
   Total time: 24635.46440935135

Running: /work/qgan_v4/data/train/base-qml_torch-q4-noisy-SPSA-aerCPU-rand0.1-seed0/config.yaml
              Epoch |     Generator cost | Discriminator cost |               Eval |          Best eval |               Time |
Training complete: 
   Data path: /work/qgan_v4/data/train/base-qml_torch-q4-noisy-SPSA-aerCPU-rand0.1-seed0 
   Best eval: 1.2661181341055705 
   Total time: 26390.07302212715

Running: /work/qgan_v4/data/train/base-qml_torch-q4-noisy-SPSA-aerCPU-rand0-seed1/config.yaml
              Epoch |     Generator cost | Discriminator cost |               Eval |          Best eval |               Time |
Training complete: 
   Data path: /work/qgan_v4/data/train/base-qml_torch-q4-noisy-SPSA-aerCPU-rand0-seed1 
   Best eval: 2.032644114120577 
   Total time: 28059.402678012848

Running: /work/qgan_v4/data/train/base-qml_torch-q4-noisy-SPSA-aerCPU-rand0.1-seed1/config.yaml
              Epoch |     Generator cost | Discriminator cost |               Eval |          Best eval |               Time |
Training complete: 
   Data path: /work/qgan_v4/data/train/base-qml_torch-q4-noisy-SPSA-aerCPU-rand0.1-seed1 
   Best eval: 1.0067652013596562 
   Total time: 27956.912779331207

Running: /work/qgan_v4/data/train/base-qml_torch-q4-noisy-SPSA-aerCPU-rand0-seed2/config.yaml
              Epoch |     Generator cost | Discriminator cost |               Eval |          Best eval |               Time |
Training complete: 
   Data path: /work/qgan_v4/data/train/base-qml_torch-q4-noisy-SPSA-aerCPU-rand0-seed2 
   Best eval: 1.9543116989902454 
   Total time: 27001.328716993332

Running: /work/qgan_v4/data/train/base-qml_torch-q4-noisy-SPSA-aerCPU-rand0.1-seed2/config.yaml
              Epoch |     Generator cost | Discriminator cost |               Eval |          Best eval |               Time |
Training complete: 
   Data path: /work/qgan_v4/data/train/base-qml_torch-q4-noisy-SPSA-aerCPU-rand0.1-seed2 
   Best eval: 1.5545600710614225 
   Total time: 27475.298451185226

Running: /work/qgan_v4/data/train/ang-qml_torch-q4-noisy-SPSA-aerCPU-rand0-seed0/config.yaml
              Epoch |     Generator cost | Discriminator cost |               Eval |          Best eval |               Time |
Training complete: 
   Data path: /work/qgan_v4/data/train/ang-qml_torch-q4-noisy-SPSA-aerCPU-rand0-seed0 
   Best eval: 0.0064079649746418 
   Total time: 89742.57833623886

Running: /work/qgan_v4/data/train/ang-qml_torch-q4-noisy-SPSA-aerCPU-rand0.1-seed0/config.yaml
              Epoch |     Generator cost | Discriminator cost |               Eval |          Best eval |               Time |
Training complete: 
   Data path: /work/qgan_v4/data/train/ang-qml_torch-q4-noisy-SPSA-aerCPU-rand0.1-seed0 
   Best eval: -0.0 
   Total time: 91146.41622424126

Running: /work/qgan_v4/data/train/ang-qml_torch-q4-noisy-SPSA-aerCPU-rand0-seed1/config.yaml
              Epoch |     Generator cost | Discriminator cost |               Eval |          Best eval |               Time |
Training complete: 
   Data path: /work/qgan_v4/data/train/ang-qml_torch-q4-noisy-SPSA-aerCPU-rand0-seed1 
   Best eval: -0.0 
   Total time: 85287.42218089104

Running: /work/qgan_v4/data/train/ang-qml_torch-q4-noisy-SPSA-aerCPU-rand0.1-seed1/config.yaml
              Epoch |     Generator cost | Discriminator cost |               Eval |          Best eval |               Time |
Training complete: 
   Data path: /work/qgan_v4/data/train/ang-qml_torch-q4-noisy-SPSA-aerCPU-rand0.1-seed1 
   Best eval: -0.0 
   Total time: 86133.12087202072

Running: /work/qgan_v4/data/train/ang-qml_torch-q4-noisy-SPSA-aerCPU-rand0-seed2/config.yaml
              Epoch |     Generator cost | Discriminator cost |               Eval |          Best eval |               Time |
Training complete: 
   Data path: /work/qgan_v4/data/train/ang-qml_torch-q4-noisy-SPSA-aerCPU-rand0-seed2 
   Best eval: -0.0 
   Total time: 86654.3764359951

Running: /work/qgan_v4/data/train/ang-qml_torch-q4-noisy-SPSA-aerCPU-rand0.1-seed2/config.yaml
              Epoch |     Generator cost | Discriminator cost |               Eval |          Best eval |               Time |
Training complete: 
   Data path: /work/qgan_v4/data/train/ang-qml_torch-q4-noisy-SPSA-aerCPU-rand0.1-seed2 
   Best eval: -0.0 
   Total time: 87139.86341547966

Running: /work/qgan_v4/data/train/amp-qml_torch-q4-noisy-SPSA-aerCPU-rand0-seed0/config.yaml
              Epoch |     Generator cost | Discriminator cost |               Eval |          Best eval |               Time |
                600 |             -0.847 |             -0.544 |             0.0707 |             0.0694 |           6.37e+03 |
                700 |              -0.72 |             -0.599 |             0.0717 |             0.0694 |           9.35e+03 |
                800 |             -0.554 |             -0.676 |             0.0691 |             0.0691 |            9.4e+03 |
                900 |             -0.474 |             -0.712 |             0.0582 |             0.0582 |           9.57e+03 |
Training complete: 
   Data path: /work/qgan_v4/data/train/amp-qml_torch-q4-noisy-SPSA-aerCPU-rand0-seed0 
   Best eval: 0.05142958117695973 
   Total time: 94797.84771299362

Running: /work/qgan_v4/data/train/amp-qml_torch-q4-noisy-SPSA-aerCPU-rand0.1-seed0/config.yaml
Training data file created.
              Epoch |     Generator cost | Discriminator cost |               Eval |          Best eval |               Time |
                  0 |             -0.737 |             -0.288 |             0.0657 |             0.0657 |               92.4 |
                100 |             -0.884 |             -0.299 |             0.0708 |             0.0607 |           9.54e+03 |
                200 |             -0.856 |             -0.429 |             0.0755 |             0.0607 |           9.53e+03 |
                300 |             -0.852 |             -0.537 |             0.0717 |             0.0607 |           9.52e+03 |
                400 |             -0.819 |             -0.556 |             0.0646 |             0.0586 |           9.52e+03 |
                500 |             -0.837 |              -0.54 |             0.0676 |             0.0515 |           9.53e+03 |
                600 |               -0.8 |             -0.548 |             0.0636 |             0.0477 |           9.53e+03 |
                700 |             -0.821 |              -0.54 |             0.0552 |              0.037 |           9.53e+03 |
                800 |             -0.835 |             -0.542 |             0.0454 |             0.0359 |           9.53e+03 |
                900 |             -0.813 |             -0.555 |             0.0369 |             0.0305 |           1.28e+04 |
Training complete: 
   Data path: /work/qgan_v4/data/train/amp-qml_torch-q4-noisy-SPSA-aerCPU-rand0.1-seed0 
   Best eval: 0.030025784442409224 
   Total time: 103595.50481176376

Running: /work/qgan_v4/data/train/amp-qml_torch-q4-noisy-SPSA-aerCPU-rand0-seed1/config.yaml
Training data file created.
              Epoch |     Generator cost | Discriminator cost |               Eval |          Best eval |               Time |
                  0 |             -0.795 |             -0.255 |             0.0777 |             0.0777 |                145 |
                100 |             -0.818 |              -0.37 |             0.0766 |             0.0764 |           1.45e+04 |
                200 |             -0.875 |             -0.432 |             0.0741 |             0.0741 |           1.51e+04 |
                300 |             -0.937 |             -0.432 |             0.0692 |             0.0692 |           1.54e+04 |
                400 |             -0.966 |             -0.445 |             0.0661 |             0.0661 |           1.54e+04 |
                500 |             -0.983 |             -0.456 |             0.0622 |             0.0622 |           1.06e+04 |
                600 |              -0.98 |             -0.475 |             0.0635 |             0.0622 |           9.65e+03 |
                700 |             -0.972 |             -0.484 |             0.0629 |             0.0619 |           9.64e+03 |
                800 |             -0.966 |              -0.49 |             0.0617 |              0.061 |           9.65e+03 |
                900 |             -0.967 |             -0.488 |             0.0584 |             0.0584 |           9.63e+03 |
Training complete: 
   Data path: /work/qgan_v4/data/train/amp-qml_torch-q4-noisy-SPSA-aerCPU-rand0-seed1 
   Best eval: 0.05836484975341947 
   Total time: 119109.82546830177

Running: /work/qgan_v4/data/train/amp-qml_torch-q4-noisy-SPSA-aerCPU-rand0.1-seed1/config.yaml
Training data file created.
              Epoch |     Generator cost | Discriminator cost |               Eval |          Best eval |               Time |
                  0 |              -0.67 |             -0.285 |             0.0735 |             0.0735 |               94.1 |
                100 |             -0.747 |             -0.401 |              0.072 |             0.0683 |           9.56e+03 |
                200 |             -0.751 |             -0.503 |             0.0728 |             0.0669 |            9.6e+03 |
                300 |             -0.867 |             -0.494 |             0.0683 |             0.0655 |           9.61e+03 |
                400 |             -0.888 |             -0.457 |             0.0728 |             0.0615 |           9.66e+03 |
                500 |             -0.887 |             -0.468 |             0.0649 |             0.0564 |           9.62e+03 |
                600 |             -0.866 |             -0.493 |             0.0557 |             0.0545 |           9.62e+03 |
                700 |             -0.878 |             -0.494 |             0.0574 |             0.0492 |           9.62e+03 |
                800 |             -0.878 |             -0.493 |             0.0605 |             0.0454 |           9.62e+03 |
                900 |             -0.811 |             -0.518 |             0.0417 |             0.0417 |           9.63e+03 |
Training complete: 
   Data path: /work/qgan_v4/data/train/amp-qml_torch-q4-noisy-SPSA-aerCPU-rand0.1-seed1 
   Best eval: 0.031170896314759597 
   Total time: 96162.09688329697

Running: /work/qgan_v4/data/train/amp-qml_torch-q4-noisy-SPSA-aerCPU-rand0-seed2/config.yaml
Training data file created.
              Epoch |     Generator cost | Discriminator cost |               Eval |          Best eval |               Time |
                  0 |             -0.934 |             -0.207 |             0.0792 |             0.0792 |               94.4 |
                100 |             -0.939 |             -0.356 |             0.0796 |             0.0783 |           9.88e+03 |
                200 |             -0.906 |             -0.469 |             0.0809 |             0.0783 |           9.94e+03 |
                300 |             -0.895 |             -0.498 |             0.0792 |             0.0783 |           9.95e+03 |
                400 |             -0.772 |             -0.541 |             0.0782 |              0.078 |            9.9e+03 |
                500 |             -0.614 |              -0.61 |             0.0784 |             0.0779 |           9.91e+03 |
                600 |             -0.512 |             -0.655 |             0.0712 |             0.0712 |           9.91e+03 |

Interrupter: will stop after the current epoch. Press Ctrl+C again to force quit.
Interrupter: Graceful exit triggered. Breaking loop.
Training complete: 
   Data path: /work/qgan_v4/data/train/amp-qml_torch-q4-noisy-SPSA-aerCPU-rand0-seed2 
   Best eval: 0.05364380131921198 
   Total time: 65967.60644364357
Interrupter: battery execution stopped.
