Creating config files for runtime_packed_fake_real_q4_joined_ang:
Configuration file rewritten. Path: /work/qgan/data/train/ang-runtime_packed-joined-q4-fake_real-SPSA-aerCPU-rand0-seed0/config.yaml

1 battery configuration files ready.

Running: /work/qgan/data/train/ang-runtime_packed-joined-q4-fake_real-SPSA-aerCPU-rand0-seed0/config.yaml
              Epoch |     Generator cost | Discriminator cost |               Eval |          Best eval |               Time |
                150 |             -0.805 |             -0.496 |              0.038 |             0.0167 |                 33 |
                160 |             -0.818 |             -0.496 |             0.0558 |             0.0167 |                331 |
                170 |             -0.832 |             -0.493 |             0.0379 |             0.0167 |                334 |
                180 |             -0.843 |             -0.501 |             0.0276 |             0.0167 |                332 |
                190 |             -0.852 |               -0.5 |             0.0194 |             0.0151 |                333 |
                200 |             -0.862 |             -0.494 |              0.011 |             0.0104 |                331 |
                210 |             -0.867 |             -0.496 |             0.0084 |            0.00216 |                331 |
                220 |             -0.869 |             -0.502 |            0.00595 |            0.00216 |                333 |
                230 |             -0.866 |             -0.501 |             0.0103 |            0.00216 |                331 |
                240 |             -0.874 |             -0.504 |             0.0109 |            0.00216 |                333 |
                250 |              -0.87 |             -0.499 |             0.0162 |            0.00216 |                333 |
                260 |             -0.871 |             -0.499 |             0.0218 |            0.00216 |                334 |
                270 |             -0.871 |             -0.503 |             0.0229 |            0.00216 |                335 |
                280 |              -0.87 |             -0.502 |             0.0193 |            0.00216 |                338 |
                290 |             -0.873 |             -0.501 |              0.023 |            0.00216 |                334 |
                300 |             -0.872 |             -0.499 |             0.0168 |            0.00216 |                332 |
                310 |              -0.87 |               -0.5 |             0.0173 |            0.00216 |                335 |
                320 |             -0.869 |             -0.507 |             0.0228 |            0.00216 |                333 |
                330 |             -0.871 |             -0.496 |             0.0232 |            0.00216 |                332 |

Interrupter: will stop after the current epoch. Press Ctrl+C again to force quit.
Interrupter: Graceful exit triggered. Breaking loop.
Training complete: 
   Data path: /work/qgan/data/train/ang-runtime_packed-joined-q4-fake_real-SPSA-aerCPU-rand0-seed0 
   Best eval: 0.002163238823413849 
   Total time: 11071.17671585083
1 battery run(s) succeeded.
