Creating config files for remaining_run:
Configuration file rewritten. Path: /work/qgan/data/train/ang-qml_torch-q16-noiseless-PSR-aerCPU-rand0-seed2/config.yaml

1 battery configuration files ready.

Running: /work/qgan/data/train/ang-qml_torch-q16-noiseless-PSR-aerCPU-rand0-seed2/config.yaml
Training data file created.
              Epoch |     Generator cost | Discriminator cost |               Eval |          Best eval |               Time |
                  0 |              -0.82 |             -0.448 |             0.0263 |             0.0263 |                234 |
                100 |             -0.867 |             -0.491 |              0.049 |             0.0257 |           2.48e+04 |
                200 |             -0.759 |             -0.527 |             0.0827 |             0.0257 |           2.58e+04 |
                300 |             -0.759 |             -0.519 |              0.128 |             0.0257 |           2.56e+04 |
                400 |             -0.722 |               -0.6 |             0.0958 |             0.0257 |           2.77e+04 |
                500 |             -0.804 |             -0.493 |              0.029 |             0.0257 |           2.91e+04 |
                600 |             -0.652 |             -0.489 |             0.0329 |             0.0152 |           2.91e+04 |
                700 |             -0.723 |             -0.509 |             0.0491 |             0.0152 |           2.93e+04 |
                800 |             -0.673 |              -0.53 |             0.0906 |             0.0152 |           2.68e+04 |
                900 |             -0.776 |             -0.476 |               0.16 |             0.0152 |           2.35e+04 |
Training complete: 
   Data path: /work/qgan/data/train/ang-qml_torch-q16-noiseless-PSR-aerCPU-rand0-seed2 
   Best eval: 0.015178084373474121 
   Total time: 263688.94642066956
1 battery run(s) succeeded.
