Creating config files for qml_torch_noiseless:
Configuration file rewritten. Path: /work/qgan/data/train/times/base-qml_torch-q4-noiseless-PSR-aerGPU-rand0-seed0/config.yaml
Configuration file rewritten. Path: /work/qgan/data/train/times/base-qml_torch-q4-noiseless-PSR-aerGPU-rand1-seed0/config.yaml
Configuration file rewritten. Path: /work/qgan/data/train/times/base-qml_torch-q8-noiseless-PSR-aerGPU-rand0-seed0/config.yaml
Configuration file rewritten. Path: /work/qgan/data/train/times/base-qml_torch-q8-noiseless-PSR-aerGPU-rand1-seed0/config.yaml
Configuration file rewritten. Path: /work/qgan/data/train/times/base-qml_torch-q16-noiseless-PSR-aerGPU-rand0-seed0/config.yaml
Configuration file rewritten. Path: /work/qgan/data/train/times/base-qml_torch-q16-noiseless-PSR-aerGPU-rand1-seed0/config.yaml
Configuration file rewritten. Path: /work/qgan/data/train/times/base-qml_torch-q4-noiseless-SPSA-aerGPU-rand0-seed0/config.yaml
Configuration file rewritten. Path: /work/qgan/data/train/times/base-qml_torch-q4-noiseless-SPSA-aerGPU-rand1-seed0/config.yaml
Configuration file rewritten. Path: /work/qgan/data/train/times/base-qml_torch-q8-noiseless-SPSA-aerGPU-rand0-seed0/config.yaml
Configuration file rewritten. Path: /work/qgan/data/train/times/base-qml_torch-q8-noiseless-SPSA-aerGPU-rand1-seed0/config.yaml
Configuration file rewritten. Path: /work/qgan/data/train/times/base-qml_torch-q16-noiseless-SPSA-aerGPU-rand0-seed0/config.yaml
Configuration file rewritten. Path: /work/qgan/data/train/times/base-qml_torch-q16-noiseless-SPSA-aerGPU-rand1-seed0/config.yaml
Configuration file rewritten. Path: /work/qgan/data/train/times/base-qml_torch-q4-noiseless-REG-aerGPU-rand0-seed0/config.yaml
Configuration file rewritten. Path: /work/qgan/data/train/times/base-qml_torch-q4-noiseless-REG-aerGPU-rand1-seed0/config.yaml
Configuration file rewritten. Path: /work/qgan/data/train/times/base-qml_torch-q8-noiseless-REG-aerGPU-rand0-seed0/config.yaml
Configuration file rewritten. Path: /work/qgan/data/train/times/base-qml_torch-q8-noiseless-REG-aerGPU-rand1-seed0/config.yaml
Configuration file rewritten. Path: /work/qgan/data/train/times/base-qml_torch-q16-noiseless-REG-aerGPU-rand0-seed0/config.yaml
Configuration file rewritten. Path: /work/qgan/data/train/times/base-qml_torch-q16-noiseless-REG-aerGPU-rand1-seed0/config.yaml
Configuration file rewritten. Path: /work/qgan/data/train/times/ang-qml_torch-q4-noiseless-PSR-aerGPU-rand0-seed0/config.yaml
Configuration file rewritten. Path: /work/qgan/data/train/times/ang-qml_torch-q4-noiseless-PSR-aerGPU-rand1-seed0/config.yaml
Configuration file rewritten. Path: /work/qgan/data/train/times/ang-qml_torch-q8-noiseless-PSR-aerGPU-rand0-seed0/config.yaml
Configuration file rewritten. Path: /work/qgan/data/train/times/ang-qml_torch-q8-noiseless-PSR-aerGPU-rand1-seed0/config.yaml
Configuration file rewritten. Path: /work/qgan/data/train/times/ang-qml_torch-q16-noiseless-PSR-aerGPU-rand0-seed0/config.yaml
Configuration file rewritten. Path: /work/qgan/data/train/times/ang-qml_torch-q16-noiseless-PSR-aerGPU-rand1-seed0/config.yaml
Configuration file rewritten. Path: /work/qgan/data/train/times/ang-qml_torch-q4-noiseless-SPSA-aerGPU-rand0-seed0/config.yaml
Configuration file rewritten. Path: /work/qgan/data/train/times/ang-qml_torch-q4-noiseless-SPSA-aerGPU-rand1-seed0/config.yaml
Configuration file rewritten. Path: /work/qgan/data/train/times/ang-qml_torch-q8-noiseless-SPSA-aerGPU-rand0-seed0/config.yaml
Configuration file rewritten. Path: /work/qgan/data/train/times/ang-qml_torch-q8-noiseless-SPSA-aerGPU-rand1-seed0/config.yaml
Configuration file rewritten. Path: /work/qgan/data/train/times/ang-qml_torch-q16-noiseless-SPSA-aerGPU-rand0-seed0/config.yaml
Configuration file rewritten. Path: /work/qgan/data/train/times/ang-qml_torch-q16-noiseless-SPSA-aerGPU-rand1-seed0/config.yaml
Configuration file rewritten. Path: /work/qgan/data/train/times/ang-qml_torch-q4-noiseless-REG-aerGPU-rand0-seed0/config.yaml
Configuration file rewritten. Path: /work/qgan/data/train/times/ang-qml_torch-q4-noiseless-REG-aerGPU-rand1-seed0/config.yaml
Configuration file rewritten. Path: /work/qgan/data/train/times/ang-qml_torch-q8-noiseless-REG-aerGPU-rand0-seed0/config.yaml
Configuration file rewritten. Path: /work/qgan/data/train/times/ang-qml_torch-q8-noiseless-REG-aerGPU-rand1-seed0/config.yaml
Configuration file rewritten. Path: /work/qgan/data/train/times/ang-qml_torch-q16-noiseless-REG-aerGPU-rand0-seed0/config.yaml
Configuration file rewritten. Path: /work/qgan/data/train/times/ang-qml_torch-q16-noiseless-REG-aerGPU-rand1-seed0/config.yaml
Configuration file rewritten. Path: /work/qgan/data/train/times/amp-qml_torch-q4-noiseless-PSR-aerGPU-rand0-seed0/config.yaml
Configuration file rewritten. Path: /work/qgan/data/train/times/amp-qml_torch-q4-noiseless-PSR-aerGPU-rand1-seed0/config.yaml
Configuration file rewritten. Path: /work/qgan/data/train/times/amp-qml_torch-q8-noiseless-PSR-aerGPU-rand0-seed0/config.yaml
Configuration file rewritten. Path: /work/qgan/data/train/times/amp-qml_torch-q8-noiseless-PSR-aerGPU-rand1-seed0/config.yaml
Configuration file rewritten. Path: /work/qgan/data/train/times/amp-qml_torch-q16-noiseless-PSR-aerGPU-rand0-seed0/config.yaml
Configuration file rewritten. Path: /work/qgan/data/train/times/amp-qml_torch-q16-noiseless-PSR-aerGPU-rand1-seed0/config.yaml
Configuration file rewritten. Path: /work/qgan/data/train/times/amp-qml_torch-q4-noiseless-SPSA-aerGPU-rand0-seed0/config.yaml
Configuration file rewritten. Path: /work/qgan/data/train/times/amp-qml_torch-q4-noiseless-SPSA-aerGPU-rand1-seed0/config.yaml
Configuration file rewritten. Path: /work/qgan/data/train/times/amp-qml_torch-q8-noiseless-SPSA-aerGPU-rand0-seed0/config.yaml
Configuration file rewritten. Path: /work/qgan/data/train/times/amp-qml_torch-q8-noiseless-SPSA-aerGPU-rand1-seed0/config.yaml
Configuration file rewritten. Path: /work/qgan/data/train/times/amp-qml_torch-q16-noiseless-SPSA-aerGPU-rand0-seed0/config.yaml
Configuration file rewritten. Path: /work/qgan/data/train/times/amp-qml_torch-q16-noiseless-SPSA-aerGPU-rand1-seed0/config.yaml
Configuration file rewritten. Path: /work/qgan/data/train/times/amp-qml_torch-q4-noiseless-REG-aerGPU-rand0-seed0/config.yaml
Configuration file rewritten. Path: /work/qgan/data/train/times/amp-qml_torch-q4-noiseless-REG-aerGPU-rand1-seed0/config.yaml
Configuration file rewritten. Path: /work/qgan/data/train/times/amp-qml_torch-q8-noiseless-REG-aerGPU-rand0-seed0/config.yaml
Configuration file rewritten. Path: /work/qgan/data/train/times/amp-qml_torch-q8-noiseless-REG-aerGPU-rand1-seed0/config.yaml
Configuration file rewritten. Path: /work/qgan/data/train/times/amp-qml_torch-q16-noiseless-REG-aerGPU-rand0-seed0/config.yaml
Configuration file rewritten. Path: /work/qgan/data/train/times/amp-qml_torch-q16-noiseless-REG-aerGPU-rand1-seed0/config.yaml

Creating config files for qml_torch_noisy:
Configuration file rewritten. Path: /work/qgan/data/train/times/base-qml_torch-q4-noisy-SPSA-aerGPU-rand0-seed0/config.yaml
Configuration file rewritten. Path: /work/qgan/data/train/times/base-qml_torch-q4-noisy-SPSA-aerGPU-rand1-seed0/config.yaml
Configuration file rewritten. Path: /work/qgan/data/train/times/base-qml_torch-q8-noisy-SPSA-aerGPU-rand0-seed0/config.yaml
Configuration file rewritten. Path: /work/qgan/data/train/times/base-qml_torch-q8-noisy-SPSA-aerGPU-rand1-seed0/config.yaml
Configuration file rewritten. Path: /work/qgan/data/train/times/base-qml_torch-q4-noisy-PSR-aerGPU-rand0-seed0/config.yaml
Configuration file rewritten. Path: /work/qgan/data/train/times/base-qml_torch-q4-noisy-PSR-aerGPU-rand1-seed0/config.yaml
Configuration file rewritten. Path: /work/qgan/data/train/times/base-qml_torch-q8-noisy-PSR-aerGPU-rand0-seed0/config.yaml
Configuration file rewritten. Path: /work/qgan/data/train/times/base-qml_torch-q8-noisy-PSR-aerGPU-rand1-seed0/config.yaml
Configuration file rewritten. Path: /work/qgan/data/train/times/ang-qml_torch-q4-noisy-SPSA-aerGPU-rand0-seed0/config.yaml
Configuration file rewritten. Path: /work/qgan/data/train/times/ang-qml_torch-q4-noisy-SPSA-aerGPU-rand1-seed0/config.yaml
Configuration file rewritten. Path: /work/qgan/data/train/times/ang-qml_torch-q8-noisy-SPSA-aerGPU-rand0-seed0/config.yaml
Configuration file rewritten. Path: /work/qgan/data/train/times/ang-qml_torch-q8-noisy-SPSA-aerGPU-rand1-seed0/config.yaml
Configuration file rewritten. Path: /work/qgan/data/train/times/ang-qml_torch-q4-noisy-PSR-aerGPU-rand0-seed0/config.yaml
Configuration file rewritten. Path: /work/qgan/data/train/times/ang-qml_torch-q4-noisy-PSR-aerGPU-rand1-seed0/config.yaml
Configuration file rewritten. Path: /work/qgan/data/train/times/ang-qml_torch-q8-noisy-PSR-aerGPU-rand0-seed0/config.yaml
Configuration file rewritten. Path: /work/qgan/data/train/times/ang-qml_torch-q8-noisy-PSR-aerGPU-rand1-seed0/config.yaml
Configuration file rewritten. Path: /work/qgan/data/train/times/amp-qml_torch-q4-noisy-SPSA-aerGPU-rand0-seed0/config.yaml
Configuration file rewritten. Path: /work/qgan/data/train/times/amp-qml_torch-q4-noisy-SPSA-aerGPU-rand1-seed0/config.yaml
Configuration file rewritten. Path: /work/qgan/data/train/times/amp-qml_torch-q8-noisy-SPSA-aerGPU-rand0-seed0/config.yaml
Configuration file rewritten. Path: /work/qgan/data/train/times/amp-qml_torch-q8-noisy-SPSA-aerGPU-rand1-seed0/config.yaml
Configuration file rewritten. Path: /work/qgan/data/train/times/amp-qml_torch-q4-noisy-PSR-aerGPU-rand0-seed0/config.yaml
Configuration file rewritten. Path: /work/qgan/data/train/times/amp-qml_torch-q4-noisy-PSR-aerGPU-rand1-seed0/config.yaml
Configuration file rewritten. Path: /work/qgan/data/train/times/amp-qml_torch-q8-noisy-PSR-aerGPU-rand0-seed0/config.yaml
Configuration file rewritten. Path: /work/qgan/data/train/times/amp-qml_torch-q8-noisy-PSR-aerGPU-rand1-seed0/config.yaml

78 battery configuration files ready.

Running: /work/qgan/data/train/times/base-qml_torch-q4-noiseless-PSR-aerGPU-rand0-seed0/config.yaml
GPUs available to PyTorch: 1
              Epoch |     Generator cost | Discriminator cost |               Eval |          Best eval |               Time |
Training complete: 
   Data path: /work/qgan/data/train/times/base-qml_torch-q4-noiseless-PSR-aerGPU-rand0-seed0 
   Best eval: 3.587176763578209 
   Total time: 3.305978775024414

Running: /work/qgan/data/train/times/base-qml_torch-q4-noiseless-PSR-aerGPU-rand1-seed0/config.yaml
GPUs available to PyTorch: 1
              Epoch |     Generator cost | Discriminator cost |               Eval |          Best eval |               Time |
Training complete: 
   Data path: /work/qgan/data/train/times/base-qml_torch-q4-noiseless-PSR-aerGPU-rand1-seed0 
   Best eval: 1.2426820566766252 
   Total time: 2.8941025733947754

Running: /work/qgan/data/train/times/base-qml_torch-q8-noiseless-PSR-aerGPU-rand0-seed0/config.yaml
GPUs available to PyTorch: 1
              Epoch |     Generator cost | Discriminator cost |               Eval |          Best eval |               Time |
Training complete: 
   Data path: /work/qgan/data/train/times/base-qml_torch-q8-noiseless-PSR-aerGPU-rand0-seed0 
   Best eval: 6.437119906815924 
   Total time: 7.693032264709473

Running: /work/qgan/data/train/times/base-qml_torch-q8-noiseless-PSR-aerGPU-rand1-seed0/config.yaml
GPUs available to PyTorch: 1
              Epoch |     Generator cost | Discriminator cost |               Eval |          Best eval |               Time |
Training complete: 
   Data path: /work/qgan/data/train/times/base-qml_torch-q8-noiseless-PSR-aerGPU-rand1-seed0 
   Best eval: 2.1355102304926805 
   Total time: 7.8340489864349365

Running: /work/qgan/data/train/times/base-qml_torch-q16-noiseless-PSR-aerGPU-rand0-seed0/config.yaml
GPUs available to PyTorch: 1
              Epoch |     Generator cost | Discriminator cost |               Eval |          Best eval |               Time |
Training complete: 
   Data path: /work/qgan/data/train/times/base-qml_torch-q16-noiseless-PSR-aerGPU-rand0-seed0 
   Best eval: 9.26519287443666 
   Total time: 24.491716146469116

Running: /work/qgan/data/train/times/base-qml_torch-q16-noiseless-PSR-aerGPU-rand1-seed0/config.yaml
GPUs available to PyTorch: 1
              Epoch |     Generator cost | Discriminator cost |               Eval |          Best eval |               Time |
Training complete: 
   Data path: /work/qgan/data/train/times/base-qml_torch-q16-noiseless-PSR-aerGPU-rand1-seed0 
   Best eval: 4.792114665277852 
   Total time: 25.111687421798706

Running: /work/qgan/data/train/times/base-qml_torch-q4-noiseless-SPSA-aerGPU-rand0-seed0/config.yaml
GPUs available to PyTorch: 1
              Epoch |     Generator cost | Discriminator cost |               Eval |          Best eval |               Time |
Training complete: 
   Data path: /work/qgan/data/train/times/base-qml_torch-q4-noiseless-SPSA-aerGPU-rand0-seed0 
   Best eval: 3.3907012101303335 
   Total time: 0.2509133815765381

Running: /work/qgan/data/train/times/base-qml_torch-q4-noiseless-SPSA-aerGPU-rand1-seed0/config.yaml
GPUs available to PyTorch: 1
              Epoch |     Generator cost | Discriminator cost |               Eval |          Best eval |               Time |
Training complete: 
   Data path: /work/qgan/data/train/times/base-qml_torch-q4-noiseless-SPSA-aerGPU-rand1-seed0 
   Best eval: 1.3101394348236421 
   Total time: 0.2617182731628418

Running: /work/qgan/data/train/times/base-qml_torch-q8-noiseless-SPSA-aerGPU-rand0-seed0/config.yaml
GPUs available to PyTorch: 1
              Epoch |     Generator cost | Discriminator cost |               Eval |          Best eval |               Time |
Training complete: 
   Data path: /work/qgan/data/train/times/base-qml_torch-q8-noiseless-SPSA-aerGPU-rand0-seed0 
   Best eval: 6.357746330515438 
   Total time: 0.33503031730651855

Running: /work/qgan/data/train/times/base-qml_torch-q8-noiseless-SPSA-aerGPU-rand1-seed0/config.yaml
GPUs available to PyTorch: 1
              Epoch |     Generator cost | Discriminator cost |               Eval |          Best eval |               Time |
Training complete: 
   Data path: /work/qgan/data/train/times/base-qml_torch-q8-noiseless-SPSA-aerGPU-rand1-seed0 
   Best eval: 2.2034407693556446 
   Total time: 0.3397178649902344

Running: /work/qgan/data/train/times/base-qml_torch-q16-noiseless-SPSA-aerGPU-rand0-seed0/config.yaml
GPUs available to PyTorch: 1
              Epoch |     Generator cost | Discriminator cost |               Eval |          Best eval |               Time |
Training complete: 
   Data path: /work/qgan/data/train/times/base-qml_torch-q16-noiseless-SPSA-aerGPU-rand0-seed0 
   Best eval: 9.422916150340205 
   Total time: 0.5352661609649658

Running: /work/qgan/data/train/times/base-qml_torch-q16-noiseless-SPSA-aerGPU-rand1-seed0/config.yaml
GPUs available to PyTorch: 1
              Epoch |     Generator cost | Discriminator cost |               Eval |          Best eval |               Time |
Training complete: 
   Data path: /work/qgan/data/train/times/base-qml_torch-q16-noiseless-SPSA-aerGPU-rand1-seed0 
   Best eval: 4.827712595551468 
   Total time: 0.5781652927398682

Running: /work/qgan/data/train/times/base-qml_torch-q4-noiseless-REG-aerGPU-rand0-seed0/config.yaml
GPUs available to PyTorch: 1
              Epoch |     Generator cost | Discriminator cost |               Eval |          Best eval |               Time |
Training complete: 
   Data path: /work/qgan/data/train/times/base-qml_torch-q4-noiseless-REG-aerGPU-rand0-seed0 
   Best eval: 3.4423614116865195 
   Total time: 0.6771969795227051

Running: /work/qgan/data/train/times/base-qml_torch-q4-noiseless-REG-aerGPU-rand1-seed0/config.yaml
GPUs available to PyTorch: 1
              Epoch |     Generator cost | Discriminator cost |               Eval |          Best eval |               Time |
Training complete: 
   Data path: /work/qgan/data/train/times/base-qml_torch-q4-noiseless-REG-aerGPU-rand1-seed0 
   Best eval: 1.270794394991944 
   Total time: 0.7724549770355225

Running: /work/qgan/data/train/times/base-qml_torch-q8-noiseless-REG-aerGPU-rand0-seed0/config.yaml
GPUs available to PyTorch: 1
              Epoch |     Generator cost | Discriminator cost |               Eval |          Best eval |               Time |
Training complete: 
   Data path: /work/qgan/data/train/times/base-qml_torch-q8-noiseless-REG-aerGPU-rand0-seed0 
   Best eval: 6.3882534414780965 
   Total time: 4.776549577713013

Running: /work/qgan/data/train/times/base-qml_torch-q8-noiseless-REG-aerGPU-rand1-seed0/config.yaml
GPUs available to PyTorch: 1
              Epoch |     Generator cost | Discriminator cost |               Eval |          Best eval |               Time |
Training complete: 
   Data path: /work/qgan/data/train/times/base-qml_torch-q8-noiseless-REG-aerGPU-rand1-seed0 
   Best eval: 2.094505698148284 
   Total time: 4.791236400604248

Running: /work/qgan/data/train/times/base-qml_torch-q16-noiseless-REG-aerGPU-rand0-seed0/config.yaml
GPUs available to PyTorch: 1
              Epoch |     Generator cost | Discriminator cost |               Eval |          Best eval |               Time |
Training complete: 
   Data path: /work/qgan/data/train/times/base-qml_torch-q16-noiseless-REG-aerGPU-rand0-seed0 
   Best eval: 9.231756873849886 
   Total time: 155.91384029388428

Running: /work/qgan/data/train/times/base-qml_torch-q16-noiseless-REG-aerGPU-rand1-seed0/config.yaml
GPUs available to PyTorch: 1
              Epoch |     Generator cost | Discriminator cost |               Eval |          Best eval |               Time |
Training complete: 
   Data path: /work/qgan/data/train/times/base-qml_torch-q16-noiseless-REG-aerGPU-rand1-seed0 
   Best eval: 4.760672190223776 
   Total time: 654.3250341415405

Running: /work/qgan/data/train/times/ang-qml_torch-q4-noiseless-PSR-aerGPU-rand0-seed0/config.yaml
GPUs available to PyTorch: 1
              Epoch |     Generator cost | Discriminator cost |               Eval |          Best eval |               Time |
Training complete: 
   Data path: /work/qgan/data/train/times/ang-qml_torch-q4-noiseless-PSR-aerGPU-rand0-seed0 
   Best eval: 0.024171598255634308 
   Total time: 37.89052677154541

Running: /work/qgan/data/train/times/ang-qml_torch-q4-noiseless-PSR-aerGPU-rand1-seed0/config.yaml
GPUs available to PyTorch: 1
              Epoch |     Generator cost | Discriminator cost |               Eval |          Best eval |               Time |
Training complete: 
   Data path: /work/qgan/data/train/times/ang-qml_torch-q4-noiseless-PSR-aerGPU-rand1-seed0 
   Best eval: 0.1851649135351181 
   Total time: 39.58500671386719

Running: /work/qgan/data/train/times/ang-qml_torch-q8-noiseless-PSR-aerGPU-rand0-seed0/config.yaml
GPUs available to PyTorch: 1
              Epoch |     Generator cost | Discriminator cost |               Eval |          Best eval |               Time |
Training complete: 
   Data path: /work/qgan/data/train/times/ang-qml_torch-q8-noiseless-PSR-aerGPU-rand0-seed0 
   Best eval: 0.0155829768627882 
   Total time: 139.67244124412537

Running: /work/qgan/data/train/times/ang-qml_torch-q8-noiseless-PSR-aerGPU-rand1-seed0/config.yaml
GPUs available to PyTorch: 1
              Epoch |     Generator cost | Discriminator cost |               Eval |          Best eval |               Time |
Training complete: 
   Data path: /work/qgan/data/train/times/ang-qml_torch-q8-noiseless-PSR-aerGPU-rand1-seed0 
   Best eval: 0.15864086151123047 
   Total time: 145.2551884651184

Running: /work/qgan/data/train/times/ang-qml_torch-q16-noiseless-PSR-aerGPU-rand0-seed0/config.yaml
GPUs available to PyTorch: 1
              Epoch |     Generator cost | Discriminator cost |               Eval |          Best eval |               Time |
Training complete: 
   Data path: /work/qgan/data/train/times/ang-qml_torch-q16-noiseless-PSR-aerGPU-rand0-seed0 
   Best eval: 0.013140905648469925 
   Total time: 404.9767563343048

Running: /work/qgan/data/train/times/ang-qml_torch-q16-noiseless-PSR-aerGPU-rand1-seed0/config.yaml
GPUs available to PyTorch: 1
              Epoch |     Generator cost | Discriminator cost |               Eval |          Best eval |               Time |
Training complete: 
   Data path: /work/qgan/data/train/times/ang-qml_torch-q16-noiseless-PSR-aerGPU-rand1-seed0 
   Best eval: 0.1310291290283203 
   Total time: 407.1640133857727

Running: /work/qgan/data/train/times/ang-qml_torch-q4-noiseless-SPSA-aerGPU-rand0-seed0/config.yaml
GPUs available to PyTorch: 1
              Epoch |     Generator cost | Discriminator cost |               Eval |          Best eval |               Time |
Training complete: 
   Data path: /work/qgan/data/train/times/ang-qml_torch-q4-noiseless-SPSA-aerGPU-rand0-seed0 
   Best eval: 0.024415161460638046 
   Total time: 26.68311357498169

Running: /work/qgan/data/train/times/ang-qml_torch-q4-noiseless-SPSA-aerGPU-rand1-seed0/config.yaml
GPUs available to PyTorch: 1
              Epoch |     Generator cost | Discriminator cost |               Eval |          Best eval |               Time |
Training complete: 
   Data path: /work/qgan/data/train/times/ang-qml_torch-q4-noiseless-SPSA-aerGPU-rand1-seed0 
   Best eval: 0.18208704888820648 
   Total time: 27.956562519073486

Running: /work/qgan/data/train/times/ang-qml_torch-q8-noiseless-SPSA-aerGPU-rand0-seed0/config.yaml
GPUs available to PyTorch: 1
              Epoch |     Generator cost | Discriminator cost |               Eval |          Best eval |               Time |
Training complete: 
   Data path: /work/qgan/data/train/times/ang-qml_torch-q8-noiseless-SPSA-aerGPU-rand0-seed0 
   Best eval: 0.016353342682123184 
   Total time: 108.73725628852844

Running: /work/qgan/data/train/times/ang-qml_torch-q8-noiseless-SPSA-aerGPU-rand1-seed0/config.yaml
GPUs available to PyTorch: 1
              Epoch |     Generator cost | Discriminator cost |               Eval |          Best eval |               Time |
Training complete: 
   Data path: /work/qgan/data/train/times/ang-qml_torch-q8-noiseless-SPSA-aerGPU-rand1-seed0 
   Best eval: 0.16856908798217773 
   Total time: 113.62724375724792

Running: /work/qgan/data/train/times/ang-qml_torch-q16-noiseless-SPSA-aerGPU-rand0-seed0/config.yaml
GPUs available to PyTorch: 1
              Epoch |     Generator cost | Discriminator cost |               Eval |          Best eval |               Time |
Training complete: 
   Data path: /work/qgan/data/train/times/ang-qml_torch-q16-noiseless-SPSA-aerGPU-rand0-seed0 
   Best eval: 0.011932656168937683 
   Total time: 298.82931780815125

Running: /work/qgan/data/train/times/ang-qml_torch-q16-noiseless-SPSA-aerGPU-rand1-seed0/config.yaml
GPUs available to PyTorch: 1
              Epoch |     Generator cost | Discriminator cost |               Eval |          Best eval |               Time |
                  2 |             -0.517 |             -0.608 |              0.152 |              0.134 |               62.5 |
                  3 |             -0.633 |             -0.561 |              0.145 |              0.134 |               62.2 |
                  4 |             -0.356 |             -0.558 |              0.159 |              0.134 |               60.8 |
Training complete: 
   Data path: /work/qgan/data/train/times/ang-qml_torch-q16-noiseless-SPSA-aerGPU-rand1-seed0 
   Best eval: 0.13425013422966003 
   Total time: 305.1378393173218

Running: /work/qgan/data/train/times/ang-qml_torch-q4-noiseless-REG-aerGPU-rand0-seed0/config.yaml
GPUs available to PyTorch: 1
Training data file created.
              Epoch |     Generator cost | Discriminator cost |               Eval |          Best eval |               Time |
                  0 |             -0.913 |             -0.327 |             0.0306 |             0.0306 |               5.73 |
                  1 |             -0.916 |             -0.318 |             0.0313 |             0.0306 |               5.67 |
                  2 |             -0.936 |             -0.328 |             0.0311 |             0.0306 |               5.68 |
                  3 |             -0.925 |             -0.329 |             0.0293 |             0.0293 |               5.67 |
                  4 |             -0.934 |             -0.319 |             0.0315 |             0.0293 |               5.67 |
Training complete: 
   Data path: /work/qgan/data/train/times/ang-qml_torch-q4-noiseless-REG-aerGPU-rand0-seed0 
   Best eval: 0.029262389987707138 
   Total time: 28.41710114479065

Running: /work/qgan/data/train/times/ang-qml_torch-q4-noiseless-REG-aerGPU-rand1-seed0/config.yaml
GPUs available to PyTorch: 1
Training data file created.
              Epoch |     Generator cost | Discriminator cost |               Eval |          Best eval |               Time |
                  0 |             -0.419 |             -0.538 |              0.379 |              0.379 |               6.19 |
                  1 |             -0.351 |             -0.523 |              0.178 |              0.178 |               5.93 |
                  2 |             -0.508 |             -0.519 |              0.194 |              0.178 |               5.93 |
                  3 |             -0.482 |             -0.604 |              0.199 |              0.178 |               5.92 |
                  4 |             -0.436 |              -0.54 |              0.193 |              0.178 |               5.94 |
Training complete: 
   Data path: /work/qgan/data/train/times/ang-qml_torch-q4-noiseless-REG-aerGPU-rand1-seed0 
   Best eval: 0.17803917825222015 
   Total time: 29.919663667678833

Running: /work/qgan/data/train/times/ang-qml_torch-q8-noiseless-REG-aerGPU-rand0-seed0/config.yaml
GPUs available to PyTorch: 1
Training data file created.
              Epoch |     Generator cost | Discriminator cost |               Eval |          Best eval |               Time |
                  0 |              -0.93 |             -0.441 |              0.021 |              0.021 |               26.2 |
                  1 |             -0.925 |             -0.438 |             0.0244 |              0.021 |               25.6 |
                  2 |             -0.939 |             -0.441 |              0.025 |              0.021 |               25.6 |
                  3 |             -0.949 |             -0.456 |             0.0232 |              0.021 |               25.6 |
                  4 |             -0.934 |             -0.447 |             0.0182 |             0.0182 |               25.9 |
Training complete: 
   Data path: /work/qgan/data/train/times/ang-qml_torch-q8-noiseless-REG-aerGPU-rand0-seed0 
   Best eval: 0.018232472240924835 
   Total time: 128.90462851524353

Running: /work/qgan/data/train/times/ang-qml_torch-q8-noiseless-REG-aerGPU-rand1-seed0/config.yaml
GPUs available to PyTorch: 1
Training data file created.
              Epoch |     Generator cost | Discriminator cost |               Eval |          Best eval |               Time |
                  0 |              -0.48 |             -0.624 |              0.177 |              0.177 |               26.7 |
                  1 |              -0.45 |              -0.67 |               0.18 |              0.177 |               26.1 |
                  2 |             -0.584 |             -0.675 |              0.168 |              0.168 |               26.1 |
                  3 |             -0.543 |             -0.634 |              0.176 |              0.168 |               26.1 |
                  4 |             -0.593 |             -0.654 |              0.163 |              0.163 |               26.1 |
Training complete: 
   Data path: /work/qgan/data/train/times/ang-qml_torch-q8-noiseless-REG-aerGPU-rand1-seed0 
   Best eval: 0.1631256639957428 
   Total time: 131.27114462852478

Running: /work/qgan/data/train/times/ang-qml_torch-q16-noiseless-REG-aerGPU-rand0-seed0/config.yaml
GPUs available to PyTorch: 1
Training data file created.
              Epoch |     Generator cost | Discriminator cost |               Eval |          Best eval |               Time |
                  0 |             -0.794 |             -0.452 |             0.0112 |             0.0112 |                196 |
                  1 |             -0.796 |             -0.445 |             0.0165 |             0.0112 |                186 |
                  2 |             -0.797 |             -0.439 |             0.0146 |             0.0112 |                185 |
                  3 |             -0.795 |             -0.448 |             0.0134 |             0.0112 |                185 |
                  4 |             -0.811 |              -0.44 |             0.0194 |             0.0112 |                186 |
Training complete: 
   Data path: /work/qgan/data/train/times/ang-qml_torch-q16-noiseless-REG-aerGPU-rand0-seed0 
   Best eval: 0.011177029460668564 
   Total time: 938.1485817432404

Running: /work/qgan/data/train/times/ang-qml_torch-q16-noiseless-REG-aerGPU-rand1-seed0/config.yaml
GPUs available to PyTorch: 1
Training data file created.
              Epoch |     Generator cost | Discriminator cost |               Eval |          Best eval |               Time |
                  0 |             -0.454 |             -0.557 |               0.14 |               0.14 |                187 |
                  1 |             -0.543 |             -0.586 |              0.199 |               0.14 |                178 |
                  2 |             -0.518 |             -0.617 |               0.15 |               0.14 |                178 |
                  3 |             -0.666 |             -0.571 |              0.144 |               0.14 |                178 |
                  4 |             -0.366 |             -0.583 |              0.156 |               0.14 |                177 |
Training complete: 
   Data path: /work/qgan/data/train/times/ang-qml_torch-q16-noiseless-REG-aerGPU-rand1-seed0 
   Best eval: 0.13980133831501007 
   Total time: 899.1880731582642

Running: /work/qgan/data/train/times/amp-qml_torch-q4-noiseless-PSR-aerGPU-rand0-seed0/config.yaml
GPUs available to PyTorch: 1
Training data file created.
              Epoch |     Generator cost | Discriminator cost |               Eval |          Best eval |               Time |
                  0 |             -0.904 |               -0.2 |             0.0798 |             0.0798 |               2.69 |
                  1 |             -0.921 |             -0.171 |             0.0799 |             0.0798 |               2.71 |
                  2 |             -0.922 |             -0.199 |             0.0799 |             0.0798 |               2.62 |
                  3 |              -0.92 |             -0.196 |             0.0799 |             0.0798 |               2.68 |
                  4 |             -0.928 |             -0.178 |             0.0798 |             0.0798 |               2.63 |
Training complete: 
   Data path: /work/qgan/data/train/times/amp-qml_torch-q4-noiseless-PSR-aerGPU-rand0-seed0 
   Best eval: 0.07983972622927779 
   Total time: 13.326992511749268

Running: /work/qgan/data/train/times/amp-qml_torch-q4-noiseless-PSR-aerGPU-rand1-seed0/config.yaml
GPUs available to PyTorch: 1
Training data file created.
              Epoch |     Generator cost | Discriminator cost |               Eval |          Best eval |               Time |
                  0 |              -0.46 |             -0.405 |             0.0495 |             0.0495 |                2.7 |
                  1 |             -0.496 |             -0.385 |             0.0503 |             0.0495 |               2.69 |
                  2 |             -0.443 |             -0.398 |             0.0485 |             0.0485 |               2.68 |
                  3 |             -0.468 |               -0.5 |             0.0486 |             0.0485 |               2.69 |
                  4 |             -0.389 |             -0.439 |             0.0417 |             0.0417 |               2.67 |
Training complete: 
   Data path: /work/qgan/data/train/times/amp-qml_torch-q4-noiseless-PSR-aerGPU-rand1-seed0 
   Best eval: 0.04172045652009808 
   Total time: 13.433123111724854

Running: /work/qgan/data/train/times/amp-qml_torch-q8-noiseless-PSR-aerGPU-rand0-seed0/config.yaml
GPUs available to PyTorch: 1
Training data file created.
              Epoch |     Generator cost | Discriminator cost |               Eval |          Best eval |               Time |
                  0 |             -0.936 |             -0.215 |            0.00396 |            0.00396 |               9.83 |
                  1 |             -0.924 |             -0.192 |            0.00396 |            0.00396 |                9.5 |
                  2 |             -0.923 |             -0.211 |            0.00396 |            0.00396 |               9.49 |
                  3 |             -0.933 |             -0.206 |            0.00396 |            0.00396 |               9.48 |
                  4 |             -0.939 |             -0.205 |            0.00396 |            0.00396 |               9.48 |
Training complete: 
   Data path: /work/qgan/data/train/times/amp-qml_torch-q8-noiseless-PSR-aerGPU-rand0-seed0 
   Best eval: 0.003957651563017374 
   Total time: 47.773385524749756

Running: /work/qgan/data/train/times/amp-qml_torch-q8-noiseless-PSR-aerGPU-rand1-seed0/config.yaml
GPUs available to PyTorch: 1
Training data file created.
              Epoch |     Generator cost | Discriminator cost |               Eval |          Best eval |               Time |
                  0 |             -0.427 |             -0.436 |             0.0032 |             0.0032 |               9.69 |
                  1 |             -0.587 |             -0.458 |            0.00312 |            0.00312 |               9.66 |
                  2 |             -0.432 |             -0.412 |            0.00324 |            0.00312 |               9.66 |
                  3 |             -0.478 |             -0.419 |            0.00272 |            0.00272 |               9.65 |
                  4 |             -0.523 |             -0.393 |            0.00331 |            0.00272 |               9.63 |
Training complete: 
   Data path: /work/qgan/data/train/times/amp-qml_torch-q8-noiseless-PSR-aerGPU-rand1-seed0 
   Best eval: 0.0027226064180567782 
   Total time: 48.28483247756958

Running: /work/qgan/data/train/times/amp-qml_torch-q16-noiseless-PSR-aerGPU-rand0-seed0/config.yaml
GPUs available to PyTorch: 1
Run failed: /work/qgan/data/train/times/amp-qml_torch-q16-noiseless-PSR-aerGPU-rand0-seed0/config.yaml
   Error: TranspilerError: 'HighLevelSynthesis is unable to synthesize "state_preparation"'
   Traceback saved: /work/qgan/data/train/times/amp-qml_torch-q16-noiseless-PSR-aerGPU-rand0-seed0/error_traceback.txt

Running: /work/qgan/data/train/times/amp-qml_torch-q16-noiseless-PSR-aerGPU-rand1-seed0/config.yaml
GPUs available to PyTorch: 1
Run failed: /work/qgan/data/train/times/amp-qml_torch-q16-noiseless-PSR-aerGPU-rand1-seed0/config.yaml
   Error: TranspilerError: 'HighLevelSynthesis is unable to synthesize "state_preparation"'
   Traceback saved: /work/qgan/data/train/times/amp-qml_torch-q16-noiseless-PSR-aerGPU-rand1-seed0/error_traceback.txt

Running: /work/qgan/data/train/times/amp-qml_torch-q4-noiseless-SPSA-aerGPU-rand0-seed0/config.yaml
GPUs available to PyTorch: 1
Training data file created.
              Epoch |     Generator cost | Discriminator cost |               Eval |          Best eval |               Time |
                  0 |             -0.915 |             -0.193 |             0.0798 |             0.0798 |              0.215 |
                  1 |             -0.922 |             -0.179 |             0.0798 |             0.0798 |              0.217 |
                  2 |             -0.925 |             -0.192 |             0.0797 |             0.0797 |              0.224 |
                  3 |             -0.912 |             -0.177 |             0.0797 |             0.0797 |              0.211 |
                  4 |             -0.916 |             -0.175 |             0.0797 |             0.0797 |              0.212 |
Training complete: 
   Data path: /work/qgan/data/train/times/amp-qml_torch-q4-noiseless-SPSA-aerGPU-rand0-seed0 
   Best eval: 0.07966663798321844 
   Total time: 1.078606367111206

Running: /work/qgan/data/train/times/amp-qml_torch-q4-noiseless-SPSA-aerGPU-rand1-seed0/config.yaml
GPUs available to PyTorch: 1
Training data file created.
              Epoch |     Generator cost | Discriminator cost |               Eval |          Best eval |               Time |
                  0 |             -0.438 |             -0.399 |             0.0496 |             0.0496 |              0.208 |
                  1 |               -0.5 |             -0.372 |             0.0503 |             0.0496 |              0.218 |
                  2 |             -0.456 |             -0.388 |              0.048 |              0.048 |               0.21 |
                  3 |             -0.491 |             -0.498 |             0.0485 |              0.048 |              0.214 |
                  4 |             -0.391 |             -0.439 |             0.0418 |             0.0418 |              0.216 |
Training complete: 
   Data path: /work/qgan/data/train/times/amp-qml_torch-q4-noiseless-SPSA-aerGPU-rand1-seed0 
   Best eval: 0.04175379325514839 
   Total time: 1.067021131515503

Running: /work/qgan/data/train/times/amp-qml_torch-q8-noiseless-SPSA-aerGPU-rand0-seed0/config.yaml
GPUs available to PyTorch: 1
Training data file created.
              Epoch |     Generator cost | Discriminator cost |               Eval |          Best eval |               Time |
                  0 |             -0.924 |             -0.213 |            0.00396 |            0.00396 |              0.368 |
                  1 |             -0.929 |             -0.192 |            0.00396 |            0.00396 |              0.377 |
                  2 |             -0.936 |              -0.21 |            0.00396 |            0.00396 |              0.363 |
                  3 |             -0.939 |             -0.202 |            0.00396 |            0.00396 |              0.382 |
                  4 |             -0.925 |             -0.183 |            0.00396 |            0.00396 |              0.364 |
Training complete: 
   Data path: /work/qgan/data/train/times/amp-qml_torch-q8-noiseless-SPSA-aerGPU-rand0-seed0 
   Best eval: 0.003960466620723075 
   Total time: 1.854344367980957

Running: /work/qgan/data/train/times/amp-qml_torch-q8-noiseless-SPSA-aerGPU-rand1-seed0/config.yaml
GPUs available to PyTorch: 1
Training data file created.
              Epoch |     Generator cost | Discriminator cost |               Eval |          Best eval |               Time |
                  0 |             -0.433 |             -0.439 |             0.0032 |             0.0032 |              0.389 |
                  1 |             -0.597 |             -0.455 |            0.00312 |            0.00312 |              0.389 |
                  2 |             -0.457 |             -0.408 |            0.00324 |            0.00312 |              0.374 |
                  3 |             -0.481 |             -0.416 |            0.00273 |            0.00273 |              0.386 |
                  4 |             -0.503 |             -0.405 |             0.0033 |            0.00273 |              0.391 |
Training complete: 
   Data path: /work/qgan/data/train/times/amp-qml_torch-q8-noiseless-SPSA-aerGPU-rand1-seed0 
   Best eval: 0.0027250611153621243 
   Total time: 1.9285149574279785

Running: /work/qgan/data/train/times/amp-qml_torch-q16-noiseless-SPSA-aerGPU-rand0-seed0/config.yaml
GPUs available to PyTorch: 1
Run failed: /work/qgan/data/train/times/amp-qml_torch-q16-noiseless-SPSA-aerGPU-rand0-seed0/config.yaml
   Error: TranspilerError: 'HighLevelSynthesis is unable to synthesize "state_preparation"'
   Traceback saved: /work/qgan/data/train/times/amp-qml_torch-q16-noiseless-SPSA-aerGPU-rand0-seed0/error_traceback.txt

Running: /work/qgan/data/train/times/amp-qml_torch-q16-noiseless-SPSA-aerGPU-rand1-seed0/config.yaml
GPUs available to PyTorch: 1
Run failed: /work/qgan/data/train/times/amp-qml_torch-q16-noiseless-SPSA-aerGPU-rand1-seed0/config.yaml
   Error: TranspilerError: 'HighLevelSynthesis is unable to synthesize "state_preparation"'
   Traceback saved: /work/qgan/data/train/times/amp-qml_torch-q16-noiseless-SPSA-aerGPU-rand1-seed0/error_traceback.txt

Running: /work/qgan/data/train/times/amp-qml_torch-q4-noiseless-REG-aerGPU-rand0-seed0/config.yaml
GPUs available to PyTorch: 1
Training data file created.
              Epoch |     Generator cost | Discriminator cost |               Eval |          Best eval |               Time |
                  0 |             -0.918 |             -0.186 |             0.0798 |             0.0798 |              0.642 |
                  1 |             -0.922 |             -0.183 |             0.0799 |             0.0798 |              0.575 |
                  2 |             -0.922 |             -0.188 |             0.0799 |             0.0798 |              0.513 |
                  3 |             -0.941 |             -0.191 |             0.0799 |             0.0798 |              0.512 |
                  4 |             -0.928 |             -0.196 |             0.0799 |             0.0798 |              0.518 |
Training complete: 
   Data path: /work/qgan/data/train/times/amp-qml_torch-q4-noiseless-REG-aerGPU-rand0-seed0 
   Best eval: 0.07983972672007437 
   Total time: 2.7597405910491943

Running: /work/qgan/data/train/times/amp-qml_torch-q4-noiseless-REG-aerGPU-rand1-seed0/config.yaml
GPUs available to PyTorch: 1
Training data file created.
              Epoch |     Generator cost | Discriminator cost |               Eval |          Best eval |               Time |
                  0 |             -0.459 |             -0.398 |             0.0495 |             0.0495 |               0.67 |
                  1 |             -0.519 |             -0.371 |             0.0503 |             0.0495 |              0.544 |
                  2 |             -0.439 |             -0.396 |             0.0485 |             0.0485 |              0.549 |
                  3 |             -0.483 |             -0.497 |             0.0486 |             0.0485 |              0.539 |
                  4 |             -0.387 |             -0.436 |             0.0417 |             0.0417 |              0.561 |
Training complete: 
   Data path: /work/qgan/data/train/times/amp-qml_torch-q4-noiseless-REG-aerGPU-rand1-seed0 
   Best eval: 0.04171163761521532 
   Total time: 2.8620009422302246

Running: /work/qgan/data/train/times/amp-qml_torch-q8-noiseless-REG-aerGPU-rand0-seed0/config.yaml
GPUs available to PyTorch: 1
Training data file created.
              Epoch |     Generator cost | Discriminator cost |               Eval |          Best eval |               Time |
                  0 |             -0.929 |             -0.216 |            0.00396 |            0.00396 |               15.9 |
                  1 |              -0.94 |             -0.185 |            0.00396 |            0.00396 |               12.6 |
                  2 |             -0.923 |             -0.223 |            0.00396 |            0.00396 |               9.59 |
                  3 |             -0.919 |             -0.215 |            0.00396 |            0.00396 |               9.89 |
                  4 |              -0.93 |             -0.201 |            0.00397 |            0.00396 |                9.9 |
Training complete: 
   Data path: /work/qgan/data/train/times/amp-qml_torch-q8-noiseless-REG-aerGPU-rand0-seed0 
   Best eval: 0.003959134156214493 
   Total time: 57.8677875995636

Running: /work/qgan/data/train/times/amp-qml_torch-q8-noiseless-REG-aerGPU-rand1-seed0/config.yaml
GPUs available to PyTorch: 1
Training data file created.
              Epoch |     Generator cost | Discriminator cost |               Eval |          Best eval |               Time |
                  0 |             -0.436 |             -0.434 |            0.00321 |            0.00321 |               16.2 |
                  1 |             -0.588 |             -0.448 |            0.00312 |            0.00312 |               11.5 |
                  2 |             -0.445 |              -0.42 |            0.00324 |            0.00312 |               11.4 |
                  3 |             -0.478 |             -0.419 |            0.00273 |            0.00273 |               9.96 |
                  4 |             -0.513 |             -0.395 |            0.00332 |            0.00273 |                 12 |
Training complete: 
   Data path: /work/qgan/data/train/times/amp-qml_torch-q8-noiseless-REG-aerGPU-rand1-seed0 
   Best eval: 0.0027349227003747277 
   Total time: 61.02640104293823

Running: /work/qgan/data/train/times/amp-qml_torch-q16-noiseless-REG-aerGPU-rand0-seed0/config.yaml
GPUs available to PyTorch: 1
Run failed: /work/qgan/data/train/times/amp-qml_torch-q16-noiseless-REG-aerGPU-rand0-seed0/config.yaml
   Error: TranspilerError: 'HighLevelSynthesis is unable to synthesize "state_preparation"'
   Traceback saved: /work/qgan/data/train/times/amp-qml_torch-q16-noiseless-REG-aerGPU-rand0-seed0/error_traceback.txt

Running: /work/qgan/data/train/times/amp-qml_torch-q16-noiseless-REG-aerGPU-rand1-seed0/config.yaml
GPUs available to PyTorch: 1
Run failed: /work/qgan/data/train/times/amp-qml_torch-q16-noiseless-REG-aerGPU-rand1-seed0/config.yaml
   Error: TranspilerError: 'HighLevelSynthesis is unable to synthesize "state_preparation"'
   Traceback saved: /work/qgan/data/train/times/amp-qml_torch-q16-noiseless-REG-aerGPU-rand1-seed0/error_traceback.txt

Running: /work/qgan/data/train/times/base-qml_torch-q4-noisy-SPSA-aerGPU-rand0-seed0/config.yaml
GPUs available to PyTorch: 1
Training data file created.
              Epoch |     Generator cost | Discriminator cost |               Eval |          Best eval |               Time |
                  0 |             -0.887 |             -0.286 |               3.59 |               3.59 |                 19 |
                  1 |             -0.899 |             -0.281 |               3.48 |               3.48 |               18.9 |
                  2 |             -0.906 |             -0.283 |                3.4 |                3.4 |               19.2 |
                  3 |             -0.907 |             -0.286 |               3.32 |               3.32 |               19.2 |
                  4 |             -0.878 |             -0.274 |               3.25 |               3.25 |                 20 |
Training complete: 
   Data path: /work/qgan/data/train/times/base-qml_torch-q4-noisy-SPSA-aerGPU-rand0-seed0 
   Best eval: 3.25287036157569 
   Total time: 96.24905228614807

Running: /work/qgan/data/train/times/base-qml_torch-q4-noisy-SPSA-aerGPU-rand1-seed0/config.yaml
GPUs available to PyTorch: 1
Training data file created.
              Epoch |     Generator cost | Discriminator cost |               Eval |          Best eval |               Time |
                  0 |             -0.325 |             -0.445 |               3.66 |               3.66 |               20.5 |
                  1 |             -0.432 |             -0.432 |               1.24 |               1.24 |                 21 |
                  2 |              -0.32 |             -0.474 |               2.05 |               1.24 |               20.5 |
                  3 |             -0.491 |             -0.555 |               1.91 |               1.24 |               21.2 |
                  4 |             -0.431 |              -0.52 |               4.42 |               1.24 |               20.5 |
Training complete: 
   Data path: /work/qgan/data/train/times/base-qml_torch-q4-noisy-SPSA-aerGPU-rand1-seed0 
   Best eval: 1.2444624333400816 
   Total time: 103.66394114494324

Running: /work/qgan/data/train/times/base-qml_torch-q8-noisy-SPSA-aerGPU-rand0-seed0/config.yaml
GPUs available to PyTorch: 1
Training data file created.
              Epoch |     Generator cost | Discriminator cost |               Eval |          Best eval |               Time |
                  0 |             -0.927 |             -0.286 |               6.46 |               6.46 |               20.8 |
                  1 |             -0.915 |             -0.277 |               6.55 |               6.46 |               21.1 |
                  2 |             -0.921 |             -0.267 |               6.53 |               6.46 |               21.1 |
                  3 |             -0.912 |              -0.27 |               6.67 |               6.46 |                 21 |
                  4 |             -0.903 |              -0.28 |               6.74 |               6.46 |               21.2 |
Training complete: 
   Data path: /work/qgan/data/train/times/base-qml_torch-q8-noisy-SPSA-aerGPU-rand0-seed0 
   Best eval: 6.464617202051485 
   Total time: 105.10661768913269

Running: /work/qgan/data/train/times/base-qml_torch-q8-noisy-SPSA-aerGPU-rand1-seed0/config.yaml
GPUs available to PyTorch: 1
Training data file created.
              Epoch |     Generator cost | Discriminator cost |               Eval |          Best eval |               Time |
                  0 |             -0.498 |             -0.491 |               4.09 |               4.09 |               21.4 |
                  1 |              -0.65 |             -0.472 |                  3 |                  3 |               20.8 |
                  2 |             -0.667 |             -0.487 |               3.11 |                  3 |               21.1 |
                  3 |             -0.636 |             -0.484 |               2.25 |               2.25 |               21.3 |
                  4 |             -0.467 |             -0.427 |               2.19 |               2.19 |               21.3 |
Training complete: 
   Data path: /work/qgan/data/train/times/base-qml_torch-q8-noisy-SPSA-aerGPU-rand1-seed0 
   Best eval: 2.1911595733471865 
   Total time: 105.88657760620117

Running: /work/qgan/data/train/times/base-qml_torch-q4-noisy-PSR-aerGPU-rand0-seed0/config.yaml
GPUs available to PyTorch: 1
Training data file created.
              Epoch |     Generator cost | Discriminator cost |               Eval |          Best eval |               Time |
                  0 |             -0.904 |             -0.291 |               4.06 |               4.06 |                250 |
                  1 |             -0.898 |             -0.281 |               3.72 |               3.72 |                251 |
                  2 |             -0.894 |             -0.292 |               3.59 |               3.59 |                252 |
                  3 |             -0.885 |             -0.275 |               3.52 |               3.52 |                252 |
                  4 |             -0.897 |             -0.281 |               3.47 |               3.47 |                251 |
Training complete: 
   Data path: /work/qgan/data/train/times/base-qml_torch-q4-noisy-PSR-aerGPU-rand0-seed0 
   Best eval: 3.4712832922652304 
   Total time: 1255.1477479934692

Running: /work/qgan/data/train/times/base-qml_torch-q4-noisy-PSR-aerGPU-rand1-seed0/config.yaml
GPUs available to PyTorch: 1
Training data file created.
              Epoch |     Generator cost | Discriminator cost |               Eval |          Best eval |               Time |
                  0 |             -0.341 |              -0.45 |               3.86 |               3.86 |                251 |
                  1 |             -0.438 |             -0.445 |               1.28 |               1.28 |                253 |
                  2 |             -0.322 |             -0.487 |                2.1 |               1.28 |                253 |
                  3 |              -0.51 |             -0.552 |               2.03 |               1.28 |                253 |
                  4 |             -0.452 |             -0.509 |               3.97 |               1.28 |                252 |
Training complete: 
   Data path: /work/qgan/data/train/times/base-qml_torch-q4-noisy-PSR-aerGPU-rand1-seed0 
   Best eval: 1.2777339046037552 
   Total time: 1262.4065098762512

Running: /work/qgan/data/train/times/base-qml_torch-q8-noisy-PSR-aerGPU-rand0-seed0/config.yaml
GPUs available to PyTorch: 1
Training data file created.
              Epoch |     Generator cost | Discriminator cost |               Eval |          Best eval |               Time |
                  0 |             -0.909 |             -0.276 |               6.39 |               6.39 |                479 |
                  1 |             -0.905 |             -0.285 |               6.43 |               6.39 |                481 |
                  2 |             -0.912 |             -0.276 |               6.44 |               6.39 |                481 |
                  3 |             -0.902 |             -0.274 |               6.51 |               6.39 |                475 |
                  4 |             -0.907 |             -0.282 |               6.56 |               6.39 |                462 |
Training complete: 
   Data path: /work/qgan/data/train/times/base-qml_torch-q8-noisy-PSR-aerGPU-rand0-seed0 
   Best eval: 6.386867159354176 
   Total time: 2377.5824308395386

Running: /work/qgan/data/train/times/base-qml_torch-q8-noisy-PSR-aerGPU-rand1-seed0/config.yaml
GPUs available to PyTorch: 1
Training data file created.
              Epoch |     Generator cost | Discriminator cost |               Eval |          Best eval |               Time |
                  0 |             -0.497 |             -0.493 |               4.12 |               4.12 |                462 |
                  1 |             -0.647 |             -0.483 |                  3 |                  3 |                462 |
                  2 |             -0.674 |             -0.482 |               3.11 |                  3 |                462 |

Interrupter: will stop after the current epoch. Press Ctrl+C again to force quit.
                  3 |             -0.649 |             -0.479 |               2.09 |               2.09 |                463 |
Interrupter: Graceful exit triggered. Breaking loop.
Training complete: 
   Data path: /work/qgan/data/train/times/base-qml_torch-q8-noisy-PSR-aerGPU-rand1-seed0 
   Best eval: 2.092660603848134 
   Total time: 1849.429138660431
Interrupter: battery execution stopped.
56 battery run(s) succeeded.
6 battery run(s) failed.
