Creating config files for qml_torch_rh_grad:
Configuration file written. Path: /work/qgan/data/train/base-qml_torch-q4-real-PSR-aerCPU-rand0-seed0/config.yaml

1 battery configuration files ready.

Running: /work/qgan/data/train/base-qml_torch-q4-real-PSR-aerCPU-rand0-seed0/config.yaml
Backend file created.
Training data file created.
              Epoch |     Generator cost | Discriminator cost |               Eval |          Best eval |               Time |
                  0 |             -0.108 |             -0.659 |               4.05 |               4.05 |                311 |
                  1 |             -0.114 |             -0.651 |               3.74 |               3.74 |                301 |
                  2 |              -0.11 |             -0.656 |               3.64 |               3.64 |                304 |
                  3 |             -0.111 |             -0.661 |               3.61 |               3.61 |                300 |
                  4 |             -0.116 |             -0.657 |               3.62 |               3.61 |                303 |
                  5 |             -0.137 |             -0.668 |                3.7 |               3.61 |                302 |
                  6 |             -0.121 |             -0.665 |               3.96 |               3.61 |                301 |
                  7 |             -0.122 |             -0.664 |               3.87 |               3.61 |                299 |
                  8 |             -0.125 |             -0.661 |               3.59 |               3.59 |                301 |
                  9 |             -0.136 |             -0.668 |               3.46 |               3.46 |                303 |
                 10 |             -0.139 |             -0.667 |               3.36 |               3.36 |                302 |
                 11 |             -0.141 |             -0.666 |               3.29 |               3.29 |                301 |
                 12 |             -0.133 |              -0.66 |               3.23 |               3.23 |                301 |
                 13 |             -0.141 |             -0.673 |               3.17 |               3.17 |                302 |
                 14 |             -0.151 |             -0.669 |               3.13 |               3.13 |                300 |
                 15 |             -0.159 |             -0.675 |                3.1 |                3.1 |                304 |
                 16 |             -0.163 |             -0.667 |               3.07 |               3.07 |                301 |
                 17 |             -0.163 |             -0.663 |               3.05 |               3.05 |                302 |
                 18 |             -0.164 |              -0.67 |               3.04 |               3.04 |                303 |
                 19 |             -0.163 |              -0.67 |               3.03 |               3.03 |                304 |
                 20 |             -0.172 |             -0.674 |               3.03 |               3.03 |                302 |
                 21 |             -0.174 |             -0.677 |               3.04 |               3.03 |                305 |
                 22 |             -0.176 |             -0.681 |               3.05 |               3.03 |                302 |
                 23 |             -0.195 |              -0.68 |               3.08 |               3.03 |                306 |
                 24 |             -0.184 |             -0.686 |               3.14 |               3.03 |                302 |
                 25 |             -0.191 |             -0.674 |               3.23 |               3.03 |                299 |
                 26 |             -0.189 |             -0.671 |               3.47 |               3.03 |                304 |
                 27 |             -0.203 |              -0.69 |               3.51 |               3.03 |                304 |
                 28 |             -0.193 |             -0.679 |                3.2 |               3.03 |                304 |
                 29 |             -0.209 |             -0.682 |               3.05 |               3.03 |                301 |
                 30 |             -0.207 |             -0.673 |               2.94 |               2.94 |                301 |
                 31 |             -0.211 |             -0.681 |               2.86 |               2.86 |                304 |
                 32 |             -0.226 |              -0.68 |               2.79 |               2.79 |                304 |
                 33 |             -0.218 |             -0.679 |               2.74 |               2.74 |                299 |
                 34 |             -0.234 |             -0.682 |               2.69 |               2.69 |                302 |
                 35 |             -0.233 |             -0.684 |               2.64 |               2.64 |                300 |
                 36 |             -0.237 |             -0.687 |               2.61 |               2.61 |                301 |
                 37 |             -0.241 |              -0.69 |               2.58 |               2.58 |                305 |
                 38 |             -0.247 |             -0.686 |               2.55 |               2.55 |                302 |
                 39 |             -0.258 |             -0.686 |               2.52 |               2.52 |                301 |
                 40 |             -0.248 |             -0.682 |               2.51 |               2.51 |                306 |
                 41 |             -0.265 |             -0.685 |               2.49 |               2.49 |                304 |
                 42 |             -0.263 |             -0.684 |               2.47 |               2.47 |                302 |
                 43 |             -0.269 |             -0.695 |               2.46 |               2.46 |                302 |
                 44 |             -0.267 |             -0.703 |               2.45 |               2.45 |                307 |
                 45 |             -0.258 |             -0.693 |               2.44 |               2.44 |                303 |
                 46 |             -0.271 |             -0.698 |               2.43 |               2.43 |                307 |
                 47 |             -0.281 |             -0.696 |               2.42 |               2.42 |                300 |
                 48 |              -0.27 |             -0.701 |               2.41 |               2.41 |                303 |
                 49 |             -0.277 |             -0.689 |               2.39 |               2.39 |                306 |
                 50 |              -0.29 |             -0.698 |               2.38 |               2.38 |                303 |
                 51 |             -0.289 |               -0.7 |               2.36 |               2.36 |                304 |
                 52 |             -0.291 |             -0.708 |               2.35 |               2.35 |                304 |
                 53 |             -0.297 |             -0.707 |               2.32 |               2.32 |                306 |
                 54 |             -0.292 |             -0.707 |                2.3 |                2.3 |                303 |
                 55 |             -0.302 |             -0.713 |               2.27 |               2.27 |                304 |
                 56 |             -0.299 |             -0.708 |               2.24 |               2.24 |                303 |
                 57 |             -0.306 |             -0.709 |                2.2 |                2.2 |                303 |
                 58 |             -0.303 |              -0.71 |               2.17 |               2.17 |                304 |
                 59 |             -0.304 |             -0.709 |               2.14 |               2.14 |                304 |
                 60 |             -0.305 |             -0.711 |                2.1 |                2.1 |                302 |
                 61 |             -0.312 |             -0.701 |               2.06 |               2.06 |                303 |
                 62 |             -0.318 |             -0.714 |               2.03 |               2.03 |                303 |
                 63 |             -0.325 |             -0.713 |               1.99 |               1.99 |                304 |
                 64 |             -0.321 |             -0.727 |               1.96 |               1.96 |                301 |
                 65 |             -0.325 |              -0.72 |               1.92 |               1.92 |                305 |
                 66 |             -0.315 |             -0.716 |               1.89 |               1.89 |                298 |
                 67 |             -0.343 |             -0.723 |               1.86 |               1.86 |                301 |
                 68 |             -0.328 |             -0.721 |               1.82 |               1.82 |                301 |
                 69 |             -0.316 |             -0.731 |               1.79 |               1.79 |                303 |
                 70 |             -0.328 |             -0.725 |               1.76 |               1.76 |                303 |
                 71 |             -0.325 |             -0.719 |               1.74 |               1.74 |                302 |
                 72 |             -0.326 |             -0.725 |               1.71 |               1.71 |                302 |
                 73 |             -0.337 |             -0.723 |               1.69 |               1.69 |                303 |
                 74 |             -0.346 |             -0.733 |               1.66 |               1.66 |                303 |
                 75 |             -0.348 |             -0.739 |               1.64 |               1.64 |                304 |
                 76 |             -0.336 |             -0.733 |               1.61 |               1.61 |                305 |
                 77 |             -0.335 |             -0.736 |               1.59 |               1.59 |                304 |
                 78 |             -0.339 |             -0.732 |               1.57 |               1.57 |                300 |
                 79 |             -0.339 |             -0.734 |               1.55 |               1.55 |                302 |
                 80 |             -0.336 |             -0.739 |               1.53 |               1.53 |                301 |
                 81 |             -0.354 |             -0.731 |               1.51 |               1.51 |                302 |
                 82 |             -0.347 |             -0.736 |               1.49 |               1.49 |                304 |
                 83 |             -0.356 |             -0.743 |               1.47 |               1.47 |                299 |
                 84 |             -0.352 |             -0.734 |               1.46 |               1.46 |                300 |
                 85 |             -0.353 |             -0.737 |               1.44 |               1.44 |                302 |
                 86 |             -0.366 |             -0.736 |               1.42 |               1.42 |                301 |
                 87 |             -0.387 |             -0.736 |               1.41 |               1.41 |                309 |
                 88 |             -0.363 |             -0.733 |                1.4 |                1.4 |                300 |
                 89 |             -0.377 |              -0.73 |               1.38 |               1.38 |                300 |
                 90 |              -0.37 |             -0.737 |               1.37 |               1.37 |                299 |
                 91 |             -0.383 |             -0.734 |               1.36 |               1.36 |                301 |
                 92 |             -0.386 |             -0.727 |               1.35 |               1.35 |                305 |
                 93 |              -0.39 |             -0.735 |               1.34 |               1.34 |                303 |
                 94 |             -0.395 |              -0.73 |               1.33 |               1.33 |                302 |
Training complete: 
   Data path: /work/qgan/data/train/base-qml_torch-q4-real-PSR-aerCPU-rand0-seed0 
   Best eval: 1.3287671969151982 
   Total time: 28750.938522338867
Run failed: /work/qgan/data/train/base-qml_torch-q4-real-PSR-aerCPU-rand0-seed0/config.yaml
   Error: QiskitMachineLearningError: "Estimator job failed. 'Unable to retrieve job result. Error code 1217; Session has been closed'"
   Traceback saved: /work/qgan/data/train/base-qml_torch-q4-real-PSR-aerCPU-rand0-seed0/error_traceback.txt
0 battery run(s) succeeded.
1 battery run(s) failed.
