Creating config files for runtime_packed_fake_real_q4_separate_amp:
Configuration file rewritten. Path: /work/qgan/data/train/amp-runtime_packed-separate-q4-fake_real-SPSA-aerCPU-rand0-seed0/config.yaml

1 battery configuration files ready.

Running: /work/qgan/data/train/amp-runtime_packed-separate-q4-fake_real-SPSA-aerCPU-rand0-seed0/config.yaml
Training data file created.
              Epoch |     Generator cost | Discriminator cost |               Eval |          Best eval |               Time |
                  0 |              -0.87 |             -0.246 |             0.0798 |             0.0798 |               47.7 |
                 10 |              -0.87 |             -0.254 |             0.0796 |             0.0796 |                475 |
                 20 |             -0.871 |             -0.241 |             0.0797 |             0.0796 |                475 |
                 30 |             -0.867 |             -0.241 |             0.0796 |             0.0795 |                476 |
                 40 |             -0.869 |             -0.248 |             0.0797 |             0.0795 |                476 |
                 50 |             -0.868 |              -0.24 |             0.0798 |             0.0795 |                476 |
                 60 |             -0.862 |             -0.255 |             0.0797 |             0.0795 |                476 |
                 70 |             -0.872 |              -0.25 |             0.0796 |             0.0795 |                477 |
                 80 |             -0.871 |             -0.237 |             0.0795 |             0.0795 |                476 |
                 90 |             -0.864 |             -0.255 |             0.0796 |             0.0795 |                476 |
                100 |             -0.867 |              -0.24 |             0.0798 |             0.0795 |                477 |
                110 |              -0.87 |             -0.245 |             0.0799 |             0.0795 |                475 |
                120 |             -0.873 |             -0.231 |             0.0801 |             0.0795 |                475 |
                130 |             -0.874 |             -0.249 |             0.0802 |             0.0795 |                476 |
                140 |             -0.867 |             -0.237 |             0.0801 |             0.0795 |                475 |
Training complete: 
   Data path: /work/qgan/data/train/amp-runtime_packed-separate-q4-fake_real-SPSA-aerCPU-rand0-seed0 
   Best eval: 0.07947408504770621 
   Total time: 7138.110762119293
1 battery run(s) succeeded.
