Creating config files for run_000:
Configuration file rewritten. Path: /work/qgan/data/train/ang-qml_torch-q8-noiseless-SPSA-aerCPU-rand1-seed0/config.yaml

Creating config files for run_001:
Configuration file rewritten. Path: /work/qgan/data/train/ang-qml_torch-q8-noiseless-SPSA-aerCPU-rand0.25-seed2/config.yaml

Creating config files for run_002:
Configuration file rewritten. Path: /work/qgan/data/train/ang-qml_torch-q8-noiseless-REG-aerCPU-rand0-seed1/config.yaml

Creating config files for run_003:
Configuration file rewritten. Path: /work/qgan/data/train/ang-qml_torch-q8-noiseless-REG-aerCPU-rand0.5-seed2/config.yaml

Creating config files for run_004:
Configuration file rewritten. Path: /work/qgan/data/train/ang-qml_torch-q4-noiseless-PSR-aerCPU-rand0.1-seed1/config.yaml

Creating config files for run_005:
Configuration file rewritten. Path: /work/qgan/data/train/ang-qml_torch-q4-noiseless-PSR-aerCPU-rand1-seed2/config.yaml

Creating config files for run_006:
Configuration file rewritten. Path: /work/qgan/data/train/base-qml_torch-q8-noiseless-SPSA-aerCPU-rand0.25-seed1/config.yaml

Creating config files for run_007:
Configuration file rewritten. Path: /work/qgan/data/train/base-qml_torch-q8-noiseless-REG-aerCPU-rand0-seed0/config.yaml

Creating config files for run_008:
Configuration file rewritten. Path: /work/qgan/data/train/base-qml_torch-q8-noiseless-REG-aerCPU-rand0.5-seed1/config.yaml

Creating config files for run_009:
Configuration file rewritten. Path: /work/qgan/data/train/amp-qml_torch-q4-noiseless-PSR-aerCPU-rand0.1-seed0/config.yaml

Creating config files for run_010:
Configuration file rewritten. Path: /work/qgan/data/train/amp-qml_torch-q4-noiseless-PSR-aerCPU-rand1-seed1/config.yaml

Creating config files for run_011:
Configuration file rewritten. Path: /work/qgan/data/train/amp-qml_torch-q4-noiseless-REG-aerCPU-rand0.25-seed0/config.yaml

Creating config files for run_012:
Configuration file rewritten. Path: /work/qgan/data/train/amp-qml_torch-q4-noiseless-REG-aerCPU-rand0-seed2/config.yaml

Creating config files for run_013:
Configuration file rewritten. Path: /work/qgan/data/train/base-qml_torch-q4-noiseless-PSR-aerCPU-rand0.5-seed0/config.yaml

Creating config files for run_014:
Configuration file rewritten. Path: /work/qgan/data/train/base-qml_torch-q4-noiseless-PSR-aerCPU-rand0.1-seed2/config.yaml

Creating config files for run_015:
Configuration file rewritten. Path: /work/qgan/data/train/base-qml_torch-q4-noiseless-SPSA-aerCPU-rand1-seed0/config.yaml

Creating config files for run_016:
Configuration file rewritten. Path: /work/qgan/data/train/base-qml_torch-q4-noiseless-SPSA-aerCPU-rand0.25-seed2/config.yaml

Creating config files for run_017:
Configuration file rewritten. Path: /work/qgan/data/train/amp-qml_torch-q4-noisy-PSR-aerCPU-rand0-seed1/config.yaml

Creating config files for run_018:
Configuration file rewritten. Path: /work/qgan/data/train/amp-qml_torch-q4-noisy-PSR-aerCPU-rand0.5-seed2/config.yaml

Creating config files for run_019:
Configuration file rewritten. Path: /work/qgan/data/train/base-qml_torch-q4-noisy-SPSA-aerCPU-rand0.1-seed1/config.yaml

Creating config files for run_020:
Configuration file rewritten. Path: /work/qgan/data/train/base-qml_torch-q4-noisy-SPSA-aerCPU-rand1-seed2/config.yaml

Creating config files for run_021:
Configuration file rewritten. Path: /work/qgan/data/train/ang-qml_torch-q4-noisy-SPSA-aerCPU-rand0.25-seed1/config.yaml

Creating config files for run_022:
Configuration file rewritten. Path: /work/qgan/data/train/amp-qml_torch-q4-noisy-SPSA-aerCPU-rand0-seed0/config.yaml

Creating config files for run_023:
Configuration file rewritten. Path: /work/qgan/data/train/amp-qml_torch-q4-noisy-SPSA-aerCPU-rand0.5-seed1/config.yaml

Creating config files for run_024:
Configuration file rewritten. Path: /work/qgan/data/train/ang-qml_torch-q8-noisy-SPSA-aerCPU-rand0.1-seed0/config.yaml

Creating config files for run_025:
Configuration file rewritten. Path: /work/qgan/data/train/ang-qml_torch-q8-noisy-SPSA-aerCPU-rand1-seed1/config.yaml

Creating config files for run_026:
Configuration file rewritten. Path: /work/qgan/data/train/base-qml_torch-q16-noiseless-REG-aerCPU-rand0.25-seed0/config.yaml

Creating config files for run_027:
Configuration file rewritten. Path: /work/qgan/data/train/base-qml_torch-q16-noiseless-REG-aerCPU-rand0-seed2/config.yaml

28 battery configuration files ready.

Running: /work/qgan/data/train/ang-qml_torch-q8-noiseless-SPSA-aerCPU-rand1-seed0/config.yaml
              Epoch |     Generator cost | Discriminator cost |               Eval |          Best eval |               Time |
Training complete: 
   Data path: /work/qgan/data/train/ang-qml_torch-q8-noiseless-SPSA-aerCPU-rand1-seed0 
   Best eval: 0.07662805914878845 
   Total time: 413.63896775245667

Running: /work/qgan/data/train/ang-qml_torch-q8-noiseless-SPSA-aerCPU-rand0.25-seed2/config.yaml
              Epoch |     Generator cost | Discriminator cost |               Eval |          Best eval |               Time |
Training complete: 
   Data path: /work/qgan/data/train/ang-qml_torch-q8-noiseless-SPSA-aerCPU-rand0.25-seed2 
   Best eval: 0.02771858312189579 
   Total time: 411.51831436157227

Running: /work/qgan/data/train/ang-qml_torch-q8-noiseless-REG-aerCPU-rand0-seed1/config.yaml
              Epoch |     Generator cost | Discriminator cost |               Eval |          Best eval |               Time |
Training complete: 
   Data path: /work/qgan/data/train/ang-qml_torch-q8-noiseless-REG-aerCPU-rand0-seed1 
   Best eval: 0.00011754842853406444 
   Total time: 6007.270731687546

Running: /work/qgan/data/train/ang-qml_torch-q8-noiseless-REG-aerCPU-rand0.5-seed2/config.yaml
Training data file created.
              Epoch |     Generator cost | Discriminator cost |               Eval |          Best eval |               Time |
                  0 |              -0.62 |             -0.605 |              0.114 |              0.114 |               5.04 |
                 10 |             -0.602 |             -0.578 |              0.176 |              0.114 |                 46 |
                 20 |             -0.728 |             -0.615 |              0.174 |              0.114 |               45.3 |
                 30 |             -0.658 |             -0.639 |              0.117 |              0.114 |               45.8 |
                 40 |             -0.725 |             -0.664 |              0.312 |              0.114 |               45.6 |
                 50 |             -0.653 |             -0.621 |              0.176 |              0.114 |               45.4 |
                 60 |             -0.692 |             -0.593 |              0.247 |              0.114 |               46.1 |
                 70 |             -0.754 |             -0.632 |               0.22 |              0.114 |               47.8 |
                 80 |              -0.83 |             -0.582 |              0.225 |              0.114 |               46.5 |
                 90 |             -0.733 |             -0.612 |              0.201 |              0.114 |               46.3 |
                100 |             -0.603 |             -0.612 |               0.24 |              0.114 |               44.9 |
                110 |             -0.699 |             -0.607 |              0.216 |              0.114 |                 46 |
                120 |             -0.714 |             -0.629 |               0.24 |              0.114 |               45.6 |
                130 |             -0.745 |              -0.58 |              0.255 |              0.114 |               44.2 |
                140 |             -0.766 |             -0.613 |              0.255 |              0.114 |               45.2 |
                150 |             -0.756 |             -0.598 |              0.279 |              0.114 |               45.1 |
                160 |             -0.713 |             -0.616 |              0.221 |              0.114 |                 44 |
                170 |             -0.677 |              -0.64 |              0.177 |              0.114 |               45.1 |
                180 |             -0.721 |             -0.619 |              0.266 |              0.114 |               45.4 |
                190 |             -0.695 |             -0.629 |              0.327 |              0.114 |               44.2 |
                200 |             -0.678 |             -0.654 |              0.209 |              0.114 |                 45 |
                210 |             -0.849 |             -0.649 |              0.238 |              0.114 |               45.9 |
                220 |             -0.697 |             -0.666 |              0.252 |              0.114 |               45.8 |
                230 |             -0.728 |             -0.632 |              0.331 |              0.114 |                 46 |
                240 |             -0.639 |             -0.638 |              0.238 |              0.114 |               45.6 |
                250 |              -0.67 |             -0.626 |              0.187 |              0.114 |               45.1 |
                260 |             -0.606 |             -0.678 |              0.254 |               0.11 |               44.5 |
                270 |             -0.666 |             -0.655 |              0.275 |               0.11 |               45.9 |
                280 |             -0.639 |             -0.626 |              0.239 |               0.11 |               46.3 |
                290 |             -0.621 |              -0.67 |              0.201 |               0.11 |               45.1 |
                300 |             -0.643 |             -0.642 |              0.183 |               0.11 |               44.4 |
                310 |             -0.765 |             -0.638 |              0.182 |               0.11 |               45.4 |
                320 |             -0.655 |             -0.653 |              0.256 |               0.11 |               45.9 |
                330 |             -0.594 |             -0.652 |               0.26 |               0.11 |               45.7 |
                340 |             -0.554 |             -0.649 |              0.194 |               0.11 |               45.5 |
                350 |              -0.59 |             -0.697 |              0.174 |               0.11 |               46.7 |
                360 |             -0.618 |             -0.691 |               0.27 |               0.11 |               45.3 |
                370 |             -0.605 |             -0.673 |               0.22 |               0.11 |               45.2 |
                380 |             -0.644 |             -0.626 |              0.186 |               0.11 |               44.5 |
                390 |             -0.542 |             -0.676 |              0.207 |               0.11 |               45.6 |
                400 |             -0.642 |             -0.651 |              0.214 |               0.11 |               45.6 |
                410 |             -0.588 |             -0.659 |               0.27 |             0.0897 |               47.1 |
                420 |             -0.611 |              -0.65 |                0.2 |             0.0897 |               44.8 |
                430 |             -0.625 |             -0.669 |              0.189 |             0.0897 |                 45 |
                440 |             -0.581 |             -0.665 |               0.19 |             0.0897 |               45.5 |
                450 |             -0.554 |             -0.664 |              0.218 |             0.0897 |               46.1 |
                460 |             -0.602 |             -0.708 |              0.255 |             0.0897 |               46.3 |
                470 |              -0.55 |             -0.671 |              0.312 |             0.0897 |               45.6 |
                480 |             -0.556 |             -0.698 |              0.185 |             0.0897 |               45.4 |
                490 |             -0.621 |             -0.636 |              0.197 |             0.0897 |               46.5 |
                500 |             -0.511 |               -0.7 |              0.222 |             0.0897 |               46.1 |
                510 |             -0.627 |              -0.69 |              0.251 |             0.0897 |               45.9 |
                520 |             -0.532 |             -0.696 |              0.186 |             0.0897 |               46.4 |
                530 |             -0.578 |             -0.678 |              0.296 |             0.0897 |               45.9 |
                540 |             -0.534 |             -0.683 |              0.216 |             0.0897 |                 46 |
                550 |             -0.594 |             -0.721 |              0.298 |             0.0897 |               47.2 |
                560 |             -0.593 |              -0.65 |              0.229 |             0.0897 |               45.7 |
                570 |             -0.629 |             -0.725 |              0.226 |             0.0897 |               45.5 |
                580 |             -0.661 |             -0.699 |              0.284 |             0.0897 |               45.6 |
                590 |             -0.553 |             -0.704 |              0.205 |             0.0897 |               45.9 |
                600 |             -0.522 |             -0.736 |              0.201 |             0.0897 |               46.3 |
                610 |              -0.51 |             -0.652 |              0.198 |             0.0897 |                 46 |
                620 |             -0.593 |             -0.721 |               0.19 |             0.0897 |               45.4 |
                630 |             -0.577 |             -0.689 |              0.231 |             0.0897 |               45.8 |
                640 |             -0.542 |              -0.66 |              0.299 |             0.0897 |               46.3 |
                650 |             -0.558 |               -0.7 |                0.2 |             0.0897 |               45.4 |
                660 |             -0.587 |             -0.715 |              0.155 |             0.0897 |               45.8 |
                670 |             -0.629 |               -0.7 |              0.189 |             0.0897 |               47.2 |
                680 |             -0.585 |             -0.686 |              0.209 |             0.0897 |                 46 |
                690 |             -0.564 |             -0.715 |              0.134 |             0.0897 |               45.6 |
                700 |             -0.659 |             -0.686 |              0.283 |             0.0897 |               45.5 |
                710 |             -0.563 |             -0.699 |              0.204 |             0.0897 |               45.5 |
                720 |             -0.557 |             -0.704 |              0.166 |             0.0897 |               46.5 |
                730 |             -0.548 |             -0.718 |              0.148 |             0.0897 |               46.3 |
                740 |             -0.651 |             -0.713 |              0.215 |             0.0897 |               45.8 |
                750 |             -0.614 |             -0.687 |              0.163 |             0.0897 |               45.9 |
                760 |             -0.575 |             -0.709 |              0.232 |             0.0897 |               45.5 |
                770 |             -0.615 |             -0.687 |              0.125 |             0.0897 |               46.6 |
                780 |             -0.585 |             -0.677 |               0.27 |             0.0897 |               45.7 |
                790 |             -0.544 |             -0.679 |              0.126 |             0.0897 |               45.4 |
                800 |             -0.527 |              -0.68 |              0.168 |             0.0897 |               45.2 |
                810 |             -0.653 |             -0.614 |              0.169 |             0.0897 |               45.5 |
                820 |             -0.585 |             -0.731 |               0.24 |             0.0862 |               46.7 |
                830 |             -0.562 |             -0.692 |               0.18 |             0.0862 |               45.3 |
                840 |             -0.562 |              -0.73 |              0.177 |             0.0862 |               45.4 |
                850 |             -0.616 |             -0.666 |              0.277 |             0.0862 |               47.2 |
                860 |             -0.622 |             -0.715 |              0.193 |             0.0862 |               45.7 |
                870 |             -0.581 |             -0.661 |               0.14 |             0.0862 |               45.3 |
                880 |             -0.562 |              -0.69 |               0.18 |             0.0862 |               45.4 |
                890 |             -0.549 |             -0.641 |              0.194 |             0.0862 |               46.2 |
                900 |             -0.572 |             -0.695 |              0.199 |             0.0862 |               46.3 |
                910 |             -0.609 |             -0.637 |              0.167 |             0.0862 |               45.3 |
                920 |             -0.573 |             -0.669 |              0.139 |             0.0862 |                 46 |
                930 |              -0.63 |             -0.673 |              0.165 |             0.0862 |               46.2 |
                940 |             -0.596 |             -0.657 |              0.157 |             0.0862 |               45.5 |
                950 |             -0.703 |             -0.647 |              0.125 |             0.0862 |               45.8 |
                960 |             -0.578 |             -0.695 |              0.204 |             0.0862 |               45.6 |
                970 |             -0.624 |             -0.686 |              0.166 |             0.0862 |               45.6 |
                980 |             -0.609 |             -0.667 |              0.162 |             0.0862 |               46.4 |
                990 |             -0.669 |             -0.674 |                0.2 |             0.0862 |               47.1 |
Training complete: 
   Data path: /work/qgan/data/train/ang-qml_torch-q8-noiseless-REG-aerCPU-rand0.5-seed2 
   Best eval: 0.08620987087488174 
   Total time: 4575.607624053955

Running: /work/qgan/data/train/ang-qml_torch-q4-noiseless-PSR-aerCPU-rand0.1-seed1/config.yaml
              Epoch |     Generator cost | Discriminator cost |               Eval |          Best eval |               Time |
Training complete: 
   Data path: /work/qgan/data/train/ang-qml_torch-q4-noiseless-PSR-aerCPU-rand0.1-seed1 
   Best eval: -0.0 
   Total time: 2682.7985677719116

Running: /work/qgan/data/train/ang-qml_torch-q4-noiseless-PSR-aerCPU-rand1-seed2/config.yaml
              Epoch |     Generator cost | Discriminator cost |               Eval |          Best eval |               Time |
Training complete: 
   Data path: /work/qgan/data/train/ang-qml_torch-q4-noiseless-PSR-aerCPU-rand1-seed2 
   Best eval: 0.06941817700862885 
   Total time: 2413.917708158493

Running: /work/qgan/data/train/base-qml_torch-q8-noiseless-SPSA-aerCPU-rand0.25-seed1/config.yaml
              Epoch |     Generator cost | Discriminator cost |               Eval |          Best eval |               Time |
Training complete: 
   Data path: /work/qgan/data/train/base-qml_torch-q8-noiseless-SPSA-aerCPU-rand0.25-seed1 
   Best eval: 1.9696602665051337 
   Total time: 27.106932640075684

Running: /work/qgan/data/train/base-qml_torch-q8-noiseless-REG-aerCPU-rand0-seed0/config.yaml
              Epoch |     Generator cost | Discriminator cost |               Eval |          Best eval |               Time |
Training complete: 
   Data path: /work/qgan/data/train/base-qml_torch-q8-noiseless-REG-aerCPU-rand0-seed0 
   Best eval: 1.1864990649449068 
   Total time: 780.5913679599762

Running: /work/qgan/data/train/base-qml_torch-q8-noiseless-REG-aerCPU-rand0.5-seed1/config.yaml
              Epoch |     Generator cost | Discriminator cost |               Eval |          Best eval |               Time |
Training complete: 
   Data path: /work/qgan/data/train/base-qml_torch-q8-noiseless-REG-aerCPU-rand0.5-seed1 
   Best eval: 1.3371093534393383 
   Total time: 720.0044364929199

Running: /work/qgan/data/train/amp-qml_torch-q4-noiseless-PSR-aerCPU-rand0.1-seed0/config.yaml
              Epoch |     Generator cost | Discriminator cost |               Eval |          Best eval |               Time |
Training complete: 
   Data path: /work/qgan/data/train/amp-qml_torch-q4-noiseless-PSR-aerCPU-rand0.1-seed0 
   Best eval: 0.021586069215624098 
   Total time: 935.2283737659454

Running: /work/qgan/data/train/amp-qml_torch-q4-noiseless-PSR-aerCPU-rand1-seed1/config.yaml
Training data file created.
              Epoch |     Generator cost | Discriminator cost |               Eval |          Best eval |               Time |
                  0 |             -0.577 |             -0.375 |             0.0509 |             0.0509 |               1.09 |
                 10 |             -0.577 |             -0.406 |            0.00911 |            0.00911 |               10.6 |
                 20 |             -0.492 |             -0.486 |             0.0182 |            0.00911 |               10.4 |
                 30 |             -0.553 |             -0.492 |             0.0306 |            0.00911 |               10.3 |
                 40 |             -0.497 |             -0.464 |             0.0404 |            0.00911 |               9.79 |
                 50 |             -0.489 |               -0.5 |             0.0288 |            0.00911 |               9.83 |
                 60 |             -0.492 |             -0.551 |             0.0499 |            0.00911 |               9.97 |
                 70 |             -0.643 |             -0.561 |             0.0513 |            0.00911 |               9.77 |
                 80 |             -0.335 |             -0.585 |             0.0532 |            0.00911 |                9.8 |
                 90 |             -0.368 |             -0.547 |             0.0192 |            0.00911 |               9.75 |
                100 |             -0.475 |             -0.649 |             0.0491 |            0.00911 |               9.81 |
                110 |              -0.46 |             -0.622 |             0.0354 |            0.00911 |               9.99 |
                120 |             -0.614 |             -0.599 |             0.0666 |            0.00911 |                 10 |
                130 |             -0.431 |             -0.652 |             0.0456 |            0.00911 |               9.54 |
                140 |             -0.447 |             -0.767 |             0.0764 |            0.00911 |               9.59 |
                150 |             -0.557 |             -0.719 |             0.0323 |            0.00911 |               9.54 |
                160 |             -0.391 |             -0.743 |             0.0407 |            0.00911 |               9.56 |
                170 |             -0.398 |             -0.808 |             0.0393 |            0.00911 |               9.59 |
                180 |             -0.541 |             -0.743 |             0.0459 |            0.00911 |                9.7 |
                190 |             -0.705 |             -0.732 |             0.0654 |            0.00911 |                9.5 |
                200 |             -0.653 |              -0.69 |             0.0622 |            0.00911 |               9.48 |
                210 |             -0.788 |             -0.717 |             0.0306 |            0.00911 |               9.48 |
                220 |             -0.632 |             -0.718 |             0.0411 |            0.00911 |                9.5 |
                230 |             -0.449 |             -0.818 |             0.0597 |            0.00911 |               9.72 |
                240 |             -0.362 |             -0.667 |             0.0679 |            0.00911 |                9.5 |
                250 |             -0.517 |             -0.793 |             0.0448 |            0.00911 |               9.48 |
                260 |             -0.604 |             -0.747 |              0.072 |            0.00798 |               9.72 |
                270 |             -0.691 |             -0.842 |             0.0409 |            0.00798 |               9.86 |
                280 |             -0.496 |             -0.706 |             0.0207 |            0.00798 |               9.55 |
                290 |               -0.5 |             -0.768 |             0.0572 |            0.00798 |               9.69 |
                300 |             -0.295 |              -0.73 |             0.0382 |            0.00798 |               9.51 |
                310 |             -0.465 |             -0.674 |              0.045 |            0.00798 |               9.55 |
                320 |               -0.5 |             -0.666 |             0.0623 |            0.00798 |               9.53 |
                330 |              -0.47 |             -0.755 |             0.0355 |            0.00798 |               9.52 |
                340 |              -0.52 |             -0.766 |             0.0313 |            0.00798 |               9.65 |
                350 |             -0.515 |             -0.684 |             0.0645 |            0.00798 |               9.54 |
                360 |             -0.522 |             -0.683 |             0.0606 |            0.00798 |               9.55 |
                370 |             -0.371 |             -0.859 |             0.0409 |            0.00798 |               9.56 |
                380 |             -0.284 |             -0.786 |             0.0474 |            0.00798 |               9.56 |
                390 |             -0.576 |             -0.735 |             0.0462 |            0.00798 |               9.55 |
                400 |             -0.531 |              -0.84 |             0.0686 |            0.00798 |                9.8 |
                410 |             -0.613 |             -0.846 |              0.033 |            0.00798 |                9.6 |
                420 |             -0.457 |             -0.785 |             0.0343 |            0.00798 |               9.63 |
                430 |             -0.547 |             -0.768 |             0.0493 |            0.00798 |               9.64 |
                440 |             -0.374 |             -0.626 |             0.0491 |            0.00798 |               9.64 |
                450 |              -0.41 |             -0.715 |             0.0176 |            0.00798 |               9.81 |
                460 |             -0.583 |             -0.674 |             0.0475 |            0.00798 |               9.57 |
                470 |             -0.479 |             -0.825 |             0.0515 |            0.00798 |               9.55 |
                480 |             -0.533 |             -0.659 |             0.0652 |            0.00798 |               9.59 |
                490 |             -0.504 |             -0.861 |             0.0268 |            0.00798 |               9.55 |
                500 |             -0.655 |             -0.782 |             0.0431 |            0.00798 |               9.59 |
                510 |             -0.612 |             -0.757 |             0.0541 |            0.00798 |               9.64 |
                520 |              -0.21 |             -0.739 |             0.0489 |            0.00798 |               9.54 |
                530 |             -0.274 |             -0.781 |             0.0541 |            0.00798 |               9.62 |
                540 |             -0.633 |             -0.724 |              0.059 |            0.00798 |               9.58 |
                550 |             -0.383 |             -0.739 |             0.0422 |            0.00798 |               9.55 |
                560 |             -0.502 |             -0.715 |             0.0723 |            0.00798 |                9.6 |
                570 |             -0.477 |             -0.679 |             0.0478 |            0.00798 |               9.72 |
                580 |             -0.484 |             -0.689 |             0.0626 |            0.00798 |               9.55 |
                590 |             -0.549 |             -0.802 |             0.0521 |            0.00798 |               9.56 |
                600 |              -0.34 |             -0.806 |             0.0519 |            0.00798 |               9.77 |
                610 |             -0.319 |              -0.68 |             0.0413 |            0.00798 |               10.2 |
                620 |             -0.639 |             -0.831 |             0.0749 |            0.00798 |               10.4 |
                630 |              -0.23 |             -0.789 |             0.0549 |            0.00798 |               10.2 |
                640 |             -0.482 |             -0.734 |             0.0572 |            0.00798 |               9.56 |
                650 |             -0.375 |             -0.689 |              0.053 |            0.00798 |               9.59 |
                660 |             -0.584 |              -0.74 |             0.0254 |            0.00798 |               9.53 |
                670 |             -0.558 |             -0.779 |             0.0564 |            0.00798 |                9.6 |
                680 |             -0.506 |              -0.75 |             0.0572 |            0.00798 |               9.76 |
                690 |              -0.31 |              -0.73 |             0.0708 |            0.00798 |               9.53 |
                700 |              -0.27 |             -0.621 |             0.0427 |            0.00798 |               9.54 |
                710 |             -0.664 |             -0.732 |               0.03 |            0.00798 |               9.56 |
                720 |             -0.344 |             -0.736 |             0.0535 |            0.00798 |               9.63 |
                730 |             -0.659 |             -0.748 |             0.0422 |            0.00798 |               9.78 |
                740 |             -0.454 |             -0.853 |             0.0629 |            0.00472 |               9.56 |
                750 |             -0.443 |             -0.765 |             0.0472 |            0.00472 |               9.52 |
                760 |             -0.204 |             -0.861 |             0.0528 |            0.00472 |               9.64 |
                770 |             -0.483 |             -0.657 |             0.0573 |            0.00472 |               9.65 |
                780 |             -0.521 |             -0.666 |             0.0759 |            0.00472 |               9.59 |
                790 |             -0.454 |             -0.869 |             0.0341 |            0.00472 |               9.74 |
                800 |             -0.653 |              -0.72 |             0.0185 |            0.00472 |               9.53 |
                810 |             -0.676 |             -0.806 |             0.0298 |            0.00472 |               9.52 |
                820 |             -0.277 |             -0.746 |             0.0395 |            0.00472 |               9.51 |
                830 |             -0.631 |             -0.661 |             0.0439 |            0.00472 |               9.52 |
                840 |             -0.652 |             -0.808 |             0.0599 |            0.00472 |               9.75 |
                850 |              -0.43 |             -0.708 |             0.0533 |            0.00472 |               9.55 |
                860 |             -0.445 |             -0.713 |             0.0347 |            0.00472 |               9.56 |
                870 |             -0.744 |             -0.841 |              0.071 |            0.00472 |               9.53 |
                880 |             -0.632 |             -0.695 |             0.0553 |            0.00472 |               9.68 |
                890 |             -0.586 |             -0.661 |             0.0702 |            0.00472 |               9.59 |
                900 |             -0.555 |             -0.769 |              0.059 |            0.00472 |               9.69 |
                910 |             -0.555 |              -0.74 |             0.0415 |            0.00472 |               9.53 |
                920 |               -0.7 |             -0.791 |             0.0497 |            0.00472 |               9.48 |
                930 |             -0.262 |             -0.778 |             0.0705 |            0.00472 |               9.67 |
                940 |             -0.343 |             -0.626 |             0.0609 |            0.00472 |               9.59 |
                950 |             -0.512 |              -0.75 |             0.0287 |            0.00472 |               9.57 |
                960 |             -0.343 |             -0.864 |             0.0313 |            0.00472 |               9.71 |
                970 |             -0.481 |             -0.704 |             0.0574 |            0.00472 |               9.59 |
                980 |             -0.325 |             -0.758 |              0.043 |            0.00472 |               9.59 |
                990 |             -0.353 |             -0.776 |               0.04 |            0.00472 |               9.56 |
Training complete: 
   Data path: /work/qgan/data/train/amp-qml_torch-q4-noiseless-PSR-aerCPU-rand1-seed1 
   Best eval: 0.004717996291332767 
   Total time: 966.709953546524

Running: /work/qgan/data/train/amp-qml_torch-q4-noiseless-REG-aerCPU-rand0.25-seed0/config.yaml
Training data file created.
              Epoch |     Generator cost | Discriminator cost |               Eval |          Best eval |               Time |
                  0 |             -0.513 |             -0.384 |             0.0318 |             0.0318 |              0.452 |
                 10 |             -0.557 |             -0.382 |             0.0287 |             0.0183 |               3.51 |
                 20 |             -0.508 |             -0.417 |             0.0416 |             0.0183 |                3.7 |
                 30 |             -0.543 |             -0.384 |             0.0251 |             0.0183 |                3.7 |
                 40 |             -0.499 |             -0.355 |             0.0521 |             0.0183 |               3.47 |
                 50 |             -0.624 |              -0.39 |             0.0472 |             0.0183 |               3.73 |
                 60 |             -0.632 |             -0.369 |             0.0415 |             0.0183 |               3.45 |
                 70 |             -0.652 |             -0.351 |             0.0761 |             0.0183 |               3.74 |
                 80 |             -0.738 |              -0.39 |             0.0735 |             0.0183 |               3.46 |
                 90 |              -0.65 |             -0.412 |             0.0587 |             0.0183 |               3.71 |
                100 |             -0.681 |             -0.431 |             0.0573 |             0.0183 |               3.73 |
                110 |             -0.777 |             -0.437 |             0.0662 |             0.0183 |               3.48 |
                120 |             -0.738 |              -0.49 |             0.0685 |             0.0183 |               3.72 |
                130 |             -0.758 |             -0.502 |             0.0387 |             0.0183 |               3.46 |
                140 |             -0.808 |             -0.524 |             0.0599 |             0.0183 |                3.7 |
                150 |             -0.785 |             -0.517 |             0.0526 |             0.0183 |               3.72 |
                160 |             -0.822 |             -0.515 |             0.0512 |             0.0183 |               3.49 |
                170 |             -0.815 |             -0.543 |             0.0378 |             0.0183 |               3.72 |
                180 |              -0.73 |             -0.567 |             0.0295 |             0.0183 |               3.47 |
                190 |             -0.772 |             -0.563 |             0.0435 |             0.0183 |                3.7 |
                200 |             -0.776 |             -0.562 |             0.0372 |             0.0183 |               3.74 |
                210 |             -0.766 |             -0.568 |             0.0293 |             0.0183 |               3.48 |
                220 |             -0.751 |             -0.572 |              0.028 |             0.0183 |               3.71 |
                230 |             -0.763 |             -0.587 |             0.0273 |             0.0183 |               3.46 |
                240 |             -0.733 |             -0.599 |             0.0387 |             0.0183 |               3.71 |
                250 |             -0.723 |             -0.589 |             0.0349 |             0.0183 |               3.44 |
                260 |             -0.683 |             -0.634 |             0.0387 |             0.0183 |               3.73 |
                270 |             -0.728 |             -0.599 |             0.0292 |             0.0183 |               3.74 |
                280 |             -0.713 |             -0.607 |             0.0414 |             0.0148 |               3.47 |
                290 |             -0.794 |             -0.586 |              0.013 |              0.013 |               3.74 |
                300 |             -0.771 |             -0.579 |             0.0155 |             0.0125 |               3.48 |
                310 |             -0.802 |             -0.565 |             0.0207 |             0.0124 |               3.73 |
                320 |             -0.788 |             -0.552 |             0.0185 |             0.0124 |               3.71 |
                330 |             -0.798 |              -0.53 |             0.0235 |             0.0124 |               3.46 |
                340 |             -0.802 |             -0.562 |              0.038 |             0.0124 |               3.71 |
                350 |             -0.805 |             -0.531 |             0.0231 |             0.0124 |               3.46 |
                360 |             -0.834 |             -0.525 |             0.0274 |             0.0121 |               3.72 |
                370 |             -0.822 |             -0.538 |             0.0301 |             0.0121 |               3.72 |
                380 |             -0.798 |             -0.514 |             0.0344 |             0.0121 |               3.46 |
                390 |             -0.829 |             -0.525 |              0.025 |             0.0121 |               3.72 |
                400 |             -0.824 |             -0.538 |             0.0326 |             0.0121 |               3.48 |
                410 |             -0.842 |             -0.551 |             0.0193 |              0.011 |               3.73 |
                420 |             -0.819 |             -0.554 |            0.00775 |            0.00775 |               3.44 |
                430 |             -0.862 |             -0.548 |             0.0211 |            0.00775 |               3.71 |
                440 |             -0.871 |              -0.54 |             0.0237 |            0.00775 |               3.72 |
                450 |             -0.851 |             -0.551 |             0.0229 |            0.00775 |               3.48 |
                460 |             -0.819 |             -0.535 |             0.0114 |            0.00718 |               3.75 |
                470 |             -0.819 |              -0.53 |             0.0261 |             0.0066 |               3.48 |
                480 |              -0.85 |             -0.522 |             0.0293 |             0.0066 |                3.7 |
                490 |             -0.874 |             -0.549 |             0.0088 |             0.0066 |               3.72 |
                500 |             -0.881 |             -0.543 |             0.0157 |            0.00482 |               3.47 |
                510 |              -0.84 |             -0.536 |             0.0141 |            0.00482 |               3.72 |
                520 |             -0.866 |             -0.531 |            0.00244 |            0.00244 |               3.46 |
                530 |             -0.888 |             -0.543 |              0.012 |            0.00244 |               3.72 |
                540 |             -0.866 |             -0.541 |             0.0231 |            0.00244 |               3.73 |
                550 |               -0.9 |             -0.541 |             0.0191 |            0.00244 |               3.46 |
                560 |             -0.879 |             -0.527 |             0.0245 |            0.00244 |               3.71 |
                570 |              -0.85 |             -0.541 |             0.0117 |            0.00244 |               3.47 |
                580 |             -0.877 |              -0.52 |             0.0172 |            0.00197 |               3.72 |
                590 |             -0.903 |             -0.537 |             0.0356 |            0.00197 |               3.46 |
                600 |             -0.915 |             -0.551 |             0.0153 |           0.000505 |               3.73 |
                610 |             -0.903 |             -0.544 |            0.00351 |           0.000505 |               3.74 |
                620 |             -0.876 |             -0.552 |            0.00942 |           0.000505 |               3.46 |
                630 |             -0.883 |             -0.528 |            0.00234 |           0.000505 |               3.73 |
                640 |             -0.885 |             -0.516 |           0.000245 |           0.000245 |               3.47 |
                650 |             -0.894 |             -0.539 |            0.00773 |           0.000245 |               3.73 |
                660 |             -0.882 |              -0.53 |             0.0162 |           0.000245 |               3.71 |
                670 |             -0.901 |             -0.516 |            0.00305 |           0.000245 |               3.48 |
                680 |             -0.882 |              -0.53 |             0.0146 |           0.000245 |               3.73 |
                690 |             -0.904 |             -0.539 |             0.0173 |           0.000245 |               3.47 |
                700 |             -0.865 |             -0.539 |             0.0132 |           0.000245 |               3.73 |
                710 |               -0.9 |             -0.535 |           0.000638 |           0.000245 |               3.76 |
                720 |             -0.919 |             -0.526 |             0.0119 |           0.000245 |               3.51 |
                730 |             -0.932 |             -0.521 |             0.0106 |           0.000245 |               3.74 |
                740 |             -0.917 |             -0.528 |             0.0232 |           0.000245 |               3.48 |
                750 |             -0.861 |             -0.541 |            0.00903 |           0.000245 |               3.75 |
                760 |             -0.889 |             -0.523 |             0.0195 |           0.000245 |               3.49 |
                770 |             -0.883 |             -0.537 |              0.019 |           0.000245 |               3.76 |
                780 |             -0.886 |             -0.517 |            0.00892 |           0.000245 |               3.73 |
                790 |             -0.859 |             -0.541 |             0.0291 |           0.000245 |                3.5 |
                800 |             -0.947 |             -0.516 |            0.00332 |                 -0 |               3.72 |
                810 |             -0.879 |             -0.536 |            0.00256 |                 -0 |               3.49 |
                820 |               -0.9 |             -0.562 |            0.00502 |                 -0 |               3.73 |
                830 |             -0.901 |             -0.538 |               0.02 |                 -0 |               3.74 |
                840 |             -0.885 |             -0.503 |            0.00501 |                 -0 |               3.48 |
                850 |              -0.91 |             -0.563 |            0.00323 |                 -0 |               3.75 |
                860 |             -0.906 |             -0.529 |            0.00978 |                 -0 |               3.48 |
                870 |              -0.91 |             -0.523 |             0.0285 |                 -0 |               3.72 |
                880 |              -0.86 |             -0.559 |            0.00738 |                 -0 |               3.74 |
                890 |             -0.915 |              -0.55 |            0.00675 |                 -0 |               3.47 |
                900 |             -0.875 |             -0.561 |            0.00376 |                 -0 |               3.73 |
                910 |             -0.895 |             -0.533 |             0.0183 |                 -0 |               3.46 |
                920 |             -0.908 |             -0.547 |             0.0199 |                 -0 |               3.74 |
                930 |             -0.927 |             -0.542 |             0.0203 |                 -0 |                3.5 |
                940 |             -0.881 |             -0.534 |              0.015 |                 -0 |               3.72 |
                950 |             -0.911 |             -0.553 |            0.00831 |                 -0 |               3.73 |
                960 |             -0.945 |             -0.536 |             0.0237 |                 -0 |               3.48 |
                970 |             -0.913 |             -0.549 |             0.0198 |                 -0 |               3.73 |
                980 |             -0.857 |             -0.541 |             0.0164 |                 -0 |               3.49 |
                990 |             -0.854 |             -0.515 |              0.013 |                 -0 |               3.73 |
Training complete: 
   Data path: /work/qgan/data/train/amp-qml_torch-q4-noiseless-REG-aerCPU-rand0.25-seed0 
   Best eval: -0.0 
   Total time: 362.3268048763275

Running: /work/qgan/data/train/amp-qml_torch-q4-noiseless-REG-aerCPU-rand0-seed2/config.yaml
              Epoch |     Generator cost | Discriminator cost |               Eval |          Best eval |               Time |
Training complete: 
   Data path: /work/qgan/data/train/amp-qml_torch-q4-noiseless-REG-aerCPU-rand0-seed2 
   Best eval: 0.006406557989268389 
   Total time: 338.4668023586273

Running: /work/qgan/data/train/base-qml_torch-q4-noiseless-PSR-aerCPU-rand0.5-seed0/config.yaml
              Epoch |     Generator cost | Discriminator cost |               Eval |          Best eval |               Time |
Training complete: 
   Data path: /work/qgan/data/train/base-qml_torch-q4-noiseless-PSR-aerCPU-rand0.5-seed0 
   Best eval: 0.3594406730532753 
   Total time: 224.5206561088562

Running: /work/qgan/data/train/base-qml_torch-q4-noiseless-PSR-aerCPU-rand0.1-seed2/config.yaml
              Epoch |     Generator cost | Discriminator cost |               Eval |          Best eval |               Time |
Training complete: 
   Data path: /work/qgan/data/train/base-qml_torch-q4-noiseless-PSR-aerCPU-rand0.1-seed2 
   Best eval: 0.14058245714272666 
   Total time: 236.78479719161987

Running: /work/qgan/data/train/base-qml_torch-q4-noiseless-SPSA-aerCPU-rand1-seed0/config.yaml
              Epoch |     Generator cost | Discriminator cost |               Eval |          Best eval |               Time |
Training complete: 
   Data path: /work/qgan/data/train/base-qml_torch-q4-noiseless-SPSA-aerCPU-rand1-seed0 
   Best eval: 0.18345888443667607 
   Total time: 16.631089687347412

Running: /work/qgan/data/train/base-qml_torch-q4-noiseless-SPSA-aerCPU-rand0.25-seed2/config.yaml
              Epoch |     Generator cost | Discriminator cost |               Eval |          Best eval |               Time |
Training complete: 
   Data path: /work/qgan/data/train/base-qml_torch-q4-noiseless-SPSA-aerCPU-rand0.25-seed2 
   Best eval: 0.3154518681649891 
   Total time: 16.56805181503296

Running: /work/qgan/data/train/amp-qml_torch-q4-noisy-PSR-aerCPU-rand0-seed1/config.yaml
Training data file created.
              Epoch |     Generator cost | Discriminator cost |               Eval |          Best eval |               Time |
                  0 |             -0.787 |             -0.245 |             0.0778 |             0.0778 |           1.07e+03 |
                 10 |             -0.806 |             -0.285 |             0.0784 |             0.0778 |           1.08e+04 |
                 20 |             -0.814 |             -0.284 |             0.0788 |             0.0778 |           1.08e+04 |
                 30 |             -0.841 |               -0.3 |             0.0803 |             0.0778 |           1.07e+04 |
