Creating config files for qml_torch_noiseless:
Configuration file already exists. Path: /work/qgan_v4/data/train/base-qml_torch-q4-noiseless-PSR-aerCPU-rand0-seed0/config.yaml
Configuration file already exists. Path: /work/qgan_v4/data/train/base-qml_torch-q4-noiseless-PSR-aerCPU-rand0.1-seed0/config.yaml
Configuration file already exists. Path: /work/qgan_v4/data/train/base-qml_torch-q4-noiseless-PSR-aerCPU-rand0-seed1/config.yaml
Configuration file already exists. Path: /work/qgan_v4/data/train/base-qml_torch-q4-noiseless-PSR-aerCPU-rand0.1-seed1/config.yaml
Configuration file already exists. Path: /work/qgan_v4/data/train/base-qml_torch-q4-noiseless-PSR-aerCPU-rand0-seed2/config.yaml
Configuration file already exists. Path: /work/qgan_v4/data/train/base-qml_torch-q4-noiseless-PSR-aerCPU-rand0.1-seed2/config.yaml
Configuration file already exists. Path: /work/qgan_v4/data/train/base-qml_torch-q4-noiseless-SPSA-aerCPU-rand0-seed0/config.yaml
Configuration file already exists. Path: /work/qgan_v4/data/train/base-qml_torch-q4-noiseless-SPSA-aerCPU-rand0.1-seed0/config.yaml
Configuration file already exists. Path: /work/qgan_v4/data/train/base-qml_torch-q4-noiseless-SPSA-aerCPU-rand0-seed1/config.yaml
Configuration file already exists. Path: /work/qgan_v4/data/train/base-qml_torch-q4-noiseless-SPSA-aerCPU-rand0.1-seed1/config.yaml
Configuration file already exists. Path: /work/qgan_v4/data/train/base-qml_torch-q4-noiseless-SPSA-aerCPU-rand0-seed2/config.yaml
Configuration file already exists. Path: /work/qgan_v4/data/train/base-qml_torch-q4-noiseless-SPSA-aerCPU-rand0.1-seed2/config.yaml
Configuration file already exists. Path: /work/qgan_v4/data/train/base-qml_torch-q4-noiseless-REG-aerCPU-rand0-seed0/config.yaml
Configuration file already exists. Path: /work/qgan_v4/data/train/base-qml_torch-q4-noiseless-REG-aerCPU-rand0.1-seed0/config.yaml
Configuration file already exists. Path: /work/qgan_v4/data/train/base-qml_torch-q4-noiseless-REG-aerCPU-rand0-seed1/config.yaml
Configuration file already exists. Path: /work/qgan_v4/data/train/base-qml_torch-q4-noiseless-REG-aerCPU-rand0.1-seed1/config.yaml
Configuration file already exists. Path: /work/qgan_v4/data/train/base-qml_torch-q4-noiseless-REG-aerCPU-rand0-seed2/config.yaml
Configuration file already exists. Path: /work/qgan_v4/data/train/base-qml_torch-q4-noiseless-REG-aerCPU-rand0.1-seed2/config.yaml
Configuration file already exists. Path: /work/qgan_v4/data/train/ang-qml_torch-q4-noiseless-PSR-aerCPU-rand0-seed0/config.yaml
Configuration file already exists. Path: /work/qgan_v4/data/train/ang-qml_torch-q4-noiseless-PSR-aerCPU-rand0.1-seed0/config.yaml
Configuration file already exists. Path: /work/qgan_v4/data/train/ang-qml_torch-q4-noiseless-PSR-aerCPU-rand0-seed1/config.yaml
Configuration file already exists. Path: /work/qgan_v4/data/train/ang-qml_torch-q4-noiseless-PSR-aerCPU-rand0.1-seed1/config.yaml
Configuration file already exists. Path: /work/qgan_v4/data/train/ang-qml_torch-q4-noiseless-PSR-aerCPU-rand0-seed2/config.yaml
Configuration file already exists. Path: /work/qgan_v4/data/train/ang-qml_torch-q4-noiseless-PSR-aerCPU-rand0.1-seed2/config.yaml
Configuration file already exists. Path: /work/qgan_v4/data/train/ang-qml_torch-q4-noiseless-SPSA-aerCPU-rand0-seed0/config.yaml
Configuration file already exists. Path: /work/qgan_v4/data/train/ang-qml_torch-q4-noiseless-SPSA-aerCPU-rand0.1-seed0/config.yaml
Configuration file already exists. Path: /work/qgan_v4/data/train/ang-qml_torch-q4-noiseless-SPSA-aerCPU-rand0-seed1/config.yaml
Configuration file already exists. Path: /work/qgan_v4/data/train/ang-qml_torch-q4-noiseless-SPSA-aerCPU-rand0.1-seed1/config.yaml
Configuration file already exists. Path: /work/qgan_v4/data/train/ang-qml_torch-q4-noiseless-SPSA-aerCPU-rand0-seed2/config.yaml
Configuration file already exists. Path: /work/qgan_v4/data/train/ang-qml_torch-q4-noiseless-SPSA-aerCPU-rand0.1-seed2/config.yaml
Configuration file already exists. Path: /work/qgan_v4/data/train/ang-qml_torch-q4-noiseless-REG-aerCPU-rand0-seed0/config.yaml
Configuration file already exists. Path: /work/qgan_v4/data/train/ang-qml_torch-q4-noiseless-REG-aerCPU-rand0.1-seed0/config.yaml
Configuration file already exists. Path: /work/qgan_v4/data/train/ang-qml_torch-q4-noiseless-REG-aerCPU-rand0-seed1/config.yaml
Configuration file already exists. Path: /work/qgan_v4/data/train/ang-qml_torch-q4-noiseless-REG-aerCPU-rand0.1-seed1/config.yaml
Configuration file already exists. Path: /work/qgan_v4/data/train/ang-qml_torch-q4-noiseless-REG-aerCPU-rand0-seed2/config.yaml
Configuration file already exists. Path: /work/qgan_v4/data/train/ang-qml_torch-q4-noiseless-REG-aerCPU-rand0.1-seed2/config.yaml
Configuration file already exists. Path: /work/qgan_v4/data/train/amp-qml_torch-q4-noiseless-PSR-aerCPU-rand0-seed0/config.yaml
Configuration file already exists. Path: /work/qgan_v4/data/train/amp-qml_torch-q4-noiseless-PSR-aerCPU-rand0.1-seed0/config.yaml
Configuration file already exists. Path: /work/qgan_v4/data/train/amp-qml_torch-q4-noiseless-PSR-aerCPU-rand0-seed1/config.yaml
Configuration file already exists. Path: /work/qgan_v4/data/train/amp-qml_torch-q4-noiseless-PSR-aerCPU-rand0.1-seed1/config.yaml
Configuration file already exists. Path: /work/qgan_v4/data/train/amp-qml_torch-q4-noiseless-PSR-aerCPU-rand0-seed2/config.yaml
Configuration file already exists. Path: /work/qgan_v4/data/train/amp-qml_torch-q4-noiseless-PSR-aerCPU-rand0.1-seed2/config.yaml
Configuration file already exists. Path: /work/qgan_v4/data/train/amp-qml_torch-q4-noiseless-SPSA-aerCPU-rand0-seed0/config.yaml
Configuration file already exists. Path: /work/qgan_v4/data/train/amp-qml_torch-q4-noiseless-SPSA-aerCPU-rand0.1-seed0/config.yaml
Configuration file already exists. Path: /work/qgan_v4/data/train/amp-qml_torch-q4-noiseless-SPSA-aerCPU-rand0-seed1/config.yaml
Configuration file already exists. Path: /work/qgan_v4/data/train/amp-qml_torch-q4-noiseless-SPSA-aerCPU-rand0.1-seed1/config.yaml
Configuration file already exists. Path: /work/qgan_v4/data/train/amp-qml_torch-q4-noiseless-SPSA-aerCPU-rand0-seed2/config.yaml
Configuration file already exists. Path: /work/qgan_v4/data/train/amp-qml_torch-q4-noiseless-SPSA-aerCPU-rand0.1-seed2/config.yaml
Configuration file already exists. Path: /work/qgan_v4/data/train/amp-qml_torch-q4-noiseless-REG-aerCPU-rand0-seed0/config.yaml
Configuration file already exists. Path: /work/qgan_v4/data/train/amp-qml_torch-q4-noiseless-REG-aerCPU-rand0.1-seed0/config.yaml
Configuration file already exists. Path: /work/qgan_v4/data/train/amp-qml_torch-q4-noiseless-REG-aerCPU-rand0-seed1/config.yaml
Configuration file already exists. Path: /work/qgan_v4/data/train/amp-qml_torch-q4-noiseless-REG-aerCPU-rand0.1-seed1/config.yaml
Configuration file already exists. Path: /work/qgan_v4/data/train/amp-qml_torch-q4-noiseless-REG-aerCPU-rand0-seed2/config.yaml
Configuration file already exists. Path: /work/qgan_v4/data/train/amp-qml_torch-q4-noiseless-REG-aerCPU-rand0.1-seed2/config.yaml

Creating config files for qml_torch_noisy:
Configuration file already exists. Path: /work/qgan_v4/data/train/base-qml_torch-q4-noisy-SPSA-aerCPU-rand0-seed0/config.yaml
Configuration file already exists. Path: /work/qgan_v4/data/train/base-qml_torch-q4-noisy-SPSA-aerCPU-rand0.1-seed0/config.yaml
Configuration file already exists. Path: /work/qgan_v4/data/train/base-qml_torch-q4-noisy-SPSA-aerCPU-rand0-seed1/config.yaml
Configuration file already exists. Path: /work/qgan_v4/data/train/base-qml_torch-q4-noisy-SPSA-aerCPU-rand0.1-seed1/config.yaml
Configuration file already exists. Path: /work/qgan_v4/data/train/base-qml_torch-q4-noisy-SPSA-aerCPU-rand0-seed2/config.yaml
Configuration file already exists. Path: /work/qgan_v4/data/train/base-qml_torch-q4-noisy-SPSA-aerCPU-rand0.1-seed2/config.yaml
Configuration file already exists. Path: /work/qgan_v4/data/train/ang-qml_torch-q4-noisy-SPSA-aerCPU-rand0-seed0/config.yaml
Configuration file already exists. Path: /work/qgan_v4/data/train/ang-qml_torch-q4-noisy-SPSA-aerCPU-rand0.1-seed0/config.yaml
Configuration file already exists. Path: /work/qgan_v4/data/train/ang-qml_torch-q4-noisy-SPSA-aerCPU-rand0-seed1/config.yaml
Configuration file already exists. Path: /work/qgan_v4/data/train/ang-qml_torch-q4-noisy-SPSA-aerCPU-rand0.1-seed1/config.yaml
Configuration file already exists. Path: /work/qgan_v4/data/train/ang-qml_torch-q4-noisy-SPSA-aerCPU-rand0-seed2/config.yaml
Configuration file already exists. Path: /work/qgan_v4/data/train/ang-qml_torch-q4-noisy-SPSA-aerCPU-rand0.1-seed2/config.yaml
Configuration file already exists. Path: /work/qgan_v4/data/train/amp-qml_torch-q4-noisy-SPSA-aerCPU-rand0-seed0/config.yaml
Configuration file already exists. Path: /work/qgan_v4/data/train/amp-qml_torch-q4-noisy-SPSA-aerCPU-rand0.1-seed0/config.yaml
Configuration file already exists. Path: /work/qgan_v4/data/train/amp-qml_torch-q4-noisy-SPSA-aerCPU-rand0-seed1/config.yaml
Configuration file already exists. Path: /work/qgan_v4/data/train/amp-qml_torch-q4-noisy-SPSA-aerCPU-rand0.1-seed1/config.yaml
Configuration file already exists. Path: /work/qgan_v4/data/train/amp-qml_torch-q4-noisy-SPSA-aerCPU-rand0-seed2/config.yaml
Configuration file already exists. Path: /work/qgan_v4/data/train/amp-qml_torch-q4-noisy-SPSA-aerCPU-rand0.1-seed2/config.yaml

72 battery configuration files ready.

Running: /work/qgan_v4/data/train/base-qml_torch-q4-noiseless-PSR-aerCPU-rand0-seed0/config.yaml
              Epoch |     Generator cost | Discriminator cost |               Eval |          Best eval |               Time |
Training complete: 
   Data path: /work/qgan_v4/data/train/base-qml_torch-q4-noiseless-PSR-aerCPU-rand0-seed0 
   Best eval: 0.030029362583253144 
   Total time: 230.682599067688

Running: /work/qgan_v4/data/train/base-qml_torch-q4-noiseless-PSR-aerCPU-rand0.1-seed0/config.yaml
              Epoch |     Generator cost | Discriminator cost |               Eval |          Best eval |               Time |
Training complete: 
   Data path: /work/qgan_v4/data/train/base-qml_torch-q4-noiseless-PSR-aerCPU-rand0.1-seed0 
   Best eval: 0.010651926471313883 
   Total time: 235.62977027893066

Running: /work/qgan_v4/data/train/base-qml_torch-q4-noiseless-PSR-aerCPU-rand0-seed1/config.yaml
              Epoch |     Generator cost | Discriminator cost |               Eval |          Best eval |               Time |
Training complete: 
   Data path: /work/qgan_v4/data/train/base-qml_torch-q4-noiseless-PSR-aerCPU-rand0-seed1 
   Best eval: 0.02356149992205936 
   Total time: 231.49863386154175

Running: /work/qgan_v4/data/train/base-qml_torch-q4-noiseless-PSR-aerCPU-rand0.1-seed1/config.yaml
              Epoch |     Generator cost | Discriminator cost |               Eval |          Best eval |               Time |
Training complete: 
   Data path: /work/qgan_v4/data/train/base-qml_torch-q4-noiseless-PSR-aerCPU-rand0.1-seed1 
   Best eval: 0.2814810084153481 
   Total time: 236.3329255580902

Running: /work/qgan_v4/data/train/base-qml_torch-q4-noiseless-PSR-aerCPU-rand0-seed2/config.yaml
              Epoch |     Generator cost | Discriminator cost |               Eval |          Best eval |               Time |
Training complete: 
   Data path: /work/qgan_v4/data/train/base-qml_torch-q4-noiseless-PSR-aerCPU-rand0-seed2 
   Best eval: 0.006243420604958055 
   Total time: 231.23085641860962

Running: /work/qgan_v4/data/train/base-qml_torch-q4-noiseless-PSR-aerCPU-rand0.1-seed2/config.yaml
              Epoch |     Generator cost | Discriminator cost |               Eval |          Best eval |               Time |
Training complete: 
   Data path: /work/qgan_v4/data/train/base-qml_torch-q4-noiseless-PSR-aerCPU-rand0.1-seed2 
   Best eval: 0.14058245714272666 
   Total time: 236.78479719161987

Running: /work/qgan_v4/data/train/base-qml_torch-q4-noiseless-SPSA-aerCPU-rand0-seed0/config.yaml
              Epoch |     Generator cost | Discriminator cost |               Eval |          Best eval |               Time |
Training complete: 
   Data path: /work/qgan_v4/data/train/base-qml_torch-q4-noiseless-SPSA-aerCPU-rand0-seed0 
   Best eval: 2.1219741718974454 
   Total time: 17.322895765304565

Running: /work/qgan_v4/data/train/base-qml_torch-q4-noiseless-SPSA-aerCPU-rand0.1-seed0/config.yaml
              Epoch |     Generator cost | Discriminator cost |               Eval |          Best eval |               Time |
Training complete: 
   Data path: /work/qgan_v4/data/train/base-qml_torch-q4-noiseless-SPSA-aerCPU-rand0.1-seed0 
   Best eval: 1.2026274958142367 
   Total time: 17.98263430595398

Running: /work/qgan_v4/data/train/base-qml_torch-q4-noiseless-SPSA-aerCPU-rand0-seed1/config.yaml
              Epoch |     Generator cost | Discriminator cost |               Eval |          Best eval |               Time |
Training complete: 
   Data path: /work/qgan_v4/data/train/base-qml_torch-q4-noiseless-SPSA-aerCPU-rand0-seed1 
   Best eval: 2.609908192375396 
   Total time: 17.39880394935608

Running: /work/qgan_v4/data/train/base-qml_torch-q4-noiseless-SPSA-aerCPU-rand0.1-seed1/config.yaml
              Epoch |     Generator cost | Discriminator cost |               Eval |          Best eval |               Time |
Training complete: 
   Data path: /work/qgan_v4/data/train/base-qml_torch-q4-noiseless-SPSA-aerCPU-rand0.1-seed1 
   Best eval: 1.6396665227024805 
   Total time: 18.029388666152954

Running: /work/qgan_v4/data/train/base-qml_torch-q4-noiseless-SPSA-aerCPU-rand0-seed2/config.yaml
              Epoch |     Generator cost | Discriminator cost |               Eval |          Best eval |               Time |
Training complete: 
   Data path: /work/qgan_v4/data/train/base-qml_torch-q4-noiseless-SPSA-aerCPU-rand0-seed2 
   Best eval: 3.287063167943513 
   Total time: 17.389567375183105

Running: /work/qgan_v4/data/train/base-qml_torch-q4-noiseless-SPSA-aerCPU-rand0.1-seed2/config.yaml
              Epoch |     Generator cost | Discriminator cost |               Eval |          Best eval |               Time |
Training complete: 
   Data path: /work/qgan_v4/data/train/base-qml_torch-q4-noiseless-SPSA-aerCPU-rand0.1-seed2 
   Best eval: 1.7345702113092127 
   Total time: 18.042015314102173

Running: /work/qgan_v4/data/train/base-qml_torch-q4-noiseless-REG-aerCPU-rand0-seed0/config.yaml
              Epoch |     Generator cost | Discriminator cost |               Eval |          Best eval |               Time |
Training complete: 
   Data path: /work/qgan_v4/data/train/base-qml_torch-q4-noiseless-REG-aerCPU-rand0-seed0 
   Best eval: 0.05970192186316298 
   Total time: 88.09816813468933

Running: /work/qgan_v4/data/train/base-qml_torch-q4-noiseless-REG-aerCPU-rand0.1-seed0/config.yaml
              Epoch |     Generator cost | Discriminator cost |               Eval |          Best eval |               Time |
Training complete: 
   Data path: /work/qgan_v4/data/train/base-qml_torch-q4-noiseless-REG-aerCPU-rand0.1-seed0 
   Best eval: 0.005809960932847386 
   Total time: 89.94545602798462

Running: /work/qgan_v4/data/train/base-qml_torch-q4-noiseless-REG-aerCPU-rand0-seed1/config.yaml
              Epoch |     Generator cost | Discriminator cost |               Eval |          Best eval |               Time |
Training complete: 
   Data path: /work/qgan_v4/data/train/base-qml_torch-q4-noiseless-REG-aerCPU-rand0-seed1 
   Best eval: 0.052741173144040976 
   Total time: 89.0452892780304

Running: /work/qgan_v4/data/train/base-qml_torch-q4-noiseless-REG-aerCPU-rand0.1-seed1/config.yaml
              Epoch |     Generator cost | Discriminator cost |               Eval |          Best eval |               Time |
Training complete: 
   Data path: /work/qgan_v4/data/train/base-qml_torch-q4-noiseless-REG-aerCPU-rand0.1-seed1 
   Best eval: 0.01083077665024143 
   Total time: 90.7177300453186

Running: /work/qgan_v4/data/train/base-qml_torch-q4-noiseless-REG-aerCPU-rand0-seed2/config.yaml
              Epoch |     Generator cost | Discriminator cost |               Eval |          Best eval |               Time |
Training complete: 
   Data path: /work/qgan_v4/data/train/base-qml_torch-q4-noiseless-REG-aerCPU-rand0-seed2 
   Best eval: 0.0012138125964342716 
   Total time: 88.73275804519653

Running: /work/qgan_v4/data/train/base-qml_torch-q4-noiseless-REG-aerCPU-rand0.1-seed2/config.yaml
              Epoch |     Generator cost | Discriminator cost |               Eval |          Best eval |               Time |
Training complete: 
   Data path: /work/qgan_v4/data/train/base-qml_torch-q4-noiseless-REG-aerCPU-rand0.1-seed2 
   Best eval: 0.036377327634683126 
   Total time: 90.26302433013916

Running: /work/qgan_v4/data/train/ang-qml_torch-q4-noiseless-PSR-aerCPU-rand0-seed0/config.yaml
              Epoch |     Generator cost | Discriminator cost |               Eval |          Best eval |               Time |
Training complete: 
   Data path: /work/qgan_v4/data/train/ang-qml_torch-q4-noiseless-PSR-aerCPU-rand0-seed0 
   Best eval: -0.0 
   Total time: 2716.3326091766357

Running: /work/qgan_v4/data/train/ang-qml_torch-q4-noiseless-PSR-aerCPU-rand0.1-seed0/config.yaml
              Epoch |     Generator cost | Discriminator cost |               Eval |          Best eval |               Time |
Training complete: 
   Data path: /work/qgan_v4/data/train/ang-qml_torch-q4-noiseless-PSR-aerCPU-rand0.1-seed0 
   Best eval: -0.0 
   Total time: 2727.44722366333

Running: /work/qgan_v4/data/train/ang-qml_torch-q4-noiseless-PSR-aerCPU-rand0-seed1/config.yaml
              Epoch |     Generator cost | Discriminator cost |               Eval |          Best eval |               Time |
Training complete: 
   Data path: /work/qgan_v4/data/train/ang-qml_torch-q4-noiseless-PSR-aerCPU-rand0-seed1 
   Best eval: -0.0 
   Total time: 2700.010246992111

Running: /work/qgan_v4/data/train/ang-qml_torch-q4-noiseless-PSR-aerCPU-rand0.1-seed1/config.yaml
              Epoch |     Generator cost | Discriminator cost |               Eval |          Best eval |               Time |
Training complete: 
   Data path: /work/qgan_v4/data/train/ang-qml_torch-q4-noiseless-PSR-aerCPU-rand0.1-seed1 
   Best eval: -0.0 
   Total time: 2682.7985677719116

Running: /work/qgan_v4/data/train/ang-qml_torch-q4-noiseless-PSR-aerCPU-rand0-seed2/config.yaml
              Epoch |     Generator cost | Discriminator cost |               Eval |          Best eval |               Time |
Training complete: 
   Data path: /work/qgan_v4/data/train/ang-qml_torch-q4-noiseless-PSR-aerCPU-rand0-seed2 
   Best eval: -0.0 
   Total time: 2405.1618967056274

Running: /work/qgan_v4/data/train/ang-qml_torch-q4-noiseless-PSR-aerCPU-rand0.1-seed2/config.yaml
              Epoch |     Generator cost | Discriminator cost |               Eval |          Best eval |               Time |
Training complete: 
   Data path: /work/qgan_v4/data/train/ang-qml_torch-q4-noiseless-PSR-aerCPU-rand0.1-seed2 
   Best eval: -0.0 
   Total time: 2425.925708770752

Running: /work/qgan_v4/data/train/ang-qml_torch-q4-noiseless-SPSA-aerCPU-rand0-seed0/config.yaml
              Epoch |     Generator cost | Discriminator cost |               Eval |          Best eval |               Time |
Training complete: 
   Data path: /work/qgan_v4/data/train/ang-qml_torch-q4-noiseless-SPSA-aerCPU-rand0-seed0 
   Best eval: -0.0 
   Total time: 1578.4506595134735

Running: /work/qgan_v4/data/train/ang-qml_torch-q4-noiseless-SPSA-aerCPU-rand0.1-seed0/config.yaml
              Epoch |     Generator cost | Discriminator cost |               Eval |          Best eval |               Time |
Training complete: 
   Data path: /work/qgan_v4/data/train/ang-qml_torch-q4-noiseless-SPSA-aerCPU-rand0.1-seed0 
   Best eval: -0.0 
   Total time: 1580.4383461475372

Running: /work/qgan_v4/data/train/ang-qml_torch-q4-noiseless-SPSA-aerCPU-rand0-seed1/config.yaml
              Epoch |     Generator cost | Discriminator cost |               Eval |          Best eval |               Time |
Training complete: 
   Data path: /work/qgan_v4/data/train/ang-qml_torch-q4-noiseless-SPSA-aerCPU-rand0-seed1 
   Best eval: -0.0 
   Total time: 1578.325660943985

Running: /work/qgan_v4/data/train/ang-qml_torch-q4-noiseless-SPSA-aerCPU-rand0.1-seed1/config.yaml
              Epoch |     Generator cost | Discriminator cost |               Eval |          Best eval |               Time |
Training complete: 
   Data path: /work/qgan_v4/data/train/ang-qml_torch-q4-noiseless-SPSA-aerCPU-rand0.1-seed1 
   Best eval: -0.0 
   Total time: 1580.329675912857

Running: /work/qgan_v4/data/train/ang-qml_torch-q4-noiseless-SPSA-aerCPU-rand0-seed2/config.yaml
              Epoch |     Generator cost | Discriminator cost |               Eval |          Best eval |               Time |
Training complete: 
   Data path: /work/qgan_v4/data/train/ang-qml_torch-q4-noiseless-SPSA-aerCPU-rand0-seed2 
   Best eval: 0.0006389208137989044 
   Total time: 1578.6877615451813

Running: /work/qgan_v4/data/train/ang-qml_torch-q4-noiseless-SPSA-aerCPU-rand0.1-seed2/config.yaml
              Epoch |     Generator cost | Discriminator cost |               Eval |          Best eval |               Time |
Training complete: 
   Data path: /work/qgan_v4/data/train/ang-qml_torch-q4-noiseless-SPSA-aerCPU-rand0.1-seed2 
   Best eval: -0.0 
   Total time: 1580.2774357795715

Running: /work/qgan_v4/data/train/ang-qml_torch-q4-noiseless-REG-aerCPU-rand0-seed0/config.yaml
              Epoch |     Generator cost | Discriminator cost |               Eval |          Best eval |               Time |
Training complete: 
   Data path: /work/qgan_v4/data/train/ang-qml_torch-q4-noiseless-REG-aerCPU-rand0-seed0 
   Best eval: -0.0 
   Total time: 1843.3261840343475

Running: /work/qgan_v4/data/train/ang-qml_torch-q4-noiseless-REG-aerCPU-rand0.1-seed0/config.yaml
              Epoch |     Generator cost | Discriminator cost |               Eval |          Best eval |               Time |
Training complete: 
   Data path: /work/qgan_v4/data/train/ang-qml_torch-q4-noiseless-REG-aerCPU-rand0.1-seed0 
   Best eval: -0.0 
   Total time: 1847.6736752986908

Running: /work/qgan_v4/data/train/ang-qml_torch-q4-noiseless-REG-aerCPU-rand0-seed1/config.yaml
              Epoch |     Generator cost | Discriminator cost |               Eval |          Best eval |               Time |
Training complete: 
   Data path: /work/qgan_v4/data/train/ang-qml_torch-q4-noiseless-REG-aerCPU-rand0-seed1 
   Best eval: -0.0 
   Total time: 1843.1195912361145

Running: /work/qgan_v4/data/train/ang-qml_torch-q4-noiseless-REG-aerCPU-rand0.1-seed1/config.yaml
              Epoch |     Generator cost | Discriminator cost |               Eval |          Best eval |               Time |
Training complete: 
   Data path: /work/qgan_v4/data/train/ang-qml_torch-q4-noiseless-REG-aerCPU-rand0.1-seed1 
   Best eval: -0.0 
   Total time: 1847.677018404007

Running: /work/qgan_v4/data/train/ang-qml_torch-q4-noiseless-REG-aerCPU-rand0-seed2/config.yaml
              Epoch |     Generator cost | Discriminator cost |               Eval |          Best eval |               Time |
Training complete: 
   Data path: /work/qgan_v4/data/train/ang-qml_torch-q4-noiseless-REG-aerCPU-rand0-seed2 
   Best eval: -0.0 
   Total time: 1841.0770881175995

Running: /work/qgan_v4/data/train/ang-qml_torch-q4-noiseless-REG-aerCPU-rand0.1-seed2/config.yaml
              Epoch |     Generator cost | Discriminator cost |               Eval |          Best eval |               Time |
Training complete: 
   Data path: /work/qgan_v4/data/train/ang-qml_torch-q4-noiseless-REG-aerCPU-rand0.1-seed2 
   Best eval: -0.0 
   Total time: 1845.1370477676392

Running: /work/qgan_v4/data/train/amp-qml_torch-q4-noiseless-PSR-aerCPU-rand0-seed0/config.yaml
              Epoch |     Generator cost | Discriminator cost |               Eval |          Best eval |               Time |
Training complete: 
   Data path: /work/qgan_v4/data/train/amp-qml_torch-q4-noiseless-PSR-aerCPU-rand0-seed0 
   Best eval: 0.01722801708234104 
   Total time: 915.0876030921936

Running: /work/qgan_v4/data/train/amp-qml_torch-q4-noiseless-PSR-aerCPU-rand0.1-seed0/config.yaml
              Epoch |     Generator cost | Discriminator cost |               Eval |          Best eval |               Time |
Training complete: 
   Data path: /work/qgan_v4/data/train/amp-qml_torch-q4-noiseless-PSR-aerCPU-rand0.1-seed0 
   Best eval: 0.021586069215624098 
   Total time: 935.2283737659454

Running: /work/qgan_v4/data/train/amp-qml_torch-q4-noiseless-PSR-aerCPU-rand0-seed1/config.yaml
              Epoch |     Generator cost | Discriminator cost |               Eval |          Best eval |               Time |
Training complete: 
   Data path: /work/qgan_v4/data/train/amp-qml_torch-q4-noiseless-PSR-aerCPU-rand0-seed1 
   Best eval: 0.009257595755188766 
   Total time: 914.1217963695526

Running: /work/qgan_v4/data/train/amp-qml_torch-q4-noiseless-PSR-aerCPU-rand0.1-seed1/config.yaml
              Epoch |     Generator cost | Discriminator cost |               Eval |          Best eval |               Time |
Training complete: 
   Data path: /work/qgan_v4/data/train/amp-qml_torch-q4-noiseless-PSR-aerCPU-rand0.1-seed1 
   Best eval: 0.015343977916881711 
   Total time: 935.6202547550201

Running: /work/qgan_v4/data/train/amp-qml_torch-q4-noiseless-PSR-aerCPU-rand0-seed2/config.yaml
              Epoch |     Generator cost | Discriminator cost |               Eval |          Best eval |               Time |
Training complete: 
   Data path: /work/qgan_v4/data/train/amp-qml_torch-q4-noiseless-PSR-aerCPU-rand0-seed2 
   Best eval: 0.006468473879911324 
   Total time: 914.3075778484344

Running: /work/qgan_v4/data/train/amp-qml_torch-q4-noiseless-PSR-aerCPU-rand0.1-seed2/config.yaml
              Epoch |     Generator cost | Discriminator cost |               Eval |          Best eval |               Time |
Training complete: 
   Data path: /work/qgan_v4/data/train/amp-qml_torch-q4-noiseless-PSR-aerCPU-rand0.1-seed2 
   Best eval: 0.0033322914803136697 
   Total time: 932.9872741699219

Running: /work/qgan_v4/data/train/amp-qml_torch-q4-noiseless-SPSA-aerCPU-rand0-seed0/config.yaml
              Epoch |     Generator cost | Discriminator cost |               Eval |          Best eval |               Time |
Training complete: 
   Data path: /work/qgan_v4/data/train/amp-qml_torch-q4-noiseless-SPSA-aerCPU-rand0-seed0 
   Best eval: 0.06767882773612545 
   Total time: 52.27668023109436

Running: /work/qgan_v4/data/train/amp-qml_torch-q4-noiseless-SPSA-aerCPU-rand0.1-seed0/config.yaml
              Epoch |     Generator cost | Discriminator cost |               Eval |          Best eval |               Time |
Training complete: 
   Data path: /work/qgan_v4/data/train/amp-qml_torch-q4-noiseless-SPSA-aerCPU-rand0.1-seed0 
   Best eval: 0.05784086386065633 
   Total time: 54.46108412742615

Running: /work/qgan_v4/data/train/amp-qml_torch-q4-noiseless-SPSA-aerCPU-rand0-seed1/config.yaml
              Epoch |     Generator cost | Discriminator cost |               Eval |          Best eval |               Time |
Training complete: 
   Data path: /work/qgan_v4/data/train/amp-qml_torch-q4-noiseless-SPSA-aerCPU-rand0-seed1 
   Best eval: 0.06376288006893413 
   Total time: 52.43822145462036

Running: /work/qgan_v4/data/train/amp-qml_torch-q4-noiseless-SPSA-aerCPU-rand0.1-seed1/config.yaml
              Epoch |     Generator cost | Discriminator cost |               Eval |          Best eval |               Time |
Training complete: 
   Data path: /work/qgan_v4/data/train/amp-qml_torch-q4-noiseless-SPSA-aerCPU-rand0.1-seed1 
   Best eval: 0.06159009756583142 
   Total time: 54.58112096786499

Running: /work/qgan_v4/data/train/amp-qml_torch-q4-noiseless-SPSA-aerCPU-rand0-seed2/config.yaml
              Epoch |     Generator cost | Discriminator cost |               Eval |          Best eval |               Time |
Training complete: 
   Data path: /work/qgan_v4/data/train/amp-qml_torch-q4-noiseless-SPSA-aerCPU-rand0-seed2 
   Best eval: 0.0674408894995771 
   Total time: 52.327574729919434

Running: /work/qgan_v4/data/train/amp-qml_torch-q4-noiseless-SPSA-aerCPU-rand0.1-seed2/config.yaml
              Epoch |     Generator cost | Discriminator cost |               Eval |          Best eval |               Time |
Training complete: 
   Data path: /work/qgan_v4/data/train/amp-qml_torch-q4-noiseless-SPSA-aerCPU-rand0.1-seed2 
   Best eval: 0.06632622648383989 
   Total time: 54.27432680130005

Running: /work/qgan_v4/data/train/amp-qml_torch-q4-noiseless-REG-aerCPU-rand0-seed0/config.yaml
              Epoch |     Generator cost | Discriminator cost |               Eval |          Best eval |               Time |
Training complete: 
   Data path: /work/qgan_v4/data/train/amp-qml_torch-q4-noiseless-REG-aerCPU-rand0-seed0 
   Best eval: 0.01400428891178972 
   Total time: 341.15516114234924

Running: /work/qgan_v4/data/train/amp-qml_torch-q4-noiseless-REG-aerCPU-rand0.1-seed0/config.yaml
              Epoch |     Generator cost | Discriminator cost |               Eval |          Best eval |               Time |
Training complete: 
   Data path: /work/qgan_v4/data/train/amp-qml_torch-q4-noiseless-REG-aerCPU-rand0.1-seed0 
   Best eval: 0.02047409388842511 
   Total time: 342.31000208854675

Running: /work/qgan_v4/data/train/amp-qml_torch-q4-noiseless-REG-aerCPU-rand0-seed1/config.yaml
              Epoch |     Generator cost | Discriminator cost |               Eval |          Best eval |               Time |
Training complete: 
   Data path: /work/qgan_v4/data/train/amp-qml_torch-q4-noiseless-REG-aerCPU-rand0-seed1 
   Best eval: 0.005573695074455479 
   Total time: 340.9046666622162

Running: /work/qgan_v4/data/train/amp-qml_torch-q4-noiseless-REG-aerCPU-rand0.1-seed1/config.yaml
              Epoch |     Generator cost | Discriminator cost |               Eval |          Best eval |               Time |
Training complete: 
   Data path: /work/qgan_v4/data/train/amp-qml_torch-q4-noiseless-REG-aerCPU-rand0.1-seed1 
   Best eval: 0.013742817773317755 
   Total time: 343.06534028053284

Running: /work/qgan_v4/data/train/amp-qml_torch-q4-noiseless-REG-aerCPU-rand0-seed2/config.yaml
              Epoch |     Generator cost | Discriminator cost |               Eval |          Best eval |               Time |
Training complete: 
   Data path: /work/qgan_v4/data/train/amp-qml_torch-q4-noiseless-REG-aerCPU-rand0-seed2 
   Best eval: 0.006406557989268389 
   Total time: 338.4668023586273

Running: /work/qgan_v4/data/train/amp-qml_torch-q4-noiseless-REG-aerCPU-rand0.1-seed2/config.yaml
              Epoch |     Generator cost | Discriminator cost |               Eval |          Best eval |               Time |
Training complete: 
   Data path: /work/qgan_v4/data/train/amp-qml_torch-q4-noiseless-REG-aerCPU-rand0.1-seed2 
   Best eval: 0.009388353811201278 
   Total time: 344.15705728530884

Running: /work/qgan_v4/data/train/base-qml_torch-q4-noisy-SPSA-aerCPU-rand0-seed0/config.yaml
              Epoch |     Generator cost | Discriminator cost |               Eval |          Best eval |               Time |
Training complete: 
   Data path: /work/qgan_v4/data/train/base-qml_torch-q4-noisy-SPSA-aerCPU-rand0-seed0 
   Best eval: 2.6637522218975302 
   Total time: 24635.46440935135

Running: /work/qgan_v4/data/train/base-qml_torch-q4-noisy-SPSA-aerCPU-rand0.1-seed0/config.yaml
              Epoch |     Generator cost | Discriminator cost |               Eval |          Best eval |               Time |
Training complete: 
   Data path: /work/qgan_v4/data/train/base-qml_torch-q4-noisy-SPSA-aerCPU-rand0.1-seed0 
   Best eval: 1.2661181341055705 
   Total time: 26390.07302212715

Running: /work/qgan_v4/data/train/base-qml_torch-q4-noisy-SPSA-aerCPU-rand0-seed1/config.yaml
              Epoch |     Generator cost | Discriminator cost |               Eval |          Best eval |               Time |
Training complete: 
   Data path: /work/qgan_v4/data/train/base-qml_torch-q4-noisy-SPSA-aerCPU-rand0-seed1 
   Best eval: 2.032644114120577 
   Total time: 28059.402678012848

Running: /work/qgan_v4/data/train/base-qml_torch-q4-noisy-SPSA-aerCPU-rand0.1-seed1/config.yaml
              Epoch |     Generator cost | Discriminator cost |               Eval |          Best eval |               Time |
Training complete: 
   Data path: /work/qgan_v4/data/train/base-qml_torch-q4-noisy-SPSA-aerCPU-rand0.1-seed1 
   Best eval: 1.0067652013596562 
   Total time: 27956.912779331207

Running: /work/qgan_v4/data/train/base-qml_torch-q4-noisy-SPSA-aerCPU-rand0-seed2/config.yaml
              Epoch |     Generator cost | Discriminator cost |               Eval |          Best eval |               Time |
Training complete: 
   Data path: /work/qgan_v4/data/train/base-qml_torch-q4-noisy-SPSA-aerCPU-rand0-seed2 
   Best eval: 1.9543116989902454 
   Total time: 27001.328716993332

Running: /work/qgan_v4/data/train/base-qml_torch-q4-noisy-SPSA-aerCPU-rand0.1-seed2/config.yaml
              Epoch |     Generator cost | Discriminator cost |               Eval |          Best eval |               Time |
Training complete: 
   Data path: /work/qgan_v4/data/train/base-qml_torch-q4-noisy-SPSA-aerCPU-rand0.1-seed2 
   Best eval: 1.5545600710614225 
   Total time: 27475.298451185226

Running: /work/qgan_v4/data/train/ang-qml_torch-q4-noisy-SPSA-aerCPU-rand0-seed0/config.yaml
              Epoch |     Generator cost | Discriminator cost |               Eval |          Best eval |               Time |
Training complete: 
   Data path: /work/qgan_v4/data/train/ang-qml_torch-q4-noisy-SPSA-aerCPU-rand0-seed0 
   Best eval: 0.0064079649746418 
   Total time: 89742.57833623886

Running: /work/qgan_v4/data/train/ang-qml_torch-q4-noisy-SPSA-aerCPU-rand0.1-seed0/config.yaml
              Epoch |     Generator cost | Discriminator cost |               Eval |          Best eval |               Time |
Training complete: 
   Data path: /work/qgan_v4/data/train/ang-qml_torch-q4-noisy-SPSA-aerCPU-rand0.1-seed0 
   Best eval: -0.0 
   Total time: 91146.41622424126

Running: /work/qgan_v4/data/train/ang-qml_torch-q4-noisy-SPSA-aerCPU-rand0-seed1/config.yaml
              Epoch |     Generator cost | Discriminator cost |               Eval |          Best eval |               Time |
                700 |             -0.982 |             -0.506 |            0.00283 |                 -0 |           2.89e+03 |
                800 |             -0.975 |             -0.497 |                 -0 |                 -0 |           8.44e+03 |
                900 |             -0.978 |             -0.502 |            0.00066 |                 -0 |           8.49e+03 |
Training complete: 
   Data path: /work/qgan_v4/data/train/ang-qml_torch-q4-noisy-SPSA-aerCPU-rand0-seed1 
   Best eval: -0.0 
   Total time: 85287.42218089104

Running: /work/qgan_v4/data/train/ang-qml_torch-q4-noisy-SPSA-aerCPU-rand0.1-seed1/config.yaml
Training data file created.
              Epoch |     Generator cost | Discriminator cost |               Eval |          Best eval |               Time |
                  0 |             -0.715 |             -0.487 |             0.0171 |             0.0171 |               85.7 |
                100 |             -0.788 |             -0.537 |             0.0069 |            0.00154 |           8.56e+03 |
                200 |             -0.916 |             -0.486 |            0.00149 |                 -0 |            8.6e+03 |
                300 |             -0.944 |             -0.506 |            0.00867 |                 -0 |           8.62e+03 |
                400 |             -0.935 |             -0.522 |                 -0 |                 -0 |           8.62e+03 |
                500 |             -0.929 |             -0.518 |            0.00109 |                 -0 |           8.62e+03 |
                600 |             -0.946 |              -0.52 |           0.000685 |                 -0 |           8.62e+03 |
                700 |             -0.953 |             -0.522 |            0.00276 |                 -0 |           8.62e+03 |
                800 |             -0.952 |             -0.509 |            0.00489 |                 -0 |           8.62e+03 |
                900 |             -0.941 |             -0.523 |            0.00761 |                 -0 |           8.62e+03 |
Training complete: 
   Data path: /work/qgan_v4/data/train/ang-qml_torch-q4-noisy-SPSA-aerCPU-rand0.1-seed1 
   Best eval: -0.0 
   Total time: 86133.12087202072

Running: /work/qgan_v4/data/train/ang-qml_torch-q4-noisy-SPSA-aerCPU-rand0-seed2/config.yaml
Training data file created.
              Epoch |     Generator cost | Discriminator cost |               Eval |          Best eval |               Time |
                  0 |             -0.926 |             -0.475 |             0.0165 |             0.0165 |               87.4 |
                100 |             -0.933 |             -0.518 |            0.00938 |            0.00229 |           8.62e+03 |
                200 |             -0.957 |             -0.509 |             0.0127 |              0.002 |           8.66e+03 |
                300 |             -0.962 |             -0.509 |            0.00287 |            0.00144 |           8.67e+03 |
                400 |             -0.951 |             -0.504 |             0.0105 |           0.000696 |           8.67e+03 |
                500 |             -0.944 |             -0.507 |            0.00376 |                 -0 |           8.67e+03 |
                600 |             -0.943 |             -0.506 |            0.00498 |                 -0 |           8.67e+03 |
                700 |             -0.929 |             -0.514 |            0.00951 |                 -0 |           8.67e+03 |
                800 |              -0.92 |             -0.521 |            0.00659 |                 -0 |           8.68e+03 |
                900 |             -0.894 |             -0.524 |             0.0074 |                 -0 |           8.68e+03 |
Training complete: 
   Data path: /work/qgan_v4/data/train/ang-qml_torch-q4-noisy-SPSA-aerCPU-rand0-seed2 
   Best eval: -0.0 
   Total time: 86654.3764359951

Running: /work/qgan_v4/data/train/ang-qml_torch-q4-noisy-SPSA-aerCPU-rand0.1-seed2/config.yaml
Training data file created.
              Epoch |     Generator cost | Discriminator cost |               Eval |          Best eval |               Time |
                  0 |              -0.94 |             -0.481 |             0.0137 |             0.0137 |               84.2 |
                100 |             -0.941 |             -0.517 |            0.00582 |           0.000694 |           8.67e+03 |
                200 |             -0.941 |             -0.513 |           6.45e-05 |                 -0 |           8.71e+03 |
                300 |             -0.939 |             -0.527 |            0.00286 |                 -0 |           8.72e+03 |
                400 |             -0.946 |             -0.513 |            0.00381 |                 -0 |           8.72e+03 |
                500 |             -0.929 |             -0.527 |            0.00093 |                 -0 |           8.72e+03 |
                600 |             -0.929 |             -0.521 |            0.00091 |                 -0 |           8.72e+03 |
                700 |             -0.939 |             -0.528 |           0.000822 |                 -0 |           8.72e+03 |
                800 |             -0.934 |              -0.52 |            0.00117 |                 -0 |           8.72e+03 |
                900 |             -0.928 |             -0.518 |            0.00316 |                 -0 |           8.72e+03 |
Training complete: 
   Data path: /work/qgan_v4/data/train/ang-qml_torch-q4-noisy-SPSA-aerCPU-rand0.1-seed2 
   Best eval: -0.0 
   Total time: 87139.86341547966

Running: /work/qgan_v4/data/train/amp-qml_torch-q4-noisy-SPSA-aerCPU-rand0-seed0/config.yaml
Training data file created.
              Epoch |     Generator cost | Discriminator cost |               Eval |          Best eval |               Time |
                  0 |             -0.892 |              -0.21 |             0.0798 |             0.0798 |               93.5 |
                100 |              -0.94 |             -0.347 |             0.0781 |             0.0772 |           9.47e+03 |
                200 |             -0.911 |             -0.493 |             0.0763 |             0.0763 |           9.51e+03 |
                300 |             -0.954 |             -0.494 |             0.0741 |             0.0739 |           9.52e+03 |
                400 |             -0.939 |               -0.5 |             0.0722 |             0.0722 |           9.52e+03 |
                500 |             -0.913 |             -0.515 |             0.0706 |             0.0706 |           9.52e+03 |

Interrupter: will stop after the current epoch. Press Ctrl+C again to force quit.
Interrupter: Graceful exit triggered. Breaking loop.
Training complete: 
   Data path: /work/qgan_v4/data/train/amp-qml_torch-q4-noisy-SPSA-aerCPU-rand0-seed0 
   Best eval: 0.06971384701354055 
   Total time: 50676.618978500366
Interrupter: battery execution stopped.
