Creating config files for run_000:
Configuration file rewritten. Path: /work/qgan/data/train/ang-qml_torch-q8-noiseless-SPSA-aerCPU-rand0.25-seed1/config.yaml

Creating config files for run_001:
Configuration file rewritten. Path: /work/qgan/data/train/ang-qml_torch-q8-noiseless-REG-aerCPU-rand0-seed0/config.yaml

Creating config files for run_002:
Configuration file rewritten. Path: /work/qgan/data/train/ang-qml_torch-q8-noiseless-REG-aerCPU-rand0.5-seed1/config.yaml

Creating config files for run_003:
Configuration file rewritten. Path: /work/qgan/data/train/ang-qml_torch-q4-noiseless-PSR-aerCPU-rand0.1-seed0/config.yaml

Creating config files for run_004:
Configuration file rewritten. Path: /work/qgan/data/train/ang-qml_torch-q4-noiseless-PSR-aerCPU-rand1-seed1/config.yaml

Creating config files for run_005:
Configuration file rewritten. Path: /work/qgan/data/train/base-qml_torch-q8-noiseless-SPSA-aerCPU-rand0.25-seed0/config.yaml

Creating config files for run_006:
Configuration file rewritten. Path: /work/qgan/data/train/base-qml_torch-q8-noiseless-SPSA-aerCPU-rand0-seed2/config.yaml

Creating config files for run_007:
Configuration file rewritten. Path: /work/qgan/data/train/base-qml_torch-q8-noiseless-REG-aerCPU-rand0.5-seed0/config.yaml

Creating config files for run_008:
Configuration file rewritten. Path: /work/qgan/data/train/base-qml_torch-q8-noiseless-REG-aerCPU-rand0.1-seed2/config.yaml

Creating config files for run_009:
Configuration file rewritten. Path: /work/qgan/data/train/amp-qml_torch-q4-noiseless-PSR-aerCPU-rand1-seed0/config.yaml

Creating config files for run_010:
Configuration file rewritten. Path: /work/qgan/data/train/amp-qml_torch-q4-noiseless-PSR-aerCPU-rand0.25-seed2/config.yaml

Creating config files for run_011:
Configuration file rewritten. Path: /work/qgan/data/train/amp-qml_torch-q4-noiseless-REG-aerCPU-rand0-seed1/config.yaml

Creating config files for run_012:
Configuration file rewritten. Path: /work/qgan/data/train/amp-qml_torch-q4-noiseless-REG-aerCPU-rand0.5-seed2/config.yaml

Creating config files for run_013:
Configuration file rewritten. Path: /work/qgan/data/train/base-qml_torch-q4-noiseless-PSR-aerCPU-rand0.1-seed1/config.yaml

Creating config files for run_014:
Configuration file rewritten. Path: /work/qgan/data/train/base-qml_torch-q4-noiseless-PSR-aerCPU-rand1-seed2/config.yaml

Creating config files for run_015:
Configuration file rewritten. Path: /work/qgan/data/train/base-qml_torch-q4-noiseless-SPSA-aerCPU-rand0.25-seed1/config.yaml

Creating config files for run_016:
Configuration file rewritten. Path: /work/qgan/data/train/amp-qml_torch-q4-noisy-PSR-aerCPU-rand0-seed0/config.yaml

Creating config files for run_017:
Configuration file rewritten. Path: /work/qgan/data/train/amp-qml_torch-q4-noisy-PSR-aerCPU-rand0.5-seed1/config.yaml

Creating config files for run_018:
Configuration file rewritten. Path: /work/qgan/data/train/base-qml_torch-q4-noisy-SPSA-aerCPU-rand0.1-seed0/config.yaml

Creating config files for run_019:
Configuration file rewritten. Path: /work/qgan/data/train/base-qml_torch-q4-noisy-SPSA-aerCPU-rand1-seed1/config.yaml

Creating config files for run_020:
Configuration file rewritten. Path: /work/qgan/data/train/ang-qml_torch-q4-noisy-SPSA-aerCPU-rand0.25-seed0/config.yaml

Creating config files for run_021:
Configuration file rewritten. Path: /work/qgan/data/train/ang-qml_torch-q4-noisy-SPSA-aerCPU-rand0-seed2/config.yaml

Creating config files for run_022:
Configuration file rewritten. Path: /work/qgan/data/train/amp-qml_torch-q4-noisy-SPSA-aerCPU-rand0.5-seed0/config.yaml

Creating config files for run_023:
Configuration file rewritten. Path: /work/qgan/data/train/amp-qml_torch-q4-noisy-SPSA-aerCPU-rand0.1-seed2/config.yaml

Creating config files for run_024:
Configuration file rewritten. Path: /work/qgan/data/train/ang-qml_torch-q8-noisy-SPSA-aerCPU-rand1-seed0/config.yaml

Creating config files for run_025:
Configuration file rewritten. Path: /work/qgan/data/train/ang-qml_torch-q8-noisy-SPSA-aerCPU-rand0.25-seed2/config.yaml

Creating config files for run_026:
Configuration file rewritten. Path: /work/qgan/data/train/base-qml_torch-q16-noiseless-REG-aerCPU-rand0-seed1/config.yaml

Creating config files for run_027:
Configuration file rewritten. Path: /work/qgan/data/train/base-qml_torch-q16-noiseless-REG-aerCPU-rand0.5-seed2/config.yaml

28 battery configuration files ready.

Running: /work/qgan/data/train/ang-qml_torch-q8-noiseless-SPSA-aerCPU-rand0.25-seed1/config.yaml
              Epoch |     Generator cost | Discriminator cost |               Eval |          Best eval |               Time |
Training complete: 
   Data path: /work/qgan/data/train/ang-qml_torch-q8-noiseless-SPSA-aerCPU-rand0.25-seed1 
   Best eval: 0.026751289144158363 
   Total time: 411.3082900047302

Running: /work/qgan/data/train/ang-qml_torch-q8-noiseless-REG-aerCPU-rand0-seed0/config.yaml
              Epoch |     Generator cost | Discriminator cost |               Eval |          Best eval |               Time |
Training complete: 
   Data path: /work/qgan/data/train/ang-qml_torch-q8-noiseless-REG-aerCPU-rand0-seed0 
   Best eval: 0.002535275649279356 
   Total time: 6902.614424228668

Running: /work/qgan/data/train/ang-qml_torch-q8-noiseless-REG-aerCPU-rand0.5-seed1/config.yaml
Training data file created.
              Epoch |     Generator cost | Discriminator cost |               Eval |          Best eval |               Time |
                  0 |             -0.582 |             -0.667 |              0.237 |              0.237 |               5.06 |
                 10 |             -0.604 |             -0.638 |              0.215 |              0.111 |               43.8 |
                 20 |             -0.735 |              -0.63 |              0.233 |             0.0945 |                 44 |
                 30 |             -0.603 |             -0.666 |              0.191 |             0.0945 |                 45 |
                 40 |              -0.61 |             -0.684 |              0.229 |             0.0945 |               45.3 |
                 50 |             -0.712 |             -0.647 |               0.29 |             0.0945 |               45.2 |
                 60 |             -0.723 |             -0.599 |              0.271 |             0.0945 |               45.6 |
                 70 |             -0.681 |             -0.636 |              0.233 |             0.0945 |               45.2 |
                 80 |             -0.737 |             -0.641 |              0.208 |             0.0945 |               45.5 |
                 90 |             -0.705 |             -0.621 |              0.296 |             0.0945 |               45.2 |
                100 |             -0.666 |             -0.618 |              0.248 |             0.0945 |               44.3 |
                110 |             -0.741 |             -0.601 |              0.333 |             0.0945 |               43.6 |
                120 |             -0.758 |             -0.654 |              0.285 |             0.0945 |               44.3 |
                130 |             -0.635 |             -0.658 |              0.248 |             0.0945 |               44.4 |
                140 |             -0.657 |             -0.629 |              0.285 |             0.0945 |               44.3 |
                150 |             -0.675 |             -0.677 |              0.254 |             0.0945 |               43.7 |
                160 |             -0.681 |             -0.676 |              0.312 |             0.0945 |               44.8 |
                170 |             -0.682 |             -0.621 |               0.32 |             0.0945 |               44.5 |
                180 |             -0.638 |             -0.644 |              0.263 |             0.0945 |               44.7 |
                190 |             -0.607 |             -0.619 |              0.301 |             0.0945 |               44.6 |
                200 |             -0.682 |             -0.642 |              0.213 |             0.0945 |               44.1 |
                210 |             -0.678 |             -0.641 |              0.206 |             0.0945 |                 44 |
                220 |             -0.556 |             -0.669 |              0.265 |             0.0945 |               43.3 |
                230 |             -0.636 |             -0.646 |              0.236 |             0.0945 |               45.1 |
                240 |             -0.561 |             -0.631 |              0.238 |             0.0945 |               45.3 |
                250 |               -0.6 |             -0.625 |              0.189 |             0.0945 |               44.3 |
                260 |             -0.671 |             -0.663 |               0.21 |             0.0945 |               43.7 |
                270 |             -0.668 |             -0.687 |              0.207 |             0.0945 |               43.5 |
                280 |              -0.63 |             -0.648 |              0.207 |             0.0945 |               44.6 |
                290 |             -0.672 |             -0.675 |              0.172 |             0.0945 |               43.4 |
                300 |             -0.643 |             -0.708 |              0.277 |             0.0945 |               44.9 |
                310 |             -0.605 |             -0.698 |              0.236 |             0.0945 |               44.6 |
                320 |             -0.604 |             -0.667 |              0.223 |             0.0945 |               44.9 |
                330 |             -0.611 |             -0.665 |              0.171 |             0.0945 |                 45 |
                340 |             -0.607 |              -0.68 |              0.171 |             0.0945 |               44.2 |
                350 |             -0.571 |             -0.711 |               0.18 |             0.0945 |               43.7 |
                360 |             -0.671 |              -0.65 |              0.205 |             0.0945 |                 45 |
                370 |             -0.643 |             -0.699 |              0.188 |             0.0945 |               44.5 |
                380 |             -0.636 |             -0.673 |              0.219 |             0.0945 |               44.5 |
                390 |             -0.574 |             -0.707 |              0.207 |             0.0945 |               44.2 |
                400 |             -0.648 |             -0.716 |              0.161 |             0.0945 |               44.7 |
                410 |             -0.639 |             -0.684 |              0.233 |             0.0945 |                 45 |
                420 |             -0.637 |             -0.708 |              0.145 |             0.0945 |               44.6 |
                430 |             -0.608 |             -0.628 |              0.187 |             0.0945 |               44.1 |
                440 |             -0.566 |             -0.693 |              0.206 |             0.0945 |               44.7 |
                450 |             -0.637 |             -0.707 |              0.211 |             0.0945 |               44.9 |
                460 |             -0.614 |             -0.714 |              0.228 |             0.0945 |               45.4 |
                470 |             -0.573 |              -0.66 |              0.216 |             0.0945 |                 45 |
                480 |             -0.615 |             -0.641 |              0.177 |             0.0945 |                 44 |
                490 |             -0.582 |             -0.704 |              0.175 |             0.0945 |               44.1 |
                500 |             -0.599 |             -0.689 |              0.276 |             0.0945 |               44.6 |
                510 |             -0.604 |             -0.649 |              0.118 |             0.0945 |               43.9 |
                520 |             -0.642 |               -0.7 |              0.203 |             0.0945 |               44.3 |
                530 |             -0.549 |             -0.695 |              0.202 |             0.0945 |               44.1 |
                540 |             -0.621 |             -0.679 |              0.183 |             0.0945 |               44.6 |
                550 |             -0.591 |             -0.704 |              0.163 |             0.0945 |               45.1 |
                560 |             -0.687 |             -0.645 |              0.213 |             0.0945 |               45.3 |
                570 |             -0.647 |             -0.718 |              0.236 |             0.0945 |               44.6 |
                580 |             -0.575 |             -0.702 |              0.165 |             0.0945 |                 45 |
                590 |             -0.607 |             -0.671 |              0.187 |             0.0945 |               45.1 |
                600 |              -0.55 |             -0.676 |              0.207 |             0.0945 |               44.8 |
                610 |             -0.655 |             -0.651 |              0.233 |             0.0945 |               44.4 |
                620 |             -0.545 |             -0.687 |              0.279 |             0.0945 |               44.2 |
                630 |             -0.598 |             -0.661 |               0.19 |             0.0945 |               44.3 |
                640 |             -0.586 |             -0.656 |              0.194 |             0.0945 |               43.8 |
                650 |             -0.611 |             -0.644 |              0.182 |             0.0945 |                 45 |
                660 |             -0.629 |             -0.734 |              0.223 |             0.0945 |               44.7 |
                670 |             -0.511 |             -0.722 |              0.209 |             0.0945 |               43.9 |
                680 |             -0.619 |             -0.679 |              0.216 |             0.0945 |               44.2 |
                690 |             -0.554 |             -0.672 |              0.174 |             0.0945 |               44.5 |
                700 |             -0.665 |              -0.67 |              0.231 |             0.0945 |               44.9 |
                710 |             -0.678 |              -0.66 |              0.157 |             0.0945 |               44.9 |
                720 |             -0.605 |             -0.679 |              0.166 |             0.0945 |               45.2 |
                730 |             -0.521 |             -0.673 |              0.253 |             0.0945 |               45.2 |
                740 |             -0.566 |             -0.621 |              0.148 |             0.0945 |               45.2 |
                750 |             -0.687 |             -0.673 |              0.159 |             0.0945 |               44.7 |
                760 |             -0.602 |             -0.688 |               0.18 |             0.0945 |               44.9 |
                770 |             -0.546 |              -0.64 |              0.255 |             0.0945 |               45.4 |
                780 |             -0.533 |             -0.741 |              0.221 |             0.0945 |               45.7 |
                790 |             -0.594 |             -0.689 |              0.159 |             0.0945 |                 45 |
                800 |             -0.634 |             -0.708 |              0.203 |             0.0945 |               44.7 |
                810 |             -0.564 |             -0.616 |              0.215 |             0.0945 |               43.9 |
                820 |             -0.576 |             -0.643 |              0.184 |             0.0945 |               45.1 |
                830 |             -0.586 |             -0.652 |              0.172 |             0.0945 |               45.1 |
                840 |             -0.541 |              -0.69 |              0.231 |             0.0945 |               44.8 |
                850 |             -0.586 |             -0.726 |              0.229 |             0.0945 |               44.1 |
                860 |             -0.747 |             -0.647 |              0.199 |             0.0945 |               44.1 |
                870 |             -0.637 |               -0.7 |              0.188 |             0.0945 |               44.6 |
                880 |              -0.64 |             -0.671 |              0.143 |             0.0945 |               43.9 |
                890 |             -0.621 |             -0.733 |               0.25 |             0.0945 |                 45 |
                900 |             -0.601 |             -0.633 |              0.227 |             0.0945 |                 45 |
                910 |             -0.616 |             -0.717 |              0.181 |             0.0945 |               45.3 |
                920 |              -0.55 |             -0.691 |              0.163 |             0.0945 |               45.2 |
                930 |             -0.536 |             -0.677 |              0.167 |             0.0945 |               44.2 |
                940 |             -0.616 |             -0.631 |              0.208 |             0.0945 |               44.6 |
                950 |             -0.684 |             -0.684 |              0.183 |             0.0945 |               44.5 |
                960 |             -0.558 |             -0.713 |              0.187 |             0.0945 |               43.9 |
                970 |             -0.571 |             -0.701 |               0.17 |             0.0945 |               44.9 |
                980 |             -0.602 |              -0.72 |               0.16 |             0.0945 |               44.9 |
                990 |             -0.702 |             -0.698 |              0.245 |             0.0945 |               44.8 |
Training complete: 
   Data path: /work/qgan/data/train/ang-qml_torch-q8-noiseless-REG-aerCPU-rand0.5-seed1 
   Best eval: 0.09446754306554794 
   Total time: 4460.601426124573

Running: /work/qgan/data/train/ang-qml_torch-q4-noiseless-PSR-aerCPU-rand0.1-seed0/config.yaml
              Epoch |     Generator cost | Discriminator cost |               Eval |          Best eval |               Time |
Training complete: 
   Data path: /work/qgan/data/train/ang-qml_torch-q4-noiseless-PSR-aerCPU-rand0.1-seed0 
   Best eval: -0.0 
   Total time: 2727.44722366333

Running: /work/qgan/data/train/ang-qml_torch-q4-noiseless-PSR-aerCPU-rand1-seed1/config.yaml
              Epoch |     Generator cost | Discriminator cost |               Eval |          Best eval |               Time |
Training complete: 
   Data path: /work/qgan/data/train/ang-qml_torch-q4-noiseless-PSR-aerCPU-rand1-seed1 
   Best eval: 0.05481560900807381 
   Total time: 2413.2123301029205

Running: /work/qgan/data/train/base-qml_torch-q8-noiseless-SPSA-aerCPU-rand0.25-seed0/config.yaml
              Epoch |     Generator cost | Discriminator cost |               Eval |          Best eval |               Time |
Training complete: 
   Data path: /work/qgan/data/train/base-qml_torch-q8-noiseless-SPSA-aerCPU-rand0.25-seed0 
   Best eval: 1.0939260823524946 
   Total time: 26.899335145950317

Running: /work/qgan/data/train/base-qml_torch-q8-noiseless-SPSA-aerCPU-rand0-seed2/config.yaml
              Epoch |     Generator cost | Discriminator cost |               Eval |          Best eval |               Time |
Training complete: 
   Data path: /work/qgan/data/train/base-qml_torch-q8-noiseless-SPSA-aerCPU-rand0-seed2 
   Best eval: 6.4609239218774634 
   Total time: 25.698079347610474

Running: /work/qgan/data/train/base-qml_torch-q8-noiseless-REG-aerCPU-rand0.5-seed0/config.yaml
              Epoch |     Generator cost | Discriminator cost |               Eval |          Best eval |               Time |
Training complete: 
   Data path: /work/qgan/data/train/base-qml_torch-q8-noiseless-REG-aerCPU-rand0.5-seed0 
   Best eval: 1.1275061600640781 
   Total time: 715.9785418510437

Running: /work/qgan/data/train/base-qml_torch-q8-noiseless-REG-aerCPU-rand0.1-seed2/config.yaml
              Epoch |     Generator cost | Discriminator cost |               Eval |          Best eval |               Time |
Training complete: 
   Data path: /work/qgan/data/train/base-qml_torch-q8-noiseless-REG-aerCPU-rand0.1-seed2 
   Best eval: 0.41432543336384425 
   Total time: 735.5277254581451

Running: /work/qgan/data/train/amp-qml_torch-q4-noiseless-PSR-aerCPU-rand1-seed0/config.yaml
Training data file created.
              Epoch |     Generator cost | Discriminator cost |               Eval |          Best eval |               Time |
                  0 |             -0.516 |             -0.419 |             0.0739 |             0.0739 |              0.969 |
                 10 |             -0.455 |             -0.417 |             0.0525 |             0.0154 |               9.77 |
                 20 |             -0.427 |             -0.522 |             0.0594 |             0.0154 |               9.73 |
                 30 |             -0.455 |             -0.462 |             0.0398 |             0.0154 |               9.81 |
                 40 |             -0.448 |             -0.518 |             0.0394 |             0.0154 |               9.65 |
                 50 |             -0.526 |             -0.517 |             0.0547 |             0.0154 |               9.62 |
                 60 |             -0.476 |             -0.686 |             0.0563 |             0.0154 |                9.5 |
                 70 |             -0.501 |               -0.7 |             0.0336 |            0.00832 |               9.65 |
                 80 |             -0.583 |             -0.637 |             0.0343 |            0.00832 |               9.94 |
                 90 |             -0.522 |             -0.596 |             0.0447 |            0.00832 |               9.65 |
                100 |             -0.677 |               -0.6 |             0.0455 |            0.00832 |               9.63 |
                110 |             -0.269 |             -0.631 |             0.0381 |            0.00832 |               9.62 |
                120 |             -0.711 |             -0.601 |             0.0105 |            0.00832 |               9.65 |
                130 |             -0.688 |             -0.728 |             0.0247 |            0.00832 |               9.51 |
                140 |             -0.666 |             -0.698 |              0.062 |            0.00832 |               9.63 |
                150 |             -0.655 |             -0.825 |             0.0331 |            0.00832 |               9.55 |
                160 |             -0.381 |             -0.827 |             0.0347 |            0.00832 |                9.5 |
                170 |             -0.619 |             -0.703 |             0.0524 |            0.00832 |               9.47 |
                180 |             -0.647 |             -0.673 |             0.0349 |            0.00832 |               10.2 |
                190 |             -0.277 |             -0.812 |             0.0581 |            0.00832 |               10.3 |
                200 |             -0.521 |             -0.745 |             0.0377 |            0.00832 |               10.3 |
                210 |              -0.37 |             -0.748 |              0.062 |            0.00832 |               10.1 |
                220 |               -0.3 |             -0.708 |             0.0538 |            0.00832 |               10.1 |
                230 |             -0.686 |             -0.718 |             0.0392 |            0.00832 |               10.3 |
                240 |             -0.681 |             -0.753 |             0.0419 |            0.00832 |               10.2 |
                250 |             -0.617 |             -0.736 |             0.0619 |            0.00832 |               10.1 |
                260 |             -0.263 |             -0.748 |             0.0453 |            0.00832 |               9.89 |
                270 |             -0.554 |             -0.881 |             0.0536 |            0.00832 |               9.95 |
                280 |             -0.464 |             -0.794 |             0.0624 |            0.00832 |               9.95 |
                290 |             -0.424 |             -0.749 |             0.0493 |            0.00832 |                 10 |
                300 |             -0.699 |             -0.644 |             0.0723 |            0.00832 |               9.98 |
                310 |             -0.485 |              -0.68 |              0.033 |            0.00832 |                 10 |
                320 |             -0.426 |             -0.794 |             0.0437 |            0.00832 |               9.84 |
                330 |             -0.571 |             -0.631 |             0.0615 |            0.00832 |               9.97 |
                340 |             -0.458 |             -0.751 |             0.0399 |            0.00832 |               9.89 |
                350 |              -0.53 |             -0.794 |             0.0601 |            0.00832 |               9.98 |
                360 |             -0.743 |             -0.758 |             0.0405 |            0.00832 |               10.1 |
                370 |             -0.643 |             -0.776 |             0.0425 |            0.00789 |               9.97 |
                380 |             -0.866 |             -0.795 |             0.0673 |            0.00789 |               9.95 |
                390 |             -0.549 |             -0.892 |             0.0359 |            0.00789 |               9.97 |
                400 |             -0.462 |             -0.653 |             0.0462 |            0.00789 |               9.99 |
                410 |              -0.58 |             -0.677 |             0.0215 |            0.00789 |               9.96 |
                420 |             -0.309 |             -0.747 |             0.0344 |            0.00155 |               10.2 |
                430 |             -0.702 |             -0.818 |             0.0426 |            0.00155 |               9.89 |
                440 |             -0.653 |             -0.672 |             0.0645 |            0.00155 |               9.92 |
                450 |             -0.583 |             -0.719 |              0.069 |            0.00155 |               9.89 |
                460 |             -0.388 |             -0.769 |             0.0677 |            0.00155 |               9.98 |
                470 |             -0.245 |             -0.761 |             0.0649 |            0.00155 |                 10 |
                480 |             -0.462 |             -0.782 |             0.0167 |            0.00155 |               10.1 |
                490 |             -0.464 |             -0.764 |             0.0751 |            0.00155 |               9.93 |
                500 |             -0.317 |             -0.646 |             0.0288 |            0.00155 |                 10 |
                510 |             -0.718 |             -0.601 |             0.0502 |            0.00155 |               10.1 |
                520 |             -0.508 |             -0.653 |             0.0392 |            0.00155 |                 10 |
                530 |             -0.512 |              -0.63 |             0.0484 |            0.00155 |               10.2 |
                540 |             -0.461 |             -0.728 |               0.04 |            0.00155 |               9.99 |
                550 |             -0.632 |             -0.791 |             0.0568 |            0.00155 |                 10 |
                560 |             -0.613 |             -0.835 |             0.0441 |            0.00155 |               9.99 |
                570 |             -0.713 |             -0.735 |             0.0362 |            0.00155 |               9.92 |
                580 |             -0.489 |             -0.717 |             0.0262 |            0.00155 |               9.96 |
                590 |             -0.559 |             -0.715 |             0.0407 |            0.00155 |               10.1 |
                600 |             -0.282 |             -0.674 |             0.0338 |            0.00155 |               9.52 |
                610 |             -0.511 |             -0.661 |             0.0252 |            0.00155 |               9.21 |
                620 |             -0.604 |             -0.684 |             0.0438 |            0.00155 |               9.18 |
                630 |             -0.449 |             -0.619 |               0.06 |            0.00155 |                9.3 |
                640 |             -0.597 |             -0.749 |             0.0245 |            0.00155 |               9.51 |
                650 |             -0.523 |             -0.796 |             0.0333 |            0.00155 |               9.23 |
                660 |             -0.707 |             -0.788 |             0.0183 |            0.00155 |               9.27 |
                670 |             -0.316 |             -0.711 |             0.0398 |            0.00155 |               9.31 |
                680 |             -0.604 |              -0.78 |              0.041 |            0.00155 |               9.25 |
                690 |             -0.584 |             -0.848 |             0.0446 |            0.00155 |               9.33 |
                700 |             -0.417 |             -0.894 |             0.0473 |            0.00155 |               9.49 |
                710 |             -0.639 |             -0.772 |             0.0691 |            0.00155 |               9.29 |
                720 |             -0.415 |             -0.695 |              0.065 |            0.00155 |               9.24 |
                730 |             -0.166 |             -0.908 |             0.0452 |            0.00155 |               9.28 |
                740 |             -0.448 |              -0.79 |             0.0455 |            0.00155 |               9.33 |
                750 |             -0.441 |             -0.786 |             0.0398 |            0.00155 |               9.42 |
                760 |             -0.585 |             -0.719 |              0.071 |            0.00155 |               9.32 |
                770 |             -0.529 |             -0.865 |             0.0695 |            0.00155 |               9.34 |
                780 |             -0.341 |             -0.745 |             0.0485 |            0.00155 |               9.28 |
                790 |             -0.432 |             -0.688 |             0.0366 |            0.00155 |               9.28 |
                800 |             -0.478 |             -0.731 |             0.0572 |            0.00155 |               9.39 |
                810 |             -0.612 |             -0.688 |             0.0339 |            0.00155 |               9.45 |
                820 |             -0.527 |             -0.687 |             0.0266 |            0.00155 |                9.3 |
                830 |             -0.292 |             -0.834 |              0.048 |            0.00155 |               9.29 |
                840 |             -0.525 |             -0.771 |             0.0424 |            0.00155 |               9.35 |
                850 |             -0.492 |             -0.679 |             0.0541 |            0.00155 |               9.29 |
                860 |             -0.232 |             -0.733 |             0.0394 |            0.00155 |               9.26 |
                870 |             -0.381 |              -0.77 |             0.0431 |            0.00155 |               9.44 |
                880 |              -0.36 |             -0.694 |             0.0488 |            0.00155 |               9.27 |
                890 |             -0.371 |             -0.703 |             0.0512 |            0.00155 |                9.3 |
                900 |             -0.752 |             -0.682 |             0.0438 |            0.00155 |               9.28 |
                910 |             -0.486 |             -0.806 |             0.0575 |            0.00155 |               9.29 |
                920 |             -0.502 |             -0.754 |             0.0633 |            0.00155 |               9.51 |
                930 |             -0.567 |             -0.718 |             0.0472 |            0.00155 |               9.13 |
                940 |             -0.661 |             -0.718 |             0.0402 |            0.00155 |               9.23 |
                950 |             -0.402 |             -0.647 |             0.0444 |            0.00155 |               9.28 |
                960 |             -0.388 |             -0.694 |             0.0497 |            0.00155 |               9.25 |
                970 |              -0.45 |             -0.719 |             0.0358 |            0.00155 |               9.24 |
                980 |             -0.465 |             -0.861 |             0.0514 |            0.00155 |               9.48 |
                990 |             -0.319 |             -0.876 |             0.0546 |            0.00155 |                9.3 |
Training complete: 
   Data path: /work/qgan/data/train/amp-qml_torch-q4-noiseless-PSR-aerCPU-rand1-seed0 
   Best eval: 0.0015541895227893841 
   Total time: 967.0807976722717

Running: /work/qgan/data/train/amp-qml_torch-q4-noiseless-PSR-aerCPU-rand0.25-seed2/config.yaml
Training data file created.
              Epoch |     Generator cost | Discriminator cost |               Eval |          Best eval |               Time |
                  0 |             -0.716 |             -0.357 |             0.0584 |             0.0584 |               1.02 |
                 10 |             -0.727 |             -0.331 |             0.0561 |             0.0473 |               9.94 |
                 20 |             -0.749 |             -0.381 |             0.0742 |             0.0473 |               10.1 |
                 30 |             -0.735 |             -0.349 |             0.0699 |             0.0473 |               9.94 |
                 40 |              -0.82 |             -0.387 |             0.0745 |             0.0473 |               9.92 |
                 50 |             -0.803 |             -0.408 |             0.0706 |             0.0448 |               9.92 |
                 60 |              -0.87 |             -0.424 |             0.0648 |             0.0448 |               9.93 |
                 70 |             -0.794 |             -0.439 |               0.06 |             0.0448 |               10.1 |
                 80 |             -0.821 |             -0.431 |             0.0698 |             0.0448 |               9.91 |
                 90 |             -0.901 |             -0.471 |             0.0557 |             0.0448 |               9.94 |
                100 |             -0.895 |              -0.45 |             0.0616 |             0.0448 |               9.96 |
                110 |             -0.869 |             -0.493 |             0.0586 |             0.0448 |                 10 |
                120 |              -0.89 |             -0.476 |             0.0622 |             0.0448 |               9.99 |
                130 |             -0.946 |             -0.523 |             0.0523 |             0.0348 |               10.1 |
                140 |             -0.898 |             -0.492 |             0.0547 |             0.0312 |               9.91 |
                150 |             -0.866 |             -0.526 |             0.0644 |             0.0312 |               9.97 |
                160 |             -0.914 |             -0.517 |             0.0561 |             0.0312 |                 10 |
                170 |              -0.85 |             -0.523 |              0.061 |             0.0312 |               9.94 |
                180 |             -0.836 |             -0.537 |             0.0649 |             0.0312 |                 10 |
                190 |             -0.746 |             -0.593 |             0.0695 |             0.0312 |               10.2 |
                200 |             -0.741 |             -0.622 |             0.0504 |             0.0312 |               9.94 |
                210 |               -0.7 |             -0.573 |             0.0472 |             0.0281 |               9.97 |
                220 |             -0.796 |             -0.587 |             0.0608 |             0.0281 |                9.8 |
                230 |              -0.72 |             -0.594 |             0.0466 |             0.0281 |               9.22 |
                240 |             -0.795 |             -0.575 |             0.0346 |             0.0281 |               9.41 |
                250 |             -0.786 |             -0.583 |             0.0633 |             0.0281 |               9.24 |
                260 |             -0.845 |             -0.581 |               0.05 |             0.0253 |               9.26 |
                270 |             -0.846 |             -0.577 |             0.0255 |             0.0253 |               9.18 |
                280 |             -0.838 |             -0.535 |             0.0485 |             0.0253 |               9.18 |
                290 |             -0.803 |             -0.562 |             0.0388 |             0.0253 |                9.3 |
                300 |             -0.887 |             -0.562 |             0.0244 |             0.0243 |                9.4 |
                310 |              -0.83 |             -0.563 |             0.0461 |             0.0243 |                9.2 |
                320 |             -0.898 |              -0.59 |             0.0304 |             0.0243 |               9.14 |
                330 |             -0.853 |             -0.552 |              0.025 |             0.0243 |               9.21 |
                340 |             -0.929 |             -0.523 |             0.0232 |             0.0215 |               9.23 |
                350 |             -0.909 |              -0.55 |              0.042 |             0.0215 |               9.34 |
                360 |             -0.901 |             -0.542 |             0.0193 |             0.0109 |               9.22 |
                370 |             -0.902 |             -0.557 |             0.0391 |             0.0109 |               9.16 |
                380 |             -0.898 |             -0.531 |             0.0366 |             0.0109 |               9.23 |
                390 |               -0.9 |             -0.523 |             0.0425 |             0.0109 |               9.27 |
                400 |              -0.88 |             -0.541 |             0.0299 |             0.0109 |               9.43 |
                410 |             -0.919 |             -0.542 |             0.0339 |             0.0109 |                9.6 |
                420 |             -0.866 |             -0.536 |             0.0392 |             0.0109 |               9.39 |
                430 |             -0.896 |             -0.533 |               0.02 |             0.0109 |               9.36 |
                440 |              -0.89 |             -0.533 |             0.0267 |             0.0109 |               9.36 |
                450 |             -0.877 |             -0.521 |             0.0401 |             0.0109 |               9.44 |
                460 |             -0.922 |             -0.524 |             0.0317 |             0.0109 |               9.46 |
                470 |             -0.878 |             -0.535 |              0.036 |             0.0109 |               9.32 |
                480 |             -0.895 |             -0.533 |             0.0267 |             0.0109 |               9.35 |
                490 |             -0.918 |             -0.546 |             0.0386 |             0.0109 |               9.31 |
                500 |             -0.865 |             -0.571 |             0.0503 |             0.0109 |                9.3 |
                510 |             -0.859 |              -0.54 |             0.0389 |             0.0109 |               9.39 |
                520 |              -0.82 |             -0.546 |              0.044 |             0.0109 |               9.63 |
                530 |             -0.841 |             -0.549 |             0.0423 |             0.0109 |               9.47 |
                540 |             -0.868 |             -0.555 |             0.0389 |             0.0109 |               9.44 |
                550 |             -0.866 |             -0.545 |             0.0353 |             0.0109 |               9.46 |
                560 |             -0.867 |             -0.541 |             0.0347 |             0.0109 |               9.41 |
                570 |             -0.855 |             -0.523 |             0.0271 |            0.00996 |               9.37 |
                580 |             -0.937 |             -0.554 |             0.0283 |            0.00996 |               9.47 |
                590 |              -0.93 |             -0.546 |             0.0448 |            0.00948 |               9.33 |
                600 |             -0.836 |             -0.542 |             0.0353 |            0.00948 |               9.42 |
                610 |             -0.879 |             -0.527 |             0.0139 |            0.00948 |               9.41 |
                620 |             -0.833 |             -0.539 |             0.0218 |            0.00948 |               9.37 |
                630 |             -0.824 |             -0.565 |             0.0235 |            0.00948 |               9.62 |
                640 |              -0.78 |             -0.554 |             0.0329 |            0.00948 |               9.45 |
                650 |             -0.761 |             -0.544 |             0.0102 |            0.00948 |               9.49 |
                660 |             -0.749 |             -0.561 |             0.0212 |            0.00948 |               9.48 |
                670 |              -0.74 |             -0.551 |             0.0171 |            0.00948 |               9.48 |
                680 |             -0.728 |             -0.573 |             0.0269 |            0.00948 |                9.4 |
                690 |             -0.718 |             -0.571 |             0.0155 |            0.00948 |               9.65 |
                700 |              -0.69 |             -0.568 |             0.0294 |            0.00884 |               9.45 |
                710 |             -0.708 |             -0.582 |             0.0238 |            0.00884 |               9.42 |
                720 |             -0.709 |             -0.572 |             0.0102 |            0.00448 |               9.39 |
                730 |             -0.729 |             -0.552 |             0.0203 |            0.00448 |               9.36 |
                740 |             -0.734 |             -0.541 |             0.0203 |            0.00448 |               9.58 |
                750 |             -0.733 |             -0.561 |             0.0277 |            0.00448 |               9.54 |
                760 |             -0.725 |             -0.574 |              0.014 |            0.00448 |               9.48 |
                770 |             -0.698 |             -0.572 |              0.012 |            0.00171 |               9.57 |
                780 |             -0.757 |             -0.543 |             0.0119 |            0.00171 |               9.49 |
                790 |             -0.666 |             -0.495 |             0.0229 |            0.00171 |               9.44 |
                800 |             -0.852 |             -0.499 |            0.00276 |            0.00171 |               9.76 |
                810 |             -0.775 |             -0.508 |             0.0176 |            0.00171 |               9.59 |
                820 |             -0.885 |             -0.484 |             0.0205 |            0.00171 |               9.57 |
                830 |             -0.864 |             -0.526 |             0.0217 |            0.00171 |               9.51 |
                840 |             -0.893 |             -0.506 |             0.0222 |            0.00171 |               9.56 |
                850 |             -0.839 |             -0.531 |             0.0224 |            0.00171 |               9.46 |
                860 |             -0.876 |             -0.538 |             0.0184 |            0.00171 |               9.71 |
                870 |             -0.885 |             -0.537 |             0.0349 |            0.00171 |               9.44 |
                880 |             -0.857 |             -0.541 |             0.0189 |            0.00171 |               9.55 |
                890 |              -0.81 |              -0.52 |             0.0173 |            0.00171 |               9.55 |
                900 |             -0.823 |             -0.536 |             0.0185 |            0.00171 |               9.51 |
                910 |             -0.843 |              -0.54 |             0.0337 |            0.00171 |               9.73 |
                920 |             -0.807 |             -0.553 |              0.018 |            0.00171 |               9.59 |
                930 |             -0.799 |             -0.532 |             0.0121 |            0.00171 |               9.55 |
                940 |             -0.758 |             -0.556 |             0.0152 |            0.00171 |               9.57 |
                950 |             -0.699 |              -0.55 |             0.0113 |            0.00171 |               9.49 |
                960 |             -0.642 |             -0.539 |             0.0188 |            0.00171 |               9.27 |
                970 |             -0.653 |             -0.539 |             0.0153 |            0.00171 |               9.47 |
                980 |             -0.667 |             -0.529 |             0.0265 |            0.00171 |               9.48 |
                990 |             -0.687 |             -0.542 |             0.0161 |            0.00171 |               9.49 |
Training complete: 
   Data path: /work/qgan/data/train/amp-qml_torch-q4-noiseless-PSR-aerCPU-rand0.25-seed2 
   Best eval: 0.001714523580256876 
   Total time: 954.9894812107086

Running: /work/qgan/data/train/amp-qml_torch-q4-noiseless-REG-aerCPU-rand0-seed1/config.yaml
              Epoch |     Generator cost | Discriminator cost |               Eval |          Best eval |               Time |
Training complete: 
   Data path: /work/qgan/data/train/amp-qml_torch-q4-noiseless-REG-aerCPU-rand0-seed1 
   Best eval: 0.005573695074455479 
   Total time: 340.9046666622162

Running: /work/qgan/data/train/amp-qml_torch-q4-noiseless-REG-aerCPU-rand0.5-seed2/config.yaml
Training data file created.
              Epoch |     Generator cost | Discriminator cost |               Eval |          Best eval |               Time |
                  0 |             -0.528 |             -0.402 |             0.0429 |             0.0429 |              0.453 |
                 10 |             -0.517 |             -0.487 |             0.0251 |             0.0251 |               3.41 |
                 20 |             -0.515 |             -0.443 |             0.0587 |             0.0159 |               3.57 |
                 30 |             -0.731 |             -0.426 |              0.065 |            0.00912 |               3.59 |
                 40 |             -0.676 |             -0.436 |             0.0571 |            0.00912 |               3.36 |
                 50 |             -0.746 |             -0.442 |             0.0338 |            0.00912 |               3.66 |
                 60 |             -0.748 |             -0.471 |             0.0437 |            0.00912 |               3.39 |
                 70 |             -0.542 |             -0.474 |             0.0186 |            0.00912 |               3.64 |
                 80 |             -0.798 |             -0.541 |             0.0598 |            0.00912 |               3.64 |
                 90 |             -0.791 |             -0.513 |             0.0606 |            0.00912 |                3.4 |
                100 |             -0.811 |             -0.476 |             0.0704 |            0.00912 |               3.64 |
                110 |              -0.88 |             -0.553 |             0.0288 |            0.00912 |               3.37 |
                120 |              -0.76 |             -0.575 |             0.0686 |            0.00912 |               3.64 |
                130 |             -0.859 |             -0.585 |              0.051 |            0.00912 |               3.64 |
                140 |             -0.743 |             -0.541 |             0.0264 |            0.00912 |                3.4 |
                150 |             -0.795 |             -0.553 |             0.0472 |            0.00912 |               3.64 |
                160 |             -0.863 |             -0.608 |             0.0463 |            0.00912 |               3.39 |
                170 |              -0.79 |             -0.585 |             0.0456 |            0.00912 |               3.63 |
                180 |             -0.876 |             -0.578 |              0.049 |            0.00912 |               3.38 |
                190 |             -0.728 |             -0.627 |             0.0392 |            0.00912 |               3.66 |
                200 |               -0.7 |             -0.707 |             0.0459 |            0.00912 |               3.62 |
                210 |             -0.699 |             -0.532 |             0.0385 |            0.00912 |               3.39 |
                220 |             -0.777 |             -0.616 |             0.0503 |            0.00912 |               3.64 |
                230 |             -0.774 |             -0.663 |             0.0307 |            0.00912 |               3.38 |
                240 |             -0.739 |             -0.585 |              0.031 |            0.00912 |               3.64 |
                250 |             -0.802 |             -0.634 |             0.0601 |            0.00912 |               3.61 |
                260 |             -0.812 |             -0.641 |             0.0627 |            0.00912 |               3.34 |
                270 |             -0.623 |               -0.6 |            0.00812 |            0.00812 |                3.6 |
                280 |             -0.812 |             -0.622 |             0.0544 |            0.00812 |               3.34 |
                290 |             -0.683 |             -0.581 |             0.0305 |            0.00812 |               3.61 |
                300 |             -0.792 |             -0.586 |             0.0106 |            0.00812 |               3.63 |
                310 |             -0.745 |              -0.66 |             0.0413 |            0.00812 |               3.39 |
                320 |             -0.686 |             -0.612 |             0.0342 |            0.00812 |               3.63 |
                330 |             -0.739 |             -0.576 |             0.0148 |            0.00812 |               3.38 |
                340 |             -0.752 |             -0.667 |             0.0293 |            0.00812 |               3.66 |
                350 |             -0.792 |             -0.598 |             0.0702 |            0.00812 |               3.38 |
                360 |             -0.812 |             -0.605 |             0.0228 |            0.00812 |               3.64 |
                370 |             -0.826 |             -0.617 |             0.0532 |            0.00812 |               3.63 |
                380 |             -0.809 |             -0.602 |             0.0432 |            0.00812 |               3.39 |
                390 |             -0.764 |             -0.568 |             0.0494 |            0.00812 |               3.66 |
                400 |             -0.791 |             -0.678 |             0.0242 |            0.00812 |               3.38 |
                410 |             -0.805 |             -0.668 |             0.0546 |            0.00812 |               3.65 |
                420 |             -0.791 |              -0.61 |             0.0212 |            0.00812 |               3.64 |
                430 |             -0.696 |             -0.616 |             0.0105 |            0.00812 |               3.39 |
                440 |             -0.671 |             -0.624 |             0.0403 |            0.00812 |               3.65 |
                450 |             -0.729 |             -0.596 |             0.0393 |            0.00812 |                3.4 |
                460 |             -0.846 |             -0.572 |             0.0648 |            0.00743 |               3.65 |
                470 |             -0.809 |              -0.58 |              0.036 |            0.00577 |               3.65 |
                480 |             -0.751 |             -0.564 |             0.0339 |            0.00577 |                3.4 |
                490 |             -0.778 |             -0.622 |             0.0489 |            0.00577 |               3.65 |
                500 |             -0.647 |             -0.633 |             0.0529 |            0.00577 |                3.4 |
                510 |             -0.775 |             -0.614 |             0.0346 |            0.00577 |               3.65 |
                520 |             -0.644 |             -0.602 |             0.0419 |            0.00577 |               3.39 |
                530 |             -0.828 |             -0.663 |             0.0303 |            0.00577 |               3.65 |
                540 |              -0.67 |             -0.552 |             0.0225 |            0.00577 |               3.65 |
                550 |             -0.783 |              -0.61 |             0.0277 |            0.00577 |               3.39 |
                560 |             -0.666 |             -0.689 |             0.0051 |             0.0051 |               3.65 |
                570 |             -0.692 |             -0.558 |             0.0258 |             0.0029 |               3.39 |
                580 |             -0.727 |             -0.682 |             0.0294 |             0.0029 |               3.65 |
                590 |             -0.716 |             -0.682 |              0.039 |             0.0029 |               3.65 |
                600 |             -0.661 |             -0.606 |             0.0411 |             0.0029 |                3.4 |
                610 |             -0.742 |             -0.652 |             0.0377 |             0.0029 |               3.65 |
                620 |              -0.73 |             -0.594 |             0.0434 |             0.0029 |                3.4 |
                630 |             -0.669 |             -0.594 |              0.039 |             0.0029 |               3.65 |
                640 |             -0.677 |             -0.649 |             0.0149 |             0.0029 |               3.64 |
                650 |             -0.683 |             -0.651 |             0.0444 |             0.0029 |                3.4 |
                660 |             -0.738 |             -0.601 |             0.0439 |             0.0029 |               3.64 |
                670 |             -0.705 |             -0.589 |             0.0276 |             0.0029 |               3.39 |
                680 |             -0.615 |             -0.639 |             0.0118 |             0.0029 |               3.64 |
                690 |             -0.657 |             -0.639 |             0.0175 |             0.0029 |               3.39 |
                700 |             -0.712 |             -0.634 |             0.0376 |             0.0029 |               3.65 |
                710 |              -0.72 |             -0.643 |             0.0248 |             0.0029 |               3.64 |
                720 |             -0.746 |             -0.686 |             0.0164 |             0.0029 |               3.39 |
                730 |             -0.779 |             -0.651 |              0.017 |             0.0029 |               3.64 |
                740 |             -0.779 |             -0.653 |             0.0346 |             0.0029 |               3.39 |
                750 |             -0.687 |             -0.616 |             0.0309 |             0.0029 |               3.64 |
                760 |             -0.732 |             -0.609 |             0.0326 |             0.0029 |               3.64 |
                770 |             -0.715 |             -0.617 |             0.0363 |             0.0029 |                3.4 |
                780 |             -0.743 |              -0.68 |             0.0434 |             0.0029 |               3.64 |
                790 |             -0.727 |              -0.61 |             0.0422 |             0.0029 |               3.39 |
                800 |             -0.803 |             -0.648 |            0.00577 |             0.0029 |               3.65 |
                810 |             -0.631 |             -0.648 |             0.0188 |             0.0029 |               3.64 |
                820 |             -0.683 |             -0.656 |             0.0411 |             0.0029 |               3.39 |
                830 |             -0.743 |             -0.649 |             0.0418 |             0.0029 |               3.64 |
                840 |             -0.788 |             -0.701 |             0.0409 |             0.0029 |               3.39 |
                850 |             -0.597 |             -0.634 |             0.0222 |             0.0029 |               3.65 |
                860 |             -0.779 |             -0.696 |            0.00187 |            0.00187 |               3.38 |
                870 |             -0.773 |             -0.686 |             0.0249 |            0.00187 |               3.64 |
                880 |             -0.782 |             -0.638 |              0.044 |            0.00187 |               3.64 |
                890 |             -0.635 |              -0.64 |             0.0336 |            0.00187 |               3.37 |
                900 |             -0.729 |             -0.642 |             0.0317 |            0.00187 |               3.63 |
                910 |             -0.807 |             -0.661 |             0.0334 |            0.00187 |               3.33 |
                920 |              -0.63 |             -0.737 |             0.0363 |            0.00187 |                3.6 |
                930 |             -0.638 |             -0.658 |             0.0297 |            0.00187 |               3.63 |
                940 |              -0.73 |             -0.653 |             0.0207 |            0.00187 |               3.39 |
                950 |             -0.555 |             -0.657 |             0.0326 |            0.00187 |               3.63 |
                960 |             -0.543 |             -0.642 |            0.00685 |            0.00187 |               3.36 |
                970 |             -0.724 |             -0.658 |             0.0401 |            0.00187 |               3.59 |
                980 |             -0.677 |             -0.662 |             0.0274 |            0.00187 |               3.61 |
                990 |             -0.728 |             -0.654 |             0.0241 |            0.00187 |               3.36 |
Training complete: 
   Data path: /work/qgan/data/train/amp-qml_torch-q4-noiseless-REG-aerCPU-rand0.5-seed2 
   Best eval: 0.0018651231382966046 
   Total time: 353.4113862514496

Running: /work/qgan/data/train/base-qml_torch-q4-noiseless-PSR-aerCPU-rand0.1-seed1/config.yaml
              Epoch |     Generator cost | Discriminator cost |               Eval |          Best eval |               Time |
Training complete: 
   Data path: /work/qgan/data/train/base-qml_torch-q4-noiseless-PSR-aerCPU-rand0.1-seed1 
   Best eval: 0.2814810084153481 
   Total time: 236.3329255580902

Running: /work/qgan/data/train/base-qml_torch-q4-noiseless-PSR-aerCPU-rand1-seed2/config.yaml
              Epoch |     Generator cost | Discriminator cost |               Eval |          Best eval |               Time |
Training complete: 
   Data path: /work/qgan/data/train/base-qml_torch-q4-noiseless-PSR-aerCPU-rand1-seed2 
   Best eval: 0.1018576495257065 
   Total time: 224.98139715194702

Running: /work/qgan/data/train/base-qml_torch-q4-noiseless-SPSA-aerCPU-rand0.25-seed1/config.yaml
              Epoch |     Generator cost | Discriminator cost |               Eval |          Best eval |               Time |
Training complete: 
   Data path: /work/qgan/data/train/base-qml_torch-q4-noiseless-SPSA-aerCPU-rand0.25-seed1 
   Best eval: 0.42160751945599595 
   Total time: 16.73964762687683

Running: /work/qgan/data/train/amp-qml_torch-q4-noisy-PSR-aerCPU-rand0-seed0/config.yaml
Training data file created.
              Epoch |     Generator cost | Discriminator cost |               Eval |          Best eval |               Time |
                  0 |             -0.892 |             -0.206 |             0.0798 |             0.0798 |           1.07e+03 |
                 10 |             -0.939 |             -0.225 |             0.0792 |             0.0792 |           1.08e+04 |
                 20 |              -0.95 |             -0.243 |             0.0769 |             0.0769 |           1.07e+04 |
                 30 |             -0.946 |              -0.29 |             0.0744 |             0.0744 |           1.08e+04 |
                 40 |              -0.93 |             -0.336 |              0.074 |              0.074 |           1.09e+04 |

Interrupter: will stop after the current epoch. Press Ctrl+C again to force quit.
Interrupter: Graceful exit triggered. Breaking loop.
Training complete: 
   Data path: /work/qgan/data/train/amp-qml_torch-q4-noisy-PSR-aerCPU-rand0-seed0 
   Best eval: 0.07395967106571125 
   Total time: 48696.36554837227
Interrupter: battery execution stopped.
17 battery run(s) succeeded.
