Creating config files for cpu4_times_ang_q16_noiseless_spsa_rand0:
Configuration file rewritten. Path: /work/qgan/data/train/times/ang-qml_torch-q16-noiseless-SPSA-aerCPU-rand0-seed0:cpu4/config.yaml

Creating config files for cpu4_times_base_q16_noiseless_reg_rand1:
Configuration file rewritten. Path: /work/qgan/data/train/times/base-qml_torch-q16-noiseless-REG-aerCPU-rand1-seed0:cpu4/config.yaml

Creating config files for cpu4_times_base_q16_noiseless_psr_rand0:
Configuration file rewritten. Path: /work/qgan/data/train/times/base-qml_torch-q16-noiseless-PSR-aerCPU-rand0-seed0:cpu4/config.yaml

Creating config files for cpu4_times_base_q8_noiseless_reg_rand1:
Configuration file rewritten. Path: /work/qgan/data/train/times/base-qml_torch-q8-noiseless-REG-aerCPU-rand1-seed0:cpu4/config.yaml

Creating config files for cpu4_times_base_q16_noiseless_spsa_rand0:
Configuration file rewritten. Path: /work/qgan/data/train/times/base-qml_torch-q16-noiseless-SPSA-aerCPU-rand0-seed0:cpu4/config.yaml

Creating config files for cpu4_times_base_q4_noiseless_reg_rand0:
Configuration file rewritten. Path: /work/qgan/data/train/times/base-qml_torch-q4-noiseless-REG-aerCPU-rand0-seed0:cpu4/config.yaml

6 battery configuration files ready.

Running: /work/qgan/data/train/times/ang-qml_torch-q16-noiseless-SPSA-aerCPU-rand0-seed0:cpu4/config.yaml
              Epoch |     Generator cost | Discriminator cost |               Eval |          Best eval |               Time |
                  1 |              -0.78 |             -0.448 |              0.017 |              0.014 |           1.34e+03 |
                  2 |             -0.792 |             -0.446 |             0.0117 |             0.0117 |           1.34e+03 |
                  3 |              -0.79 |             -0.448 |             0.0147 |             0.0117 |           1.34e+03 |
                  4 |             -0.789 |             -0.438 |              0.017 |             0.0117 |           1.33e+03 |
Training complete: 
   Data path: /work/qgan/data/train/times/ang-qml_torch-q16-noiseless-SPSA-aerCPU-rand0-seed0:cpu4 
   Best eval: 0.0117335245013237 
   Total time: 6688.275861740112

Running: /work/qgan/data/train/times/base-qml_torch-q16-noiseless-REG-aerCPU-rand1-seed0:cpu4/config.yaml
Training data file created.
              Epoch |     Generator cost | Discriminator cost |               Eval |          Best eval |               Time |
                  0 |             -0.469 |             -0.397 |               6.56 |               6.56 |               37.2 |
                  1 |             -0.523 |             -0.632 |               5.27 |               5.27 |               28.1 |
                  2 |             -0.415 |             -0.521 |               4.07 |               4.07 |               28.1 |
                  3 |             -0.214 |             -0.583 |               4.05 |               4.05 |               28.1 |
                  4 |             -0.555 |             -0.405 |               5.18 |               4.05 |               28.6 |
Training complete: 
   Data path: /work/qgan/data/train/times/base-qml_torch-q16-noiseless-REG-aerCPU-rand1-seed0:cpu4 
   Best eval: 4.054685847373309 
   Total time: 150.0818829536438

Running: /work/qgan/data/train/times/base-qml_torch-q16-noiseless-PSR-aerCPU-rand0-seed0:cpu4/config.yaml
Training data file created.
              Epoch |     Generator cost | Discriminator cost |               Eval |          Best eval |               Time |
                  0 |             -0.792 |             -0.342 |               9.47 |               9.47 |               7.59 |
                  1 |             -0.804 |             -0.341 |               9.47 |               9.47 |               7.49 |
                  2 |              -0.79 |              -0.36 |               9.46 |               9.46 |               7.84 |
                  3 |             -0.787 |             -0.359 |               9.42 |               9.42 |               7.67 |
                  4 |             -0.799 |             -0.347 |               9.38 |               9.38 |               7.51 |
Training complete: 
   Data path: /work/qgan/data/train/times/base-qml_torch-q16-noiseless-PSR-aerCPU-rand0-seed0:cpu4 
   Best eval: 9.38106941842278 
   Total time: 38.107300996780396

Running: /work/qgan/data/train/times/base-qml_torch-q8-noiseless-REG-aerCPU-rand1-seed0:cpu4/config.yaml
Training data file created.
              Epoch |     Generator cost | Discriminator cost |               Eval |          Best eval |               Time |
                  0 |             -0.565 |             -0.495 |                3.1 |                3.1 |               1.37 |
                  1 |             -0.501 |             -0.459 |               4.17 |                3.1 |              0.837 |
                  2 |             -0.242 |             -0.472 |               2.11 |               2.11 |               0.84 |
                  3 |             -0.706 |             -0.475 |               3.57 |               2.11 |              0.843 |
                  4 |             -0.509 |             -0.449 |               3.62 |               2.11 |               0.84 |
Training complete: 
   Data path: /work/qgan/data/train/times/base-qml_torch-q8-noiseless-REG-aerCPU-rand1-seed0:cpu4 
   Best eval: 2.1064057543179273 
   Total time: 4.735063314437866

Running: /work/qgan/data/train/times/base-qml_torch-q16-noiseless-SPSA-aerCPU-rand0-seed0:cpu4/config.yaml
Training data file created.
              Epoch |     Generator cost | Discriminator cost |               Eval |          Best eval |               Time |
                  0 |             -0.761 |             -0.365 |                9.4 |                9.4 |              0.207 |
                  1 |             -0.798 |             -0.361 |               9.35 |               9.35 |              0.173 |
                  2 |             -0.795 |             -0.363 |               9.32 |               9.32 |              0.169 |
                  3 |             -0.784 |             -0.357 |               9.29 |               9.29 |              0.171 |
                  4 |             -0.809 |             -0.345 |               9.26 |               9.26 |              0.171 |
Training complete: 
   Data path: /work/qgan/data/train/times/base-qml_torch-q16-noiseless-SPSA-aerCPU-rand0-seed0:cpu4 
   Best eval: 9.258964034895028 
   Total time: 0.8911299705505371

Running: /work/qgan/data/train/times/base-qml_torch-q4-noiseless-REG-aerCPU-rand0-seed0:cpu4/config.yaml
Training data file created.
              Epoch |     Generator cost | Discriminator cost |               Eval |          Best eval |               Time |
                  0 |             -0.901 |             -0.294 |               4.05 |               4.05 |              0.167 |
                  1 |             -0.889 |             -0.287 |                3.7 |                3.7 |              0.111 |
                  2 |              -0.92 |             -0.272 |               3.57 |               3.57 |               0.11 |
                  3 |             -0.903 |             -0.258 |               3.49 |               3.49 |              0.107 |
                  4 |             -0.901 |             -0.291 |               3.44 |               3.44 |               0.11 |
Training complete: 
   Data path: /work/qgan/data/train/times/base-qml_torch-q4-noiseless-REG-aerCPU-rand0-seed0:cpu4 
   Best eval: 3.4423614116865195 
   Total time: 0.6057329177856445
6 battery run(s) succeeded.
