Creating config files for qml_torch_noisy:
Configuration file rewritten. Path: /work/qgan/data/train/base-qml_torch-q4-noisy-SPSA-aerCPU-rand0-seed0/config.yaml
Configuration file rewritten. Path: /work/qgan/data/train/base-qml_torch-q4-noisy-SPSA-aerCPU-rand0.1-seed0/config.yaml
Configuration file rewritten. Path: /work/qgan/data/train/base-qml_torch-q4-noisy-SPSA-aerCPU-rand0.25-seed0/config.yaml
Configuration file rewritten. Path: /work/qgan/data/train/base-qml_torch-q4-noisy-SPSA-aerCPU-rand0.5-seed0/config.yaml
Configuration file rewritten. Path: /work/qgan/data/train/base-qml_torch-q4-noisy-SPSA-aerCPU-rand1-seed0/config.yaml
Configuration file rewritten. Path: /work/qgan/data/train/base-qml_torch-q4-noisy-SPSA-aerCPU-rand0-seed1/config.yaml
Configuration file rewritten. Path: /work/qgan/data/train/base-qml_torch-q4-noisy-SPSA-aerCPU-rand0.1-seed1/config.yaml
Configuration file rewritten. Path: /work/qgan/data/train/base-qml_torch-q4-noisy-SPSA-aerCPU-rand0.25-seed1/config.yaml
Configuration file rewritten. Path: /work/qgan/data/train/base-qml_torch-q4-noisy-SPSA-aerCPU-rand0.5-seed1/config.yaml
Configuration file rewritten. Path: /work/qgan/data/train/base-qml_torch-q4-noisy-SPSA-aerCPU-rand1-seed1/config.yaml
Configuration file rewritten. Path: /work/qgan/data/train/base-qml_torch-q4-noisy-SPSA-aerCPU-rand0-seed2/config.yaml
Configuration file rewritten. Path: /work/qgan/data/train/base-qml_torch-q4-noisy-SPSA-aerCPU-rand0.1-seed2/config.yaml
Configuration file rewritten. Path: /work/qgan/data/train/base-qml_torch-q4-noisy-SPSA-aerCPU-rand0.25-seed2/config.yaml
Configuration file rewritten. Path: /work/qgan/data/train/base-qml_torch-q4-noisy-SPSA-aerCPU-rand0.5-seed2/config.yaml
Configuration file rewritten. Path: /work/qgan/data/train/base-qml_torch-q4-noisy-SPSA-aerCPU-rand1-seed2/config.yaml
Configuration file rewritten. Path: /work/qgan/data/train/base-qml_torch-q4-noisy-PSR-aerCPU-rand0-seed0/config.yaml
Configuration file rewritten. Path: /work/qgan/data/train/base-qml_torch-q4-noisy-PSR-aerCPU-rand0.1-seed0/config.yaml
Configuration file written. Path: /work/qgan/data/train/base-qml_torch-q4-noisy-PSR-aerCPU-rand0.25-seed0/config.yaml
Configuration file written. Path: /work/qgan/data/train/base-qml_torch-q4-noisy-PSR-aerCPU-rand0.5-seed0/config.yaml
Configuration file written. Path: /work/qgan/data/train/base-qml_torch-q4-noisy-PSR-aerCPU-rand1-seed0/config.yaml
Configuration file rewritten. Path: /work/qgan/data/train/base-qml_torch-q4-noisy-PSR-aerCPU-rand0-seed1/config.yaml
Configuration file rewritten. Path: /work/qgan/data/train/base-qml_torch-q4-noisy-PSR-aerCPU-rand0.1-seed1/config.yaml
Configuration file written. Path: /work/qgan/data/train/base-qml_torch-q4-noisy-PSR-aerCPU-rand0.25-seed1/config.yaml
Configuration file written. Path: /work/qgan/data/train/base-qml_torch-q4-noisy-PSR-aerCPU-rand0.5-seed1/config.yaml
Configuration file written. Path: /work/qgan/data/train/base-qml_torch-q4-noisy-PSR-aerCPU-rand1-seed1/config.yaml
Configuration file rewritten. Path: /work/qgan/data/train/base-qml_torch-q4-noisy-PSR-aerCPU-rand0-seed2/config.yaml
Configuration file rewritten. Path: /work/qgan/data/train/base-qml_torch-q4-noisy-PSR-aerCPU-rand0.1-seed2/config.yaml
Configuration file written. Path: /work/qgan/data/train/base-qml_torch-q4-noisy-PSR-aerCPU-rand0.25-seed2/config.yaml
Configuration file written. Path: /work/qgan/data/train/base-qml_torch-q4-noisy-PSR-aerCPU-rand0.5-seed2/config.yaml
Configuration file written. Path: /work/qgan/data/train/base-qml_torch-q4-noisy-PSR-aerCPU-rand1-seed2/config.yaml
Configuration file rewritten. Path: /work/qgan/data/train/ang-qml_torch-q4-noisy-SPSA-aerCPU-rand0-seed0/config.yaml
Configuration file rewritten. Path: /work/qgan/data/train/ang-qml_torch-q4-noisy-SPSA-aerCPU-rand0.1-seed0/config.yaml
Configuration file rewritten. Path: /work/qgan/data/train/ang-qml_torch-q4-noisy-SPSA-aerCPU-rand0.25-seed0/config.yaml
Configuration file rewritten. Path: /work/qgan/data/train/ang-qml_torch-q4-noisy-SPSA-aerCPU-rand0.5-seed0/config.yaml
Configuration file rewritten. Path: /work/qgan/data/train/ang-qml_torch-q4-noisy-SPSA-aerCPU-rand1-seed0/config.yaml
Configuration file rewritten. Path: /work/qgan/data/train/ang-qml_torch-q4-noisy-SPSA-aerCPU-rand0-seed1/config.yaml
Configuration file rewritten. Path: /work/qgan/data/train/ang-qml_torch-q4-noisy-SPSA-aerCPU-rand0.1-seed1/config.yaml
Configuration file rewritten. Path: /work/qgan/data/train/ang-qml_torch-q4-noisy-SPSA-aerCPU-rand0.25-seed1/config.yaml
Configuration file rewritten. Path: /work/qgan/data/train/ang-qml_torch-q4-noisy-SPSA-aerCPU-rand0.5-seed1/config.yaml
Configuration file rewritten. Path: /work/qgan/data/train/ang-qml_torch-q4-noisy-SPSA-aerCPU-rand1-seed1/config.yaml
Configuration file rewritten. Path: /work/qgan/data/train/ang-qml_torch-q4-noisy-SPSA-aerCPU-rand0-seed2/config.yaml
Configuration file rewritten. Path: /work/qgan/data/train/ang-qml_torch-q4-noisy-SPSA-aerCPU-rand0.1-seed2/config.yaml
Configuration file rewritten. Path: /work/qgan/data/train/ang-qml_torch-q4-noisy-SPSA-aerCPU-rand0.25-seed2/config.yaml
Configuration file rewritten. Path: /work/qgan/data/train/ang-qml_torch-q4-noisy-SPSA-aerCPU-rand0.5-seed2/config.yaml
Configuration file rewritten. Path: /work/qgan/data/train/ang-qml_torch-q4-noisy-SPSA-aerCPU-rand1-seed2/config.yaml
Configuration file rewritten. Path: /work/qgan/data/train/ang-qml_torch-q4-noisy-PSR-aerCPU-rand0-seed0/config.yaml
Configuration file rewritten. Path: /work/qgan/data/train/ang-qml_torch-q4-noisy-PSR-aerCPU-rand0.1-seed0/config.yaml
Configuration file written. Path: /work/qgan/data/train/ang-qml_torch-q4-noisy-PSR-aerCPU-rand0.25-seed0/config.yaml
Configuration file written. Path: /work/qgan/data/train/ang-qml_torch-q4-noisy-PSR-aerCPU-rand0.5-seed0/config.yaml
Configuration file written. Path: /work/qgan/data/train/ang-qml_torch-q4-noisy-PSR-aerCPU-rand1-seed0/config.yaml
Configuration file rewritten. Path: /work/qgan/data/train/ang-qml_torch-q4-noisy-PSR-aerCPU-rand0-seed1/config.yaml
Configuration file rewritten. Path: /work/qgan/data/train/ang-qml_torch-q4-noisy-PSR-aerCPU-rand0.1-seed1/config.yaml
Configuration file written. Path: /work/qgan/data/train/ang-qml_torch-q4-noisy-PSR-aerCPU-rand0.25-seed1/config.yaml
Configuration file written. Path: /work/qgan/data/train/ang-qml_torch-q4-noisy-PSR-aerCPU-rand0.5-seed1/config.yaml
Configuration file written. Path: /work/qgan/data/train/ang-qml_torch-q4-noisy-PSR-aerCPU-rand1-seed1/config.yaml
Configuration file rewritten. Path: /work/qgan/data/train/ang-qml_torch-q4-noisy-PSR-aerCPU-rand0-seed2/config.yaml
Configuration file rewritten. Path: /work/qgan/data/train/ang-qml_torch-q4-noisy-PSR-aerCPU-rand0.1-seed2/config.yaml
Configuration file written. Path: /work/qgan/data/train/ang-qml_torch-q4-noisy-PSR-aerCPU-rand0.25-seed2/config.yaml
Configuration file written. Path: /work/qgan/data/train/ang-qml_torch-q4-noisy-PSR-aerCPU-rand0.5-seed2/config.yaml
Configuration file written. Path: /work/qgan/data/train/ang-qml_torch-q4-noisy-PSR-aerCPU-rand1-seed2/config.yaml
Configuration file rewritten. Path: /work/qgan/data/train/amp-qml_torch-q4-noisy-SPSA-aerCPU-rand0-seed0/config.yaml
Configuration file rewritten. Path: /work/qgan/data/train/amp-qml_torch-q4-noisy-SPSA-aerCPU-rand0.1-seed0/config.yaml
Configuration file rewritten. Path: /work/qgan/data/train/amp-qml_torch-q4-noisy-SPSA-aerCPU-rand0.25-seed0/config.yaml
Configuration file rewritten. Path: /work/qgan/data/train/amp-qml_torch-q4-noisy-SPSA-aerCPU-rand0.5-seed0/config.yaml
Configuration file rewritten. Path: /work/qgan/data/train/amp-qml_torch-q4-noisy-SPSA-aerCPU-rand1-seed0/config.yaml
Configuration file rewritten. Path: /work/qgan/data/train/amp-qml_torch-q4-noisy-SPSA-aerCPU-rand0-seed1/config.yaml
Configuration file rewritten. Path: /work/qgan/data/train/amp-qml_torch-q4-noisy-SPSA-aerCPU-rand0.1-seed1/config.yaml
Configuration file rewritten. Path: /work/qgan/data/train/amp-qml_torch-q4-noisy-SPSA-aerCPU-rand0.25-seed1/config.yaml
Configuration file rewritten. Path: /work/qgan/data/train/amp-qml_torch-q4-noisy-SPSA-aerCPU-rand0.5-seed1/config.yaml
Configuration file rewritten. Path: /work/qgan/data/train/amp-qml_torch-q4-noisy-SPSA-aerCPU-rand1-seed1/config.yaml
Configuration file rewritten. Path: /work/qgan/data/train/amp-qml_torch-q4-noisy-SPSA-aerCPU-rand0-seed2/config.yaml
Configuration file rewritten. Path: /work/qgan/data/train/amp-qml_torch-q4-noisy-SPSA-aerCPU-rand0.1-seed2/config.yaml
Configuration file rewritten. Path: /work/qgan/data/train/amp-qml_torch-q4-noisy-SPSA-aerCPU-rand0.25-seed2/config.yaml
Configuration file rewritten. Path: /work/qgan/data/train/amp-qml_torch-q4-noisy-SPSA-aerCPU-rand0.5-seed2/config.yaml
Configuration file rewritten. Path: /work/qgan/data/train/amp-qml_torch-q4-noisy-SPSA-aerCPU-rand1-seed2/config.yaml
Configuration file rewritten. Path: /work/qgan/data/train/amp-qml_torch-q4-noisy-PSR-aerCPU-rand0-seed0/config.yaml
Configuration file rewritten. Path: /work/qgan/data/train/amp-qml_torch-q4-noisy-PSR-aerCPU-rand0.1-seed0/config.yaml
Configuration file written. Path: /work/qgan/data/train/amp-qml_torch-q4-noisy-PSR-aerCPU-rand0.25-seed0/config.yaml
Configuration file written. Path: /work/qgan/data/train/amp-qml_torch-q4-noisy-PSR-aerCPU-rand0.5-seed0/config.yaml
Configuration file written. Path: /work/qgan/data/train/amp-qml_torch-q4-noisy-PSR-aerCPU-rand1-seed0/config.yaml
Configuration file rewritten. Path: /work/qgan/data/train/amp-qml_torch-q4-noisy-PSR-aerCPU-rand0-seed1/config.yaml
Configuration file rewritten. Path: /work/qgan/data/train/amp-qml_torch-q4-noisy-PSR-aerCPU-rand0.1-seed1/config.yaml
Configuration file written. Path: /work/qgan/data/train/amp-qml_torch-q4-noisy-PSR-aerCPU-rand0.25-seed1/config.yaml
Configuration file written. Path: /work/qgan/data/train/amp-qml_torch-q4-noisy-PSR-aerCPU-rand0.5-seed1/config.yaml
Configuration file written. Path: /work/qgan/data/train/amp-qml_torch-q4-noisy-PSR-aerCPU-rand1-seed1/config.yaml
Configuration file rewritten. Path: /work/qgan/data/train/amp-qml_torch-q4-noisy-PSR-aerCPU-rand0-seed2/config.yaml
Configuration file rewritten. Path: /work/qgan/data/train/amp-qml_torch-q4-noisy-PSR-aerCPU-rand0.1-seed2/config.yaml
Configuration file written. Path: /work/qgan/data/train/amp-qml_torch-q4-noisy-PSR-aerCPU-rand0.25-seed2/config.yaml
Configuration file written. Path: /work/qgan/data/train/amp-qml_torch-q4-noisy-PSR-aerCPU-rand0.5-seed2/config.yaml
Configuration file written. Path: /work/qgan/data/train/amp-qml_torch-q4-noisy-PSR-aerCPU-rand1-seed2/config.yaml

90 battery configuration files ready.

Running: /work/qgan/data/train/base-qml_torch-q4-noisy-SPSA-aerCPU-rand0-seed0/config.yaml
GPUs available to PyTorch: 1
              Epoch |     Generator cost | Discriminator cost |               Eval |          Best eval |               Time |
Training complete: 
   Data path: /work/qgan/data/train/base-qml_torch-q4-noisy-SPSA-aerCPU-rand0-seed0 
   Best eval: 2.6637522218975302 
   Total time: 24635.46440935135

Running: /work/qgan/data/train/base-qml_torch-q4-noisy-SPSA-aerCPU-rand0.1-seed0/config.yaml
GPUs available to PyTorch: 1
              Epoch |     Generator cost | Discriminator cost |               Eval |          Best eval |               Time |
Training complete: 
   Data path: /work/qgan/data/train/base-qml_torch-q4-noisy-SPSA-aerCPU-rand0.1-seed0 
   Best eval: 1.2661181341055705 
   Total time: 26390.07302212715

Running: /work/qgan/data/train/base-qml_torch-q4-noisy-SPSA-aerCPU-rand0.25-seed0/config.yaml
GPUs available to PyTorch: 1
Training data file created.
              Epoch |     Generator cost | Discriminator cost |               Eval |          Best eval |               Time |
                  0 |             -0.442 |             -0.507 |               1.81 |               1.81 |               19.9 |
                100 |             -0.446 |             -0.507 |               2.81 |              0.156 |           2.02e+03 |
                200 |             -0.542 |             -0.439 |               1.38 |              0.156 |           1.98e+03 |
                300 |              -0.54 |             -0.336 |               1.03 |              0.156 |           1.99e+03 |
                400 |             -0.631 |             -0.366 |               4.24 |              0.156 |           2.01e+03 |
                500 |             -0.451 |             -0.482 |                1.3 |              0.156 |           2.01e+03 |
                600 |             -0.639 |             -0.434 |               1.37 |              0.156 |           2.01e+03 |

Interrupter: will stop after the current epoch. Press Ctrl+C again to force quit.
Interrupter: Graceful exit triggered. Breaking loop.
Training complete: 
   Data path: /work/qgan/data/train/base-qml_torch-q4-noisy-SPSA-aerCPU-rand0.25-seed0 
   Best eval: 0.15643393810001124 
   Total time: 12582.618005037308
Interrupter: battery execution stopped.
3 battery run(s) succeeded.
