/work/qgan/src/qgan_v2/training/data.py:216: UserWarning: Training data config differs from current config:
- backend.real.channel: previous='ibm_quantum_platform', current=None
- backend.real.confirm_execution: previous=True, current=None
- backend.real.confirm_runtime_execution: previous=None, current=False
- backend.real.info_storage: previous=None, current='shared'
- backend.save_backend_file: previous=None, current=False
- backend.simulator.device: previous='CPU', current='GPU'
- backend.simulator.device_name: previous=None, current='CPU'
- encoding.random_circuit: previous=None, current=1
- run.device: previous='CPU', current='GPU'
  warn_config_changes(training_state.config, config)
/work/qgan/src/qgan_v2/training/data.py:216: UserWarning: Training data config differs from current config:
- backend.real.channel: previous='ibm_quantum_platform', current=None
- backend.real.confirm_execution: previous=True, current=None
- backend.real.confirm_runtime_execution: previous=None, current=False
- backend.real.info_storage: previous=None, current='shared'
- backend.save_backend_file: previous=None, current=False
- backend.simulator.device: previous='CPU', current='GPU'
- backend.simulator.device_name: previous=None, current='CPU'
- encoding.random_circuit: previous=None, current=1
- run.device: previous='CPU', current='GPU'
  warn_config_changes(training_state.config, config)
/work/qgan/src/qgan_v2/training/data.py:216: UserWarning: Training data config differs from current config:
- backend.simulator.device: previous='CPU', current='GPU'
- backend.simulator.max_parallel_threads: previous=96, current=0
- run.device: previous='CPU', current='GPU'
  warn_config_changes(training_state.config, config)
/home/bburutaran/bin/bnd: line 124: 56788 Bus error               (core dumped) apptainer exec "${extra[@]}" -B "$PWD:/work" -B "$uv_dir:/uvbin:ro" --pwd /work "$sif" bash -lc "$full_script" bash "$@"
