Creating config files for noiseless_ang_q16_spsa_seed2:
Configuration file rewritten. Path: /work/qgan/data/train/ang-qml_torch-q16-noiseless-SPSA-aerCPU-rand0-seed2/config.yaml

1 battery configuration files ready.

Running: /work/qgan/data/train/ang-qml_torch-q16-noiseless-SPSA-aerCPU-rand0-seed2/config.yaml
GPUs available to PyTorch: 1
Training data file created.
              Epoch |     Generator cost | Discriminator cost |               Eval |          Best eval |               Time |
                  0 |             -0.848 |             -0.443 |             0.0253 |             0.0253 |               35.2 |
                 10 |             -0.843 |             -0.468 |              0.024 |             0.0235 |                349 |
                 20 |             -0.827 |             -0.474 |             0.0242 |             0.0226 |                349 |
                 30 |             -0.836 |             -0.478 |             0.0259 |             0.0208 |                349 |
                 40 |             -0.831 |              -0.49 |             0.0267 |             0.0194 |                349 |
                 50 |             -0.825 |               -0.5 |             0.0267 |             0.0192 |                349 |
                 60 |             -0.817 |             -0.509 |             0.0227 |             0.0192 |                349 |
                 70 |             -0.832 |             -0.506 |             0.0204 |             0.0192 |                349 |
                 80 |             -0.817 |              -0.51 |             0.0194 |             0.0155 |                349 |
                 90 |             -0.829 |              -0.51 |             0.0193 |             0.0155 |                349 |
                100 |             -0.825 |             -0.513 |             0.0173 |             0.0155 |                349 |
                110 |             -0.845 |             -0.499 |             0.0178 |             0.0152 |                347 |
                120 |             -0.834 |             -0.516 |              0.016 |              0.015 |                344 |
                130 |             -0.845 |              -0.52 |             0.0176 |             0.0147 |                344 |
                140 |             -0.848 |              -0.51 |              0.016 |             0.0141 |                344 |
                150 |             -0.866 |             -0.521 |             0.0177 |             0.0141 |                344 |
                160 |             -0.867 |               -0.5 |             0.0169 |             0.0119 |                344 |
                170 |             -0.894 |              -0.51 |             0.0158 |             0.0119 |                345 |
                180 |             -0.871 |             -0.517 |             0.0154 |             0.0119 |                345 |
                190 |             -0.878 |             -0.515 |             0.0158 |             0.0119 |                345 |
                200 |             -0.874 |             -0.511 |             0.0127 |             0.0119 |                345 |
                210 |             -0.867 |             -0.523 |             0.0193 |             0.0119 |                345 |
                220 |             -0.883 |             -0.511 |             0.0212 |             0.0119 |                345 |
                230 |             -0.886 |             -0.506 |             0.0174 |             0.0119 |                345 |
                240 |             -0.884 |             -0.505 |             0.0195 |             0.0119 |                345 |
                250 |             -0.883 |             -0.518 |             0.0197 |             0.0119 |                345 |
                260 |             -0.872 |             -0.516 |             0.0178 |             0.0119 |                345 |
                270 |             -0.856 |             -0.524 |              0.025 |             0.0119 |                345 |
                280 |             -0.857 |             -0.519 |             0.0238 |             0.0119 |                345 |
                290 |             -0.884 |             -0.519 |             0.0236 |             0.0119 |                345 |
                300 |              -0.87 |              -0.52 |             0.0244 |             0.0119 |                345 |
                310 |             -0.885 |              -0.51 |             0.0199 |             0.0119 |                345 |
                320 |              -0.87 |             -0.526 |             0.0214 |             0.0119 |                345 |
                330 |             -0.861 |             -0.524 |              0.022 |             0.0119 |                345 |
                340 |             -0.871 |             -0.516 |             0.0191 |             0.0119 |                345 |
                350 |             -0.864 |             -0.515 |             0.0215 |             0.0119 |                345 |
                360 |             -0.868 |             -0.521 |             0.0203 |             0.0119 |                345 |
                370 |             -0.865 |             -0.516 |             0.0256 |             0.0119 |                345 |
                380 |             -0.852 |             -0.525 |             0.0236 |             0.0119 |                345 |
                390 |             -0.866 |             -0.516 |             0.0222 |             0.0119 |                345 |
                400 |             -0.874 |             -0.519 |             0.0201 |             0.0119 |                345 |
                410 |             -0.883 |              -0.52 |             0.0183 |             0.0119 |                345 |
                420 |             -0.876 |             -0.514 |             0.0198 |             0.0119 |                346 |
                430 |             -0.858 |             -0.512 |              0.022 |             0.0119 |                345 |
                440 |             -0.865 |             -0.514 |             0.0194 |             0.0119 |                345 |
                450 |             -0.873 |             -0.517 |              0.019 |             0.0119 |                345 |
                460 |             -0.865 |             -0.513 |              0.019 |             0.0119 |                345 |
                470 |             -0.885 |             -0.531 |             0.0192 |             0.0119 |                346 |
                480 |             -0.871 |             -0.526 |             0.0213 |             0.0119 |                346 |
                490 |             -0.883 |             -0.519 |             0.0215 |             0.0119 |                345 |
                500 |             -0.883 |             -0.513 |             0.0246 |             0.0119 |                344 |
                510 |             -0.857 |             -0.525 |             0.0227 |             0.0119 |                344 |
                520 |              -0.87 |             -0.516 |             0.0218 |             0.0119 |                346 |
                530 |             -0.878 |             -0.527 |             0.0255 |             0.0119 |                347 |
                540 |             -0.879 |             -0.512 |             0.0185 |             0.0119 |                347 |
                550 |             -0.872 |              -0.52 |             0.0235 |             0.0119 |                345 |
                560 |             -0.864 |             -0.509 |             0.0236 |             0.0119 |                344 |
                570 |             -0.882 |             -0.531 |              0.026 |             0.0119 |                345 |
                580 |             -0.883 |             -0.521 |             0.0244 |             0.0119 |                347 |
                590 |             -0.865 |             -0.523 |              0.024 |             0.0119 |                347 |
                600 |             -0.871 |             -0.512 |             0.0251 |             0.0119 |                347 |
                610 |             -0.862 |             -0.533 |             0.0216 |             0.0119 |                345 |
                620 |              -0.87 |             -0.516 |             0.0248 |             0.0119 |                344 |
                630 |              -0.85 |              -0.52 |             0.0251 |             0.0119 |                345 |
                640 |             -0.847 |             -0.536 |             0.0257 |             0.0119 |                346 |
                650 |             -0.846 |             -0.533 |             0.0259 |             0.0119 |                347 |
                660 |              -0.83 |             -0.535 |              0.025 |             0.0119 |                348 |
                670 |             -0.841 |             -0.529 |             0.0241 |             0.0119 |                346 |
                680 |             -0.845 |             -0.534 |             0.0228 |             0.0119 |                345 |
                690 |             -0.856 |             -0.533 |             0.0252 |             0.0119 |                345 |
                700 |             -0.849 |             -0.541 |             0.0246 |             0.0119 |                346 |
                710 |             -0.844 |              -0.54 |             0.0235 |             0.0119 |                344 |
                720 |             -0.842 |             -0.524 |             0.0253 |             0.0119 |                343 |
                730 |             -0.852 |              -0.53 |             0.0229 |             0.0119 |                343 |
                740 |             -0.852 |              -0.53 |             0.0225 |             0.0119 |                343 |
                750 |             -0.858 |              -0.53 |             0.0222 |             0.0119 |                343 |
                760 |             -0.842 |              -0.53 |             0.0253 |             0.0119 |                343 |
                770 |             -0.846 |             -0.527 |             0.0283 |             0.0119 |                343 |
                780 |             -0.842 |             -0.525 |              0.025 |             0.0119 |                343 |
                790 |             -0.854 |             -0.528 |             0.0243 |             0.0119 |                343 |
                800 |              -0.85 |             -0.531 |             0.0257 |             0.0119 |                343 |
                810 |             -0.839 |             -0.531 |             0.0264 |             0.0119 |                343 |
                820 |             -0.844 |             -0.522 |             0.0242 |             0.0119 |                343 |
                830 |             -0.848 |             -0.522 |             0.0279 |             0.0119 |                343 |
                840 |             -0.834 |             -0.526 |             0.0212 |             0.0119 |                343 |
                850 |              -0.84 |             -0.518 |             0.0231 |             0.0119 |                343 |
                860 |             -0.837 |             -0.527 |             0.0241 |             0.0119 |                343 |
                870 |             -0.839 |             -0.525 |              0.026 |             0.0119 |                343 |
                880 |             -0.841 |             -0.535 |              0.025 |             0.0119 |                343 |
                890 |              -0.84 |              -0.52 |             0.0227 |             0.0119 |                343 |
                900 |             -0.843 |             -0.525 |             0.0244 |             0.0119 |                343 |
                910 |             -0.844 |             -0.513 |              0.023 |             0.0119 |                343 |
                920 |             -0.851 |             -0.527 |             0.0228 |             0.0119 |                343 |
                930 |             -0.825 |             -0.526 |             0.0209 |             0.0119 |                343 |
                940 |              -0.85 |             -0.515 |             0.0244 |             0.0119 |                343 |
                950 |             -0.833 |             -0.538 |             0.0224 |             0.0119 |                343 |
                960 |             -0.829 |             -0.528 |             0.0248 |             0.0119 |                343 |
                970 |             -0.829 |             -0.516 |             0.0233 |             0.0119 |                343 |
                980 |             -0.832 |             -0.528 |             0.0248 |             0.0119 |                343 |
                990 |             -0.829 |             -0.528 |             0.0267 |             0.0119 |                343 |
Training complete: 
   Data path: /work/qgan/data/train/ang-qml_torch-q16-noiseless-SPSA-aerCPU-rand0-seed2 
   Best eval: 0.01189294271171093 
   Total time: 34497.011617422104
1 battery run(s) succeeded.
