Creating config files for qml_torch_fake_real_q4_base:
Configuration file rewritten. Path: /work/qgan/data/train/base-qml_torch-q4-fake_real-SPSA-aerCPU-rand0-seed0/config.yaml

1 battery configuration files ready.

Running: /work/qgan/data/train/base-qml_torch-q4-fake_real-SPSA-aerCPU-rand0-seed0/config.yaml
GPUs available to PyTorch: 1
              Epoch |     Generator cost | Discriminator cost |               Eval |          Best eval |               Time |
                150 |             -0.885 |             -0.307 |               3.16 |               3.12 |               14.2 |
                160 |             -0.887 |             -0.299 |                3.2 |               3.12 |                138 |
                170 |             -0.895 |             -0.302 |               3.19 |               3.12 |                139 |
                180 |             -0.887 |             -0.297 |               3.26 |               3.12 |                138 |
                190 |             -0.884 |             -0.298 |               3.24 |               3.12 |                139 |
                200 |             -0.901 |             -0.301 |                3.4 |               3.12 |                138 |
                210 |             -0.899 |             -0.299 |               3.66 |               3.12 |                137 |
                220 |             -0.897 |             -0.304 |               4.29 |               3.12 |                137 |
                230 |             -0.896 |             -0.302 |               4.21 |               3.12 |                136 |
                240 |             -0.896 |             -0.302 |               4.18 |               3.12 |                140 |
                250 |             -0.896 |             -0.297 |               3.47 |               3.12 |                142 |
                260 |             -0.898 |             -0.302 |               3.34 |               3.12 |                141 |
                270 |             -0.897 |             -0.296 |               3.24 |               3.12 |                142 |
                280 |             -0.901 |             -0.306 |               3.23 |               3.12 |                142 |
                290 |             -0.893 |             -0.291 |               3.26 |               3.12 |                141 |
                300 |             -0.903 |             -0.296 |               3.41 |               3.12 |                141 |
                310 |             -0.895 |             -0.294 |               4.27 |               3.12 |                139 |
                320 |             -0.888 |             -0.304 |               3.73 |               3.12 |                138 |
                330 |             -0.894 |             -0.299 |                3.9 |               3.12 |                139 |
                340 |             -0.879 |             -0.302 |               3.19 |               3.12 |                138 |
                350 |              -0.88 |             -0.303 |               3.05 |               3.05 |                139 |
                360 |              -0.89 |             -0.303 |               3.04 |               3.04 |                139 |
                370 |             -0.892 |             -0.305 |               2.97 |               2.97 |                139 |
                380 |             -0.875 |             -0.308 |                2.9 |                2.9 |                139 |
                390 |             -0.879 |             -0.306 |               2.92 |               2.89 |                140 |
                400 |             -0.883 |              -0.31 |               2.93 |               2.89 |                139 |
                410 |             -0.863 |              -0.32 |                2.9 |               2.89 |                137 |
                420 |             -0.876 |             -0.307 |               2.84 |               2.84 |                140 |
                430 |             -0.866 |             -0.309 |               2.81 |               2.79 |                140 |
                440 |             -0.877 |             -0.303 |               3.02 |               2.79 |                139 |
                450 |             -0.883 |             -0.312 |               3.15 |               2.79 |                139 |
                460 |             -0.876 |             -0.308 |               3.37 |               2.79 |                138 |
                470 |             -0.882 |             -0.303 |               3.86 |               2.79 |                137 |
                480 |             -0.865 |             -0.313 |               3.96 |               2.79 |                138 |
                490 |             -0.874 |             -0.308 |               4.31 |               2.79 |                140 |
                500 |             -0.869 |             -0.318 |               4.34 |               2.79 |                140 |
                510 |             -0.866 |              -0.31 |               3.73 |               2.79 |                138 |
                520 |             -0.864 |             -0.314 |               3.38 |               2.79 |                140 |
                530 |             -0.858 |             -0.319 |               3.13 |               2.79 |                138 |
                540 |             -0.857 |             -0.315 |               3.04 |               2.79 |                139 |
                550 |             -0.848 |             -0.315 |               3.09 |               2.79 |                140 |
                560 |             -0.854 |             -0.316 |               3.08 |               2.79 |                140 |
                570 |             -0.851 |             -0.313 |               3.06 |               2.79 |                140 |
                580 |              -0.85 |             -0.319 |               3.09 |               2.79 |                140 |
                590 |             -0.838 |             -0.322 |               3.01 |               2.79 |                140 |

Interrupter: will stop after the current epoch. Press Ctrl+C again to force quit.
Interrupter: Graceful exit triggered. Breaking loop.
Training complete: 
   Data path: /work/qgan/data/train/base-qml_torch-q4-fake_real-SPSA-aerCPU-rand0-seed0 
   Best eval: 2.792535390322921 
   Total time: 8106.5058624744415
1 battery run(s) succeeded.
