Creating config files for remaining_run:
Configuration file rewritten. Path: /work/qgan/data/train/amp-qml_torch-q4-noisy-SPSA-aerCPU-rand1-seed0/config.yaml

1 battery configuration files ready.

Running: /work/qgan/data/train/amp-qml_torch-q4-noisy-SPSA-aerCPU-rand1-seed0/config.yaml
              Epoch |     Generator cost | Discriminator cost |               Eval |          Best eval |               Time |
                  0 |             -0.519 |             -0.416 |             0.0735 |             0.0735 |               75.3 |
                100 |             -0.642 |             -0.448 |             0.0465 |            0.00712 |           7.64e+03 |
                200 |             -0.432 |             -0.748 |             0.0387 |            0.00712 |           7.61e+03 |
                300 |             -0.514 |             -0.578 |             0.0735 |            0.00712 |           7.61e+03 |
                400 |             -0.447 |             -0.669 |             0.0478 |            0.00712 |            7.9e+03 |
                500 |             -0.329 |             -0.672 |             0.0355 |            0.00699 |           7.94e+03 |
                600 |             -0.423 |             -0.733 |             0.0368 |            0.00554 |           7.95e+03 |
                700 |              -0.23 |             -0.935 |             0.0461 |            0.00554 |           7.91e+03 |
                800 |             -0.528 |             -0.573 |             0.0448 |            0.00554 |           7.94e+03 |
                900 |             -0.812 |             -0.752 |             0.0595 |            0.00554 |           7.96e+03 |
Training complete: 
   Data path: /work/qgan/data/train/amp-qml_torch-q4-noisy-SPSA-aerCPU-rand1-seed0 
   Best eval: 0.005537593057362066 
   Total time: 78389.7680914402
1 battery run(s) succeeded.
