Creating config files for qml_torch_noiseless:
Configuration file written. Path: /work/qgan/data/train/times/base-qml_torch-q4-noiseless-PSR-aerGPU-rand0-seed0/config.yaml
Configuration file written. Path: /work/qgan/data/train/times/base-qml_torch-q4-noiseless-PSR-aerGPU-rand1-seed0/config.yaml
Configuration file written. Path: /work/qgan/data/train/times/base-qml_torch-q8-noiseless-PSR-aerGPU-rand0-seed0/config.yaml
Configuration file written. Path: /work/qgan/data/train/times/base-qml_torch-q8-noiseless-PSR-aerGPU-rand1-seed0/config.yaml
Configuration file written. Path: /work/qgan/data/train/times/base-qml_torch-q16-noiseless-PSR-aerGPU-rand0-seed0/config.yaml
Configuration file written. Path: /work/qgan/data/train/times/base-qml_torch-q16-noiseless-PSR-aerGPU-rand1-seed0/config.yaml
Configuration file written. Path: /work/qgan/data/train/times/base-qml_torch-q4-noiseless-SPSA-aerGPU-rand0-seed0/config.yaml
Configuration file written. Path: /work/qgan/data/train/times/base-qml_torch-q4-noiseless-SPSA-aerGPU-rand1-seed0/config.yaml
Configuration file written. Path: /work/qgan/data/train/times/base-qml_torch-q8-noiseless-SPSA-aerGPU-rand0-seed0/config.yaml
Configuration file written. Path: /work/qgan/data/train/times/base-qml_torch-q8-noiseless-SPSA-aerGPU-rand1-seed0/config.yaml
Configuration file written. Path: /work/qgan/data/train/times/base-qml_torch-q16-noiseless-SPSA-aerGPU-rand0-seed0/config.yaml
Configuration file written. Path: /work/qgan/data/train/times/base-qml_torch-q16-noiseless-SPSA-aerGPU-rand1-seed0/config.yaml
Configuration file written. Path: /work/qgan/data/train/times/base-qml_torch-q4-noiseless-REG-aerGPU-rand0-seed0/config.yaml
Configuration file written. Path: /work/qgan/data/train/times/base-qml_torch-q4-noiseless-REG-aerGPU-rand1-seed0/config.yaml
Configuration file written. Path: /work/qgan/data/train/times/base-qml_torch-q8-noiseless-REG-aerGPU-rand0-seed0/config.yaml
Configuration file written. Path: /work/qgan/data/train/times/base-qml_torch-q8-noiseless-REG-aerGPU-rand1-seed0/config.yaml
Configuration file written. Path: /work/qgan/data/train/times/base-qml_torch-q16-noiseless-REG-aerGPU-rand0-seed0/config.yaml
Configuration file written. Path: /work/qgan/data/train/times/base-qml_torch-q16-noiseless-REG-aerGPU-rand1-seed0/config.yaml
Configuration file written. Path: /work/qgan/data/train/times/ang-qml_torch-q4-noiseless-PSR-aerGPU-rand0-seed0/config.yaml
Configuration file written. Path: /work/qgan/data/train/times/ang-qml_torch-q4-noiseless-PSR-aerGPU-rand1-seed0/config.yaml
Configuration file written. Path: /work/qgan/data/train/times/ang-qml_torch-q8-noiseless-PSR-aerGPU-rand0-seed0/config.yaml
Configuration file written. Path: /work/qgan/data/train/times/ang-qml_torch-q8-noiseless-PSR-aerGPU-rand1-seed0/config.yaml
Configuration file written. Path: /work/qgan/data/train/times/ang-qml_torch-q16-noiseless-PSR-aerGPU-rand0-seed0/config.yaml
Configuration file written. Path: /work/qgan/data/train/times/ang-qml_torch-q16-noiseless-PSR-aerGPU-rand1-seed0/config.yaml
Configuration file written. Path: /work/qgan/data/train/times/ang-qml_torch-q4-noiseless-SPSA-aerGPU-rand0-seed0/config.yaml
Configuration file written. Path: /work/qgan/data/train/times/ang-qml_torch-q4-noiseless-SPSA-aerGPU-rand1-seed0/config.yaml
Configuration file written. Path: /work/qgan/data/train/times/ang-qml_torch-q8-noiseless-SPSA-aerGPU-rand0-seed0/config.yaml
Configuration file written. Path: /work/qgan/data/train/times/ang-qml_torch-q8-noiseless-SPSA-aerGPU-rand1-seed0/config.yaml
Configuration file written. Path: /work/qgan/data/train/times/ang-qml_torch-q16-noiseless-SPSA-aerGPU-rand0-seed0/config.yaml
Configuration file written. Path: /work/qgan/data/train/times/ang-qml_torch-q16-noiseless-SPSA-aerGPU-rand1-seed0/config.yaml
Configuration file written. Path: /work/qgan/data/train/times/ang-qml_torch-q4-noiseless-REG-aerGPU-rand0-seed0/config.yaml
Configuration file written. Path: /work/qgan/data/train/times/ang-qml_torch-q4-noiseless-REG-aerGPU-rand1-seed0/config.yaml
Configuration file written. Path: /work/qgan/data/train/times/ang-qml_torch-q8-noiseless-REG-aerGPU-rand0-seed0/config.yaml
Configuration file written. Path: /work/qgan/data/train/times/ang-qml_torch-q8-noiseless-REG-aerGPU-rand1-seed0/config.yaml
Configuration file written. Path: /work/qgan/data/train/times/ang-qml_torch-q16-noiseless-REG-aerGPU-rand0-seed0/config.yaml
Configuration file written. Path: /work/qgan/data/train/times/ang-qml_torch-q16-noiseless-REG-aerGPU-rand1-seed0/config.yaml
Configuration file written. Path: /work/qgan/data/train/times/amp-qml_torch-q4-noiseless-PSR-aerGPU-rand0-seed0/config.yaml
Configuration file written. Path: /work/qgan/data/train/times/amp-qml_torch-q4-noiseless-PSR-aerGPU-rand1-seed0/config.yaml
Configuration file written. Path: /work/qgan/data/train/times/amp-qml_torch-q8-noiseless-PSR-aerGPU-rand0-seed0/config.yaml
Configuration file written. Path: /work/qgan/data/train/times/amp-qml_torch-q8-noiseless-PSR-aerGPU-rand1-seed0/config.yaml
Configuration file written. Path: /work/qgan/data/train/times/amp-qml_torch-q16-noiseless-PSR-aerGPU-rand0-seed0/config.yaml
Configuration file written. Path: /work/qgan/data/train/times/amp-qml_torch-q16-noiseless-PSR-aerGPU-rand1-seed0/config.yaml
Configuration file written. Path: /work/qgan/data/train/times/amp-qml_torch-q4-noiseless-SPSA-aerGPU-rand0-seed0/config.yaml
Configuration file written. Path: /work/qgan/data/train/times/amp-qml_torch-q4-noiseless-SPSA-aerGPU-rand1-seed0/config.yaml
Configuration file written. Path: /work/qgan/data/train/times/amp-qml_torch-q8-noiseless-SPSA-aerGPU-rand0-seed0/config.yaml
Configuration file written. Path: /work/qgan/data/train/times/amp-qml_torch-q8-noiseless-SPSA-aerGPU-rand1-seed0/config.yaml
Configuration file written. Path: /work/qgan/data/train/times/amp-qml_torch-q16-noiseless-SPSA-aerGPU-rand0-seed0/config.yaml
Configuration file written. Path: /work/qgan/data/train/times/amp-qml_torch-q16-noiseless-SPSA-aerGPU-rand1-seed0/config.yaml
Configuration file written. Path: /work/qgan/data/train/times/amp-qml_torch-q4-noiseless-REG-aerGPU-rand0-seed0/config.yaml
Configuration file written. Path: /work/qgan/data/train/times/amp-qml_torch-q4-noiseless-REG-aerGPU-rand1-seed0/config.yaml
Configuration file written. Path: /work/qgan/data/train/times/amp-qml_torch-q8-noiseless-REG-aerGPU-rand0-seed0/config.yaml
Configuration file written. Path: /work/qgan/data/train/times/amp-qml_torch-q8-noiseless-REG-aerGPU-rand1-seed0/config.yaml
Configuration file written. Path: /work/qgan/data/train/times/amp-qml_torch-q16-noiseless-REG-aerGPU-rand0-seed0/config.yaml
Configuration file written. Path: /work/qgan/data/train/times/amp-qml_torch-q16-noiseless-REG-aerGPU-rand1-seed0/config.yaml

Creating config files for qml_torch_noisy:
Configuration file written. Path: /work/qgan/data/train/times/base-qml_torch-q4-noisy-SPSA-aerGPU-rand0-seed0/config.yaml
Configuration file written. Path: /work/qgan/data/train/times/base-qml_torch-q4-noisy-SPSA-aerGPU-rand1-seed0/config.yaml
Configuration file written. Path: /work/qgan/data/train/times/base-qml_torch-q8-noisy-SPSA-aerGPU-rand0-seed0/config.yaml
Configuration file written. Path: /work/qgan/data/train/times/base-qml_torch-q8-noisy-SPSA-aerGPU-rand1-seed0/config.yaml
Configuration file written. Path: /work/qgan/data/train/times/base-qml_torch-q16-noisy-SPSA-aerGPU-rand0-seed0/config.yaml
Configuration file written. Path: /work/qgan/data/train/times/base-qml_torch-q16-noisy-SPSA-aerGPU-rand1-seed0/config.yaml
Configuration file written. Path: /work/qgan/data/train/times/base-qml_torch-q4-noisy-PSR-aerGPU-rand0-seed0/config.yaml
Configuration file written. Path: /work/qgan/data/train/times/base-qml_torch-q4-noisy-PSR-aerGPU-rand1-seed0/config.yaml
Configuration file written. Path: /work/qgan/data/train/times/base-qml_torch-q8-noisy-PSR-aerGPU-rand0-seed0/config.yaml
Configuration file written. Path: /work/qgan/data/train/times/base-qml_torch-q8-noisy-PSR-aerGPU-rand1-seed0/config.yaml
Configuration file written. Path: /work/qgan/data/train/times/base-qml_torch-q16-noisy-PSR-aerGPU-rand0-seed0/config.yaml
Configuration file written. Path: /work/qgan/data/train/times/base-qml_torch-q16-noisy-PSR-aerGPU-rand1-seed0/config.yaml
Configuration file written. Path: /work/qgan/data/train/times/ang-qml_torch-q4-noisy-SPSA-aerGPU-rand0-seed0/config.yaml
Configuration file written. Path: /work/qgan/data/train/times/ang-qml_torch-q4-noisy-SPSA-aerGPU-rand1-seed0/config.yaml
Configuration file written. Path: /work/qgan/data/train/times/ang-qml_torch-q8-noisy-SPSA-aerGPU-rand0-seed0/config.yaml
Configuration file written. Path: /work/qgan/data/train/times/ang-qml_torch-q8-noisy-SPSA-aerGPU-rand1-seed0/config.yaml
Configuration file written. Path: /work/qgan/data/train/times/ang-qml_torch-q16-noisy-SPSA-aerGPU-rand0-seed0/config.yaml
Configuration file written. Path: /work/qgan/data/train/times/ang-qml_torch-q16-noisy-SPSA-aerGPU-rand1-seed0/config.yaml
Configuration file written. Path: /work/qgan/data/train/times/ang-qml_torch-q4-noisy-PSR-aerGPU-rand0-seed0/config.yaml
Configuration file written. Path: /work/qgan/data/train/times/ang-qml_torch-q4-noisy-PSR-aerGPU-rand1-seed0/config.yaml
Configuration file written. Path: /work/qgan/data/train/times/ang-qml_torch-q8-noisy-PSR-aerGPU-rand0-seed0/config.yaml
Configuration file written. Path: /work/qgan/data/train/times/ang-qml_torch-q8-noisy-PSR-aerGPU-rand1-seed0/config.yaml
Configuration file written. Path: /work/qgan/data/train/times/ang-qml_torch-q16-noisy-PSR-aerGPU-rand0-seed0/config.yaml
Configuration file written. Path: /work/qgan/data/train/times/ang-qml_torch-q16-noisy-PSR-aerGPU-rand1-seed0/config.yaml
Configuration file written. Path: /work/qgan/data/train/times/amp-qml_torch-q4-noisy-SPSA-aerGPU-rand0-seed0/config.yaml
Configuration file written. Path: /work/qgan/data/train/times/amp-qml_torch-q4-noisy-SPSA-aerGPU-rand1-seed0/config.yaml
Configuration file written. Path: /work/qgan/data/train/times/amp-qml_torch-q8-noisy-SPSA-aerGPU-rand0-seed0/config.yaml
Configuration file written. Path: /work/qgan/data/train/times/amp-qml_torch-q8-noisy-SPSA-aerGPU-rand1-seed0/config.yaml
Configuration file written. Path: /work/qgan/data/train/times/amp-qml_torch-q16-noisy-SPSA-aerGPU-rand0-seed0/config.yaml
Configuration file written. Path: /work/qgan/data/train/times/amp-qml_torch-q16-noisy-SPSA-aerGPU-rand1-seed0/config.yaml
Configuration file written. Path: /work/qgan/data/train/times/amp-qml_torch-q4-noisy-PSR-aerGPU-rand0-seed0/config.yaml
Configuration file written. Path: /work/qgan/data/train/times/amp-qml_torch-q4-noisy-PSR-aerGPU-rand1-seed0/config.yaml
Configuration file written. Path: /work/qgan/data/train/times/amp-qml_torch-q8-noisy-PSR-aerGPU-rand0-seed0/config.yaml
Configuration file written. Path: /work/qgan/data/train/times/amp-qml_torch-q8-noisy-PSR-aerGPU-rand1-seed0/config.yaml
Configuration file written. Path: /work/qgan/data/train/times/amp-qml_torch-q16-noisy-PSR-aerGPU-rand0-seed0/config.yaml
Configuration file written. Path: /work/qgan/data/train/times/amp-qml_torch-q16-noisy-PSR-aerGPU-rand1-seed0/config.yaml

90 battery configuration files ready.

Running: /work/qgan/data/train/times/base-qml_torch-q4-noiseless-PSR-aerGPU-rand0-seed0/config.yaml
GPUs available to PyTorch: 1
Training data file created.
              Epoch |     Generator cost | Discriminator cost |               Eval |          Best eval |               Time |
                  0 |             -0.903 |             -0.267 |                4.7 |                4.7 |               1.02 |
                  1 |             -0.896 |             -0.283 |               3.81 |               3.81 |               0.57 |
                  2 |             -0.908 |             -0.269 |                3.7 |                3.7 |              0.565 |
                  3 |             -0.929 |              -0.28 |               3.64 |               3.64 |              0.581 |
                  4 |             -0.905 |             -0.254 |               3.59 |               3.59 |               0.57 |
Training complete: 
   Data path: /work/qgan/data/train/times/base-qml_torch-q4-noiseless-PSR-aerGPU-rand0-seed0 
   Best eval: 3.587176763578209 
   Total time: 3.305978775024414

Running: /work/qgan/data/train/times/base-qml_torch-q4-noiseless-PSR-aerGPU-rand1-seed0/config.yaml
GPUs available to PyTorch: 1
Training data file created.
              Epoch |     Generator cost | Discriminator cost |               Eval |          Best eval |               Time |
                  0 |             -0.337 |             -0.451 |                4.1 |                4.1 |              0.594 |
                  1 |             -0.418 |             -0.457 |               1.24 |               1.24 |              0.574 |
                  2 |             -0.309 |             -0.479 |               2.07 |               1.24 |              0.579 |
                  3 |             -0.485 |             -0.556 |               1.91 |               1.24 |              0.572 |
                  4 |             -0.411 |             -0.507 |               4.02 |               1.24 |              0.576 |
Training complete: 
   Data path: /work/qgan/data/train/times/base-qml_torch-q4-noiseless-PSR-aerGPU-rand1-seed0 
   Best eval: 1.2426820566766252 
   Total time: 2.8941025733947754

Running: /work/qgan/data/train/times/base-qml_torch-q8-noiseless-PSR-aerGPU-rand0-seed0/config.yaml
GPUs available to PyTorch: 1
Training data file created.
              Epoch |     Generator cost | Discriminator cost |               Eval |          Best eval |               Time |
                  0 |             -0.914 |             -0.266 |               6.44 |               6.44 |               1.56 |
                  1 |             -0.922 |             -0.256 |               6.55 |               6.44 |               1.53 |
                  2 |             -0.925 |             -0.268 |               6.58 |               6.44 |               1.53 |
                  3 |             -0.919 |             -0.272 |               6.61 |               6.44 |               1.53 |
                  4 |             -0.897 |             -0.263 |               6.67 |               6.44 |               1.53 |
Training complete: 
   Data path: /work/qgan/data/train/times/base-qml_torch-q8-noiseless-PSR-aerGPU-rand0-seed0 
   Best eval: 6.437119906815924 
   Total time: 7.693032264709473

Running: /work/qgan/data/train/times/base-qml_torch-q8-noiseless-PSR-aerGPU-rand1-seed0/config.yaml
GPUs available to PyTorch: 1
Training data file created.
              Epoch |     Generator cost | Discriminator cost |               Eval |          Best eval |               Time |
                  0 |             -0.489 |             -0.477 |               4.16 |               4.16 |               1.59 |
                  1 |             -0.638 |             -0.465 |                  3 |                  3 |               1.56 |
                  2 |             -0.672 |             -0.485 |               3.11 |                  3 |               1.56 |
                  3 |             -0.675 |             -0.477 |               2.14 |               2.14 |               1.56 |
                  4 |             -0.473 |             -0.418 |               2.23 |               2.14 |               1.56 |
Training complete: 
   Data path: /work/qgan/data/train/times/base-qml_torch-q8-noiseless-PSR-aerGPU-rand1-seed0 
   Best eval: 2.1355102304926805 
   Total time: 7.8340489864349365

Running: /work/qgan/data/train/times/base-qml_torch-q16-noiseless-PSR-aerGPU-rand0-seed0/config.yaml
GPUs available to PyTorch: 1
Training data file created.
              Epoch |     Generator cost | Discriminator cost |               Eval |          Best eval |               Time |
                  0 |             -0.792 |             -0.343 |               9.38 |               9.38 |               5.62 |
                  1 |             -0.825 |             -0.345 |               9.35 |               9.35 |               4.73 |
                  2 |             -0.786 |             -0.359 |               9.31 |               9.31 |               4.71 |
                  3 |             -0.766 |             -0.357 |               9.28 |               9.28 |                4.7 |
                  4 |             -0.799 |             -0.344 |               9.27 |               9.27 |               4.73 |
Training complete: 
   Data path: /work/qgan/data/train/times/base-qml_torch-q16-noiseless-PSR-aerGPU-rand0-seed0 
   Best eval: 9.26519287443666 
   Total time: 24.491716146469116

Running: /work/qgan/data/train/times/base-qml_torch-q16-noiseless-PSR-aerGPU-rand1-seed0/config.yaml
GPUs available to PyTorch: 1
Training data file created.
              Epoch |     Generator cost | Discriminator cost |               Eval |          Best eval |               Time |
                  0 |             -0.548 |             -0.649 |               6.44 |               6.44 |               4.98 |
                  1 |             -0.735 |              -0.54 |               5.67 |               5.67 |               5.56 |
                  2 |             -0.746 |             -0.422 |               6.24 |               5.67 |               4.81 |
                  3 |             -0.705 |             -0.423 |               4.85 |               4.85 |                4.8 |
                  4 |             -0.643 |             -0.583 |               4.79 |               4.79 |               4.96 |
Training complete: 
   Data path: /work/qgan/data/train/times/base-qml_torch-q16-noiseless-PSR-aerGPU-rand1-seed0 
   Best eval: 4.792114665277852 
   Total time: 25.111687421798706

Running: /work/qgan/data/train/times/base-qml_torch-q4-noiseless-SPSA-aerGPU-rand0-seed0/config.yaml
GPUs available to PyTorch: 1
Training data file created.
              Epoch |     Generator cost | Discriminator cost |               Eval |          Best eval |               Time |
                  0 |             -0.895 |             -0.276 |               3.59 |               3.59 |             0.0529 |
                  1 |             -0.914 |             -0.277 |               3.48 |               3.48 |             0.0491 |
                  2 |             -0.938 |             -0.272 |               3.46 |               3.46 |             0.0495 |
                  3 |             -0.918 |             -0.266 |               3.42 |               3.42 |             0.0474 |
                  4 |             -0.923 |             -0.265 |               3.39 |               3.39 |              0.052 |
Training complete: 
   Data path: /work/qgan/data/train/times/base-qml_torch-q4-noiseless-SPSA-aerGPU-rand0-seed0 
   Best eval: 3.3907012101303335 
   Total time: 0.2509133815765381

Running: /work/qgan/data/train/times/base-qml_torch-q4-noiseless-SPSA-aerGPU-rand1-seed0/config.yaml
GPUs available to PyTorch: 1
Training data file created.
              Epoch |     Generator cost | Discriminator cost |               Eval |          Best eval |               Time |
                  0 |              -0.35 |             -0.459 |               3.42 |               3.42 |             0.0547 |
                  1 |             -0.471 |             -0.448 |               1.31 |               1.31 |             0.0496 |
                  2 |             -0.343 |             -0.478 |               2.17 |               1.31 |             0.0533 |
                  3 |             -0.481 |             -0.526 |               1.98 |               1.31 |             0.0521 |
                  4 |             -0.437 |              -0.51 |               4.04 |               1.31 |             0.0521 |
Training complete: 
   Data path: /work/qgan/data/train/times/base-qml_torch-q4-noiseless-SPSA-aerGPU-rand1-seed0 
   Best eval: 1.3101394348236421 
   Total time: 0.2617182731628418

Running: /work/qgan/data/train/times/base-qml_torch-q8-noiseless-SPSA-aerGPU-rand0-seed0/config.yaml
GPUs available to PyTorch: 1
Training data file created.
              Epoch |     Generator cost | Discriminator cost |               Eval |          Best eval |               Time |
                  0 |             -0.902 |             -0.264 |               6.46 |               6.46 |             0.0687 |
                  1 |             -0.906 |             -0.272 |                6.4 |                6.4 |             0.0642 |
                  2 |              -0.93 |             -0.254 |               6.36 |               6.36 |             0.0655 |
                  3 |             -0.933 |              -0.25 |               6.39 |               6.36 |             0.0688 |
                  4 |              -0.91 |             -0.287 |               6.38 |               6.36 |             0.0679 |
Training complete: 
   Data path: /work/qgan/data/train/times/base-qml_torch-q8-noiseless-SPSA-aerGPU-rand0-seed0 
   Best eval: 6.357746330515438 
   Total time: 0.33503031730651855

Running: /work/qgan/data/train/times/base-qml_torch-q8-noiseless-SPSA-aerGPU-rand1-seed0/config.yaml
GPUs available to PyTorch: 1
Training data file created.
              Epoch |     Generator cost | Discriminator cost |               Eval |          Best eval |               Time |
                  0 |              -0.47 |             -0.493 |               4.09 |               4.09 |             0.0725 |
                  1 |             -0.654 |             -0.468 |               2.99 |               2.99 |             0.0657 |
                  2 |             -0.709 |              -0.49 |               3.15 |               2.99 |             0.0669 |
                  3 |              -0.64 |             -0.493 |               2.32 |               2.32 |             0.0668 |
                  4 |              -0.45 |             -0.434 |                2.2 |                2.2 |             0.0679 |
Training complete: 
   Data path: /work/qgan/data/train/times/base-qml_torch-q8-noiseless-SPSA-aerGPU-rand1-seed0 
   Best eval: 2.2034407693556446 
   Total time: 0.3397178649902344

Running: /work/qgan/data/train/times/base-qml_torch-q16-noiseless-SPSA-aerGPU-rand0-seed0/config.yaml
GPUs available to PyTorch: 1
Training data file created.
              Epoch |     Generator cost | Discriminator cost |               Eval |          Best eval |               Time |
                  0 |             -0.797 |             -0.354 |               9.43 |               9.43 |              0.118 |
                  1 |               -0.8 |             -0.347 |               9.42 |               9.42 |              0.107 |
                  2 |             -0.789 |             -0.366 |               9.42 |               9.42 |              0.104 |
                  3 |             -0.794 |             -0.369 |               9.43 |               9.42 |              0.104 |
                  4 |             -0.796 |             -0.339 |               9.44 |               9.42 |              0.103 |
Training complete: 
   Data path: /work/qgan/data/train/times/base-qml_torch-q16-noiseless-SPSA-aerGPU-rand0-seed0 
   Best eval: 9.422916150340205 
   Total time: 0.5352661609649658

Running: /work/qgan/data/train/times/base-qml_torch-q16-noiseless-SPSA-aerGPU-rand1-seed0/config.yaml
GPUs available to PyTorch: 1
Training data file created.
              Epoch |     Generator cost | Discriminator cost |               Eval |          Best eval |               Time |
                  0 |              -0.56 |             -0.656 |               6.48 |               6.48 |              0.127 |
                  1 |             -0.714 |             -0.526 |               5.64 |               5.64 |              0.112 |
                  2 |             -0.795 |             -0.432 |               6.28 |               5.64 |              0.123 |
                  3 |             -0.688 |              -0.39 |               4.87 |               4.87 |              0.111 |
                  4 |             -0.637 |             -0.568 |               4.83 |               4.83 |              0.107 |
Training complete: 
   Data path: /work/qgan/data/train/times/base-qml_torch-q16-noiseless-SPSA-aerGPU-rand1-seed0 
   Best eval: 4.827712595551468 
   Total time: 0.5781652927398682

Running: /work/qgan/data/train/times/base-qml_torch-q4-noiseless-REG-aerGPU-rand0-seed0/config.yaml
GPUs available to PyTorch: 1
Training data file created.
              Epoch |     Generator cost | Discriminator cost |               Eval |          Best eval |               Time |
                  0 |             -0.925 |             -0.262 |               4.05 |               4.05 |              0.179 |
                  1 |             -0.907 |             -0.281 |                3.7 |                3.7 |              0.122 |
                  2 |             -0.897 |             -0.275 |               3.57 |               3.57 |              0.125 |
                  3 |             -0.916 |             -0.285 |               3.49 |               3.49 |              0.124 |
                  4 |             -0.918 |             -0.298 |               3.44 |               3.44 |              0.126 |
Training complete: 
   Data path: /work/qgan/data/train/times/base-qml_torch-q4-noiseless-REG-aerGPU-rand0-seed0 
   Best eval: 3.4423614116865195 
   Total time: 0.6771969795227051

Running: /work/qgan/data/train/times/base-qml_torch-q4-noiseless-REG-aerGPU-rand1-seed0/config.yaml
GPUs available to PyTorch: 1
Training data file created.
              Epoch |     Generator cost | Discriminator cost |               Eval |          Best eval |               Time |
                  0 |             -0.328 |             -0.459 |               3.86 |               3.86 |              0.255 |
                  1 |             -0.456 |             -0.435 |               1.27 |               1.27 |              0.125 |
                  2 |             -0.295 |             -0.482 |               2.11 |               1.27 |              0.124 |
                  3 |             -0.475 |             -0.537 |               2.03 |               1.27 |              0.143 |
                  4 |             -0.389 |             -0.494 |               4.01 |               1.27 |              0.125 |
Training complete: 
   Data path: /work/qgan/data/train/times/base-qml_torch-q4-noiseless-REG-aerGPU-rand1-seed0 
   Best eval: 1.270794394991944 
   Total time: 0.7724549770355225

Running: /work/qgan/data/train/times/base-qml_torch-q8-noiseless-REG-aerGPU-rand0-seed0/config.yaml
GPUs available to PyTorch: 1
Training data file created.
              Epoch |     Generator cost | Discriminator cost |               Eval |          Best eval |               Time |
                  0 |             -0.905 |             -0.246 |               6.39 |               6.39 |               1.38 |
                  1 |             -0.913 |              -0.27 |               6.43 |               6.39 |              0.859 |
                  2 |              -0.92 |              -0.25 |               6.39 |               6.39 |              0.847 |
                  3 |             -0.906 |              -0.26 |               6.42 |               6.39 |              0.846 |
                  4 |             -0.939 |             -0.282 |               6.44 |               6.39 |               0.84 |
Training complete: 
   Data path: /work/qgan/data/train/times/base-qml_torch-q8-noiseless-REG-aerGPU-rand0-seed0 
   Best eval: 6.3882534414780965 
   Total time: 4.776549577713013

Running: /work/qgan/data/train/times/base-qml_torch-q8-noiseless-REG-aerGPU-rand1-seed0/config.yaml
GPUs available to PyTorch: 1
Training data file created.
              Epoch |     Generator cost | Discriminator cost |               Eval |          Best eval |               Time |
                  0 |             -0.478 |              -0.48 |               4.06 |               4.06 |               1.39 |
                  1 |             -0.675 |             -0.488 |               2.96 |               2.96 |              0.851 |
                  2 |             -0.685 |             -0.515 |               3.14 |               2.96 |              0.851 |
                  3 |             -0.635 |             -0.469 |               2.09 |               2.09 |               0.85 |
                  4 |               -0.4 |             -0.423 |               2.23 |               2.09 |              0.849 |
Training complete: 
   Data path: /work/qgan/data/train/times/base-qml_torch-q8-noiseless-REG-aerGPU-rand1-seed0 
   Best eval: 2.094505698148284 
   Total time: 4.791236400604248

Running: /work/qgan/data/train/times/base-qml_torch-q16-noiseless-REG-aerGPU-rand0-seed0/config.yaml
GPUs available to PyTorch: 1
Training data file created.
              Epoch |     Generator cost | Discriminator cost |               Eval |          Best eval |               Time |
                  0 |             -0.784 |             -0.363 |               9.39 |               9.39 |               38.6 |
                  1 |               -0.8 |              -0.34 |               9.35 |               9.35 |               29.3 |
                  2 |             -0.804 |             -0.346 |               9.31 |               9.31 |               29.5 |
                  3 |             -0.802 |             -0.372 |               9.27 |               9.27 |               29.2 |
                  4 |             -0.791 |             -0.353 |               9.23 |               9.23 |               29.3 |
Training complete: 
   Data path: /work/qgan/data/train/times/base-qml_torch-q16-noiseless-REG-aerGPU-rand0-seed0 
   Best eval: 9.231756873849886 
   Total time: 155.91384029388428

Running: /work/qgan/data/train/times/base-qml_torch-q16-noiseless-REG-aerGPU-rand1-seed0/config.yaml
GPUs available to PyTorch: 1
Training data file created.
              Epoch |     Generator cost | Discriminator cost |               Eval |          Best eval |               Time |
                  0 |             -0.535 |             -0.644 |               6.47 |               6.47 |                164 |
                  1 |             -0.712 |             -0.538 |               5.65 |               5.65 |                123 |
                  2 |             -0.743 |             -0.428 |               6.18 |               5.65 |                123 |
                  3 |             -0.695 |             -0.396 |               4.82 |               4.82 |                122 |
                  4 |             -0.662 |             -0.576 |               4.76 |               4.76 |                123 |
Training complete: 
   Data path: /work/qgan/data/train/times/base-qml_torch-q16-noiseless-REG-aerGPU-rand1-seed0 
   Best eval: 4.760672190223776 
   Total time: 654.3250341415405

Running: /work/qgan/data/train/times/ang-qml_torch-q4-noiseless-PSR-aerGPU-rand0-seed0/config.yaml
GPUs available to PyTorch: 1
Training data file created.
              Epoch |     Generator cost | Discriminator cost |               Eval |          Best eval |               Time |
                  0 |             -0.909 |             -0.335 |             0.0271 |             0.0271 |               7.58 |
                  1 |             -0.912 |             -0.324 |             0.0242 |             0.0242 |               7.57 |
                  2 |             -0.917 |              -0.33 |             0.0332 |             0.0242 |               7.59 |
                  3 |             -0.937 |             -0.321 |             0.0331 |             0.0242 |               7.55 |
                  4 |             -0.925 |             -0.322 |             0.0342 |             0.0242 |                7.6 |
Training complete: 
   Data path: /work/qgan/data/train/times/ang-qml_torch-q4-noiseless-PSR-aerGPU-rand0-seed0 
   Best eval: 0.024171598255634308 
   Total time: 37.89052677154541

Running: /work/qgan/data/train/times/ang-qml_torch-q4-noiseless-PSR-aerGPU-rand1-seed0/config.yaml
GPUs available to PyTorch: 1
Training data file created.
              Epoch |     Generator cost | Discriminator cost |               Eval |          Best eval |               Time |
                  0 |             -0.418 |             -0.535 |              0.389 |              0.389 |               8.16 |
                  1 |             -0.361 |             -0.527 |              0.185 |              0.185 |               7.85 |
                  2 |             -0.483 |             -0.529 |              0.202 |              0.185 |               7.86 |
                  3 |             -0.475 |             -0.599 |              0.195 |              0.185 |               7.84 |
                  4 |             -0.451 |             -0.535 |              0.194 |              0.185 |               7.88 |
Training complete: 
   Data path: /work/qgan/data/train/times/ang-qml_torch-q4-noiseless-PSR-aerGPU-rand1-seed0 
   Best eval: 0.1851649135351181 
   Total time: 39.58500671386719

Running: /work/qgan/data/train/times/ang-qml_torch-q8-noiseless-PSR-aerGPU-rand0-seed0/config.yaml
GPUs available to PyTorch: 1
Training data file created.
              Epoch |     Generator cost | Discriminator cost |               Eval |          Best eval |               Time |
                  0 |             -0.936 |             -0.437 |             0.0198 |             0.0198 |                 28 |
                  1 |             -0.933 |             -0.441 |             0.0157 |             0.0157 |                 28 |
                  2 |             -0.934 |             -0.443 |             0.0233 |             0.0157 |               27.9 |
                  3 |             -0.939 |             -0.443 |             0.0233 |             0.0157 |               27.9 |
                  4 |             -0.944 |             -0.459 |             0.0156 |             0.0156 |               27.9 |
Training complete: 
   Data path: /work/qgan/data/train/times/ang-qml_torch-q8-noiseless-PSR-aerGPU-rand0-seed0 
   Best eval: 0.0155829768627882 
   Total time: 139.67244124412537

Running: /work/qgan/data/train/times/ang-qml_torch-q8-noiseless-PSR-aerGPU-rand1-seed0/config.yaml
GPUs available to PyTorch: 1
Training data file created.
              Epoch |     Generator cost | Discriminator cost |               Eval |          Best eval |               Time |
                  0 |             -0.463 |             -0.622 |               0.18 |               0.18 |               29.1 |
                  1 |             -0.461 |             -0.672 |              0.171 |              0.171 |                 29 |
                  2 |             -0.595 |             -0.691 |              0.174 |              0.171 |               29.1 |
                  3 |             -0.544 |             -0.644 |              0.171 |              0.171 |                 29 |
                  4 |             -0.578 |             -0.656 |              0.159 |              0.159 |               29.1 |
Training complete: 
   Data path: /work/qgan/data/train/times/ang-qml_torch-q8-noiseless-PSR-aerGPU-rand1-seed0 
   Best eval: 0.15864086151123047 
   Total time: 145.2551884651184

Running: /work/qgan/data/train/times/ang-qml_torch-q16-noiseless-PSR-aerGPU-rand0-seed0/config.yaml
GPUs available to PyTorch: 1
Training data file created.
              Epoch |     Generator cost | Discriminator cost |               Eval |          Best eval |               Time |
                  0 |              -0.78 |             -0.454 |             0.0131 |             0.0131 |               80.9 |
                  1 |             -0.794 |             -0.441 |             0.0145 |             0.0131 |               81.2 |
                  2 |             -0.799 |             -0.452 |             0.0158 |             0.0131 |                 81 |
                  3 |             -0.791 |             -0.444 |             0.0145 |             0.0131 |                 81 |
                  4 |             -0.809 |             -0.445 |             0.0181 |             0.0131 |               80.8 |
Training complete: 
   Data path: /work/qgan/data/train/times/ang-qml_torch-q16-noiseless-PSR-aerGPU-rand0-seed0 
   Best eval: 0.013140905648469925 
   Total time: 404.9767563343048

Running: /work/qgan/data/train/times/ang-qml_torch-q16-noiseless-PSR-aerGPU-rand1-seed0/config.yaml
GPUs available to PyTorch: 1
Training data file created.
              Epoch |     Generator cost | Discriminator cost |               Eval |          Best eval |               Time |
                  0 |             -0.442 |             -0.566 |              0.131 |              0.131 |               81.5 |
                  1 |             -0.557 |             -0.583 |              0.198 |              0.131 |                 82 |
                  2 |             -0.511 |             -0.611 |              0.146 |              0.131 |                 82 |
                  3 |             -0.652 |             -0.571 |              0.143 |              0.131 |               81.1 |
                  4 |              -0.36 |             -0.573 |              0.158 |              0.131 |               80.6 |
Training complete: 
   Data path: /work/qgan/data/train/times/ang-qml_torch-q16-noiseless-PSR-aerGPU-rand1-seed0 
   Best eval: 0.1310291290283203 
   Total time: 407.1640133857727

Running: /work/qgan/data/train/times/ang-qml_torch-q4-noiseless-SPSA-aerGPU-rand0-seed0/config.yaml
GPUs available to PyTorch: 1
Training data file created.
              Epoch |     Generator cost | Discriminator cost |               Eval |          Best eval |               Time |
                  0 |             -0.903 |             -0.326 |             0.0288 |             0.0288 |               5.32 |
                  1 |             -0.907 |             -0.314 |              0.036 |             0.0288 |               5.31 |
                  2 |             -0.897 |             -0.346 |             0.0244 |             0.0244 |               5.35 |
                  3 |             -0.899 |             -0.333 |             0.0366 |             0.0244 |               5.35 |
                  4 |             -0.904 |             -0.329 |             0.0334 |             0.0244 |               5.36 |
Training complete: 
   Data path: /work/qgan/data/train/times/ang-qml_torch-q4-noiseless-SPSA-aerGPU-rand0-seed0 
   Best eval: 0.024415161460638046 
   Total time: 26.68311357498169

Running: /work/qgan/data/train/times/ang-qml_torch-q4-noiseless-SPSA-aerGPU-rand1-seed0/config.yaml
GPUs available to PyTorch: 1
Training data file created.
              Epoch |     Generator cost | Discriminator cost |               Eval |          Best eval |               Time |
                  0 |             -0.423 |             -0.539 |              0.386 |              0.386 |               5.59 |
                  1 |             -0.359 |             -0.527 |              0.182 |              0.182 |               5.59 |
                  2 |             -0.511 |             -0.517 |              0.206 |              0.182 |                5.6 |
                  3 |             -0.483 |             -0.591 |              0.193 |              0.182 |               5.58 |
                  4 |             -0.459 |             -0.524 |              0.188 |              0.182 |               5.59 |
Training complete: 
   Data path: /work/qgan/data/train/times/ang-qml_torch-q4-noiseless-SPSA-aerGPU-rand1-seed0 
   Best eval: 0.18208704888820648 
   Total time: 27.956562519073486

Running: /work/qgan/data/train/times/ang-qml_torch-q8-noiseless-SPSA-aerGPU-rand0-seed0/config.yaml
GPUs available to PyTorch: 1
Training data file created.
              Epoch |     Generator cost | Discriminator cost |               Eval |          Best eval |               Time |
                  0 |             -0.929 |             -0.437 |             0.0202 |             0.0202 |               21.7 |
                  1 |             -0.923 |             -0.447 |             0.0164 |             0.0164 |               21.8 |
                  2 |             -0.922 |             -0.434 |               0.02 |             0.0164 |               21.8 |
                  3 |             -0.919 |             -0.446 |             0.0241 |             0.0164 |               21.7 |
                  4 |             -0.928 |              -0.44 |             0.0275 |             0.0164 |               21.8 |
Training complete: 
   Data path: /work/qgan/data/train/times/ang-qml_torch-q8-noiseless-SPSA-aerGPU-rand0-seed0 
   Best eval: 0.016353342682123184 
   Total time: 108.73725628852844

Running: /work/qgan/data/train/times/ang-qml_torch-q8-noiseless-SPSA-aerGPU-rand1-seed0/config.yaml
GPUs available to PyTorch: 1
Training data file created.
              Epoch |     Generator cost | Discriminator cost |               Eval |          Best eval |               Time |
                  0 |             -0.487 |              -0.63 |              0.173 |              0.173 |               22.8 |
                  1 |             -0.451 |             -0.663 |              0.175 |              0.173 |               22.7 |
                  2 |             -0.581 |             -0.689 |              0.178 |              0.173 |               22.7 |
                  3 |             -0.555 |             -0.647 |              0.179 |              0.173 |               22.7 |
                  4 |             -0.568 |              -0.65 |              0.169 |              0.169 |               22.7 |
Training complete: 
   Data path: /work/qgan/data/train/times/ang-qml_torch-q8-noiseless-SPSA-aerGPU-rand1-seed0 
   Best eval: 0.16856908798217773 
   Total time: 113.62724375724792

Running: /work/qgan/data/train/times/ang-qml_torch-q16-noiseless-SPSA-aerGPU-rand0-seed0/config.yaml
GPUs available to PyTorch: 1
Training data file created.
              Epoch |     Generator cost | Discriminator cost |               Eval |          Best eval |               Time |
                  0 |             -0.795 |             -0.448 |             0.0119 |             0.0119 |               59.9 |
                  1 |             -0.804 |              -0.44 |             0.0152 |             0.0119 |               59.8 |
                  2 |             -0.802 |             -0.443 |              0.015 |             0.0119 |               59.7 |
                  3 |             -0.803 |             -0.434 |             0.0163 |             0.0119 |               59.7 |
                  4 |             -0.799 |             -0.433 |             0.0176 |             0.0119 |               59.7 |
Training complete: 
   Data path: /work/qgan/data/train/times/ang-qml_torch-q16-noiseless-SPSA-aerGPU-rand0-seed0 
   Best eval: 0.011932656168937683 
   Total time: 298.82931780815125

Running: /work/qgan/data/train/times/ang-qml_torch-q16-noiseless-SPSA-aerGPU-rand1-seed0/config.yaml
GPUs available to PyTorch: 1
Training data file created.
              Epoch |     Generator cost | Discriminator cost |               Eval |          Best eval |               Time |
                  0 |             -0.449 |             -0.562 |              0.134 |              0.134 |               59.9 |

Interrupter: will stop after the current epoch. Press Ctrl+C again to force quit.
                  1 |             -0.545 |             -0.571 |              0.198 |              0.134 |               59.8 |
Interrupter: Graceful exit triggered. Breaking loop.
Training complete: 
   Data path: /work/qgan/data/train/times/ang-qml_torch-q16-noiseless-SPSA-aerGPU-rand1-seed0 
   Best eval: 0.13425013422966003 
   Total time: 119.66188907623291
Interrupter: battery execution stopped.
30 battery run(s) succeeded.
