Creating config files for cpu4_times_amp_q4_noisy_psr_rand0:
Configuration file rewritten. Path: /work/qgan/data/train/times/amp-qml_torch-q4-noisy-PSR-aerCPU-rand0-seed0:cpu4/config.yaml

Creating config files for cpu4_times_base_q8_noisy_psr_rand0:
Configuration file rewritten. Path: /work/qgan/data/train/times/base-qml_torch-q8-noisy-PSR-aerCPU-rand0-seed0:cpu4/config.yaml

Creating config files for cpu4_times_base_q4_noisy_psr_rand1:
Configuration file rewritten. Path: /work/qgan/data/train/times/base-qml_torch-q4-noisy-PSR-aerCPU-rand1-seed0:cpu4/config.yaml

Creating config files for cpu4_times_amp_q8_noisy_spsa_rand1:
Configuration file rewritten. Path: /work/qgan/data/train/times/amp-qml_torch-q8-noisy-SPSA-aerCPU-rand1-seed0:cpu4/config.yaml

Creating config files for cpu4_times_amp_q4_noisy_spsa_rand0:
Configuration file rewritten. Path: /work/qgan/data/train/times/amp-qml_torch-q4-noisy-SPSA-aerCPU-rand0-seed0:cpu4/config.yaml

Creating config files for cpu4_times_ang_q8_noisy_spsa_rand0:
Configuration file rewritten. Path: /work/qgan/data/train/times/ang-qml_torch-q8-noisy-SPSA-aerCPU-rand0-seed0:cpu4/config.yaml

Creating config files for cpu4_times_base_q16_noiseless_psr_rand1:
Configuration file rewritten. Path: /work/qgan/data/train/times/base-qml_torch-q16-noiseless-PSR-aerCPU-rand1-seed0:cpu4/config.yaml

Creating config files for cpu4_times_ang_q8_noiseless_reg_rand0:
Configuration file rewritten. Path: /work/qgan/data/train/times/ang-qml_torch-q8-noiseless-REG-aerCPU-rand0-seed0:cpu4/config.yaml

Creating config files for cpu4_times_amp_q8_noiseless_psr_rand1:
Configuration file rewritten. Path: /work/qgan/data/train/times/amp-qml_torch-q8-noiseless-PSR-aerCPU-rand1-seed0:cpu4/config.yaml

Creating config files for cpu4_times_base_q16_noiseless_spsa_rand1:
Configuration file rewritten. Path: /work/qgan/data/train/times/base-qml_torch-q16-noiseless-SPSA-aerCPU-rand1-seed0:cpu4/config.yaml

Creating config files for cpu4_times_base_q4_noiseless_reg_rand1:
Configuration file rewritten. Path: /work/qgan/data/train/times/base-qml_torch-q4-noiseless-REG-aerCPU-rand1-seed0:cpu4/config.yaml

11 battery configuration files ready.

Running: /work/qgan/data/train/times/amp-qml_torch-q4-noisy-PSR-aerCPU-rand0-seed0:cpu4/config.yaml
              Epoch |     Generator cost | Discriminator cost |               Eval |          Best eval |               Time |
                  1 |             -0.895 |             -0.204 |             0.0798 |             0.0798 |                952 |
                  2 |             -0.907 |             -0.198 |             0.0798 |             0.0798 |                959 |
                  3 |             -0.902 |             -0.207 |             0.0798 |             0.0798 |                960 |
                  4 |             -0.912 |             -0.196 |             0.0798 |             0.0798 |                930 |
Training complete: 
   Data path: /work/qgan/data/train/times/amp-qml_torch-q4-noisy-PSR-aerCPU-rand0-seed0:cpu4 
   Best eval: 0.07977920132688249 
   Total time: 4738.598744392395

Running: /work/qgan/data/train/times/base-qml_torch-q8-noisy-PSR-aerCPU-rand0-seed0:cpu4/config.yaml
Training data file created.
              Epoch |     Generator cost | Discriminator cost |               Eval |          Best eval |               Time |
                  0 |             -0.907 |             -0.268 |               6.37 |               6.37 |                462 |
                  1 |             -0.909 |             -0.279 |               6.39 |               6.37 |                447 |
                  2 |             -0.913 |             -0.262 |               6.46 |               6.37 |                443 |
                  3 |             -0.918 |             -0.276 |               6.47 |               6.37 |                445 |
                  4 |             -0.923 |              -0.27 |               6.57 |               6.37 |                444 |
Training complete: 
   Data path: /work/qgan/data/train/times/base-qml_torch-q8-noisy-PSR-aerCPU-rand0-seed0:cpu4 
   Best eval: 6.372337268206659 
   Total time: 2240.9279158115387

Running: /work/qgan/data/train/times/base-qml_torch-q4-noisy-PSR-aerCPU-rand1-seed0:cpu4/config.yaml
Training data file created.
              Epoch |     Generator cost | Discriminator cost |               Eval |          Best eval |               Time |
                  0 |             -0.589 |              -0.46 |               1.53 |               1.53 |                241 |
                  1 |             -0.451 |             -0.461 |               3.28 |               1.53 |                242 |
                  2 |             -0.494 |             -0.535 |               1.52 |               1.52 |                242 |
                  3 |             -0.483 |             -0.491 |               2.95 |               1.52 |                241 |
                  4 |              -0.43 |             -0.522 |               3.51 |               1.52 |                242 |
Training complete: 
   Data path: /work/qgan/data/train/times/base-qml_torch-q4-noisy-PSR-aerCPU-rand1-seed0:cpu4 
   Best eval: 1.5248810793525136 
   Total time: 1209.204605102539

Running: /work/qgan/data/train/times/amp-qml_torch-q8-noisy-SPSA-aerCPU-rand1-seed0:cpu4/config.yaml
Training data file created.
              Epoch |     Generator cost | Discriminator cost |               Eval |          Best eval |               Time |
                  0 |             -0.522 |             -0.428 |            0.00301 |            0.00301 |               67.3 |
                  1 |             -0.501 |             -0.398 |            0.00294 |            0.00294 |               69.1 |
                  2 |             -0.411 |             -0.383 |            0.00363 |            0.00294 |               69.1 |
                  3 |             -0.427 |             -0.451 |            0.00377 |            0.00294 |               69.1 |
                  4 |             -0.556 |             -0.382 |            0.00295 |            0.00294 |               69.6 |
Training complete: 
   Data path: /work/qgan/data/train/times/amp-qml_torch-q8-noisy-SPSA-aerCPU-rand1-seed0:cpu4 
   Best eval: 0.0029365977512712392 
   Total time: 344.257835149765

Running: /work/qgan/data/train/times/amp-qml_torch-q4-noisy-SPSA-aerCPU-rand0-seed0:cpu4/config.yaml
Training data file created.
              Epoch |     Generator cost | Discriminator cost |               Eval |          Best eval |               Time |
                  0 |             -0.893 |             -0.208 |             0.0796 |             0.0796 |               66.9 |
                  1 |             -0.894 |             -0.204 |             0.0795 |             0.0795 |               67.7 |
                  2 |             -0.899 |             -0.197 |             0.0795 |             0.0795 |               68.8 |
                  3 |             -0.901 |             -0.203 |             0.0794 |             0.0794 |               67.8 |
                  4 |             -0.897 |              -0.19 |             0.0794 |             0.0794 |                 68 |
Training complete: 
   Data path: /work/qgan/data/train/times/amp-qml_torch-q4-noisy-SPSA-aerCPU-rand0-seed0:cpu4 
   Best eval: 0.07939550407141284 
   Total time: 339.1313190460205

Running: /work/qgan/data/train/times/ang-qml_torch-q8-noisy-SPSA-aerCPU-rand0-seed0:cpu4/config.yaml
Training data file created.
              Epoch |     Generator cost | Discriminator cost |               Eval |          Best eval |               Time |
                  0 |             -0.914 |             -0.448 |             0.0262 |             0.0262 |               62.3 |
                  1 |             -0.911 |             -0.445 |             0.0195 |             0.0195 |                 63 |
                  2 |             -0.909 |             -0.451 |             0.0226 |             0.0195 |                 63 |
                  3 |              -0.91 |             -0.451 |             0.0203 |             0.0195 |               63.2 |
                  4 |             -0.906 |             -0.446 |             0.0195 |             0.0195 |               63.5 |
Training complete: 
   Data path: /work/qgan/data/train/times/ang-qml_torch-q8-noisy-SPSA-aerCPU-rand0-seed0:cpu4 
   Best eval: 0.019506540149450302 
   Total time: 314.9652638435364

Running: /work/qgan/data/train/times/base-qml_torch-q16-noiseless-PSR-aerCPU-rand1-seed0:cpu4/config.yaml
Training data file created.
              Epoch |     Generator cost | Discriminator cost |               Eval |          Best eval |               Time |
                  0 |             -0.434 |               -0.4 |               6.52 |               6.52 |               7.69 |
                  1 |             -0.528 |             -0.619 |                5.2 |                5.2 |               7.53 |
                  2 |             -0.415 |             -0.525 |               4.08 |               4.08 |               7.55 |
                  3 |             -0.237 |             -0.601 |               3.99 |               3.99 |               7.59 |
                  4 |             -0.553 |             -0.413 |                5.1 |               3.99 |               7.44 |
Training complete: 
   Data path: /work/qgan/data/train/times/base-qml_torch-q16-noiseless-PSR-aerCPU-rand1-seed0:cpu4 
   Best eval: 3.9939324451332054 
   Total time: 37.79160833358765

Running: /work/qgan/data/train/times/ang-qml_torch-q8-noiseless-REG-aerCPU-rand0-seed0:cpu4/config.yaml
Training data file created.
              Epoch |     Generator cost | Discriminator cost |               Eval |          Best eval |               Time |
                  0 |             -0.938 |             -0.439 |             0.0191 |             0.0191 |               5.52 |
                  1 |             -0.926 |             -0.444 |             0.0261 |             0.0191 |               4.99 |
                  2 |             -0.932 |             -0.447 |             0.0191 |             0.0191 |               4.99 |
                  3 |             -0.942 |             -0.454 |              0.027 |             0.0191 |                  5 |
                  4 |              -0.92 |             -0.445 |             0.0262 |             0.0191 |                5.7 |
Training complete: 
   Data path: /work/qgan/data/train/times/ang-qml_torch-q8-noiseless-REG-aerCPU-rand0-seed0:cpu4 
   Best eval: 0.019097846001386642 
   Total time: 26.211305856704712

Running: /work/qgan/data/train/times/amp-qml_torch-q8-noiseless-PSR-aerCPU-rand1-seed0:cpu4/config.yaml
Training data file created.
              Epoch |     Generator cost | Discriminator cost |               Eval |          Best eval |               Time |
                  0 |             -0.521 |             -0.432 |            0.00301 |            0.00301 |               5.61 |
                  1 |             -0.509 |             -0.379 |            0.00294 |            0.00294 |               5.65 |
                  2 |             -0.394 |             -0.387 |             0.0036 |            0.00294 |               5.56 |
                  3 |             -0.414 |             -0.451 |            0.00377 |            0.00294 |               5.54 |
                  4 |             -0.544 |             -0.377 |            0.00291 |            0.00291 |               5.55 |
Training complete: 
   Data path: /work/qgan/data/train/times/amp-qml_torch-q8-noiseless-PSR-aerCPU-rand1-seed0:cpu4 
   Best eval: 0.002911692962949758 
   Total time: 27.905880212783813

Running: /work/qgan/data/train/times/base-qml_torch-q16-noiseless-SPSA-aerCPU-rand1-seed0:cpu4/config.yaml
Training data file created.
              Epoch |     Generator cost | Discriminator cost |               Eval |          Best eval |               Time |
                  0 |             -0.458 |             -0.377 |               6.51 |               6.51 |              0.213 |
                  1 |             -0.519 |             -0.621 |               5.25 |               5.25 |              0.178 |
                  2 |             -0.428 |             -0.512 |                4.1 |                4.1 |              0.175 |
                  3 |             -0.219 |             -0.585 |               3.98 |               3.98 |              0.176 |
                  4 |             -0.545 |               -0.4 |               5.08 |               3.98 |              0.176 |
Training complete: 
   Data path: /work/qgan/data/train/times/base-qml_torch-q16-noiseless-SPSA-aerCPU-rand1-seed0:cpu4 
   Best eval: 3.977844895177058 
   Total time: 0.9181251525878906

Running: /work/qgan/data/train/times/base-qml_torch-q4-noiseless-REG-aerCPU-rand1-seed0:cpu4/config.yaml
Training data file created.
              Epoch |     Generator cost | Discriminator cost |               Eval |          Best eval |               Time |
                  0 |             -0.578 |             -0.444 |               1.52 |               1.52 |              0.157 |
                  1 |             -0.474 |             -0.465 |               3.33 |               1.52 |              0.105 |
                  2 |              -0.48 |              -0.54 |               1.52 |               1.52 |              0.349 |
                  3 |              -0.48 |             -0.489 |               2.98 |               1.52 |              0.106 |
                  4 |             -0.422 |             -0.525 |               3.77 |               1.52 |              0.105 |
Training complete: 
   Data path: /work/qgan/data/train/times/base-qml_torch-q4-noiseless-REG-aerCPU-rand1-seed0:cpu4 
   Best eval: 1.5152276504197328 
   Total time: 0.821972131729126
11 battery run(s) succeeded.
