Creating config files for qml_torch_fake_real_q4_amp:
Configuration file rewritten. Path: /work/qgan/data/train/amp-qml_torch-q4-fake_real-SPSA-aerCPU-rand0-seed0/config.yaml

1 battery configuration files ready.

Running: /work/qgan/data/train/amp-qml_torch-q4-fake_real-SPSA-aerCPU-rand0-seed0/config.yaml
GPUs available to PyTorch: 1
              Epoch |     Generator cost | Discriminator cost |               Eval |          Best eval |               Time |
                180 |             -0.899 |             -0.295 |             0.0766 |             0.0763 |               87.1 |
                190 |             -0.901 |             -0.295 |             0.0768 |             0.0763 |                293 |
                200 |             -0.893 |             -0.292 |             0.0772 |             0.0763 |                294 |
                210 |             -0.892 |             -0.297 |             0.0774 |             0.0763 |                294 |
                220 |             -0.895 |               -0.3 |             0.0773 |             0.0763 |                294 |
                230 |             -0.886 |               -0.3 |             0.0771 |             0.0763 |                293 |
                240 |             -0.888 |             -0.299 |             0.0768 |             0.0763 |                294 |
                250 |             -0.885 |             -0.306 |             0.0763 |             0.0763 |                294 |
                260 |             -0.882 |             -0.303 |             0.0761 |             0.0761 |                294 |
                270 |             -0.877 |             -0.305 |             0.0761 |             0.0761 |                294 |
                280 |             -0.872 |             -0.309 |             0.0758 |             0.0758 |                293 |
                290 |              -0.87 |             -0.311 |             0.0751 |             0.0751 |                289 |
                300 |             -0.857 |             -0.314 |             0.0743 |             0.0743 |                293 |
                310 |             -0.853 |             -0.318 |             0.0735 |             0.0735 |                293 |
                320 |             -0.841 |             -0.318 |             0.0732 |             0.0732 |                292 |
                330 |             -0.838 |             -0.327 |             0.0728 |             0.0728 |                290 |
                340 |             -0.822 |             -0.328 |             0.0722 |             0.0722 |                288 |

Interrupter: will stop after the current epoch. Press Ctrl+C again to force quit.
Interrupter: Graceful exit triggered. Breaking loop.
Training complete: 
   Data path: /work/qgan/data/train/amp-qml_torch-q4-fake_real-SPSA-aerCPU-rand0-seed0 
   Best eval: 0.07149339171673252 
   Total time: 9877.932681798935
1 battery run(s) succeeded.
