Creating config files for remaining_run:
Configuration file rewritten. Path: /work/qgan/data/train/base-qml_torch-q8-noisy-SPSA-aerCPU-rand1-seed1/config.yaml

1 battery configuration files ready.

Running: /work/qgan/data/train/base-qml_torch-q8-noisy-SPSA-aerCPU-rand1-seed1/config.yaml
Training data file created.
              Epoch |     Generator cost | Discriminator cost |               Eval |          Best eval |               Time |
                  0 |             -0.652 |             -0.626 |               3.69 |               3.69 |               17.9 |
                100 |             -0.464 |             -0.525 |               4.24 |               1.97 |           1.92e+03 |
                200 |             -0.532 |              -0.51 |               2.69 |               1.93 |           1.92e+03 |
                300 |             -0.453 |             -0.605 |               2.79 |               1.93 |           1.95e+03 |
                400 |             -0.372 |             -0.451 |                3.1 |               1.64 |           1.88e+03 |
                500 |             -0.309 |             -0.742 |               3.18 |               1.41 |           1.88e+03 |
                600 |             -0.286 |             -0.762 |               2.67 |               1.41 |           1.89e+03 |
                700 |             -0.512 |             -0.735 |               1.92 |               1.41 |            1.9e+03 |
                800 |             -0.182 |              -0.74 |               3.46 |               1.41 |           1.89e+03 |
                900 |             -0.422 |             -0.567 |               4.29 |               1.41 |           1.89e+03 |
Training complete: 
   Data path: /work/qgan/data/train/base-qml_torch-q8-noisy-SPSA-aerCPU-rand1-seed1 
   Best eval: 1.4082293862793784 
   Total time: 19018.356897115707
1 battery run(s) succeeded.
