Creating config files for noiseless_ang_q16_spsa_seed1:
Configuration file written. Path: /work/qgan/data/train/ang-qml_torch-q16-noiseless-SPSA-aerGPU-rand0-seed1/config.yaml

1 battery configuration files ready.

Running: /work/qgan/data/train/ang-qml_torch-q16-noiseless-SPSA-aerGPU-rand0-seed1/config.yaml
GPUs available to PyTorch: 1
Training data file created.
              Epoch |     Generator cost | Discriminator cost |               Eval |          Best eval |               Time |
                  0 |             -0.775 |             -0.503 |             0.0281 |             0.0281 |               43.8 |
                 10 |             -0.785 |             -0.492 |             0.0305 |             0.0248 |                432 |
                 20 |             -0.784 |             -0.505 |             0.0297 |             0.0227 |                432 |
                 30 |             -0.783 |             -0.513 |             0.0252 |             0.0227 |                431 |
                 40 |             -0.776 |             -0.517 |             0.0267 |             0.0226 |                429 |
                 50 |             -0.779 |             -0.529 |             0.0254 |             0.0213 |                429 |
                 60 |             -0.777 |              -0.52 |             0.0263 |             0.0213 |                428 |
                 70 |               -0.8 |             -0.513 |              0.022 |             0.0213 |                428 |
                 80 |               -0.8 |             -0.512 |             0.0243 |             0.0213 |                427 |
                 90 |             -0.796 |             -0.533 |             0.0232 |             0.0213 |                427 |
                100 |             -0.813 |             -0.523 |             0.0258 |             0.0209 |                427 |
                110 |             -0.804 |             -0.508 |             0.0265 |             0.0209 |                428 |
                120 |             -0.808 |             -0.516 |             0.0219 |             0.0209 |                427 |
                130 |             -0.815 |             -0.525 |             0.0268 |             0.0209 |                427 |
                140 |             -0.804 |             -0.525 |             0.0237 |             0.0194 |                427 |
                150 |             -0.806 |             -0.534 |             0.0233 |             0.0194 |                427 |
                160 |              -0.82 |              -0.52 |             0.0209 |             0.0194 |                427 |
                170 |             -0.817 |             -0.505 |             0.0276 |             0.0194 |                427 |
                180 |             -0.811 |             -0.516 |             0.0242 |             0.0194 |                427 |
                190 |             -0.845 |              -0.51 |             0.0241 |             0.0194 |                426 |
                200 |             -0.836 |             -0.515 |             0.0253 |             0.0194 |                427 |
                210 |             -0.854 |             -0.503 |             0.0291 |             0.0194 |                427 |
                220 |             -0.853 |             -0.504 |             0.0256 |             0.0194 |                426 |
                230 |             -0.832 |             -0.503 |             0.0215 |             0.0194 |                427 |
                240 |             -0.847 |             -0.493 |             0.0253 |             0.0194 |                427 |
                250 |              -0.85 |             -0.502 |              0.028 |             0.0194 |                427 |
                260 |              -0.85 |             -0.498 |             0.0224 |             0.0194 |                427 |
                270 |              -0.84 |             -0.499 |             0.0297 |             0.0194 |                426 |
                280 |              -0.85 |             -0.497 |             0.0273 |             0.0194 |                427 |
                290 |             -0.856 |             -0.492 |              0.025 |             0.0194 |                427 |
                300 |             -0.855 |             -0.494 |             0.0278 |             0.0194 |                427 |
                310 |             -0.863 |               -0.5 |             0.0239 |             0.0194 |                427 |
                320 |             -0.844 |             -0.492 |             0.0221 |             0.0194 |                426 |
                330 |             -0.851 |             -0.488 |             0.0262 |             0.0194 |                427 |
                340 |             -0.849 |             -0.492 |             0.0286 |             0.0194 |                427 |
                350 |             -0.842 |             -0.489 |             0.0303 |             0.0194 |                426 |
                360 |             -0.851 |             -0.474 |             0.0283 |             0.0194 |                426 |

Interrupter: will stop after the current epoch. Press Ctrl+C again to force quit.
Interrupter: Graceful exit triggered. Breaking loop.
Training complete: 
   Data path: /work/qgan/data/train/ang-qml_torch-q16-noiseless-SPSA-aerGPU-rand0-seed1 
   Best eval: 0.019434571266174316 
   Total time: 15468.892481565475
1 battery run(s) succeeded.
