Creating config files for runtime_packed_noisy_base_q4_spsa_joined:
Configuration file written. Path: /work/qgan/data/train/base-runtime_packed-joined-q4-noisy-SPSA-aerCPU-rand0-seed0/config.yaml

1 battery configuration files ready.

Running: /work/qgan/data/train/base-runtime_packed-joined-q4-noisy-SPSA-aerCPU-rand0-seed0/config.yaml
Training data file created.
              Epoch |     Generator cost | Discriminator cost |               Eval |          Best eval |               Time |
                  0 |             -0.979 |             -0.265 |               3.56 |               3.56 |               16.5 |
                 10 |             -0.983 |             -0.256 |               3.82 |               3.56 |                172 |
                 20 |             -0.973 |             -0.251 |               3.98 |               3.56 |                182 |
                 30 |             -0.987 |             -0.259 |               4.46 |               3.56 |                182 |
                 40 |             -0.979 |              -0.26 |               5.15 |               3.56 |                182 |
                 50 |             -0.978 |             -0.253 |               4.11 |               3.56 |                182 |
                 60 |              -0.98 |             -0.253 |               3.93 |               3.56 |                183 |
                 70 |             -0.978 |             -0.258 |               3.69 |               3.56 |                185 |
                 80 |             -0.977 |             -0.261 |               3.63 |               3.54 |                184 |
                 90 |             -0.977 |             -0.247 |               3.64 |               3.54 |                189 |
                100 |             -0.985 |             -0.255 |               3.75 |               3.54 |                190 |
                110 |              -0.98 |             -0.262 |               3.66 |               3.54 |                190 |
                120 |             -0.977 |             -0.259 |               3.81 |               3.54 |                189 |
                130 |              -0.97 |             -0.262 |               5.17 |               3.54 |                191 |
                140 |             -0.991 |             -0.239 |               3.47 |               3.47 |                191 |
                150 |             -0.984 |             -0.265 |                3.2 |                3.2 |                190 |
                160 |             -0.986 |             -0.259 |               3.11 |               3.11 |                189 |
                170 |             -0.998 |             -0.253 |               3.06 |               3.06 |                187 |
                180 |             -0.975 |             -0.262 |               2.94 |               2.94 |                185 |
                190 |             -0.982 |             -0.251 |               2.96 |               2.92 |                185 |
                200 |             -0.985 |             -0.255 |               2.93 |               2.92 |                185 |
                210 |             -0.976 |             -0.259 |               2.89 |               2.89 |                181 |
                220 |                 -1 |             -0.256 |               2.93 |               2.89 |                179 |
                230 |             -0.994 |             -0.253 |               2.89 |               2.89 |                180 |
                240 |             -0.977 |             -0.263 |               2.84 |               2.84 |                180 |
                250 |             -0.997 |             -0.252 |               2.74 |               2.74 |                180 |
                260 |             -0.987 |             -0.243 |                2.7 |                2.7 |                181 |
                270 |             -0.988 |             -0.258 |               2.68 |               2.67 |                182 |
                280 |             -0.976 |             -0.252 |               2.67 |               2.67 |                182 |
                290 |             -0.986 |             -0.266 |               2.61 |               2.61 |                187 |
                300 |             -0.983 |             -0.259 |               2.61 |               2.59 |                188 |
                310 |             -0.979 |              -0.26 |               2.69 |               2.59 |                188 |
                320 |             -0.983 |             -0.247 |               2.79 |               2.59 |                186 |
                330 |             -0.991 |             -0.259 |               2.92 |               2.59 |                188 |
                340 |             -0.994 |             -0.257 |               3.06 |               2.59 |                188 |
                350 |              -0.97 |             -0.255 |               2.99 |               2.59 |                189 |
                360 |             -0.971 |             -0.258 |                3.1 |               2.59 |                187 |
                370 |              -0.98 |             -0.268 |               3.15 |               2.59 |                188 |
                380 |             -0.989 |             -0.259 |               3.24 |               2.59 |                188 |
                390 |             -0.972 |             -0.245 |               3.34 |               2.59 |                189 |
                400 |             -0.988 |             -0.261 |               3.08 |               2.59 |                188 |
                410 |             -0.987 |              -0.27 |                  3 |               2.59 |                189 |
                420 |             -0.984 |             -0.252 |               2.93 |               2.59 |                191 |
                430 |             -0.972 |             -0.258 |                3.1 |               2.59 |                190 |
                440 |             -0.991 |             -0.262 |               3.16 |               2.59 |                191 |
                450 |             -0.986 |             -0.257 |               3.26 |               2.59 |                187 |
                460 |             -0.991 |             -0.253 |               3.29 |               2.59 |                189 |
                470 |             -0.986 |             -0.252 |               2.96 |               2.59 |                190 |
                480 |             -0.994 |             -0.263 |               2.68 |               2.59 |                186 |
                490 |              -0.99 |             -0.261 |               2.65 |               2.59 |                187 |
                500 |             -0.981 |             -0.262 |                2.6 |               2.59 |                187 |
                510 |              -0.99 |             -0.264 |               2.57 |               2.57 |                188 |
                520 |             -0.987 |             -0.261 |                2.5 |                2.5 |                186 |
                530 |             -0.976 |             -0.265 |               2.46 |               2.46 |                187 |
                540 |             -0.984 |             -0.252 |               2.44 |               2.44 |                186 |
                550 |             -0.984 |             -0.254 |               2.46 |               2.44 |                185 |
                560 |             -0.982 |             -0.256 |               2.48 |               2.44 |                181 |
                570 |             -0.981 |             -0.257 |               2.48 |               2.44 |                185 |
                580 |              -0.98 |             -0.254 |               2.55 |               2.44 |                186 |
                590 |             -0.969 |             -0.262 |               2.44 |               2.44 |                186 |
                600 |             -0.977 |             -0.262 |               2.73 |               2.44 |                186 |
                610 |             -0.985 |             -0.252 |               2.78 |               2.44 |                188 |
                620 |             -0.984 |             -0.263 |               3.04 |               2.44 |                188 |
                630 |             -0.979 |             -0.261 |               2.65 |               2.44 |                188 |
                640 |             -0.985 |             -0.257 |                2.5 |               2.44 |                188 |
                650 |             -0.993 |             -0.247 |                2.5 |               2.44 |                188 |
                660 |             -0.979 |             -0.249 |               2.48 |               2.44 |                189 |
                670 |             -0.971 |             -0.262 |               2.45 |               2.44 |                189 |
                680 |             -0.979 |              -0.26 |                2.4 |                2.4 |                189 |
                690 |             -0.973 |             -0.257 |                2.4 |               2.37 |                188 |
                700 |             -0.996 |             -0.249 |               2.35 |               2.35 |                189 |
                710 |             -0.986 |             -0.255 |               2.27 |               2.27 |                189 |
                720 |             -0.973 |             -0.259 |               2.25 |               2.24 |                187 |
                730 |             -0.982 |             -0.253 |                2.3 |               2.24 |                188 |
                740 |             -0.976 |             -0.265 |               2.33 |               2.24 |                188 |
                750 |             -0.985 |             -0.259 |                2.3 |               2.24 |                188 |
                760 |             -0.982 |             -0.245 |               2.24 |               2.24 |                187 |
                770 |             -0.988 |              -0.26 |               2.21 |               2.21 |                187 |
                780 |             -0.983 |             -0.254 |                2.3 |               2.21 |                189 |
                790 |             -0.983 |             -0.265 |               2.52 |               2.21 |                188 |
                800 |             -0.975 |             -0.253 |               2.47 |               2.21 |                187 |
                810 |             -0.992 |             -0.256 |               2.49 |               2.21 |                189 |
                820 |             -0.986 |             -0.265 |               2.47 |               2.21 |                190 |
                830 |             -0.978 |             -0.254 |               2.48 |               2.21 |                188 |
                840 |              -0.98 |             -0.275 |               2.48 |               2.21 |                179 |
                850 |             -0.979 |             -0.246 |               2.31 |               2.21 |                175 |
                860 |             -0.983 |             -0.253 |                2.2 |                2.2 |                180 |
                870 |             -0.992 |             -0.268 |               2.13 |               2.13 |                188 |
                880 |                 -1 |              -0.26 |               2.24 |               2.13 |                187 |
                890 |             -0.986 |             -0.251 |               2.26 |               2.13 |                186 |
                900 |             -0.979 |             -0.259 |                2.3 |               2.13 |                186 |
                910 |             -0.993 |             -0.258 |               2.27 |               2.13 |                190 |
                920 |             -0.967 |             -0.259 |               2.24 |               2.13 |                188 |
                930 |             -0.986 |             -0.257 |               2.18 |               2.13 |                189 |
                940 |             -0.984 |             -0.265 |               2.21 |               2.13 |                191 |
                950 |             -0.985 |             -0.257 |               2.18 |               2.13 |                192 |
                960 |             -0.987 |             -0.254 |                2.1 |                2.1 |                191 |
                970 |             -0.985 |             -0.263 |               2.08 |               2.08 |                191 |
                980 |             -0.995 |             -0.264 |               1.99 |               1.99 |                193 |
                990 |             -0.972 |             -0.256 |               1.96 |               1.96 |                193 |
Training complete: 
   Data path: /work/qgan/data/train/base-runtime_packed-joined-q4-noisy-SPSA-aerCPU-rand0-seed0 
   Best eval: 1.9312359933069732 
   Total time: 18675.932231903076
1 battery run(s) succeeded.
