Creating config files for remaining_run:
Configuration file rewritten. Path: /work/qgan/data/train/ang-qml_torch-q4-noisy-SPSA-aerCPU-rand1-seed0/config.yaml

1 battery configuration files ready.

Running: /work/qgan/data/train/ang-qml_torch-q4-noisy-SPSA-aerCPU-rand1-seed0/config.yaml
Training data file created.
              Epoch |     Generator cost | Discriminator cost |               Eval |          Best eval |               Time |
                  0 |             -0.475 |             -0.531 |              0.183 |              0.183 |               64.6 |
                100 |             -0.548 |             -0.737 |              0.241 |             0.0639 |           6.84e+03 |
                200 |             -0.524 |             -0.571 |              0.184 |             0.0639 |           6.82e+03 |
                300 |             -0.658 |             -0.891 |              0.346 |             0.0569 |            6.9e+03 |
                400 |             -0.215 |             -0.773 |              0.305 |             0.0569 |           6.94e+03 |
                500 |             -0.414 |             -0.802 |              0.242 |             0.0569 |           6.91e+03 |
                600 |             -0.448 |             -0.729 |              0.293 |             0.0558 |           6.97e+03 |
                700 |             -0.444 |             -0.692 |              0.244 |             0.0537 |           6.95e+03 |
                800 |             -0.528 |             -0.756 |              0.378 |             0.0537 |           6.96e+03 |
                900 |             -0.462 |             -0.809 |             0.0924 |             0.0537 |           6.94e+03 |
Training complete: 
   Data path: /work/qgan/data/train/ang-qml_torch-q4-noisy-SPSA-aerCPU-rand1-seed0 
   Best eval: 0.053658559918403625 
   Total time: 69166.73338913918
1 battery run(s) succeeded.
