Creating config files for qml_torch_fake_real_q4_amp:
Configuration file rewritten. Path: /work/qgan/data/train/amp-qml_torch-q4-fake_real-SPSA-aerCPU-rand0-seed0/config.yaml

1 battery configuration files ready.

Running: /work/qgan/data/train/amp-qml_torch-q4-fake_real-SPSA-aerCPU-rand0-seed0/config.yaml
GPUs available to PyTorch: 1
Training data file created.
              Epoch |     Generator cost | Discriminator cost |               Eval |          Best eval |               Time |
                  0 |             -0.838 |             -0.323 |             0.0796 |             0.0796 |                 28 |
                 10 |             -0.856 |             -0.316 |             0.0789 |             0.0789 |                277 |
                 20 |              -0.87 |             -0.314 |             0.0782 |             0.0782 |                275 |
                 30 |              -0.88 |             -0.306 |             0.0774 |             0.0774 |                275 |
                 40 |             -0.888 |             -0.304 |             0.0771 |             0.0771 |                272 |
                 50 |             -0.896 |             -0.294 |             0.0771 |             0.0771 |                270 |
                 60 |             -0.905 |             -0.294 |             0.0772 |             0.0771 |                270 |
                 70 |             -0.902 |             -0.292 |             0.0772 |             0.0771 |                269 |
                 80 |             -0.904 |             -0.292 |             0.0772 |             0.0771 |                270 |
                 90 |             -0.908 |             -0.291 |             0.0773 |             0.0771 |                269 |
                100 |             -0.907 |              -0.29 |             0.0774 |             0.0771 |                271 |
                110 |             -0.911 |             -0.294 |             0.0773 |             0.0771 |                270 |
                120 |             -0.911 |             -0.291 |              0.077 |              0.077 |                270 |
                130 |             -0.909 |             -0.291 |             0.0767 |             0.0767 |                270 |
                140 |             -0.908 |             -0.289 |             0.0763 |             0.0763 |                271 |
Training complete: 
   Data path: /work/qgan/data/train/amp-qml_torch-q4-fake_real-SPSA-aerCPU-rand0-seed0 
   Best eval: 0.07630281056892763 
   Total time: 4069.3558990955353
1 battery run(s) succeeded.
