Creating config files for remaining_run:
Configuration file rewritten. Path: /work/qgan/data/train/ang-qml_torch-q16-noiseless-SPSA-aerCPU-rand1-seed0/config.yaml

1 battery configuration files ready.

Running: /work/qgan/data/train/ang-qml_torch-q16-noiseless-SPSA-aerCPU-rand1-seed0/config.yaml
Training data file created.
              Epoch |     Generator cost | Discriminator cost |               Eval |          Best eval |               Time |
                  0 |             -0.607 |             -0.615 |              0.115 |              0.115 |                236 |
                100 |             -0.419 |              -0.65 |              0.168 |             0.0884 |           2.36e+04 |
                200 |             -0.598 |             -0.704 |              0.127 |             0.0884 |           2.36e+04 |
                300 |             -0.604 |             -0.794 |              0.148 |             0.0884 |           2.35e+04 |
                400 |             -0.561 |             -0.805 |              0.119 |             0.0884 |           2.63e+04 |
                500 |              -0.65 |             -0.786 |               0.17 |             0.0867 |           2.69e+04 |
                600 |             -0.283 |             -0.844 |              0.152 |             0.0867 |           2.69e+04 |
                700 |             -0.509 |              -0.73 |              0.148 |             0.0867 |            2.7e+04 |
                800 |             -0.683 |             -0.861 |              0.157 |             0.0867 |           2.51e+04 |
                900 |             -0.376 |             -0.574 |              0.128 |             0.0867 |           2.22e+04 |
Training complete: 
   Data path: /work/qgan/data/train/ang-qml_torch-q16-noiseless-SPSA-aerCPU-rand1-seed0 
   Best eval: 0.0866861492395401 
   Total time: 246181.604293108
1 battery run(s) succeeded.
