Creating config files for remaining_run:
Configuration file rewritten. Path: /work/qgan/data/train/base-qml_torch-q8-noisy-SPSA-aerCPU-rand1-seed2/config.yaml

1 battery configuration files ready.

Running: /work/qgan/data/train/base-qml_torch-q8-noisy-SPSA-aerCPU-rand1-seed2/config.yaml
Training data file created.
              Epoch |     Generator cost | Discriminator cost |               Eval |          Best eval |               Time |
                  0 |             -0.573 |             -0.379 |               2.55 |               2.55 |               22.2 |
                100 |             -0.465 |              -0.53 |                4.1 |                1.3 |           2.31e+03 |
                200 |             -0.435 |             -0.519 |               3.21 |                1.3 |            2.3e+03 |
                300 |             -0.369 |             -0.569 |               3.96 |                1.3 |           2.24e+03 |
                400 |             -0.525 |              -0.56 |               3.77 |                1.3 |           2.27e+03 |
                500 |             -0.503 |             -0.683 |                4.5 |                1.3 |           2.29e+03 |
                600 |             -0.621 |             -0.588 |               2.04 |                1.3 |            2.3e+03 |
                700 |             -0.262 |             -0.621 |               3.94 |                1.3 |           2.36e+03 |
                800 |             -0.651 |             -0.671 |               4.28 |                1.3 |           2.36e+03 |
                900 |             -0.602 |             -0.674 |               3.72 |                1.3 |           2.35e+03 |
Training complete: 
   Data path: /work/qgan/data/train/base-qml_torch-q8-noisy-SPSA-aerCPU-rand1-seed2 
   Best eval: 1.295918571165378 
   Total time: 23126.49563741684
1 battery run(s) succeeded.
