/work/qgan/src/qgan_v2/training/data.py:216: UserWarning: Training data config differs from current config:
- training.checkpoint_every: previous=10, current=1
  warn_config_changes(training_state.config, config)
/work/qgan/src/qgan_v2/training/data.py:216: UserWarning: Training data config differs from current config:
- training.checkpoint_every: previous=10, current=1
  warn_config_changes(training_state.config, config)
/work/qgan/src/qgan_v2/execution/backend.py:262: RuntimeWarning: The quantum state for the training density_matrix simulation of 16 qubits uses about 64.0 GiB before Aer and process overhead. Check the available CPU or GPU memory before running.
  warn_simulation_memory(config)
/work/qgan/src/qgan_v2/training/data.py:216: UserWarning: Training data config differs from current config:
- training.checkpoint_every: previous=10, current=1
- training.print_every: previous=10, current=1
  warn_config_changes(training_state.config, config)
Traceback (most recent call last):
  File "/work/.venv/bin/qgan-v2", line 8, in <module>
    sys.exit(main())
  File "/work/qgan/src/qgan_v2/main.py", line 170, in main
    run_battery(
  File "/work/qgan/src/qgan_v2/main.py", line 122, in run_battery
    state = run_train(
  File "/work/qgan/src/qgan_v2/main.py", line 69, in run_train
    return train(config, interrupter=interrupter)
  File "/work/qgan/src/qgan_v2/train.py", line 59, in train
    disc_loss = impl.train_discriminator_step(state)
  File "/work/qgan/src/qgan_v2/implementations/qml_torch.py", line 126, in train_discriminator_step
    loss.backward()
  File "/work/.venv/lib/python3.10/site-packages/torch/_tensor.py", line 631, in backward
    torch.autograd.backward(
  File "/work/.venv/lib/python3.10/site-packages/torch/autograd/__init__.py", line 379, in backward
    _engine_run_backward(
  File "/work/.venv/lib/python3.10/site-packages/torch/autograd/graph.py", line 882, in _engine_run_backward
    return Variable._execution_engine.run_backward(  # Calls into the C++ engine to run the backward pass
  File "/work/.venv/lib/python3.10/site-packages/torch/autograd/function.py", line 317, in apply
    return user_fn(self, *args)
  File "/work/.venv/lib/python3.10/site-packages/qiskit_machine_learning/connectors/torch_connector.py", line 229, in backward
    input_grad, weights_grad = neural_network.backward(
  File "/work/.venv/lib/python3.10/site-packages/qiskit_machine_learning/neural_networks/neural_network.py", line 257, in backward
    input_grad, weight_grad = self._backward(input_, weights_)
  File "/work/.venv/lib/python3.10/site-packages/qiskit_machine_learning/neural_networks/estimator_qnn.py", line 310, in _backward
    results = job.result()
  File "/work/.venv/lib/python3.10/site-packages/qiskit/primitives/primitive_job.py", line 70, in result
    self._result = self._future.result()
  File "/work/.uv/python/cpython-3.10.19-linux-x86_64-gnu/lib/python3.10/concurrent/futures/_base.py", line 453, in result
    self._condition.wait(timeout)
  File "/work/.uv/python/cpython-3.10.19-linux-x86_64-gnu/lib/python3.10/threading.py", line 320, in wait
    waiter.acquire()
  File "/work/qgan/src/qgan_v2/training/interrupter.py", line 21, in handle_signal
    raise KeyboardInterrupt
KeyboardInterrupt
