Creating config files for real_options:
Configuration file rewritten. Path: /work/qgan/data/train/base-qml_torch-q4-real-SPSA-aerCPU-rand0-seed0/config.yaml

Creating config files for runtime_packed_separate:
Configuration file rewritten. Path: /work/qgan/data/train/base-runtime_packed-separate-q4-real-SPSA-aerCPU-rand0-seed0/config.yaml

2 battery configuration files ready.

Running: /work/qgan/data/train/base-qml_torch-q4-real-SPSA-aerCPU-rand0-seed0/config.yaml
Backend file created.
Training data file created.
              Epoch |     Generator cost | Discriminator cost |               Eval |          Best eval |               Time |
                  0 |             -0.106 |             -0.655 |               3.59 |               3.59 |                176 |
                 10 |             -0.118 |             -0.665 |               3.15 |               3.15 |           1.69e+03 |
                 20 |             -0.107 |             -0.674 |               3.09 |               3.05 |           2.02e+03 |
                 30 |             -0.106 |             -0.675 |                3.1 |               3.05 |           2.09e+03 |
                 40 |             -0.121 |             -0.682 |               3.06 |               3.05 |           1.69e+03 |
                 50 |             -0.113 |             -0.686 |               3.09 |               3.05 |           1.69e+03 |
                 60 |             -0.111 |             -0.696 |               3.14 |               3.05 |           1.68e+03 |
                 70 |             -0.125 |             -0.692 |               3.34 |               3.05 |           1.68e+03 |
                 80 |             -0.127 |             -0.696 |               3.23 |               3.05 |           2.39e+03 |
                 90 |              -0.14 |              -0.69 |               3.16 |               3.05 |           1.97e+03 |
                100 |             -0.143 |             -0.689 |                3.1 |               3.05 |           1.68e+03 |
                110 |             -0.152 |             -0.697 |               3.08 |               3.05 |           1.68e+03 |
                120 |             -0.187 |             -0.678 |               3.09 |               3.05 |           1.69e+03 |
                130 |             -0.212 |              -0.67 |               3.03 |               3.03 |           1.69e+03 |
                140 |             -0.211 |              -0.67 |               3.09 |               3.03 |           1.68e+03 |
                150 |             -0.231 |             -0.673 |               3.21 |               3.03 |           1.69e+03 |
Training complete: 
   Data path: /work/qgan/data/train/base-qml_torch-q4-real-SPSA-aerCPU-rand0-seed0 
   Best eval: 3.032940695344694 
   Total time: 28717.16375851631
Run failed: /work/qgan/data/train/base-qml_torch-q4-real-SPSA-aerCPU-rand0-seed0/config.yaml
   Error: IBMRuntimeError: 'Failed to run program: \'400 Client Error: Bad Request for url: https://eu-de.quantum.cloud.ibm.com/api/v1/jobs. {"errors":[{"code":1217,"message":"Session has been closed.","solution":"Increase the session `max_time` if possible, or keep session active by reducing the time between jobs.  For details, see the [Session length](https://quantum.cloud.ibm.com/docs/guides/run-jobs-session#session-length) guide.","more_info":"https://cloud.ibm.com/apidocs/quantum-computing#error-handling"}],"trace":"5f071a3f-baad-4702-9041-268f68fc2358"}\\n\''
   Traceback saved: /work/qgan/data/train/base-qml_torch-q4-real-SPSA-aerCPU-rand0-seed0/error_traceback.txt

Running: /work/qgan/data/train/base-runtime_packed-separate-q4-real-SPSA-aerCPU-rand0-seed0/config.yaml
Backend file created.
Training data file created.
              Epoch |     Generator cost | Discriminator cost |               Eval |          Best eval |               Time |
Training complete: 
   Data path: /work/qgan/data/train/base-runtime_packed-separate-q4-real-SPSA-aerCPU-rand0-seed0 
   Best eval: inf 
   Total time: 0
Run failed: /work/qgan/data/train/base-runtime_packed-separate-q4-real-SPSA-aerCPU-rand0-seed0/config.yaml
   Error: RuntimeInvalidStateError: 'Unable to retrieve result for job dabo6v2ue81s73amfocg. Job was cancelled.'
   Traceback saved: /work/qgan/data/train/base-runtime_packed-separate-q4-real-SPSA-aerCPU-rand0-seed0/error_traceback.txt
0 battery run(s) succeeded.
2 battery run(s) failed.
